#"Step","Time (ps)","Potential Energy (kJ/mole)","Temperature (K)","Box Volume (nm^3)","Speed (ns/day)"
55000,109.99999999992504,-1533476.488945675,300.57134779253244,1194.1822440181074,--
60000,119.99999999990173,-1532084.3867795207,298.8182758356486,1193.7878319302981,59.2
65000,129.99999999989262,-1532190.625761617,302.7927754613068,1195.38873817557,60.2
70000,139.99999999994037,-1531705.2626106944,300.51238393334114,1194.3117317666379,59.4
75000,149.99999999998812,-1532800.6611418575,300.07285775850517,1195.1139208484826,59.7
80000,160.00000000003587,-1530714.310650059,300.2717442846078,1196.7091277398595,59.6
85000,170.00000000008362,-1534037.5259467298,299.41226371116903,1193.465808237627,59.5
90000,180.00000000013137,-1534180.4781923462,300.39079039020373,1192.970701072705,59.9
95000,190.0000000001791,-1532142.9899326786,300.7573107330589,1196.0898961932226,60.3
100000,200.00000000022686,-1532740.1276916973,301.51374435131453,1195.0812266507996,60.6
105000,210.0000000002746,-1532706.2449131273,300.1915310683633,1194.6506601728972,60.8
110000,220.00000000032236,-1532633.7559611648,300.48967445964837,1194.197909981847,61.1
115000,230.0000000003701,-1532062.793898765,301.3258863657877,1194.652775326892,61.3
120000,240.00000000041786,-1532842.0808533337,300.92705705899215,1193.642746672033,61.4
125000,250.0000000004656,-1531979.7897577258,300.1148594116277,1195.4254773817818,61.5
130000,260.00000000051335,-1534086.0485074762,299.26643844507635,1192.313855547084,61.6
135000,270.0000000005611,-1533349.3659141557,299.7432131273782,1192.8565501565272,61.7
140000,280.00000000060885,-1532389.174156785,300.063289334569,1194.1923763465472,61.7
145000,290.0000000006566,-1531768.4810521342,301.325389304804,1195.588965456907,61.8
150000,300.00000000070435,-1532559.5593474526,300.31660403838663,1194.7750903205965,61.9
155000,310.0000000007521,-1531388.669557415,301.1740963678906,1191.3104948031237,61.9
160000,320.00000000079984,-1530828.9018875062,299.9159107529022,1194.980778994352,62
165000,330.0000000008476,-1531524.4073227774,300.90263893816785,1192.6623828145785,62
170000,340.00000000089534,-1533418.4892109511,300.2760935682152,1196.1672330438262,62
175000,350.0000000009431,-1532986.7274683695,300.74895389527046,1191.7710034365673,62.1
180000,360.00000000099084,-1532404.8765810104,300.0311978348089,1193.613630278652,62.1
185000,370.0000000010386,-1531835.9334607068,300.39038652815447,1193.2947904833127,62.1
190000,380.00000000108633,-1532606.1720041484,300.1889525645104,1193.2490024036254,62.1
195000,390.0000000011341,-1533350.5942256516,299.50623930339964,1193.8396609411714,62.2
200000,400.00000000118183,-1529894.8833643962,300.1427569593378,1196.170356960131,62.2
205000,410.0000000012296,-1533746.456343444,301.0260343273712,1194.0896069605253,62.2
210000,420.00000000127733,-1534273.5045160316,301.39162268088194,1193.1446370110482,62.2
215000,430.0000000013251,-1530973.9954394624,301.0324339875363,1191.4154219560105,62.2
220000,440.0000000013728,-1531199.878378734,299.66505028769154,1193.901485722095,62.3
225000,450.0000000014206,-1534246.4127966864,300.3427618726538,1191.1073077024453,62.3
230000,460.0000000014683,-1534981.6696719127,301.00497136818694,1192.2645189618868,62.3
235000,470.00000000151607,-1531168.4173526326,299.33298248426905,1194.4366298969182,62.3
240000,480.0000000015638,-1534318.1134472284,300.3536661479837,1194.0968030796787,62.3
245000,490.00000000161157,-1530778.034001221,300.5095879653078,1194.5271717451114,62.3
250000,500.0000000016593,-1530915.85236895,301.67976271987004,1194.7695785925305,62.3
255000,510.00000000170706,-1532689.0722099002,300.248258153128,1193.2279887643786,62.3
260000,520.0000000015274,-1532108.4720981214,301.95094055278935,1190.0439758520215,62.4
265000,530.0000000012909,-1533178.2190751527,300.8580277148809,1192.3201492195747,62.4
270000,540.0000000010544,-1531651.7257868145,301.39140521670157,1194.0022829589916,62.4
275000,550.000000000818,-1533274.9677702822,302.03037711124676,1194.3077473724197,62.4
280000,560.0000000005815,-1534066.6942515941,299.3896474364107,1194.4324214290373,62.4
285000,570.000000000345,-1533572.3813669393,300.47230839153036,1190.7464409869317,62.4
290000,580.0000000001086,-1532177.6432661135,300.0982078686738,1197.8874648658893,62.4
295000,589.9999999998721,-1536118.037025286,299.5631217197217,1189.4820913316698,62.4
300000,599.9999999996356,-1533477.3333922215,301.61082657469325,1192.4813916823923,62.5
305000,609.9999999993992,-1531920.451064595,300.3033387233842,1195.1529455551115,62.4
310000,619.9999999991627,-1529596.2158395145,300.9328975255506,1194.3386012475987,62.4
315000,629.9999999989262,-1531776.8225486195,301.72185757192705,1195.4521717802313,62.4
320000,639.9999999986898,-1532524.4312493904,298.9186821543558,1192.2091307089195,62.5
325000,649.9999999984533,-1533717.2515852218,301.43436992548004,1190.089144661786,62.5
330000,659.9999999982168,-1532971.973109168,299.931909903315,1193.6046519300671,62.5
335000,669.9999999979804,-1533673.5932530947,300.102867815396,1194.3712214378631,62.5
340000,679.9999999977439,-1530682.973825097,299.6572526435097,1195.5337662630498,62.5
345000,689.9999999975074,-1531705.6860242346,302.3379335949106,1192.1401963368357,62.5
350000,699.999999997271,-1534496.0789338686,299.9634111431569,1191.7551996164689,62.5
355000,709.9999999970345,-1535062.7725102734,300.04346902784397,1192.9186721871392,62.6
360000,719.999999996798,-1531974.1659788918,299.8294842743615,1191.7039226923923,62.6
365000,729.9999999965615,-1530845.1166415736,300.16984678294943,1195.3032512835825,62.6
370000,739.9999999963251,-1531129.9244201602,300.5378272424442,1194.477083931286,62.6
375000,749.9999999960886,-1532201.9312679209,301.0706455506582,1193.8223933287018,62.6
380000,759.9999999958521,-1533354.6916898973,300.700894311409,1193.0739516309036,62.6
385000,769.9999999956157,-1531431.0423622243,300.73009664420135,1195.062777314213,62.6
390000,779.9999999953792,-1534129.239596447,301.5875889737053,1192.4399777902643,62.6
395000,789.9999999951427,-1531417.8852525176,300.6866038081277,1192.1529799018933,62.6
400000,799.9999999949063,-1531553.8383706827,302.8823085709956,1192.8584099364841,62.6
405000,809.9999999946698,-1534137.5548961991,299.7090401847489,1194.152382283995,62.6
410000,819.9999999944333,-1532657.8394758906,301.33340441316614,1191.4919985290865,62.6
415000,829.9999999941969,-1533382.8340640375,300.4818768154666,1193.4286640479656,62.5
420000,839.9999999939604,-1532724.1485970337,299.96779149307577,1189.7242371877828,62.5
425000,849.9999999937239,-1534359.0406606905,299.8558285064976,1194.0715366406312,62.5
430000,859.9999999934874,-1531389.5780129358,299.5103089902037,1193.130723735432,62.5
435000,869.999999993251,-1532750.4561377186,299.02825303495,1193.130235915422,62.5
440000,879.9999999930145,-1534769.4788284265,300.34170561806343,1193.315765721816,62.5
445000,889.999999992778,-1534110.1234961282,302.09608236002947,1192.8187960110631,62.5
450000,899.9999999925416,-1533396.565802725,300.1462985188467,1193.2607057515463,62.5
455000,909.9999999923051,-1534408.2881779652,299.21990111047745,1192.8857479910855,62.5
460000,919.9999999920686,-1530438.450074275,299.9715194504535,1197.4041801676722,62.6
465000,929.9999999918322,-1531566.335966383,301.5561809327978,1193.2856154892272,62.6
470000,939.9999999915957,-1533813.0095166368,300.9026700044794,1193.0828763539928,62.5
475000,949.9999999913592,-1529372.426063979,301.5210449345126,1194.794732358198,62.5
480000,959.9999999911228,-1533205.3803147003,299.86098551420343,1193.6228119789982,62.5
485000,969.9999999908863,-1532578.6116435928,300.56062991507144,1194.6458407457067,62.5
490000,979.9999999906498,-1534222.6022258103,299.41549460756306,1195.555275564173,62.5
495000,989.9999999904134,-1530958.6166764405,299.9261315693795,1196.3286802906232,62.5
500000,999.9999999901769,-1534908.208037558,300.89468596242875,1193.392218160759,62.5
505000,1009.9999999899404,-1533745.5850991197,299.96673523848546,1191.7177357989804,62.5
510000,1019.999999989704,-1532814.5788716571,298.6394581467629,1192.7574981361108,62.5
515000,1029.9999999894676,-1530391.6242370354,298.8816821773817,1193.8093281847162,62.5
520000,1039.9999999892311,-1531213.9320658036,300.30349405494155,1197.1085865360415,62.5
525000,1049.9999999889947,-1532278.3090858785,299.06385502790744,1192.4705624999233,62.5
530000,1059.9999999887582,-1528886.356891715,299.62736685186485,1194.2248894157574,62.5
535000,1069.9999999885217,-1532419.459008527,300.3132488767466,1193.5165367739228,62.5
540000,1079.9999999882853,-1533698.830051791,302.3713609460644,1192.1652363877602,62.5
545000,1089.9999999880488,-1532487.0115635358,298.27657256235096,1192.4353342001175,62.5
550000,1099.9999999878123,-1531619.610983991,300.11554287048034,1192.1445860241085,62.5
555000,1109.9999999875758,-1530360.6396837803,299.0275695760974,1193.7519707282179,62.5
560000,1119.9999999873394,-1533202.4567596791,300.560412450891,1192.1077428546064,62.5
565000,1129.999999987103,-1533034.1803712342,301.0782257306596,1194.213397348095,62.5
570000,1139.9999999868664,-1532883.1232918547,300.2093009985306,1194.9448852188348,62.5
575000,1149.99999998663,-1534387.1985535063,299.7255985287684,1192.4293226911284,62.5
580000,1159.9999999863935,-1532085.1489605354,301.0255372663875,1195.7390153231147,62.4
585000,1169.999999986157,-1531204.4697012398,300.8671301441449,1194.2988910968552,62.4
590000,1179.9999999859206,-1532057.6164086051,300.7464996566634,1197.2748562433096,62.4
595000,1189.999999985684,-1532288.235365875,299.5897144823496,1195.5576734175404,62.5
600000,1199.9999999854476,-1531199.234400711,300.92823757882843,1193.5772557109344,62.5
605000,1209.9999999852112,-1531571.8010014445,300.0009703137377,1193.697461422301,62.4
610000,1219.9999999849747,-1533453.2640856244,298.55874786953467,1190.631064038528,62.4
615000,1229.9999999847382,-1533339.9736425783,300.0605554991586,1193.6717055870847,62.4
620000,1239.9999999845018,-1533599.1395756034,300.3026241982201,1193.689724699871,62.4
625000,1249.9999999842653,-1533376.126884929,299.56458183636136,1194.6654648684869,62.4
630000,1259.9999999840288,-1532162.5196841098,301.08701749680876,1196.437103003396,62.4
635000,1269.9999999837923,-1533156.8242559684,300.142508428846,1192.8886519950017,62.4
640000,1279.9999999835559,-1531432.1078165518,300.4038693073373,1193.145585340901,62.4
645000,1289.9999999833194,-1533010.0460514035,300.8965499411176,1192.6675533648179,62.4
650000,1299.999999983083,-1532998.425324954,299.6267765919467,1194.659106078331,62.4
655000,1309.9999999828465,-1533585.671948716,302.6531013248873,1192.0559456507451,62.4
660000,1319.99999998261,-1533249.091299357,299.1872814834222,1190.575339930555,62.4
665000,1329.9999999823735,-1533321.155468978,301.4299585092497,1195.7637197723323,62.4
670000,1339.999999982137,-1532834.6192544028,300.73699336535014,1191.7282341439834,62.4
675000,1349.9999999819006,-1533282.9126999257,301.4891398326214,1190.1951799037734,62.4
680000,1359.9999999816641,-1535418.8028968442,299.06599860339963,1191.9332874895172,62.4
685000,1369.9999999814277,-1530700.0658108303,298.2898378773535,1195.0811296795912,62.4
690000,1379.9999999811912,-1533029.2786987629,299.4384215454362,1190.4102178476237,62.4
695000,1389.9999999809547,-1533580.5094053252,300.86753400619415,1192.706175699073,62.4
700000,1399.9999999807183,-1531350.898651382,299.21744687187044,1195.960825111919,62.4
705000,1409.9999999804818,-1531315.6518431501,300.3086510626474,1193.0801716781127,62.4
710000,1419.9999999802453,-1532909.5960528906,300.58191033843605,1194.368339105205,62.4
715000,1429.9999999800089,-1533371.6609427352,300.37954438544756,1192.5874834954361,62.4
720000,1439.9999999797724,-1532472.5368850194,300.3789230592179,1193.5422050494897,62.4
725000,1449.999999979536,-1535049.3069916451,299.0733302529092,1191.4885418310937,62.4
730000,1459.9999999792994,-1533181.5578782056,300.75184306223815,1191.955638388098,62.4
735000,1469.999999979063,-1531821.0239396365,300.3953571379915,1192.0570963288965,62.4
740000,1479.9999999788265,-1535093.8517468367,300.7160546714118,1193.51498622298,62.4
745000,1489.99999997859,-1534736.7535234848,299.16565933063134,1193.0911291700609,62.4
750000,1499.9999999783536,-1531499.6088019274,300.2809399128062,1194.329680933672,62.4
755000,1509.999999978117,-1531200.9965496697,301.09556073246614,1193.7438165591343,62.4
760000,1519.9999999778806,-1534759.8681920283,301.07878492426624,1193.2976627776318,62.4
765000,1529.9999999776442,-1534376.6937742922,299.85626343485825,1192.617700701143,62.4
770000,1539.9999999774077,-1532040.831936434,299.2014477214576,1190.5270062446566,62.4
775000,1549.9999999771712,-1533152.4069544878,301.2607713769231,1191.7138452755958,62.4
780000,1559.9999999769348,-1531862.5793858012,300.4264855820956,1193.645417340116,62.4
785000,1569.9999999766983,-1534031.5334860655,300.89251132062503,1194.0384557196805,62.4
790000,1579.9999999764618,-1534592.5161200408,300.7025097596061,1190.9599762451337,62.4
795000,1589.9999999762254,-1533459.9317997135,298.6843489668531,1192.1615545130062,62.4
800000,1599.9999999759889,-1533484.9175217105,299.7241694784402,1191.742618703893,62.4
805000,1609.9999999757524,-1535255.39238773,301.0457925014732,1191.7623520391521,62.4
810000,1619.999999975516,-1534809.5709379595,302.149827078892,1194.388156512196,62.4
815000,1629.9999999752795,-1533111.4404679518,300.2729248044441,1193.4169257785643,62.4
820000,1639.999999975043,-1535890.4642159697,300.1751591222128,1192.0225763352296,62.4
825000,1649.9999999748065,-1534786.7475305963,302.072099167566,1192.3412909030656,62.4
830000,1659.99999997457,-1533639.175724959,300.7409698532197,1193.9172880190442,62.4
835000,1669.9999999743336,-1532102.8370074285,299.8457008889547,1196.2242158213185,62.4
840000,1679.9999999740971,-1533407.0047367886,302.17840808545463,1195.2730464025224,62.4
845000,1689.9999999738607,-1533827.424377663,301.3273154161158,1194.6616998713669,62.4
850000,1699.9999999736242,-1532546.8941899547,300.1951036941837,1193.0984400659358,62.4
855000,1709.9999999733877,-1532735.7089207843,299.2002050689984,1190.8084860656352,62.4
860000,1719.9999999731513,-1532878.504345228,299.0003244209284,1193.2788417552435,62.4
865000,1729.9999999729148,-1530568.7443472017,298.6808384736558,1193.7282893946012,62.4
870000,1739.9999999726783,-1533290.4981203517,301.7165762989752,1193.1810068350849,62.4
875000,1749.9999999724419,-1531774.535832068,300.2735461306737,1196.2849661517903,62.4
880000,1759.9999999722054,-1532452.9083539136,300.2668047410823,1192.7426601017385,62.4
885000,1769.999999971969,-1531931.7937612096,299.7746833009087,1193.7535311562026,62.3
890000,1779.9999999717324,-1534113.8890399747,299.569334982018,1195.3181032447408,62.3
895000,1789.999999971496,-1531398.619436643,300.98953141138077,1197.4119456129706,62.3
900000,1799.9999999712595,-1531936.8896362558,300.9054349062012,1193.2162411797665,62.3
905000,1809.999999971023,-1533444.7846961236,299.047234551265,1193.1874938037195,62.3
910000,1819.9999999707866,-1532733.1483824085,300.65917225508974,1194.4310417690183,62.3
915000,1829.99999997055,-1533892.452836981,299.15963246620396,1189.7146052908622,62.3
920000,1839.9999999703136,-1534812.141485652,300.049992953255,1188.9533632509008,62.3
925000,1849.9999999700772,-1531607.3185378788,301.2430325130673,1193.7716357804854,62.3
930000,1859.9999999698407,-1532184.8108756691,299.5552930092285,1193.3724965439217,62.3
935000,1869.9999999696042,-1532921.6074759047,301.24206945741145,1194.4667778918933,62.3
940000,1879.9999999693678,-1531550.4638726227,301.13868077280205,1194.371906710935,62.3
945000,1889.9999999691313,-1531601.6982176732,299.4699849179011,1193.2741868894223,62.3
950000,1899.9999999688948,-1534740.7275893204,299.69993775548494,1191.974234332214,62.3
955000,1909.9999999686584,-1532492.2652284708,301.368322947271,1193.4821265058765,62.3
960000,1919.999999968422,-1533228.4958362477,300.09615749211605,1191.6111894062103,62.3
965000,1929.9999999681854,-1535074.922851394,301.5934915728867,1190.8505433248872,62.3
970000,1939.999999967949,-1534132.1409989307,301.2540921199547,1189.1751131279655,62.3
975000,1949.9999999677125,-1532709.0806779023,301.18869753428675,1191.6356911596563,62.3
980000,1959.999999967476,-1533378.533340659,301.3804388087487,1193.7869041999581,62.3
985000,1969.9999999672395,-1531391.9769888958,301.1118705459938,1192.187388567772,62.3
990000,1979.999999967003,-1534095.7339148317,300.58417817917416,1192.389700481071,62.3
995000,1989.9999999667666,-1533555.4777514497,301.01864054523867,1192.235979981138,62.3
1000000,1999.9999999665301,-1534124.0558558851,299.2360555924477,1195.4266275630257,62.3
1005000,2009.9999999662937,-1535740.7748252759,299.8768914656818,1191.0072321041484,62.3
1010000,2019.9999999660572,-1532095.339788693,299.8529704058413,1193.1301050186785,62.3
1015000,2029.9999999658207,-1532635.5449632648,300.76768688109354,1193.200527969905,62.3
1020000,2039.9999999655843,-1533102.294869286,300.2020004153325,1194.0232397294678,62.3
1025000,2049.999999965348,-1531923.0499956906,300.8137582210202,1191.8156838374036,62.3
1030000,2059.9999999651113,-1531783.7923406195,300.25978375468753,1193.5376913579653,62.3
1035000,2069.999999964875,-1531428.522047665,301.63558642494377,1191.8249051465993,62.3
1040000,2079.9999999646384,-1531608.2171634464,300.61251065524505,1194.4141694816424,62.3
1045000,2089.999999964402,-1530057.9494362082,301.80157372718776,1196.5437995316659,62.3
1050000,2099.9999999641655,-1533094.7943732338,300.0430030331718,1191.1670625846796,62.3
1055000,2109.999999963929,-1531846.7729694173,299.540350113406,1194.307667341772,62.3
1060000,2119.9999999636925,-1536076.9676313456,300.7758883873246,1187.667652329921,62.3
1065000,2129.999999963456,-1533331.3006849429,299.41704792313715,1191.7024110725947,62.3
1070000,2139.9999999632196,-1531407.566304911,300.278019679527,1192.897207659601,62.3
1075000,2149.999999962983,-1533028.6132137068,299.8454834247743,1194.5783484189717,62.3
1080000,2159.9999999627466,-1531263.0373063888,300.16593242770284,1193.9853366349598,62.3
1085000,2169.99999996251,-1533439.9655508958,299.54162383217675,1191.7825946415708,62.3
1090000,2179.9999999622737,-1534509.6277835611,299.1910094408,1191.117617289269,62.3
1095000,2189.9999999620372,-1534512.8179766713,301.8852663703181,1191.359136291238,62.3
1100000,2199.9999999618008,-1536050.606228101,299.15105816423517,1190.201525330037,62.3
1105000,2209.9999999615643,-1532231.087809058,299.31210592295366,1192.2675373809266,62.3
1110000,2219.999999961328,-1532742.2752194367,301.3591583853841,1190.951269729445,62.3
1115000,2229.9999999610914,-1531421.272963346,298.90852347050145,1194.7661101078947,62.3
1120000,2239.999999960855,-1531600.2789996024,299.81171434419423,1191.8944103625433,62.3
1125000,2249.9999999606184,-1532902.4624543916,300.8326154720893,1193.9481846131753,62.3
1130000,2259.999999960382,-1533525.8716856837,299.3542939739451,1193.3678799803245,62.3
1135000,2269.9999999601455,-1531182.6061459323,299.83041626370596,1195.2767424974404,62.3
1140000,2279.999999959909,-1534339.8944712542,300.49486253366575,1193.3496802738541,62.3
1145000,2289.9999999596726,-1532660.0122416364,300.7228581936262,1193.0592802385281,62.3
1150000,2299.999999959436,-1533085.7179553406,301.2469779346255,1193.0747297128473,62.3
1155000,2309.9999999591996,-1531475.573935466,300.62499931246043,1194.8437445524305,62.3
1160000,2319.999999958963,-1533915.1133300392,300.2613060039501,1192.697275884,62.3
1165000,2329.9999999587267,-1532735.268261156,298.66409373176737,1198.2354810540562,62.3
1170000,2339.99999995849,-1532154.43347782,298.94067710288454,1193.3143076582237,62.3
1175000,2349.9999999582537,-1532504.5752602573,299.6247572817004,1192.6422798481747,62.3
1180000,2359.9999999580173,-1532779.848016248,300.89294624898577,1192.1100795209886,62.3
1185000,2369.999999957781,-1532947.0082085496,300.4235032161934,1192.230014575108,62.3
1190000,2379.9999999575443,-1531549.8990578055,299.4105239977261,1194.3404931420132,62.3
1195000,2389.999999957308,-1533623.6457076725,300.2859415889547,1192.4838570826125,62.3
1200000,2399.9999999570714,-1531544.7122609615,301.5045797894275,1191.6748144710575,62.3
1205000,2409.999999956835,-1533685.73652766,299.7907756502559,1194.0677852780493,62.3
1210000,2419.9999999565985,-1532646.1452114023,299.81538016894905,1192.926346202735,62.3
1215000,2429.999999956362,-1530884.2726081843,299.40810082543055,1195.256782426588,62.3
1220000,2439.9999999561255,-1533567.4333773665,299.8929216824061,1192.680255006974,62.3
1225000,2449.999999955889,-1531458.1347047482,298.8353001743403,1192.026444465341,62.2
1230000,2459.9999999556526,-1536492.7604704322,299.8665774502701,1191.8656528853949,62.2
1235000,2469.999999955416,-1532450.7590821423,300.41853260635645,1194.2071964985523,62.2
1240000,2479.9999999551796,-1533524.1026132526,298.7175588538266,1193.0085912017269,62.2
1245000,2489.999999954943,-1530724.360549652,301.28994264340395,1197.1050923639955,62.2
1250000,2499.9999999547067,-1530822.8013099944,299.89198969306165,1194.7066415049555,62.2
1255000,2509.9999999544702,-1534048.3834818872,299.05611951634864,1194.6950024432783,62.2
1260000,2519.9999999542338,-1530518.739505725,298.7818350522811,1195.801994784321,62.2
1265000,2529.9999999539973,-1532991.2732483596,300.88415448283655,1195.6840057199026,62.2
1270000,2539.999999953761,-1531786.9458410684,299.12005398537696,1194.7720680737077,62.2
1275000,2549.9999999535244,-1532375.4562183684,300.8869815171814,1193.5755559045663,62.2
1280000,2559.999999953288,-1531476.6736998027,300.59676003532405,1195.5024381699109,62.2
1285000,2569.9999999530514,-1532649.2465068474,299.8742818955174,1193.2776258598706,62.2
1290000,2579.999999952815,-1532293.4676913684,299.1357735389864,1195.8311434220652,62.2
1295000,2589.9999999525785,-1533498.052995707,299.2071639227702,1190.9469493276013,62.2
1300000,2599.999999952342,-1536229.3168206085,300.37283406216756,1193.9367546634726,62.2
1305000,2609.9999999521056,-1532996.6978115877,301.75068710898154,1191.4982418009856,62.2
1310000,2619.999999951869,-1532007.2649085652,298.7130542386618,1192.0645909156055,62.2
1315000,2629.9999999516326,-1534131.3932246594,300.8205306769231,1189.189306869673,62.2
1320000,2639.999999951396,-1532884.0430603214,300.8186666982342,1191.8837001786903,62.2
1325000,2649.9999999511597,-1533916.8744349014,301.0676321184445,1194.2563589397967,62.2
1330000,2659.999999950923,-1529721.197740757,300.4065720764362,1194.9576944583416,62.2
1335000,2669.9999999506867,-1532213.9990029968,301.76901623275546,1195.2592566743365,62.2
1340000,2679.9999999504503,-1531969.4150461024,300.7292267874799,1193.6442399656155,62.2
1345000,2689.999999950214,-1531915.7507836735,300.08348243703176,1195.331197467759,62.2
1350000,2699.9999999499773,-1530838.0933178589,300.70499506452455,1193.2539695739206,62.2
1355000,2709.999999949741,-1532477.827131657,301.72496420307516,1194.2466505001712,62.2
1360000,2719.9999999495044,-1532481.4707868546,300.41952672832383,1192.4185467379307,62.2
1365000,2729.999999949268,-1532987.9131304668,299.84312238510176,1191.4951270883817,62.2
1370000,2739.9999999490315,-1532473.3386233887,301.49081741344133,1192.5670819348468,62.2
1375000,2749.999999948795,-1536237.5534608401,299.68515019121986,1189.9051692904868,62.2
1380000,2759.9999999485585,-1533417.8566078683,299.4103375998572,1193.0579645605994,62.2
1385000,2769.999999948322,-1535654.0437771697,298.94036643976966,1188.6222250983883,62.2
1390000,2779.9999999480856,-1534436.9974831492,301.1480006662464,1193.5154081859796,62.2
1395000,2789.999999947849,-1532815.1796394754,300.8266818065964,1191.5862184361163,62.2
1400000,2799.9999999476127,-1534306.5860199612,299.28358704901393,1193.0721537599786,62.2
1405000,2809.999999947376,-1532721.8137529986,299.7921425679611,1193.1756388188035,62.2
1410000,2819.9999999471397,-1534380.2678524712,301.35894092120367,1192.0410009489274,62.2
1415000,2829.9999999469032,-1535428.6438698862,300.59247288433966,1191.964150644199,62.2
1420000,2839.999999946667,-1532952.4697415158,301.44962348441726,1193.1573840189387,62.2
1425000,2849.9999999464303,-1533672.0509941615,299.3257751000054,1191.7911898489976,62.2
1430000,2859.999999946194,-1532376.0290496526,299.83330543067365,1194.3006060922612,62.2
1435000,2869.9999999459574,-1532229.2250342658,299.94564121298964,1196.5888470478817,62.2
1440000,2879.999999945721,-1531013.3954620585,299.8014003287825,1194.7750625958272,62.2
1445000,2889.9999999454844,-1532753.8294102708,300.1348971825331,1193.9750901793302,62.1
1450000,2899.999999945248,-1532147.113435384,301.8915728315488,1193.769502937904,62.1
1455000,2909.9999999450115,-1533323.8313447908,300.2716200193619,1192.0128465935095,62.1
1460000,2919.999999944775,-1530974.4192500962,300.55708835556254,1194.9560389979622,62.1
1465000,2929.9999999445386,-1530641.7866997793,300.2375092093555,1194.666129690329,62.2
1470000,2939.999999944302,-1531709.6987294788,300.821493732579,1191.8716199195562,62.2
1475000,2949.9999999440656,-1534039.684205411,299.384304030836,1191.4541423353414,62.1
1480000,2959.999999943829,-1532375.6021310799,302.8660919564024,1191.1058067997267,62.1
1485000,2969.9999999435927,-1531016.9633813202,300.8982896545606,1193.800279902308,62.2
1490000,2979.999999943356,-1531826.9305901425,300.6739598193548,1192.3298030940857,62.2
1495000,2989.9999999431197,-1531112.6921808207,298.9194588121428,1195.4260771130378,62.2
1500000,2999.9999999428833,-1534628.335447888,301.6700389643764,1190.6721962846018,62.1
1505000,3009.999999942647,-1531957.6092707142,301.1959359848619,1194.4224934623905,62.1
1510000,3019.9999999424103,-1531683.7099694172,300.3740767146268,1194.7882014906572,62.2
1515000,3029.999999942174,-1532496.0902555566,300.83438625184374,1193.3166652716234,62.1
1520000,3039.9999999419374,-1533073.427677868,300.1843858167227,1194.1906038761724,62.1
1525000,3049.999999941701,-1533344.9903285122,300.1910961400026,1193.5812118152837,62.1
1530000,3059.9999999414645,-1533602.1360258497,299.17665680489563,1192.373292366842,62.1
1535000,3069.999999941228,-1532518.2341075279,300.005443862591,1193.8080297223094,62.1
1540000,3079.9999999409915,-1530661.0403075572,299.08414132930466,1194.8746961371,62.1
1545000,3089.999999940755,-1532497.1829924313,299.5999663651384,1193.5559944583204,62.1
1550000,3099.9999999405186,-1533327.889738978,299.5683097937391,1192.3861125291114,62.1
1555000,3109.999999940282,-1533496.3230399527,299.8548654508416,1191.5298308811,62.1
1560000,3119.9999999400457,-1532739.396513719,301.03771526048814,1194.5609115123173,62.1
1565000,3129.999999939809,-1533484.6388358064,300.2550616753424,1192.5970242386752,62
1570000,3139.9999999395727,-1534262.2116636485,299.1560287740722,1193.4587648769564,62
1575000,3149.9999999393362,-1532309.227628829,299.8941643348653,1193.047610378758,62
1580000,3159.9999999391,-1531772.5942146378,300.3723680674954,1194.2085442357063,62
1585000,3169.9999999388633,-1532615.107885696,300.97713595309983,1192.2704970465488,62
1590000,3179.999999938627,-1532265.9758514343,301.35999717579404,1192.4348117682475,62
1595000,3189.9999999383904,-1535022.9626785126,299.6342946393251,1190.7605228584948,62
1600000,3199.999999938154,-1532561.8132317755,300.943708601946,1196.1703287352032,62
1605000,3209.9999999379174,-1533036.4670749875,298.4107790279498,1193.6043740902,62
1610000,3219.999999937681,-1531853.4323287718,299.44429307830615,1193.1839602209245,62
1615000,3229.9999999374445,-1532468.6861296874,300.35866782413217,1191.332234267144,61.9
1620000,3239.999999937208,-1535148.3294905461,301.5706889002595,1192.9268488491082,61.9
1625000,3249.9999999369716,-1533428.1420750972,302.64722979201736,1192.1044306878478,61.9
1630000,3259.999999936735,-1531804.323948468,298.8978366593519,1192.9935552628506,61.9
1635000,3269.9999999364986,-1533625.000746823,300.0700307241604,1192.4784416924563,61.9
1640000,3279.999999936262,-1533064.8236770947,299.6723508708896,1193.1228632241866,61.9
1645000,3289.9999999360257,-1533337.4831490498,298.91532699271585,1193.5786718079323,61.9
1650000,3299.999999935789,-1533343.3601301732,300.67343169205964,1194.1449665241503,61.9
1655000,3309.9999999355528,-1533706.9656031784,300.9711401549839,1193.7571990554445,61.9
1660000,3319.9999999353163,-1531989.9857626902,300.4941169421902,1191.3293730882767,61.9
1665000,3329.99999993508,-1533545.4352807133,300.4226022931605,1192.7189582064823,61.9
1670000,3339.9999999348433,-1534024.3471544664,301.70539242684197,1193.1972583965367,61.9
1675000,3349.999999934607,-1535176.4763510767,300.7896196969993,1194.3186256770134,61.8
1680000,3359.9999999343704,-1532074.1706253262,300.83218054372855,1193.36145696886,61.8
1685000,3369.999999934134,-1533289.1331151556,301.43915413744816,1193.3209523855717,61.8
1690000,3379.9999999338975,-1531160.194243797,300.1963152803315,1195.4502409481686,61.8
1695000,3389.999999933661,-1532734.0623225188,299.7535582091014,1195.4745894061768,61.8
1700000,3399.9999999334245,-1534122.902586097,300.9812677725268,1191.7047917688656,61.8
1705000,3409.999999933188,-1534009.6709155058,301.85531844605026,1192.7870179844062,61.8
1710000,3419.9999999329516,-1532367.6785283284,298.4947823341949,1192.1523232260952,61.8
1715000,3429.999999932715,-1531464.7403945401,300.18935642655964,1192.1682514823535,61.8
1720000,3439.9999999324787,-1533972.7348774038,299.2236912004782,1195.2063925046489,61.8
1725000,3449.999999932242,-1532307.722872315,300.8373375514344,1194.0308319022643,61.8
1730000,3459.9999999320057,-1531286.8427371923,301.84997504047544,1195.7221067502792,61.8
1735000,3469.9999999317693,-1533111.6006038347,301.38165039489644,1193.9046061537001,61.8
1740000,3479.999999931533,-1530083.8467491837,301.1363818657524,1196.5120847379756,61.8
1745000,3489.9999999312963,-1532118.4634032054,298.939807246163,1192.1517582625684,61.8
1750000,3499.99999993106,-1533365.7407952724,301.71343860151563,1190.1769801745613,61.8
1755000,3509.9999999308234,-1531945.170941596,300.1239929072032,1193.9510102816832,61.8
1760000,3519.999999930587,-1532924.8782828255,300.80884974380615,1193.1167779253558,61.8
1765000,3529.9999999303504,-1532764.226650294,298.9168492419784,1193.9703919569436,61.8
1770000,3539.999999930114,-1534381.8293550555,301.9649825255789,1190.77639484465,61.7
1775000,3549.9999999298775,-1533162.4649213906,300.7678111463395,1193.2971975295193,61.7
1780000,3559.999999929641,-1532226.6279708585,300.2988651745309,1192.1127165071093,61.7
1785000,3569.9999999294046,-1533632.4570826478,300.8728152791459,1192.1563962884886,61.7
1790000,3579.999999929168,-1532200.4970837226,299.8349519451822,1192.3474507137614,61.7
1795000,3589.9999999289316,-1531518.9734228859,301.32775034447656,1194.6051155972525,61.7
1800000,3599.999999928695,-1534111.2397683952,298.59450519404953,1192.077030943966,61.7
1805000,3609.9999999284587,-1531703.894454264,300.96281438350695,1195.1862895501558,61.7
1810000,3619.999999928222,-1532694.0264362795,300.8151562050368,1191.9678407548465,61.7
1815000,3629.9999999279858,-1533230.6751560653,300.61179613008096,1193.157026573855,61.7
1820000,3639.9999999277493,-1535300.3032058422,300.73935440502277,1187.9711174356137,61.6
1825000,3649.999999927513,-1532671.1225929977,301.0319369265526,1196.0274130217636,61.6
1830000,3659.9999999272763,-1532372.6675434653,299.3149640236099,1192.910669098611,61.6
1835000,3669.99999992704,-1534573.3472933127,300.0882045163769,1194.7397991905132,61.6
1840000,3679.9999999268034,-1532463.8592678877,299.01790795322677,1191.6093411952859,61.6
1845000,3689.999999926567,-1533088.0653656237,298.84536565926015,1190.4567269737931,61.6
1850000,3699.9999999263305,-1531493.6266807066,300.45453846136314,1195.0850558865297,61.6
1855000,3709.999999926094,-1533062.1520276498,299.61668004071527,1191.746248717701,61.6
1860000,3719.9999999258575,-1532801.4368000645,299.44656091904426,1193.4882756990912,61.6
1865000,3729.999999925621,-1532155.4169379324,300.7787154216694,1192.5414647797656,61.6
1870000,3739.9999999253846,-1531745.6397532858,300.0073078412799,1194.047492133192,61.6
1875000,3749.999999925148,-1535046.1734505408,301.6529524930617,1189.876834726759,61.6
1880000,3759.9999999249117,-1529816.1022969102,298.80410959761315,1194.813619056814,61.6
1885000,3769.999999924675,-1530738.8512029173,299.5751133159535,1196.2232141788386,61.6
1890000,3779.9999999244387,-1534432.0705016619,299.2342537463818,1191.3344234718675,61.6
1895000,3789.9999999242023,-1533576.1427894318,300.5503469659712,1191.888854167238,61.5
1900000,3799.999999923966,-1533477.333216209,300.46143518251193,1190.6008852930684,61.5
1905000,3809.9999999237293,-1534253.2711950326,299.92426759069065,1193.0566631785891,61.5
1910000,3819.999999923493,-1532243.4349074494,299.6722887382666,1192.2913733046876,61.5
1915000,3829.9999999232564,-1532906.7541142218,299.3259614978743,1191.3325965987672,61.5
1920000,3839.99999992302,-1533760.3004474146,301.3077125735712,1193.4973713272007,61.5
1925000,3849.9999999227834,-1532072.2692413405,301.23532806782,1194.3864664064076,61.5
1930000,3859.999999922547,-1532989.0276483977,299.77642301435156,1194.2971592020076,61.5
1935000,3869.9999999223105,-1531450.142484947,301.44400048203926,1193.4207595089872,61.5
1940000,3879.999999922074,-1532012.529697734,300.4716870653007,1191.3018643375913,61.4
1945000,3889.9999999218376,-1531896.2950977571,300.6829379833729,1194.3958656895625,61.4
1950000,3899.999999921601,-1531153.6499703582,299.7082013943389,1195.4510576116234,61.4
1955000,3909.9999999213646,-1533669.807388924,301.36757735579545,1189.1650597736195,61.4
1960000,3919.999999921128,-1534252.962639194,299.92597623782206,1190.3512840336539,61.4
1965000,3929.9999999208917,-1532933.29586575,299.2126315935909,1194.6891510410137,61.4
1970000,3939.9999999206552,-1530463.7595414324,299.894723528472,1195.526943471896,61.4
1975000,3949.9999999204188,-1533354.988845517,300.1767124377868,1193.5362846162254,61.4
1980000,3959.9999999201823,-1532462.3314063987,300.4037139757799,1194.2081037072753,61.4
1985000,3969.999999919946,-1531822.6420905255,299.9153515592955,1196.1162783272455,61.3
1990000,3979.9999999197094,-1532777.3316370938,300.2740742579689,1193.646286268296,61.3
1995000,3989.999999919473,-1531750.645371099,301.5580138451752,1192.5009661958852,61.3
2000000,3999.9999999192364,-1532573.81305453,299.10452082963633,1194.2231924315568,61.3
2005000,4009.999999919,-1530668.2268259786,300.07571585916145,1193.4624980746385,61.3
2010000,4019.9999999187635,-1533345.9470291473,299.66964810179076,1192.3382022340618,61.3
2015000,4029.999999918527,-1532052.9830998583,301.95839646754484,1192.3289246212112,61.3
2020000,4039.9999999182905,-1533728.5726511609,301.29764708865133,1192.874272915955,61.3
2025000,4049.999999918054,-1533124.6227356726,299.57126109332984,1194.655109407096,61.3
2030000,4059.9999999178176,-1534965.7777864393,299.6069873515332,1193.842718813159,61.2
2035000,4069.999999917581,-1533660.513018162,301.04905446417877,1195.0649259877805,61.2
2040000,4079.9999999173447,-1532235.6976754759,300.430058207916,1196.591916205289,61.2
2045000,4089.999999917108,-1533727.1100192405,299.5570637889829,1189.5192542383422,61.2
2050000,4099.999999917781,-1534486.6634940421,300.71207818354225,1194.2233680661636,61.2
2055000,4109.999999919818,-1531905.3356127152,301.7998340137448,1192.3848069100895,61.2
2060000,4119.999999921855,-1530716.4839113122,299.48843830692095,1193.1685885169286,61.2
2065000,4129.999999923893,-1531606.1914746026,300.90139628570864,1193.9355874701857,61.2
2070000,4139.99999992593,-1533849.9812181443,300.14406174442007,1192.5156006565499,61.2
2075000,4149.999999927967,-1534569.8334164126,299.28159880507917,1190.2463349919408,61.2
2080000,4159.999999930004,-1532362.039408423,301.97038806377657,1192.8258214103384,61.2
2085000,4169.999999932042,-1531853.6665068762,302.29304277482026,1196.2718147710204,61.2
2090000,4179.999999934079,-1532403.7209835434,299.4579311890464,1192.4587173454884,61.2
2095000,4189.999999936116,-1531325.3810943207,299.8723557842056,1195.423406938599,61.2
2100000,4199.999999938153,-1531930.220969757,300.0924606010498,1195.714250328859,61.2
2105000,4209.999999940191,-1533471.8679754334,298.92949323075123,1188.816534876876,61.2
2110000,4219.999999942228,-1532366.8906954806,300.91183456636634,1194.8516396268199,61.1
2115000,4229.999999944265,-1531889.426463739,300.96269011826104,1195.0797059041697,61.1
2120000,4239.9999999463025,-1534164.5538469665,300.4083428561906,1195.3106419730289,61.2
2125000,4249.99999994834,-1532109.8176678363,299.2926894782779,1193.7949701761236,61.2
2130000,4259.999999950377,-1532373.3975832537,299.99028350258817,1192.169322842189,61.2
2135000,4269.999999952414,-1534107.3460120661,300.8046868580677,1191.2198111159535,61.2
2140000,4279.999999954452,-1533216.059300785,301.4881146443425,1192.4473820081398,61.1
2145000,4289.999999956489,-1534746.2088925103,301.4655605022072,1188.8000225373864,61.1
2150000,4299.999999958526,-1531656.2006059717,299.1780547889123,1194.3202087094087,61.1
2155000,4309.999999960563,-1531941.0656570569,301.33508199398614,1193.9076264618052,61.1
2160000,4319.999999962601,-1532691.4420610843,300.5945232608974,1192.1903972375571,61.1
2165000,4329.999999964638,-1533454.0190051803,299.7884767432063,1193.734202985195,61.1
2170000,4339.999999966675,-1532313.7959843026,301.0826371468899,1197.0513973009677,61.1
2175000,4349.9999999687125,-1532237.100480996,301.43036237129894,1195.9647045956394,61.1
2180000,4359.99999997075,-1533790.2914009467,300.84342654848473,1192.908409029095,61.1
2185000,4369.999999972787,-1532372.6246479051,299.38734852936113,1194.4860940446567,61.1
2190000,4379.999999974824,-1532220.1264192844,299.72491506991577,1193.5660531647532,61.1
2195000,4389.999999976862,-1533681.9629674936,300.4272622398826,1191.0593922826852,61
2200000,4399.999999978899,-1532403.2332408875,301.2724523100401,1195.0585774005308,61
2205000,4409.999999980936,-1532846.5364978919,301.4306419681023,1193.1457424198013,61
2210000,4419.999999982973,-1531264.348091334,300.7032242847701,1195.1152307727623,61
2215000,4429.999999985011,-1532594.5423082775,300.4421740693936,1195.163128421657,61
2220000,4439.999999987048,-1531822.766578029,301.52203905647997,1195.4021751449989,61
2225000,4449.999999989085,-1531585.612812424,300.9897178092497,1192.4755855159947,61
2230000,4459.999999991122,-1533912.4991057813,300.730717970431,1194.4874012788318,61
2235000,4469.99999999316,-1531729.8259389242,299.4309656306807,1195.2888194721688,61
2240000,4479.999999995197,-1534504.2451199843,299.80345070534025,1189.5249605139684,61
2245000,4489.999999997234,-1532302.734870593,301.3564556162852,1193.2306473145911,61
2250000,4499.9999999992715,-1535465.2125527812,300.71105299526334,1190.1752993829184,60.9
2255000,4510.000000001309,-1532446.7179028215,299.2685820205685,1190.8921376212886,60.9
2260000,4520.000000003346,-1532558.770588315,299.18324286292966,1192.9214105330846,60.9
2265000,4530.000000005383,-1531993.2961157626,300.65491617041687,1193.125946246709,60.9
2270000,4540.000000007421,-1531284.0708497716,298.41885626893486,1194.0851398320374,60.9
2275000,4550.000000009458,-1533219.5697602704,299.76648179467765,1193.3259660041654,60.9
2280000,4560.000000011495,-1533266.6607600488,300.7320848881361,1190.474684293405,60.9
2285000,4570.000000013532,-1534970.9942202903,299.58353228636486,1192.4112383394536,60.9
2290000,4580.00000001557,-1532933.9264735878,300.4363957354581,1192.8141868595792,60.9
2295000,4590.000000017607,-1535639.2222479172,299.33062144459643,1193.9344407075664,60.9
2300000,4600.000000019644,-1533028.6980246287,300.36000367552583,1192.961997067422,60.9
2305000,4610.000000021681,-1533447.8600057336,301.4147360166239,1192.4882062907031,60.9
2310000,4620.000000023719,-1532352.468914004,300.21744037213864,1194.3368982033826,60.9
2315000,4630.000000025756,-1534219.5712532075,298.6894749082475,1193.9482746864905,60.9
2320000,4640.000000027793,-1533199.6288465932,300.4748558290718,1193.591305516773,60.9
2325000,4650.0000000298305,-1532726.770798916,299.41204624698867,1192.0648904526875,60.9
2330000,4660.000000031868,-1534235.1428502724,300.7274870740369,1194.628729486866,60.9
2335000,4670.000000033905,-1530168.8263184847,300.5313343833447,1196.8846021859688,60.9
2340000,4680.000000035942,-1532331.6521603344,299.0671791232359,1192.4304657623213,60.9
2345000,4690.00000003798,-1532160.9727782272,299.9642499335669,1189.585407281423,60.9
2350000,4700.000000040017,-1533074.2345928075,300.0631029367001,1192.1460204690056,60.9
2355000,4710.000000042054,-1535343.9899932137,300.05872258678124,1191.947956814277,60.9
2360000,4720.000000044091,-1534816.198781968,301.3647813877622,1190.1167614125638,60.9
2365000,4730.000000046129,-1533649.3001393583,299.99907526873733,1195.4287477638304,60.9
2370000,4740.000000048166,-1533346.1893838886,301.0132971396639,1189.902260222504,60.9
2375000,4750.000000050203,-1534088.769688487,300.42496333283304,1190.571898516881,60.8
2380000,4760.0000000522405,-1532157.0355506241,300.7116432551815,1192.1295552706151,60.8
2385000,4770.000000054278,-1532428.3022906175,300.96908977842617,1192.286471142733,60.8
2390000,4780.000000056315,-1532810.862049684,299.007531805192,1194.1238976638135,60.8
2395000,4790.000000058352,-1531345.104112314,299.84626008256134,1194.420855949369,60.8
2400000,4800.0000000603895,-1533291.0367098097,299.5506019961948,1197.7272234490968,60.8
2405000,4810.000000062427,-1532060.1313436404,300.68616887976697,1191.8188326531053,60.8
2410000,4820.000000064464,-1533209.169547256,301.3133045096378,1194.1283449256355,60.8
2415000,4830.000000066501,-1532029.6461638436,301.0125204818769,1192.3035029111365,60.8
2420000,4840.000000068539,-1531893.4956165794,299.79400654664994,1194.1482135191527,60.8
2425000,4850.000000070576,-1535122.2299723243,300.20551090852985,1190.8246509129153,60.8
2430000,4860.000000072613,-1533323.703492172,299.56492356578764,1192.4638814514228,60.8
2435000,4870.00000007465,-1532374.9620638136,299.9374707730702,1192.6099736230228,60.8
2440000,4880.000000076688,-1532120.8554300014,300.7381117525635,1192.279405066179,60.8
2445000,4890.000000078725,-1532064.0129964342,300.02035569210193,1193.351911537193,60.8
2450000,4900.000000080762,-1532239.4328188272,300.1203892150714,1193.5877555455197,60.8
2455000,4910.0000000827995,-1531333.0928748194,300.4829641363684,1192.5712928037983,60.8
2460000,4920.000000084837,-1532897.0435526753,299.99634143332696,1191.1842092435058,60.8
2465000,4930.000000086874,-1532300.376397796,301.7843008580042,1190.3476893883997,60.8
2470000,4940.000000088911,-1532807.2468229001,299.5649856984106,1195.8474029704585,60.8
2475000,4950.000000090949,-1534609.8881608443,300.46966775505445,1191.9589539258786,60.8
2480000,4960.000000092986,-1533075.0087390188,299.7979209018966,1193.8286008098853,60.7
2485000,4970.000000095023,-1535472.8492870964,301.59715739764147,1194.1674316354695,60.7
2490000,4980.00000009706,-1531602.5322369635,300.8179211067587,1194.9065406757393,60.7
2495000,4990.000000099098,-1532958.309240709,301.3418855162005,1192.7459345173183,60.7
2500000,5000.000000101135,-1531690.9572178451,302.8809727196019,1194.2434111663017,60.7
2505000,5010.000000103172,-1535107.7269956684,301.04287226819406,1191.7905470924422,60.7
2510000,5020.000000105209,-1533725.5206173882,301.31703246701557,1194.4999268544523,60.7
2515000,5030.000000107247,-1532869.269710455,299.99820541201586,1193.2569238398798,60.7
2520000,5040.000000109284,-1533132.7724522762,300.0661474352253,1191.7128916965519,60.7
2525000,5050.000000111321,-1535702.7129622754,300.51589442653847,1190.6633031401275,60.7
2530000,5060.0000001133585,-1533501.9422942977,301.3954749035056,1190.3932935423652,60.7
2535000,5070.000000115396,-1531842.8192553567,300.1561154732748,1192.316710795857,60.7
2540000,5080.000000117433,-1532854.709070202,301.3258242331647,1195.3977199969297,60.7
2545000,5090.00000011947,-1532689.562002303,300.5039960292412,1193.6554576867773,60.7
2550000,5100.000000121508,-1533584.007033579,299.86890742363113,1192.263079090278,60.7
2555000,5110.000000123545,-1533674.0768840248,299.77490076508906,1192.848011644678,60.7
2560000,5120.000000125582,-1532445.4830746483,299.7263441202439,1192.2241900630072,60.6
2565000,5130.000000127619,-1533321.4658726072,300.6597003823849,1191.943194391162,60.6
2570000,5140.000000129657,-1533587.5740610147,300.0597167087486,1192.0858097155667,60.6
2575000,5150.000000131694,-1532906.81826963,301.0306321414704,1190.2256273871658,60.6
2580000,5160.000000133731,-1533271.380023201,301.4819635146692,1192.6008358735314,60.6
2585000,5170.0000001357685,-1534069.6583866114,301.03485715983186,1190.8698028481538,60.6
2590000,5180.000000137806,-1530343.3954349728,300.1358602381891,1194.756722130761,60.6
2595000,5190.000000139843,-1533090.192841826,301.5258291464807,1191.896878902128,60.6
2600000,5200.00000014188,-1532075.732986099,301.25045736151134,1195.107562496793,60.6
2605000,5210.0000001439175,-1530983.377902992,300.17202142475315,1194.2765897815975,60.6
2610000,5220.000000145955,-1532911.400076747,300.13812807892714,1195.2343643578959,60.6
2615000,5230.000000147992,-1533029.0921151023,299.8870190832247,1195.4160479717436,60.6
2620000,5240.000000150029,-1535379.8753385432,299.0685149746296,1192.8209465347175,60.6
2625000,5250.000000152067,-1534170.5222441321,298.18551720339957,1194.362775243423,60.6
2630000,5260.000000154104,-1531957.7132557882,299.77542889238424,1192.6560951707359,60.5
2635000,5270.000000156141,-1533323.435977118,300.1225638568751,1193.3358779417474,60.5
2640000,5280.000000158178,-1533493.1311213132,300.9822929608057,1192.5836051170172,60.5
2645000,5290.000000160216,-1531369.556395988,299.331367036072,1193.3792968508965,60.5
2650000,5300.000000162253,-1532251.8729355894,301.7208634499596,1191.5658526034729,60.5
2655000,5310.00000016429,-1532914.2771882368,300.39200197635154,1194.638272415758,60.5
2660000,5320.0000001663275,-1532481.6303528463,301.0396413718,1194.7480764816125,60.5
2665000,5330.000000168365,-1533517.1493564853,300.9446405912905,1195.6924060690822,60.5
2670000,5340.000000170402,-1533082.5225851545,299.3398792054179,1193.759282316949,60.5
2675000,5350.000000172439,-1533824.0562237827,300.3085889300245,1193.2536622133875,60.5
2680000,5360.000000174477,-1531067.428200948,301.0390821781933,1193.1284990452948,60.5
2685000,5370.000000176514,-1532741.8008388598,299.0258609289659,1194.4670829239572,60.5
2690000,5380.000000178551,-1531549.9058222342,301.4280945305608,1192.5529459301142,60.4
2695000,5390.000000180588,-1534018.9847667282,299.9580988038936,1193.8115897665903,60.4
2700000,5400.000000182626,-1532402.8795975354,300.85206298307656,1191.8969948555705,60.4
2705000,5410.000000184663,-1532152.2224145178,301.2102575544547,1193.1325734337902,60.4
2710000,5420.0000001867,-1532989.7345355544,299.9384648950375,1194.1475029342757,60.4
2715000,5430.000000188737,-1533054.2429609438,301.1177420788637,1193.0818020995166,60.4
2720000,5440.000000190775,-1533789.4964554766,300.57224871556537,1192.2038379222492,60.4
2725000,5450.000000192812,-1533494.4150445107,300.5618415012192,1192.8208461329643,60.4
2730000,5460.000000194849,-1534848.0478815837,300.09301979465647,1189.8781360579123,60.4
2735000,5470.0000001968865,-1532614.933936472,300.2399634479625,1193.3703591460642,60.4
2740000,5480.000000198924,-1533684.6911993995,299.1883377380126,1193.9112053670492,60.4
2745000,5490.000000200961,-1534986.2237483738,300.94731229407785,1190.5110358388993,60.4
2750000,5500.000000202998,-1530587.9533824706,297.9033108299044,1195.8921982530617,60.4
2755000,5510.000000205036,-1533191.535879217,300.80838374913395,1191.1841876080016,60.4
2760000,5520.000000207073,-1531560.2624547211,300.21930435082754,1195.3807845848557,60.4
2765000,5530.00000020911,-1532783.4361240473,301.31911390988483,1192.464153272407,60.3
2770000,5540.000000211147,-1532957.52318409,301.14048261886796,1190.6430095427927,60.3
2775000,5550.000000213185,-1532416.2984806318,300.17618431049164,1197.7352041378326,60.4
2780000,5560.000000215222,-1532172.445560908,299.6756128335951,1193.5271805465459,60.4
2785000,5570.000000217259,-1534342.1321512219,300.87433752840855,1192.3312649151922,60.4
2790000,5580.000000219296,-1533808.4241496194,301.3093590880797,1192.7304451765397,60.4
2795000,5590.000000221334,-1533574.6621138277,300.68747366484916,1195.5116010948284,60.3
2800000,5600.000000223371,-1532473.706219934,299.653524686132,1195.5732636353414,60.3
2805000,5610.000000225408,-1533435.849679335,300.70766676731193,1192.8590834684326,60.3
2810000,5620.0000002274455,-1532910.2110937908,300.4774653992363,1193.4063830378025,60.3
2815000,5630.000000229483,-1534661.550353649,300.52996746563946,1192.7192880902726,60.3
2820000,5640.00000023152,-1533683.1459957305,299.830229865837,1192.2889139645397,60.3
2825000,5650.000000233557,-1533345.049729284,301.1063718088616,1189.6838018119918,60.4
2830000,5660.000000235595,-1533215.7058639163,302.13584723872543,1191.5237473057089,60.4
2835000,5670.000000237632,-1531449.682861505,299.4228262570727,1192.4098422325296,60.4
2840000,5680.000000239669,-1532266.6945360089,300.8598295609468,1194.4604904385997,60.4
2845000,5690.000000241706,-1532646.3540415773,300.15263604638886,1194.642139610552,60.4
2850000,5700.000000243744,-1532709.8137836643,301.57441685763723,1191.4777542807376,60.4
2855000,5710.000000245781,-1533273.586311726,301.6466149655196,1194.6033430349123,60.4
2860000,5720.000000247818,-1532208.3303435668,301.17331971010356,1194.579824556596,60.4
2865000,5730.0000002498555,-1533097.130471779,300.02753201005413,1192.0477998821495,60.4
2870000,5740.000000251893,-1533727.3480352722,299.46389592085075,1194.221387079261,60.4
2875000,5750.00000025393,-1532035.9548977036,300.2495008055873,1194.1826815890909,60.4
2880000,5760.000000255967,-1533592.020176053,299.8365673933792,1192.555824792179,60.4
2885000,5770.000000258005,-1534547.0757460715,300.9242921572703,1189.152520801678,60.4
2890000,5780.000000260042,-1534401.6157855596,299.7596472061518,1191.2471280038014,60.4
2895000,5790.000000262079,-1530683.4417900862,301.09646165549907,1196.7118443333884,60.4
2900000,5800.000000264116,-1533015.997767807,298.8108820535161,1193.8974779624932,60.4
2905000,5810.000000266154,-1534577.274379043,300.4074729994691,1192.536892682354,60.4
2910000,5820.000000268191,-1532380.994916954,300.19569395410184,1194.3951606418686,60.4
2915000,5830.000000270228,-1530249.1275450317,298.6091374267572,1194.8793854307785,60.4
2920000,5840.000000272265,-1532843.0834265389,299.83712658698585,1193.6106077470677,60.4
2925000,5850.000000274303,-1533377.9385518618,301.4109459266232,1195.28096790159,60.4
2930000,5860.00000027634,-1534953.6561755873,299.717956216144,1192.041359647581,60.4
2935000,5870.000000278377,-1532584.7772156494,299.7936026846007,1193.6608931481915,60.4
2940000,5880.0000002804145,-1532292.8705261927,299.820350778786,1195.7263242389474,60.4
2945000,5890.000000282452,-1533154.980207933,300.7194408993633,1193.4351235451725,60.4
2950000,5900.000000284489,-1534265.659112718,299.67433911482436,1193.0253800192734,60.4
2955000,5910.000000286526,-1533907.363496188,300.11864950162845,1193.1361610685715,60.5
2960000,5920.000000288564,-1535146.2033327557,299.50409572790744,1193.0757927588388,60.5
2965000,5930.000000290601,-1533177.0875755614,300.16009196114436,1193.1158150830913,60.5
2970000,5940.000000292638,-1534078.318869684,300.4008558751237,1191.8662917102126,60.5
2975000,5950.000000294675,-1532997.6811070647,300.60253836925955,1196.4362909548115,60.5
2980000,5960.000000296713,-1534222.0596202854,300.1810306550827,1191.794713821071,60.5
2985000,5970.00000029875,-1532791.5541248461,299.85862447453087,1193.4516443944628,60.5
2990000,5980.000000300787,-1532503.2103787502,300.43652000070404,1192.3531733540817,60.5
2995000,5990.000000302824,-1534613.9166352358,300.0105698039854,1193.525597003214,60.5
3000000,6000.000000304862,-1533003.8397046085,301.75460146422824,1194.4194432298682,60.5
3005000,6010.000000306899,-1532942.9956555106,300.5073511908812,1190.6217839531894,60.5
3010000,6020.000000308936,-1531456.2238230798,298.82330857810854,1193.5471747626916,60.5
3015000,6030.0000003109735,-1533126.7354892986,301.2905639696336,1194.276869557031,60.5
3020000,6040.000000313011,-1533365.6435670229,300.56544519335097,1194.2472569052816,60.5
3025000,6050.000000315048,-1532887.3190122154,301.7144637897945,1189.9998061137424,60.5
3030000,6060.000000317085,-1534486.2034731032,300.0662717004712,1191.0705926789776,60.5
3035000,6070.000000319123,-1533941.2549246298,300.47038228021853,1193.4361440020907,60.5
3040000,6080.00000032116,-1531929.2805797122,301.125508656734,1193.648160450317,60.5
3045000,6090.000000323197,-1534223.9261967996,298.67568146594994,1192.5741377284337,60.5
3050000,6100.000000325234,-1532717.9698244995,300.9821065629368,1191.1093745938651,60.5
3055000,6110.000000327272,-1533701.062933174,299.7082013943389,1192.3785982100264,60.5
3060000,6120.000000329309,-1534649.3540118923,300.45584324644534,1191.9606228454093,60.5
3065000,6130.000000331346,-1532245.8841139134,299.89003251543835,1195.4082419974698,60.5
3070000,6140.0000003333835,-1533915.7153616082,300.09329939145977,1193.9672713510745,60.5
3075000,6150.000000335421,-1531973.8278983375,299.475980716017,1192.8539486872737,60.5
3080000,6160.000000337458,-1531697.251316646,300.7094375470664,1194.6300943930503,60.5
3085000,6170.000000339495,-1532674.2607603017,300.98052218105124,1192.9119714884941,60.5
3090000,6180.0000003415325,-1532328.9690026008,300.1966570097577,1195.1122001243461,60.5
3095000,6190.00000034357,-1533830.8989797523,300.2572052508346,1191.6725028144838,60.5
3100000,6200.000000345607,-1534172.8390425378,301.59125479846006,1189.6752747652458,60.5
3105000,6210.000000347644,-1535002.1443194058,299.9128041217541,1193.5071154287762,60.5
3110000,6220.000000349682,-1534051.818163205,299.8538091962513,1192.9517822618411,60.6
3115000,6230.000000351719,-1534524.5173643716,300.62782634680525,1192.1506538335555,60.6
3120000,6240.000000353756,-1533497.9999548625,299.62755324973375,1192.4188713768365,60.6
3125000,6250.000000355793,-1534522.2538998453,299.8954069873246,1194.08705722663,60.6
3130000,6260.000000357831,-1533146.565420934,301.606290893217,1192.936359937462,60.5
3135000,6270.000000359868,-1533217.512646162,300.08627840506506,1192.359640934538,60.5
3140000,6280.000000361905,-1532168.0500856992,301.1985144887148,1192.1199845011372,60.5
3145000,6290.0000003639425,-1535685.5103243636,301.6202086007606,1191.0009807880017,60.5
3150000,6300.00000036598,-1531973.8688065913,298.99752845289504,1193.3683296237334,60.5
3155000,6310.000000368017,-1530052.042240142,300.7192234351829,1194.9392268009804,60.5
3160000,6320.000000370054,-1532371.8092113566,301.1963087805997,1195.7126641485002,60.5
3165000,6330.000000372092,-1533944.7488413732,300.50138645907674,1191.1522662906862,60.5
3170000,6340.000000374129,-1536654.391356293,299.450288876422,1189.5907685373177,60.5
3175000,6350.000000376166,-1534220.9494050024,300.8564743993069,1193.161778666401,60.5
3180000,6360.000000378203,-1534488.6897620596,298.7181801800562,1189.1312057244295,60.5
3185000,6370.000000380241,-1533181.465390319,300.5771882590909,1194.7604469355629,60.5
3190000,6380.000000382278,-1533569.4213007009,300.3009466174001,1192.9698257695202,60.5
3195000,6390.000000384315,-1530947.1528344834,300.5824695320427,1191.5721451988513,60.5
3200000,6400.000000386352,-1534849.0782982605,301.1735993069069,1190.8761833127933,60.5
3205000,6410.00000038839,-1533890.832473657,301.09568499771206,1192.8166638375087,60.6
3210000,6420.000000390427,-1531916.1294794576,300.4655980682505,1195.5534527949999,60.6
3215000,6430.000000392464,-1532992.7623563074,299.8745304260092,1193.9257283224015,60.6
3220000,6440.0000003945015,-1533265.8677690206,300.3010087500231,1193.0123226078317,60.6
3225000,6450.000000396539,-1532628.2384115336,300.11678552293955,1193.5888346930947,60.6
3230000,6460.000000398576,-1533545.216747065,301.8230716147328,1194.1075260136543,60.6
3235000,6470.000000400613,-1533394.1460568877,300.62984565705153,1191.8652207520192,60.6
3240000,6480.000000402651,-1533252.7211424625,301.0664826649197,1194.231458124387,60.6
3245000,6490.000000404688,-1532328.9845732786,299.2679917606504,1193.8189462111638,60.6
3250000,6500.000000406725,-1533340.1473521283,299.93063618454426,1192.326459047832,60.6
3255000,6510.000000408762,-1532113.6590484958,299.6151888577642,1194.8964709675547,60.6
3260000,6520.0000004108,-1528048.7724358505,297.98085234336145,1197.738072457093,60.6
3265000,6530.000000412837,-1531925.7024300564,300.52835201744244,1196.290698721108,60.6
3270000,6540.000000414874,-1532876.46742717,300.600953987374,1189.618973379933,60.6
3275000,6550.0000004169115,-1529425.8728498658,299.8407302791177,1193.5531851664177,60.6
3280000,6560.000000418949,-1533747.5438501788,302.1237003109363,1192.8982734552367,60.6
3285000,6570.000000420986,-1534037.0006812867,298.7407964548145,1191.9170791341912,60.6
3290000,6580.000000423023,-1533348.4381541554,300.0218468750531,1193.2757583181653,60.6
3295000,6590.0000004250605,-1532353.196146465,301.3227797346396,1196.6191447832966,60.6
3300000,6600.000000427098,-1533240.837986445,300.2371364136177,1193.8247622048282,60.6
3305000,6610.000000429135,-1532640.8433583463,299.06947803028555,1191.748085697379,60.6
3310000,6620.000000431172,-1534412.9184808778,300.1481314312241,1193.6107457311505,60.6
3315000,6630.00000043321,-1533824.538462717,299.62603100047113,1190.2229757976609,60.6
3320000,6640.000000435247,-1533524.8743437892,299.98984857422744,1193.1698382880754,60.6
3325000,6650.000000437284,-1530622.1099677393,299.25478857827085,1196.288044428514,60.6
3330000,6660.000000439321,-1532471.420803247,300.50542507956936,1197.0416045222432,60.6
3335000,6670.000000441359,-1535858.5179353487,299.5786238091508,1192.2650332422927,60.6
3340000,6680.000000443396,-1531910.1581871072,299.74864973188744,1192.7146534212932,60.6
3345000,6690.000000445433,-1531684.0809046943,297.69619173125926,1195.5194315885008,60.6
3350000,6700.0000004474705,-1532275.0034498265,301.4499652138436,1192.3671650928122,60.6
3355000,6710.000000449508,-1532759.7967909202,301.254371716758,1195.1440696337568,60.6
3360000,6720.000000451545,-1532485.5333308382,300.9662627440814,1192.2468013109508,60.6
3365000,6730.000000453582,-1534309.2971832035,299.13434448865826,1193.4637114033778,60.6
3370000,6740.00000045562,-1532629.4388504624,300.5642646735147,1195.820964415869,60.6
3375000,6750.000000457657,-1532692.5946926754,299.704721967453,1194.7903484224685,60.6
3380000,6760.000000459694,-1532447.4934079982,300.12647821212175,1191.6906473009092,60.6
3385000,6770.000000461731,-1533792.7630523266,300.75460796396004,1192.7177945444687,60.6
3390000,6780.000000463769,-1533086.5135405743,299.3867272031315,1191.9601120031575,60.6
3395000,6790.000000465806,-1535169.5227865381,299.81550443419496,1193.8593747129028,60.6
3400000,6800.000000467843,-1534192.0173420599,300.6980983433757,1195.4142983709912,60.6
3405000,6810.00000046988,-1531815.9375788681,300.09211887162354,1195.0522695609402,60.6
3410000,6820.000000471918,-1532774.7516260892,300.74631325879454,1192.9316850815812,60.6
3415000,6830.000000473955,-1532300.8181940578,300.19003988541226,1196.2504620497643,60.6
3420000,6840.000000475992,-1533496.5569844693,301.462516003682,1194.5321328131963,60.6
3425000,6850.0000004780295,-1533946.1936010746,300.7268346814958,1194.6635822059511,60.6
3430000,6860.000000480067,-1532080.2172346134,299.45687493445604,1192.9589989891956,60.6
3435000,6870.000000482104,-1536352.532435421,300.9943466896604,1194.3477374426143,60.6
3440000,6880.000000484141,-1534532.370635936,300.3963201936474,1198.5663396942484,60.7
3445000,6890.000000486179,-1532460.9373399634,300.1456771926171,1193.446700362245,60.7
3450000,6900.000000488216,-1533990.0153958509,299.8972709660135,1194.1316817947347,60.7
3455000,6910.000000490253,-1531641.2223827047,300.9276783852217,1197.0396376309857,60.7
3460000,6920.00000049229,-1533219.4128297046,299.34416635640224,1192.500680247883,60.7
3465000,6930.000000494328,-1530833.7728017652,300.2176267700076,1195.436705047113,60.7
3470000,6940.000000496365,-1531896.7790939119,300.01519868439607,1196.2026550305968,60.7
3475000,6950.000000498402,-1531417.6789123164,301.0607043309842,1196.7322716702004,60.7
3480000,6960.0000005004395,-1531308.7881834721,300.644850685497,1193.5188136097902,60.7
3485000,6970.000000502477,-1535492.4080054173,300.46854936784115,1190.68642278597,60.7
3490000,6980.000000504514,-1532030.086046583,299.2399699476943,1192.9709384204289,60.7
3495000,6990.000000506551,-1533825.0711218705,299.3825953837045,1191.2942014396647,60.7
3500000,7000.0000005085885,-1533025.8566422602,299.4248455673189,1195.3121625497386,60.7
3505000,7010.000000510626,-1532800.3711067038,299.618854682519,1194.88528636762,60.7
3510000,7020.000000512663,-1531188.8656886956,299.9637528725832,1193.9462134383725,60.7
3515000,7030.0000005147,-1532895.51707362,300.36568881052693,1196.0194548487066,60.7
3520000,7040.000000516738,-1532991.1399245895,300.435028817753,1193.922884329848,60.7
3525000,7050.000000518775,-1534101.008315769,300.4751975584981,1193.0074572693256,60.7
3530000,7060.000000520812,-1533142.031260306,300.57196911876207,1194.2342744766277,60.7
3535000,7070.000000522849,-1532978.784352106,299.988916584883,1193.879547562276,60.7
3540000,7080.000000524887,-1534499.6849405142,298.4863633637835,1192.2889323156612,60.7
3545000,7090.000000526924,-1532415.9102434656,300.5872537440108,1192.030986575552,60.7
3550000,7100.000000528961,-1535732.8027609242,299.55774724783544,1189.5111673660804,60.7
3555000,7110.0000005309985,-1532937.166742228,301.7174150893852,1193.4194112414114,60.7
3560000,7120.000000533036,-1532706.205775462,299.5716338890675,1193.602477689256,60.7
3565000,7130.000000535073,-1531939.021641668,301.6419550187974,1197.0564502112145,60.7
3570000,7140.00000053711,-1533045.9353654021,300.4924393613702,1194.0269242727243,60.7
3575000,7150.000000539148,-1532162.0725558233,299.822867150016,1191.2210297653355,60.7
3580000,7160.000000541185,-1531467.2340478934,300.56647038162987,1191.9160190836071,60.7
3585000,7170.000000543222,-1532629.5989875933,300.94656670260235,1192.0989703000685,60.7
3590000,7180.000000545259,-1532713.871981874,299.7865816982059,1193.648527297187,60.7
3595000,7190.000000547297,-1534218.5861687725,300.38274421553007,1195.0069754413996,60.7
3600000,7200.000000549334,-1533515.538705905,298.9974041876491,1192.4627760437706,60.7
3605000,7210.000000551371,-1533090.219398629,300.0715219071115,1193.1513391332908,60.7
3610000,7220.000000553408,-1532358.703155703,300.40582648496064,1194.7966063746037,60.7
3615000,7230.000000555446,-1534301.5903194891,301.23939775462406,1190.847583748079,60.7
3620000,7240.000000557483,-1532012.9574149968,300.30451924322045,1192.702098646504,60.7
3625000,7250.00000055952,-1531149.5036869282,299.0123160171601,1193.9820429297872,60.7
3630000,7260.0000005615575,-1532218.824662513,301.3697519975991,1191.2352909131573,60.7
3635000,7270.000000563595,-1531515.4544600155,300.35841929364034,1193.16098947117,60.7
3640000,7280.000000565632,-1532725.809245753,299.6487404741639,1194.3191016487401,60.7
3645000,7290.000000567669,-1532308.2051858352,300.56205896539956,1191.5700760525513,60.7
3650000,7300.000000569707,-1531485.66346592,301.3764623208791,1195.6154813304372,60.7
3655000,7310.000000571744,-1533761.4951669564,299.8808058209284,1192.151678190848,60.7
3660000,7320.000000573781,-1533115.709153843,300.4921286982554,1192.9114906735692,60.7
3665000,7330.000000575818,-1531743.721785985,298.48903506657086,1195.7386213014447,60.7
3670000,7340.000000577856,-1533923.6018202957,300.1018736934286,1191.6956640209528,60.7
3675000,7350.000000579893,-1533241.048338038,299.84054388124883,1193.542856800867,60.7
3680000,7360.00000058193,-1533196.4587832075,300.0150122865272,1192.6141410488146,60.7
3685000,7370.000000583967,-1532585.8740006583,301.13635079944095,1192.9150258476775,60.7
3690000,7380.000000586005,-1531618.472002944,300.92537947817215,1196.7340930451105,60.7
3695000,7390.000000588042,-1532954.3625612035,300.8756112471793,1193.477905818407,60.7
3700000,7400.000000590079,-1534779.2794976877,300.76426958683066,1190.6068070351575,60.7
3705000,7410.0000005921165,-1532194.8878812883,298.8155420002382,1194.740783328472,60.7
3710000,7420.000000594154,-1533978.7691541333,301.3402700680035,1191.315664440823,60.7
3715000,7430.000000596191,-1533857.9409427252,301.8215182991587,1192.9679795244876,60.7
3720000,7440.000000598228,-1532327.6709619975,300.2542228849324,1194.7955310689517,60.7
3725000,7450.000000600266,-1531948.9501389107,299.84942884633244,1195.8596250945654,60.7
3730000,7460.000000602303,-1535183.5587554974,301.9464980702475,1194.0259545108668,60.7
3735000,7470.00000060434,-1532157.4979824955,300.159035706554,1192.5653785399095,60.7
3740000,7480.000000606377,-1533323.2612953372,301.15772442174,1194.678665439635,60.7
3745000,7490.000000608415,-1531850.2185703935,300.532390637935,1195.793026762079,60.7
3750000,7500.000000610452,-1533129.4904483762,302.334795897451,1194.4288606562977,60.7
3755000,7510.000000612489,-1532463.1405082215,301.39768061162073,1195.9473974220243,60.7
3760000,7520.0000006145265,-1531464.4685688242,299.8097882328824,1193.6700569055724,60.7
3765000,7530.000000616564,-1534076.3890682328,297.85015637096006,1193.010217574461,60.7
3770000,7540.000000618601,-1534075.872821698,301.258441403562,1190.7526287801004,60.7
3775000,7550.000000620638,-1532091.8328405851,300.07652358326,1192.3852391355397,60.7
3780000,7560.0000006226755,-1533432.783341622,299.7573793654136,1191.7002452539105,60.7
3785000,7570.000000624713,-1533680.3902421463,299.61922747825673,1192.0633214770478,60.7
3790000,7580.00000062675,-1532735.544280352,300.46640579234895,1192.566687035243,60.7
3795000,7590.000000628787,-1533222.4940624498,300.47056867808743,1191.9193274809863,60.7
3800000,7600.000000630825,-1533772.8887996105,301.92192461786595,1195.1663703937122,60.7
3805000,7610.000000632862,-1531602.9903105479,300.3591648851159,1194.869068961198,60.7
3810000,7620.000000634899,-1534718.7908095913,300.92174471972885,1191.041205511437,60.7
3815000,7630.000000636936,-1532864.145844929,300.192991185003,1195.635390085956,60.7
3820000,7640.000000638974,-1535014.866154966,301.9678406262351,1195.7061858520567,60.7
3825000,7650.000000641011,-1531343.3412839752,299.4740235383936,1195.201962016739,60.7
3830000,7660.000000643048,-1530936.6044160435,300.4546937929206,1194.4085858160163,60.7
3835000,7670.0000006450855,-1532149.0772912754,299.00983071224164,1193.7421867656697,60.7
3840000,7680.000000647123,-1534240.724395752,302.2318421412023,1192.4326023331944,60.7
3845000,7690.00000064916,-1531693.3277850589,299.18479617850375,1193.460151706637,60.7
3850000,7700.000000651197,-1532279.9394043395,299.89649430822647,1192.284582708122,60.7
3855000,7710.000000653235,-1535170.985506108,301.1342382902602,1190.3246661855248,60.7
3860000,7720.000000655272,-1531272.659167612,300.9391418541583,1195.5745160662598,60.7
3865000,7730.000000657309,-1531396.2415925944,301.9342268772125,1192.5054541783463,60.7
3870000,7740.000000659346,-1532943.8102974659,300.09174607588574,1194.2065176936446,60.7
3875000,7750.000000661384,-1533488.3017690554,299.0625813091367,1190.777039927638,60.7
3880000,7760.000000663421,-1536220.587688554,300.22396429754974,1189.854974025489,60.7
3885000,7770.000000665458,-1534656.035530177,299.57411919398606,1190.2744088999698,60.7
3890000,7780.000000667495,-1533315.7556401314,300.9439571324379,1190.5837976486446,60.7
3895000,7790.000000669533,-1533880.1156485546,299.63724593891584,1192.1061140549168,60.7
3900000,7800.00000067157,-1531947.2327862112,299.7028579887641,1191.930821667174,60.7
3905000,7810.000000673607,-1532821.981109879,300.97396718932873,1194.7335274177356,60.8
3910000,7820.0000006756445,-1531996.534515893,300.5320489085087,1193.9735591800638,60.8
3915000,7830.000000677682,-1532736.1462729406,300.1332817343361,1196.70181542482,60.8
3920000,7840.000000679719,-1533991.431529452,300.917426502433,1192.6878556073182,60.8
3925000,7850.000000681756,-1534983.8806003612,299.3959228313299,1194.7003448327941,60.8
3930000,7860.000000683794,-1533987.0542553551,299.898016557489,1191.9136011470985,60.8
3935000,7870.000000685831,-1532553.261082963,299.90106105601416,1194.6591341712071,60.8
3940000,7880.000000687868,-1533913.348138325,299.1735501737475,1194.2763574558016,60.8
3945000,7890.000000689905,-1531440.8856840162,299.0039902456832,1194.048128377287,60.8
3950000,7900.000000691943,-1535083.7984228078,300.9693693752295,1190.6864550638802,60.8
3955000,7910.00000069398,-1532835.2128820894,301.1192021955033,1192.0836558436897,60.8
3960000,7920.000000696017,-1533134.870367663,299.30399761565707,1193.279023682663,60.8
3965000,7930.0000006980545,-1534421.5976354042,300.66156436107383,1191.8532912941841,60.8
3970000,7940.000000700092,-1533077.0711576762,299.58890675825114,1194.4443463110536,60.8
3975000,7950.000000702129,-1533521.065200504,300.3713428792165,1195.635785054876,60.8
3980000,7960.000000704166,-1531811.273063099,301.00671108162993,1192.6297051569586,60.8
3985000,7970.0000007062035,-1531384.395257323,298.31121149965253,1193.0031546686405,60.8
3990000,7980.000000708241,-1534316.11325935,299.3337280757446,1192.3415183315296,60.8
3995000,7990.000000710278,-1532901.5402840963,299.4738371405248,1193.9580013116254,60.8
4000000,8000.000000712315,-1533798.8806379354,299.6918605144998,1192.6190185474265,60.8
4005000,8010.000000714353,-1532674.9663439412,298.42730630565774,1191.728930792369,60.8
4010000,8020.00000071639,-1532554.7790312562,300.6933762640306,1192.0526505826488,60.8
4015000,8030.000000718427,-1533444.344156336,300.28566199215135,1191.0134612955721,60.8
4020000,8040.000000720464,-1532687.8509750701,300.53922522646087,1193.1198213304197,60.8
4025000,8050.000000722502,-1533530.1459517274,301.4286537241675,1193.2774685558304,60.8
4030000,8060.000000724539,-1533389.130196048,300.55687089138223,1193.0701360275411,60.8
4035000,8070.000000726576,-1533217.9958530609,301.28913491930547,1192.5047897602583,60.8
4040000,8080.0000007286135,-1534299.3518634746,301.25406105364317,1192.5516138214796,60.8
4045000,8090.000000730651,-1532925.9258424044,299.4694257242944,1196.3426917358315,60.8
4050000,8100.000000732688,-1532499.2179172337,298.7901918900696,1192.4969628335368,60.8
4055000,8110.000000734725,-1531951.1806773217,300.0394925399744,1193.86278163707,60.8
4060000,8120.000000736763,-1532827.5950856926,300.4290330196371,1192.3053761166848,60.8
4065000,8130.0000007388,-1531662.5940350508,299.62388742497893,1194.171918258225,60.8
4070000,8140.000000740837,-1533768.2001837716,302.38257588450904,1192.0418063789336,60.8
4075000,8150.000000742874,-1533870.2263566023,300.8226742524153,1192.6845188865152,60.8
4080000,8160.000000744912,-1534922.2116583148,301.2001920695348,1192.973281567922,60.8
4085000,8170.000000746949,-1533922.3273208411,300.23381231828927,1193.8117766736132,60.8
4090000,8180.000000748986,-1533029.68020863,300.7698925892088,1192.9050350983944,60.9
4095000,8190.000000751023,-1534183.4943844192,300.3471111562612,1192.9389114099245,60.9
4100000,8200.00000075306,-1533199.9837985588,301.9795526256636,1192.1035289762594,60.9
4105000,8210.000000755097,-1534023.379909548,299.9305740519213,1189.345264258869,60.9
4110000,8220.000000757134,-1532751.0832700273,299.39492870936255,1192.5252714370197,60.9
4115000,8230.000000759172,-1531467.2348891953,299.42841819313924,1192.722188157005,60.9
4120000,8240.000000761209,-1532045.8104391582,299.30850223082183,1194.5951656433122,60.9
4125000,8250.000000763246,-1534863.974684692,300.17748909557383,1191.4928417492856,60.9
4130000,8260.000000765283,-1531578.9769935645,300.0645319870282,1193.737105592652,60.9
4135000,8270.00000076732,-1532323.4772833483,302.10975153708125,1195.894576157484,60.9
4140000,8280.000000769358,-1533900.7074603941,300.7737758781439,1193.4850484225142,60.9
4145000,8290.000000771395,-1532311.5844405089,300.3386300532268,1192.5567680633612,60.9
4150000,8300.000000773432,-1533777.873755307,299.5804877878397,1193.0443127234153,60.9
4155000,8310.00000077547,-1533424.1956579965,300.1159777988411,1193.8238073916789,60.9
4160000,8320.000000777507,-1533027.7089705085,300.22682239820597,1190.9846637386831,60.9
4165000,8330.000000779544,-1533460.2051834343,300.70583385493455,1194.414821486344,60.9
4170000,8340.000000781582,-1532502.9766308963,300.81105545192133,1189.9583447633295,60.9
4175000,8350.000000783619,-1532753.1930306405,299.22791621883965,1195.2570099968536,60.9
4180000,8360.000000785656,-1534316.015592442,299.8879510725691,1192.2130325069381,60.9
4185000,8370.000000787693,-1535203.353378865,297.54051844442705,1191.8110192375018,60.9
4190000,8380.00000078973,-1531507.0936752176,301.3078679051286,1194.4420456053613,60.9
4195000,8390.000000791768,-1530927.5081551773,299.4331713387959,1193.1172369110448,60.9
4200000,8400.000000793805,-1531993.535623476,300.8043451286414,1196.1795642462027,60.9
4205000,8410.000000795842,-1532656.937429728,300.51083061776706,1195.1440674708595,60.9
4210000,8420.00000079788,-1533354.2788221836,300.6588305256635,1191.5756407706392,60.9
4215000,8430.000000799917,-1533346.439379979,301.21976384576794,1192.6622568986113,60.9
4220000,8440.000000801954,-1532935.8149736058,300.9215893881714,1194.0591842964343,60.9
4225000,8450.000000803991,-1534604.031494718,302.04277256952776,1189.8479302534527,60.9
4230000,8460.000000806029,-1533796.6772109512,300.3796065180705,1191.477123416881,60.9
4235000,8470.000000808066,-1533425.6567760324,300.2398702490281,1191.7053559486797,60.9
4240000,8480.000000810103,-1534365.6901645586,299.8397982897732,1191.829141469193,60.9
4245000,8490.00000081214,-1532091.6926464504,299.31956183770916,1193.6374861426984,60.9
4250000,8500.000000814178,-1531349.2811634587,299.66685213375746,1195.3729559693768,60.9
4255000,8510.000000816215,-1534952.0053436495,299.9617956949599,1190.5255537723747,60.9
4260000,8520.000000818252,-1533258.0547183072,301.51427247860966,1189.7824686917963,60.9
4265000,8530.00000082029,-1533433.324519666,300.922272847024,1191.67923204225,60.9
4270000,8540.000000822327,-1535069.753240155,300.36192978683766,1195.3344849852347,60.9
4275000,8550.000000824364,-1532628.7294532442,298.5576294823213,1196.4630414609865,60.9
4280000,8560.000000826401,-1533301.808775573,300.21073004885875,1191.342328441717,60.9
4285000,8570.000000828439,-1533419.4180652648,300.9715440170332,1195.5118927921924,60.9
4290000,8580.000000830476,-1533052.6132168686,299.9249510495432,1194.6908373860954,60.9
4295000,8590.000000832513,-1532350.35645884,300.90767168062786,1197.7924553154899,60.9
4300000,8600.00000083455,-1533912.330629495,300.75936110961663,1193.3828329722187,60.9
4305000,8610.000000836588,-1534788.584134454,300.5393494917068,1191.0928054418991,60.9
4310000,8620.000000838625,-1536260.644405865,300.42291295627524,1195.076161578329,60.9
4315000,8630.000000840662,-1532177.1144723063,299.9138603763444,1195.6145887337163,60.9
4320000,8640.0000008427,-1531954.1083687795,298.52970086829976,1193.927817175143,60.9
4325000,8650.000000844737,-1531320.0389732672,299.95890652799216,1193.1429166462867,60.9
4330000,8660.000000846774,-1533988.2182868188,300.09134221383647,1193.3381525648601,60.9
4335000,8670.000000848811,-1531768.5208518188,300.5639540103999,1194.9853944483696,60.9
4340000,8680.000000850849,-1530107.2762823217,300.71040060272225,1193.6073297418147,60.9
4345000,8690.000000852886,-1530110.9345452003,301.4099828709673,1194.444940845049,60.9
4350000,8700.000000854923,-1532463.5241182186,299.86058165215417,1193.4441284829165,60.9
4355000,8710.00000085696,-1533610.0659437245,299.7712038740228,1192.1625646393225,60.9
4360000,8720.000000858998,-1533618.7644420508,298.51966644969133,1193.2418880612286,60.9
4365000,8730.000000861035,-1531348.5817703307,301.22370926732606,1193.7768934963665,60.9
4370000,8740.000000863072,-1534000.572466001,298.4278965655759,1191.0994827513507,60.9
4375000,8750.00000086511,-1532134.0219621528,301.49864612393463,1191.2799665876476,60.9
4380000,8760.000000867147,-1534295.2482137773,300.073044156374,1193.1444012362806,61
4385000,8770.000000869184,-1534314.3704886697,299.23826130056284,1192.0554427099098,61
4390000,8780.000000871221,-1533234.0265308777,301.80371730267996,1193.3937224550534,61
4395000,8790.000000873259,-1533451.096522986,301.43930946900554,1192.492745521343,61
4400000,8800.000000875296,-1531956.7054748097,299.6856472522035,1196.3736016873254,61
4405000,8810.000000877333,-1531929.8173709204,299.64227868137584,1193.627763901825,61
4410000,8820.00000087937,-1531747.1934181182,300.7332964742839,1193.4701570624968,61
4415000,8830.000000881408,-1533904.6723393807,300.7295063842832,1191.9852775153795,61
4420000,8840.000000883445,-1532356.0166709917,300.4485115969358,1193.8310242662237,61
4425000,8850.000000885482,-1533709.069091102,298.8385932033573,1190.2206449769383,61
4430000,8860.00000088752,-1533674.9617478112,300.4409314169344,1192.1483633740186,61
4435000,8870.000000889557,-1533279.737108115,299.8713927285496,1195.1216011849876,61
4440000,8880.000000891594,-1533376.3343071612,300.6620303557461,1191.5159131563016,61
4445000,8890.000000893631,-1531733.6441058116,298.5178024710025,1193.0216252964715,61
4450000,8900.000000895669,-1531310.208289723,299.86241456453155,1194.8765288439915,61
4455000,8910.000000897706,-1533352.63395496,299.1519590872681,1194.4442997988808,61
4460000,8920.000000899743,-1530598.585497871,300.4212353754553,1196.3912076197225,61
4465000,8930.00000090178,-1533844.0313359816,300.0285261320215,1193.6553664865467,61
4470000,8940.000000903818,-1530344.9450521395,300.35441173945924,1194.0706056843724,61
4475000,8950.000000905855,-1533043.4628592469,300.4926878918621,1191.5396873215136,61
4480000,8960.000000907892,-1533037.149782014,300.1024639533468,1192.5855686751484,61
4485000,8970.00000090993,-1532830.8060522443,300.4456534962795,1192.5161138803865,61
4490000,8980.000000911967,-1535112.874323818,301.18167654789204,1190.230269896933,61
4495000,8990.000000914004,-1533933.6431981483,300.5519002815452,1196.70966005094,61
4500000,9000.000000916041,-1532135.4686897164,300.4294679479978,1193.8531767937486,61
4505000,9010.000000918079,-1533000.7739031669,299.99062523201445,1192.9916113689644,61
4510000,9020.000000920116,-1534597.0048082713,301.02460527704307,1193.0555626022922,61.1
4515000,9030.000000922153,-1532384.1409294652,300.1625772660629,1192.7112517766225,61.1
4520000,9040.00000092419,-1533140.233267014,299.6548916038372,1191.552323021125,61.1
4525000,9050.000000926228,-1531866.236074414,300.1946376995114,1193.3414750243503,61.1
4530000,9060.000000928265,-1531322.744878429,299.3874106619841,1190.1120284343683,61.1
4535000,9070.000000930302,-1532299.3302781237,301.29798881807756,1193.2901636053343,61.1
4540000,9080.00000093234,-1532400.2527219132,299.2772495214718,1191.7901905913484,61.1
4545000,9090.000000934377,-1533513.2591440277,299.9576638755329,1192.7184042599263,61.1
4550000,9100.000000936414,-1529887.9538779538,300.78387242937526,1193.5319835300252,61.1
4555000,9110.000000938451,-1536281.3735789657,300.2815612390358,1188.8241422711835,61.1
4560000,9120.000000940488,-1530428.4343982218,300.13234974499164,1192.9165731434284,61.1
4565000,9130.000000942526,-1532680.04048697,299.9821751952916,1193.2744181024202,61.1
4570000,9140.000000944563,-1532276.4156697076,301.0077052035973,1191.8974607207015,61.1
4575000,9150.0000009466,-1531051.830341624,300.03352780817,1194.8133870103252,61.1
4580000,9160.000000948638,-1530807.874593895,299.60195460907323,1194.4225406825387,61.1
4585000,9170.000000950675,-1534119.166749591,300.4859775685821,1195.2060502583945,61.1
4590000,9180.000000952712,-1533322.7812601775,299.33559205443345,1193.15631753703,61.1
4595000,9190.00000095475,-1534004.2674390087,299.49154493806907,1191.4484822428005,61.1
4600000,9200.000000956787,-1531829.3643729957,298.6973657513638,1193.8768088904803,61.1
4605000,9210.000000958824,-1531889.2919445336,299.9064665942119,1196.955054431651,61.1
4610000,9220.000000960861,-1532311.261796968,302.1286087881503,1194.0516189076868,61.1
4615000,9230.000000962898,-1532069.965007808,301.4863127982766,1192.9764167533963,61.1
4620000,9240.000000964936,-1532288.1301393323,298.52314587657725,1193.5288573945306,61.1
4625000,9250.000000966973,-1533378.8975752024,300.5639540103999,1191.4184946706446,61.1
4630000,9260.00000096901,-1532736.7642054707,300.3720263380691,1193.73617391431,61.1
4635000,9270.000000971047,-1532987.2543977797,300.1604026242592,1192.956856850869,61.1
4640000,9280.000000973085,-1532048.087697938,301.1889149984671,1192.9901899361473,61.1
4645000,9290.000000975122,-1534203.9773257142,300.13927753245196,1192.1495883432256,61.1
4650000,9300.00000097716,-1534588.3808502415,300.35174003667186,1191.2836899396998,61.1
4655000,9310.000000979197,-1532966.8207568228,301.4918736680317,1191.4620738023718,61.1
4660000,9320.000000981234,-1530218.3666264983,301.2933910039784,1195.8886507683676,61.1
4665000,9330.000000983271,-1532427.380258388,301.27195524905636,1191.5428169774218,61.1
4670000,9340.000000985308,-1534124.2238096995,300.24077117206105,1193.8841262555886,61.1
4675000,9350.000000987346,-1533190.2898237277,300.0866822671143,1194.3954685599244,61.1
4680000,9360.000000989383,-1533408.7192771463,300.0481911071891,1192.3749292758732,61.1
4685000,9370.00000099142,-1534978.6788455583,300.51257033121004,1193.7348627819358,61.1
4690000,9380.000000993457,-1532071.62796468,300.3591648851159,1195.9236319571173,61.1
4695000,9390.000000995495,-1531120.7979141874,300.99571360736553,1193.8285832003094,61.1
4700000,9400.000000997532,-1534773.0916224308,299.02390375134263,1190.0060008318153,61.1
4705000,9410.00000099957,-1533675.4545331048,300.4831505342373,1190.0357838776235,61.1
4710000,9420.000001001607,-1533994.2187945247,300.6495416985306,1192.1363065734124,61.1
4715000,9430.000001003644,-1533917.3373544943,300.50520761538894,1194.705891041705,61.1
4720000,9440.000001005681,-1531986.6601536293,301.4144874861321,1195.00884728402,61.1
4725000,9450.000001007718,-1532695.5113468347,300.74761804387674,1195.1618594280023,61.1
4730000,9460.000001009756,-1532284.5449770112,299.45948450462043,1191.7057334671613,61.1
4735000,9470.000001011793,-1532686.865809952,301.2152281642917,1193.8082032167833,61.1
4740000,9480.00000101383,-1533709.918459612,300.69073562755466,1193.6302792393399,61.1
4745000,9490.000001015867,-1533330.2163814437,300.4378869184092,1192.829902009354,61.2
4750000,9500.000001017905,-1532121.1585041545,299.7665749936121,1193.4072755814527,61.2
4755000,9510.000001019942,-1532097.67939696,299.5565356616877,1193.8116963994157,61.2
4760000,9520.00000102198,-1534599.2268686723,300.50542507956936,1188.9510269926852,61.2
4765000,9530.000001024016,-1532909.3726399904,299.50589757397336,1193.34942942701,61.2
4770000,9540.000001026054,-1534925.8478354383,300.84355081373064,1190.859779709488,61.2
4775000,9550.000001028091,-1533604.161828328,300.97104695604946,1192.5191119056099,61.2
4780000,9560.000001030128,-1532845.2612684797,300.884371947017,1193.512034312657,61.2
4785000,9570.000001032166,-1532872.434017375,300.8392325964348,1190.8196481564917,61.2
4790000,9580.000001034203,-1532111.5674143992,299.8481861938732,1192.5070317200996,61.2
4795000,9590.00000103624,-1531307.4294460844,299.34286157132004,1192.817380032082,61.2
4800000,9600.000001038277,-1533242.0501837851,299.7682215081206,1193.2619247073012,61.2
4805000,9610.000001040315,-1535105.493931408,299.5960209435803,1191.5153878167782,61.2
4810000,9620.000001042352,-1532916.5492411405,299.1140271209496,1192.3417550307784,61.2
4815000,9630.00000104439,-1533304.975936315,300.2737635948541,1191.868598600424,61.2
4820000,9640.000001046426,-1533024.959980364,301.53664022287614,1194.8456847646846,61.2
4825000,9650.000001048464,-1534099.447496525,300.8973576652161,1191.4812628959723,61.2
4830000,9660.000001050501,-1532282.8977452237,300.1243967692524,1191.9769367359077,61.2
4835000,9670.000001052538,-1534932.0938896993,301.3024002343079,1194.0497770198583,61.2
4840000,9680.000001054575,-1534377.0708531635,301.0388957803244,1193.915362841094,61.2
4845000,9690.000001056613,-1534214.149128357,301.4242733742486,1194.224392980984,61.2
4850000,9700.00000105865,-1532196.0137202851,299.98667981045634,1193.141980413757,61.2
4855000,9710.000001060687,-1531918.3292954331,299.31651733918403,1194.9713486825672,61.2
4860000,9720.000001062725,-1534454.0148796784,298.8128081648279,1192.9479053534803,61.2
4865000,9730.000001064762,-1533813.4899185728,299.80040620681507,1188.9938164008936,61.2
4870000,9740.000001066799,-1533660.3832095265,299.5997178346466,1192.091202034765,61.2
4875000,9750.000001068836,-1530479.7167666769,300.36264431200175,1191.5597578195013,61.2
4880000,9760.000001070874,-1531373.033634008,299.5299739653713,1192.3027767962374,61.2
4885000,9770.00000107291,-1533804.7186866282,301.69377362634805,1194.7905059170569,61.2
4890000,9780.000001074948,-1532321.4536267342,299.30154337705005,1193.5259205281652,61.2
4895000,9790.000001076985,-1533454.7755838707,299.52444416192765,1190.5199791848222,61.2
4900000,9800.000001079023,-1532519.8715604693,300.8852728700499,1193.065386482249,61.2
4905000,9810.00000108106,-1532882.2759611653,300.5068541298975,1194.8830584255106,61.2
4910000,9820.000001083097,-1532286.5488711884,302.03783302600226,1191.1991854124421,61.2
4915000,9830.000001085134,-1535460.6634087814,300.2286242442719,1191.1315229990917,61.2
4920000,9840.000001087172,-1534601.6917241756,299.40480779641354,1193.0898002376102,61.2
4925000,9850.000001089209,-1532677.9152036533,300.30976944986077,1192.7452479928409,61.2
4930000,9860.000001091246,-1534104.8002545713,299.64979672875427,1191.4105375887414,61.2
4935000,9870.000001093284,-1532702.0567267295,299.9261315693795,1191.4910156393746,61.2
4940000,9880.00000109532,-1536661.8410709128,299.8653347978108,1188.8400784721741,61.2
4945000,9890.000001097358,-1536281.4464882463,300.1494672826178,1189.5616024718709,61.2
4950000,9900.000001099395,-1534945.6617377223,301.57693322886723,1189.3475983910407,61.2
4955000,9910.000001101433,-1533338.9851121372,300.8890318937391,1190.4825559937476,61.2
4960000,9920.00000110347,-1533381.9205590785,300.4626157023483,1192.2607270822432,61.2
4965000,9930.000001105507,-1532714.4483044138,301.26627011405526,1192.165070376919,61.2
4970000,9940.000001107544,-1532871.9790826207,299.1953897907188,1193.7746274382694,61.2
4975000,9950.000001109582,-1532048.5865201354,300.20867967230095,1195.0228257876945,61.2
4980000,9960.000001111619,-1532271.2937234696,300.6953334416539,1194.415636583357,61.2
4985000,9970.000001113656,-1533177.680392027,301.42644801605235,1191.2759797858973,61.2
4990000,9980.000001115694,-1535731.0130870556,300.2811884432981,1191.772756696309,61.2
4995000,9990.00000111773,-1533258.0391368866,300.4219188343079,1194.4640243851188,61.2
5000000,10000.000001119768,-1532235.2251417153,300.0570139396498,1191.1875603414294,61.2
5005000,10010.000001121805,-1534203.742690701,299.4547002926524,1192.2239089322563,61.2
5010000,10020.000001123843,-1532727.4572718432,300.7215844748555,1194.1994155481405,61.2
5015000,10030.00000112588,-1532179.5983343236,300.8348211802044,1193.6754159887862,61.2
5020000,10040.000001127917,-1533057.279251678,302.024257047885,1192.0647906777342,61.2
5025000,10050.000001129954,-1533739.4850361813,298.8246133631908,1193.07572197953,61.2
5030000,10060.000001131992,-1531340.3639242128,301.2418830595426,1196.232251666253,61.2
5035000,10070.000001134029,-1531975.2067343593,302.10819822150717,1193.736608914257,61.2
5040000,10080.000001136066,-1532847.5170156863,300.363886964461,1194.9138171156633,61.2
5045000,10090.000001138103,-1532867.854137321,300.57600773925463,1192.76208842016,61.2
5050000,10100.00000114014,-1530209.3997403877,301.5340927853347,1194.5078388250313,61.2
