
CPPTRAJ: Trajectory Analysis. V7.6.2 (AmberTools)
    ___  ___  ___  ___
     | \/ | \/ | \/ | 
    _|_/\_|_/\_|_/\_|_

| Date/time: 09/26/26 09:58:33
| Available memory: 6.066 GB

INPUT: Reading input from 'strip_traj.cpptraj'
  [parm complex.prmtop]
	Reading 'complex.prmtop' as Amber Topology
	Radius Set: modified Bondi radii (mbondi)
  [trajin production.dcd]
	Reading 'production.dcd' as Charmm DCD
	NAMD unit cell detected.
  [autoimage]
    AUTOIMAGE: To box center based on center of mass, anchor is first molecule.
	Auto-imaging using molecule distances.
  [strip :WAT,Na+,Cl- outprefix stripped]
    STRIP: Stripping atoms in mask [:WAT,Na+,Cl-]
	Writing 'stripped' topology file with prefix 'stripped'
  [trajout production_full_stripped.nc netcdf]
	Writing 'production_full_stripped.nc' as Amber NetCDF
  [run]
---------- RUN BEGIN -------------------------------------------------

PARAMETER FILES (1 total):
 0: complex.prmtop, 118869 atoms, 37365 res, box: Truncated octahedron, 36853 mol, 36850 solvent

INPUT TRAJECTORIES (1 total):
 0: 'production.dcd' is a CHARMM DCD file (coords) Little Endian 32 bit, Parm complex.prmtop (Truncated octahedron box) (reading 1000 of 1000)
  Coordinate processing will occur on 1000 frames.

OUTPUT TRAJECTORIES (1 total):
  'production_full_stripped.nc' (1000 frames) is a NetCDF (NetCDF3) AMBER trajectory

BEGIN TRAJECTORY PROCESSING:
Warning: CHARMM version is >= 22 but an option other than 'shape' was specified.
.....................................................
ACTION SETUP FOR PARM 'complex.prmtop' (2 actions):
  0: [autoimage]
	Original box is truncated octahedron, turning on 'familiar'.
	Using first molecule as anchor.
	2 molecules are fixed to anchor: 2 3
	36850 molecules are mobile.
  1: [strip :WAT,Na+,Cl- outprefix stripped]
	Stripping 110550 atoms.
	Stripped topology: 8319 atoms, 515 res, box: Truncated octahedron, 3 mol
	Writing topology 0 (complex.prmtop) to 'stripped.complex.prmtop' with format Amber Topology
	Memory used by full exclusion list: 182.380 kB
Warning: Setting NetCDF variable compression requires compiling with HDF5 support.
Warning: Setting NetCDF variable compression requires compiling with HDF5 support.
Warning: Setting NetCDF frame chunk size requires compiling with HDF5 support.
Warning: Setting NetCDF variable compression requires compiling with HDF5 support.
Warning: Setting NetCDF frame chunk size requires compiling with HDF5 support.
Warning: Setting NetCDF variable compression requires compiling with HDF5 support.
Warning: Setting NetCDF frame chunk size requires compiling with HDF5 support.
.....................................................
ACTIVE OUTPUT TRAJECTORIES (1):
  production_full_stripped.nc (coordinates, time, box)
----- production.dcd (1-1000, 1) -----
 0% 10% 20% 30% 40% 50% 60% 70% 80% 90% 100% Complete.

Read 1000 frames and processed 1000 frames.
TIME: Avg. throughput= 18.1320 frames / second.

ACTION OUTPUT:
TIME: Analyses took 0.0000 seconds.

RUN TIMING:
TIME:		Init               : 0.0015 s (  0.00%)
TIME:		Trajectory Process : 55.1511 s ( 99.99%)
TIME:		Action Post        : 0.0000 s (  0.00%)
TIME:		Analysis           : 0.0000 s (  0.00%)
TIME:		Data File Write    : 0.0000 s (  0.00%)
TIME:		Other              : 0.0021 s (  0.00%)
TIME:	Run Total 55.1547 s
---------- RUN END ---------------------------------------------------
  [quit]
TIME: Total execution time: 56.8398 seconds.
--------------------------------------------------------------------------------
To cite CPPTRAJ use:
Daniel R. Roe and Thomas E. Cheatham, III, "PTRAJ and CPPTRAJ: Software for
  Processing and Analysis of Molecular Dynamics Trajectory Data". J. Chem.
  Theory Comput., 2013, 9 (7), pp 3084-3095.

