restrained 53 heavy atoms of residue FAD at k=10.0 kcal/mol/A^2
System 06_md/system_MAOA_p2: 118869 atoms, 5000000 production steps
Minimizing...
Heating / equilibration (100 ps)...
#"Step","Potential Energy (kJ/mole)","Temperature (K)","Box Volume (nm^3)","Speed (ns/day)"
5000,-1526170.9297178248,300.36804216481477,1203.525923967349,--
10000,-1531292.7201199532,301.0011906278858,1194.2858455399737,63.1
15000,-1530309.429781205,301.1963927600517,1193.369855530591,63
20000,-1530969.1344550354,302.08107915051585,1191.390567541065,63.8
25000,-1531073.2365897372,299.778489466059,1193.6014924273234,64
30000,-1530603.0981187616,299.99025363841025,1196.5550160632433,64.2
35000,-1531041.8842156874,299.2489702788194,1196.808333310045,64.4
40000,-1532341.3374629142,301.7070504868926,1195.742398712057,64.4
45000,-1532898.6559995096,301.5494469825397,1191.3799129971146,64.3
50000,-1531539.9066588068,300.6572719397591,1193.4369457734572,64.2
Production run...
55000,-1533264.0087812021,301.5766049996541,1191.3967555232953,64
60000,-1531107.8263577418,299.1932248752687,1195.6608117788735,62.5
65000,-1531733.188610633,300.53114563373214,1192.5036649068948,62.6
70000,-1533197.953839791,299.39053998817116,1193.705531403272,62.4
75000,-1535010.80513928,301.27621992935036,1188.8134903563255,62.4
80000,-1532238.5013451278,301.55852037040853,1193.8202494655177,62.2
85000,-1532061.1727789184,300.4355332554013,1193.7910014728968,62.2
90000,-1530590.4900897648,300.9759902252773,1193.5801866479344,62.3
95000,-1531868.515276404,300.25363047257747,1194.5759230288168,62.3
100000,-1533086.0359051283,299.8593109792337,1192.5628398571748,62.4
105000,-1532749.2191505982,299.19449887835987,1190.9468659877791,62.3
110000,-1533326.0413554525,300.14854075417804,1193.886069710027,62.3
115000,-1530501.3439938445,299.73085417974727,1196.0331156963864,62.2
120000,-1534362.6400789153,300.756084862441,1190.983485349455,62.1
125000,-1533543.0853356356,300.03543413827805,1194.2837090524101,62.2
130000,-1531710.6463648435,300.95973891755324,1198.4562546980565,62.2
135000,-1533645.975363682,300.8663948861896,1191.3350488399478,62.1
140000,-1530870.034926679,299.51641770822914,1192.9471009208687,62
145000,-1531582.1097917035,300.33985873057816,1193.212362110236,61.9
150000,-1533133.1709652748,299.53055603521665,1190.2545250627993,62
155000,-1531412.8273380948,299.2925971163808,1192.2992245346668,61.9
160000,-1531321.4342417289,300.3444264977587,1194.3232466620766,61.8
165000,-1531318.0131021803,299.89694068029274,1195.7932817123449,61.6
170000,-1532106.2944845986,300.7256330812371,1193.2921271718094,61.6
175000,-1532086.9633449772,301.3563578311103,1193.1229739738737,61.5
180000,-1532390.6660346305,298.9414072886605,1195.2768171247258,61.6
185000,-1531151.0088645369,300.0593605377954,1193.7360128584412,61.6
190000,-1534022.900231746,300.0588633658573,1193.3146631732193,61.6
195000,-1531393.5971695865,298.4965937703614,1194.7380297327672,61.4
200000,-1532467.8638912486,301.2790475947479,1192.132710146835,61.4
205000,-1532257.6605576845,301.0119419710456,1192.6799294487696,61.5
210000,-1531867.240771221,299.24561436823774,1193.5654273663754,61.5
215000,-1533443.2062146803,301.4089959100484,1191.9502425658306,61.6
220000,-1533303.5682627764,299.99702760606584,1190.5389127310675,61.6
225000,-1530646.8007065356,300.1196426352805,1196.8730229571563,61.6
230000,-1531020.64782927,300.78280785410965,1193.4834963957683,61.7
235000,-1532678.4920370588,300.468905921741,1191.6183951573587,61.6
240000,-1532373.8654738003,301.7287085394427,1192.4602275296825,61.5
245000,-1530300.2020916482,300.47101890247757,1195.9278804984892,61.4
250000,-1533644.5047563678,299.3989608378714,1193.2287690501887,61.4
255000,-1532536.0641659163,300.52253834455513,1192.5303941849277,61.3
260000,-1530116.3679517303,300.3271497729125,1194.67238289109,61.3
265000,-1533691.9332537698,300.0121913501755,1191.5861732329226,61.4
270000,-1532460.026862476,301.1964859797901,1193.556123433344,61.3
275000,-1530972.0937258033,300.197201457612,1195.0910268035807,61.3
280000,-1530343.7134183468,301.07365343785256,1192.8826425347688,61.4
285000,-1530677.744532046,299.7378767333718,1193.1705713234796,61.4
290000,-1533288.4118395727,300.5821057573794,1192.8126411206629,61.5
295000,-1531783.5919320248,299.8851017735186,1194.0101177046595,61.6
300000,-1532155.4585651373,302.14698550554994,1194.4991883833775,61.6
305000,-1529572.8956468664,300.5470240625027,1194.7365553653906,61.7
310000,-1533246.9103806792,301.0259249318024,1193.7379743465713,61.7
315000,-1531995.2490168829,300.79225412093206,1192.9856430301015,61.8
320000,-1530331.8286912898,301.70099120389796,1193.2172200722675,61.8
325000,-1533096.4979014453,299.9633442072648,1192.233635874954,61.9
330000,-1532678.0238643354,301.5445995561439,1192.615918916029,61.9
335000,-1533410.774080826,300.1170324826059,1194.5977842528953,62
340000,-1531889.1429899363,300.33432769276766,1194.1218941715247,62
345000,-1533731.6064645639,300.60422990862133,1191.5092989199757,62.1
350000,-1532940.343464559,300.5432641997214,1191.9093666633466,62.1
355000,-1535262.4873618996,299.5079347120366,1192.4058699735226,62.1
360000,-1532140.9743527705,301.0257384923257,1194.5211766196562,62.2
365000,-1531903.5981154805,300.9182561339745,1193.5669658109096,62.2
370000,-1532789.8971447907,299.854960724776,1191.7938568444822,62.3
375000,-1531744.9079486588,301.12452034176147,1193.3598396583322,62.3
380000,-1531749.250005602,299.56442587349443,1190.9396333121722,62.3
385000,-1532999.9736882998,299.6862019250637,1191.9791810434515,62.4
390000,-1534477.646605024,300.84949104029687,1191.4580256973156,62.4
395000,-1531024.2889474966,300.11554096679185,1193.976859366637,62.4
400000,-1531074.7060290426,300.03282398560344,1196.2607967902402,62.4
405000,-1531480.8028520597,300.2982205807688,1192.3993101826302,62.4
410000,-1532113.6752548143,302.18806433692896,1192.7934742133825,62.4
415000,-1533188.1709717726,300.04832953542046,1194.1517387036115,62.4
420000,-1532478.9946278967,299.00504529672736,1196.4031686890057,62.4
425000,-1531461.5596535252,300.3338305208296,1194.4454547533344,62.4
430000,-1532087.6339332387,299.81555984868777,1195.2145016007948,62.4
435000,-1532159.7696841853,298.58049153490265,1192.6702144038832,62.5
440000,-1532168.287647293,300.80754215802625,1193.1784800643466,62.5
445000,-1530644.1442104066,300.8924342664435,1191.897804492561,62.5
450000,-1531927.4768320667,299.06147431169285,1192.8110325418265,62.6
455000,-1533528.8768717125,300.41297407871355,1190.9101672764518,62.6
460000,-1531228.0483074477,300.93077865216344,1194.3885365837973,62.6
465000,-1531458.4666708764,300.4119797348375,1193.7279526471075,62.6
470000,-1531673.5616640914,298.6825671484278,1195.0483094754063,62.6
475000,-1533774.7214603992,300.48245385705206,1191.5096402857303,62.6
480000,-1532911.3587884381,300.87319992709126,1194.2885967552372,62.6
485000,-1532665.8041370772,300.8944229541956,1193.483487361985,62.6
490000,-1533117.8802932892,302.15615211315713,1190.6301075766003,62.6
495000,-1533535.8215811038,300.346943430695,1192.8560000212017,62.6
500000,-1531686.9843345974,299.46362426306047,1194.9563855130746,62.6
505000,-1532448.4773556143,298.9691867706975,1193.2232863570446,62.6
510000,-1532287.39303404,300.23939892585156,1192.627800792987,62.6
515000,-1533919.8710655924,297.8613012533076,1192.779982415041,62.6
520000,-1531238.0416880734,299.98226781415576,1195.178758476729,62.6
525000,-1531896.9922491172,300.11569633302247,1194.407092430505,62.6
530000,-1533238.5053042388,300.4429908344716,1193.568040141306,62.6
535000,-1533024.366857225,299.18856388834973,1191.6269427157326,62.6
540000,-1533930.177294095,301.0630885341696,1189.960971263219,62.5
545000,-1533397.8476640303,300.6878480139474,1194.2121005647841,62.5
550000,-1530560.5120287742,299.8982768298762,1196.092574286586,62.5
555000,-1533453.666722862,299.76975788389746,1190.698563849528,62.5
560000,-1531772.7780516297,299.0134661464276,1191.9390453317606,62.5
565000,-1529547.3969238214,299.7641336263486,1193.9819657091705,62.5
570000,-1532611.9207285345,300.8328357803731,1190.0833723740343,62.5
575000,-1531599.4411071436,299.99423101391443,1193.940843455689,62.6
580000,-1533391.5517184585,300.0854620645415,1193.9039967166011,62.6
585000,-1533071.4847945431,300.9838517565473,1192.9427303434322,62.6
590000,-1532201.75920369,300.98873025618917,1193.2671271217603,62.6
595000,-1532937.0683506196,301.0383853034991,1192.3091555493208,62.6
600000,-1532555.0943159154,299.4324888704418,1193.9193267537767,62.6
605000,-1532278.7341203298,299.2126145808515,1190.409871923358,62.6
610000,-1531940.4776535947,300.31701989467524,1193.7335639606079,62.6
615000,-1532365.0068296473,301.8181062685483,1191.9508773583789,62.6
620000,-1532003.2213607216,299.8042802603439,1193.6588260717201,62.6
625000,-1533022.389208288,299.24256919011736,1192.0824763027747,62.6
630000,-1530531.3256713077,299.1054740282078,1193.9918880263772,62.6
635000,-1533355.7935585827,300.31835604425873,1189.5219225534422,62.6
640000,-1530146.2862738306,300.2661840640125,1193.8172311259743,62.7
645000,-1532784.0927016065,299.1501262828914,1192.13723215802,62.7
650000,-1533314.4846885419,299.9678809011993,1193.2904842664052,62.7
655000,-1532910.3741171611,300.0067224588572,1192.111626188624,62.7
660000,-1532378.158489909,299.7146650185154,1193.397595776467,62.7
665000,-1531450.668876958,301.32199082089454,1193.1164973697032,62.7
670000,-1533433.5740299337,299.9035282084715,1193.5695092073713,62.7
675000,-1532581.508033582,300.1666253834236,1193.371056279226,62.7
680000,-1532561.7736343816,299.97512096754673,1192.1565283681216,62.7
685000,-1533770.597910407,301.24064106253576,1192.13154751084,62.7
690000,-1533068.1052163178,300.84296565861035,1191.866136041516,62.8
695000,-1534447.3982453216,300.75916111380747,1191.2387971569406,62.8
700000,-1531921.702880064,299.945446017496,1193.4553600081285,62.8
705000,-1534240.0663163504,301.16081389323705,1192.8543827001681,62.8
710000,-1532252.4241919918,300.5060695241081,1192.4010997804119,62.8
715000,-1531311.262919953,299.21286316682057,1195.0069848689661,62.8
720000,-1530611.0471975412,300.5577754056624,1192.190618461807,62.8
725000,-1532232.4072722895,299.6849589952186,1191.8908981768132,62.9
730000,-1532485.7084140535,299.39367838602993,1192.913915919187,62.9
735000,-1532105.1695301263,299.5587083962071,1195.2468806994718,62.9
740000,-1532064.2465942083,299.38177733276353,1193.8271002172573,62.9
745000,-1533870.8187696692,300.6385036990988,1194.5858950219128,62.9
750000,-1534342.6611890318,301.0101086495241,1192.058343569292,62.9
755000,-1533897.4710837202,299.58027322901887,1192.3535710069696,62.9
760000,-1531252.1677542832,299.067657887672,1194.708625038137,63
765000,-1532420.6587420553,299.8624804503386,1196.3602219360673,63
770000,-1534365.6891284836,299.94041215162355,1197.2639455570843,63
775000,-1531931.8777862824,301.8069509731889,1194.7956338206436,63
780000,-1532472.0003854865,300.58642493859094,1191.2034357608038,63
785000,-1530992.7024746435,301.5956218262835,1193.2430377503895,63
790000,-1531409.577661856,300.2480994347669,1193.6470942860062,63
795000,-1531126.8176520243,299.8610510810168,1192.2422518476287,63
800000,-1531437.8794035306,299.8269948032623,1192.0913130921963,63.1
805000,-1535854.6356046535,300.71662183986047,1191.5169286764458,63.1
810000,-1532587.8752150573,300.93618539698946,1193.058652209735,63.1
815000,-1532403.0091715492,299.1811684557716,1194.8753945701603,63.1
820000,-1532601.6958135497,299.8693787109787,1192.9732127851742,63.1
825000,-1531644.8262911802,300.66771255045757,1194.8783421627056,63.1
830000,-1531348.299521572,299.1309540900314,1193.1119554367951,63.1
835000,-1531924.3445251444,299.2693543282783,1191.6352901679654,63.1
840000,-1531353.4538495596,301.6614971080714,1193.4368964338175,63.1
845000,-1534274.1641820334,300.8867789356485,1191.3421425411889,63.1
850000,-1532869.5584674105,300.74816118467874,1193.2667539651793,63.1
855000,-1531947.570000384,300.98994211278807,1192.1066649195468,63.1
860000,-1534202.6997505762,298.96604837283877,1192.10592430571,63.1
865000,-1534981.0714288661,299.5758297548228,1191.960292208251,63.1
870000,-1532806.2754308777,300.7000597996751,1192.810763460571,63.1
875000,-1531551.4025543574,298.88970140710626,1194.1252866747575,63.1
880000,-1531585.3200949933,300.8433074643177,1193.8693586493819,63.2
885000,-1536264.5405339412,299.30247840864905,1191.9176165338329,63.2
890000,-1532172.010214516,300.71867267410477,1193.6271072891366,63.2
895000,-1529972.903921524,301.11728027541403,1195.375463625408,63.2
900000,-1532289.447824289,299.2058095399498,1193.226678949712,63.2
905000,-1533201.6276477883,300.1535435468044,1192.2450790718372,63.2
910000,-1531546.9254494747,301.2588499847658,1192.7178414638754,63.2
915000,-1531699.1628339877,300.1847410859153,1193.5568507362116,63.2
920000,-1532499.9166159797,300.18573542979135,1194.9363971423481,63.2
925000,-1532177.3748944812,299.6272249039158,1193.8436865938982,63.3
930000,-1533129.425897304,301.85421338054715,1190.208831716972,63.3
935000,-1530171.4657832962,298.913752099608,1191.4071013902983,63.3
940000,-1532056.4187148167,298.29135497969673,1192.3787998842745,63.3
945000,-1533552.1459338656,300.12051268617205,1192.1934956427888,63.3
950000,-1530154.3502044445,299.80362772217524,1195.0251341171268,63.3
955000,-1531795.2049751543,299.3509526726062,1191.605912937804,63.3
960000,-1531571.6749129537,301.4721367461772,1192.5569972226726,63.3
965000,-1531120.7439477406,299.9841632821695,1195.8612479191129,63.3
970000,-1532602.6739191217,300.9078465965222,1192.3633648263478,63.3
975000,-1530746.4086107202,299.646707829237,1193.6124598179897,63.3
980000,-1533639.5321853869,302.0189948047554,1193.9180472010894,63.3
985000,-1532353.8234104002,300.3342655462754,1190.8504139767956,63.3
990000,-1533243.1204085303,300.4805583890384,1192.2279330323227,63.3
995000,-1532116.2611345267,301.0907437232221,1193.7503149218855,63.3
1000000,-1532092.3587701917,300.5547923740343,1193.7399360958718,63.3
1005000,-1533918.8194551822,300.4378637488607,1192.5076285861073,63.3
1010000,-1533169.5171807408,300.62436537211124,1189.5611895818936,63.3
1015000,-1533256.2231555097,299.8401698596199,1193.7354885802142,63.3
1020000,-1530786.8322651386,298.74036338622284,1189.2612850660516,63.3
1025000,-1532511.6825872269,300.33268081072293,1193.060672996094,63.3
1030000,-1534881.2549084648,301.1754493921626,1190.9571058868369,63.3
1035000,-1533614.597057498,301.7122086457496,1194.423703440723,63.3
1040000,-1531423.625667668,301.136452468274,1191.9384427378877,63.3
1045000,-1532992.1918911412,299.4066980761569,1192.2143492585392,63.3
1050000,-1532107.2833934994,301.09897813344554,1195.347818577597,63.3
1055000,-1531188.6007616725,298.98807930434236,1192.0702002393384,63.3
1060000,-1531602.0322724422,300.66808542941106,1193.3538421975024,63.3
1065000,-1530567.5681059659,300.3674517731384,1195.2946161128962,63.3
1070000,-1533350.5562605625,300.58909723775787,1193.595487138387,63.3
1075000,-1532187.5977706034,300.0253974797792,1193.502307437642,63.3
1080000,-1531889.143683183,299.1031435347483,1195.4125877398271,63.3
1085000,-1532234.5904182596,301.10497526994794,1192.5531151532996,63.3
1090000,-1532167.7738595102,300.1289024626262,1191.461324810113,63.3
1095000,-1533242.4193271287,299.49413819075653,1189.6552250905233,63.4
1100000,-1532505.4565376816,299.42322904309617,1191.628793787009,63.4
1105000,-1532280.0910752537,301.7868465829452,1192.6261558509766,63.4
1110000,-1533315.4187268391,300.85887516062706,1191.570181355524,63.4
1115000,-1533358.5488141188,299.7795770296735,1193.8250428906254,63.4
1120000,-1534648.0491085527,299.1001294298741,1189.3791816849496,63.4
1125000,-1531659.138433868,300.6920739754206,1193.7035430204085,63.4
1130000,-1531343.2842835775,300.41729325992503,1192.2096878302802,63.3
1135000,-1531777.0307596782,300.0043608921517,1193.1917585860172,63.3
1140000,-1532807.499305481,301.0173176426254,1194.0820419155243,63.3
1145000,-1531870.414686651,299.32926354680995,1192.223464760461,63.3
1150000,-1532189.6489170007,301.59239020868625,1194.444934155726,63.3
1155000,-1532470.1630750615,301.0141170982744,1193.2015985939217,63.3
1160000,-1530551.3680334594,298.1995956838855,1195.5035790320867,63.3
1165000,-1532967.038902768,299.3484978861622,1195.0469794462917,63.3
1170000,-1533005.4735657126,301.5009727185825,1193.1360195878503,63.3
1175000,-1532341.450448716,301.09416178029596,1195.5163816456027,63.4
1180000,-1531724.6481148647,300.3440536188052,1197.2249375618305,63.4
1185000,-1532378.7132329084,299.8807515190609,1193.3109232802356,63.4
1190000,-1534602.4771655286,300.1018376652501,1195.149691691792,63.3
1195000,-1532601.8994944002,301.22355077716617,1193.1414873546942,63.3
1200000,-1533140.465717391,300.565046545256,1194.951958697301,63.3
1205000,-1532353.7978505855,301.14903713295513,1191.0963260539454,63.3
1210000,-1534156.6064585587,300.1714728098193,1192.2764063610987,63.3
1215000,-1534975.6201908048,299.70481479949336,1191.1665427321539,63.3
1220000,-1531577.3185809515,298.88935960139884,1193.6375229032146,63.3
1225000,-1531554.9435887327,301.61936178632396,1194.5480072700962,63.3
1230000,-1531443.9732463853,300.23473793893265,1191.7795631976558,63.3
1235000,-1531514.2393704066,299.4818331852905,1196.9686181173474,63.3
1240000,-1532269.3262159843,299.6583602965344,1191.128391967791,63.3
1245000,-1532320.0234212792,300.10317381483355,1191.2728269533493,63.3
1250000,-1532328.0799111389,300.3871522111825,1195.584288250072,63.3
1255000,-1533899.894904119,301.1370428599503,1192.1083852238448,63.3
1260000,-1531690.1861066865,301.16152857789797,1191.0213073336527,63.3
1265000,-1531314.5556528252,300.7296415299874,1194.103780579972,63.3
1270000,-1532082.3586840462,299.9542708193959,1190.4062959585297,63.3
1275000,-1533917.9735899316,300.1964556997049,1193.459448729154,63.3
1280000,-1532468.5061172666,300.8491803078356,1191.971690478707,63.3
1285000,-1528333.667339583,299.7225265497854,1192.298590703635,63.3
1290000,-1532599.4783208845,301.2093813769326,1191.932184149149,63.3
1295000,-1531694.4830373246,300.6271308910165,1192.1957503207652,63.3
1300000,-1532893.5043099215,300.1093263175665,1191.7966360707737,63.3
1305000,-1533610.7497175792,299.91592643367596,1193.062389946277,63.3
1310000,-1530843.4764326522,298.9613563126737,1195.4510585717294,63.3
1315000,-1533492.1290003518,300.74639000964953,1191.2065216837264,63.3
1320000,-1532455.0106432913,300.2752574518814,1192.4253934913118,63.3
1325000,-1532594.452284623,298.5874208687888,1192.1055292167773,63.3
1330000,-1531663.2816152852,301.07284553345323,1194.6638822135537,63.3
1335000,-1532112.674390044,299.59500194768276,1193.7846420475346,63.3
1340000,-1532088.314498866,298.76466266469373,1193.9459822706558,63.3
1345000,-1533868.7252504341,301.4545803621158,1193.5568637949762,63.3
1350000,-1531724.263696175,298.8152499093874,1193.328670886832,63.3
1355000,-1532718.8329424253,300.0480498762053,1193.3337197504109,63.3
1360000,-1531536.3591170423,301.93891904948765,1196.0994077141106,63.3
1365000,-1534293.565512049,300.7141359801704,1192.1207636041736,63.3
1370000,-1534130.5442027152,300.4377083826301,1190.5948959506281,63.3
1375000,-1533353.3087825049,299.9028756703029,1192.9897295865896,63.3
1380000,-1531726.148668019,298.94414173431966,1194.9575669688506,63.3
1385000,-1534389.5231105099,302.4766105004585,1189.27167638644,63.3
1390000,-1531804.7585457647,300.39283861522364,1193.629810489523,63.3
1395000,-1535315.9459496262,300.749683773739,1193.2074463919819,63.3
1400000,-1531040.6562170312,299.78572953240644,1192.5916090159653,63.3
1405000,-1534462.9306983203,300.4010730254471,1192.824331551411,63.3
1410000,-1533518.4169009812,300.0493860257888,1192.3863945968956,63.3
1415000,-1531192.5887602437,300.96359200007294,1193.7821509476887,63.3
1420000,-1532764.475000644,299.3571051753392,1195.6534275666631,63.3
1425000,-1530396.1557405787,301.8862188240573,1192.166383926675,63.3
1430000,-1533098.449077922,299.0581184011112,1191.7017687054195,63.3
1435000,-1533219.9499576157,299.752419012559,1193.9761148745783,63.3
1440000,-1531860.956722688,299.49159018457414,1195.0953559821983,63.3
1445000,-1533949.8382317303,301.3797249121974,1190.301386013173,63.3
1450000,-1530669.9379906785,300.6568990608056,1195.2231713906413,63.3
1455000,-1531844.1915765638,301.21279943400646,1192.05726006116,63.2
1460000,-1533370.6772266915,301.2155960261578,1192.6980553665621,63.2
1465000,-1533846.6676250966,300.5002277538364,1191.6604156121734,63.2
1470000,-1531858.5373673672,300.7848276151079,1192.2884001432587,63.2
1475000,-1535478.462722836,301.1031108751804,1191.2518686585279,63.2
1480000,-1534724.3336202726,299.79955712693265,1191.9291662801031,63.2
1485000,-1531124.6409150166,300.19661106593554,1192.4891665788862,63.2
1490000,-1533087.7042249627,300.1343713539444,1192.1990249600801,63.2
1495000,-1536431.6596019687,300.2044725972055,1190.3437264039915,63.2
1500000,-1533060.538072532,299.24430929190044,1192.0897179164729,63.2
1505000,-1531826.906323418,301.9361224573363,1191.5368222587529,63.2
1510000,-1531712.3821646105,300.93534641934406,1196.5202170419088,63.2
1515000,-1531468.1839722376,299.96123122652824,1192.6811522693827,63.2
1520000,-1530263.1492350614,300.0601062957023,1192.4537418506377,63.2
1525000,-1531583.3351369845,302.0568730917834,1191.528440129348,63.2
1530000,-1532301.7608801574,299.4170143938709,1192.3607679991853,63.2
1535000,-1533611.1819732348,299.78212503585576,1194.854446356523,63.2
1540000,-1534102.7292077886,301.7081069772609,1190.756898199119,63.2
1545000,-1530675.6246016892,299.9403500051313,1191.4164345865295,63.2
1550000,-1535275.5360596282,300.5350297894979,1191.3523608630076,63.2
1555000,-1532248.9052767977,300.10814553421375,1194.9442927977052,63.2
1560000,-1532194.7909621987,300.3766805272379,1193.206028862253,63.2
1565000,-1530776.5418476947,298.6966744021692,1195.5498274308732,63.2
1570000,-1531005.4081908166,300.21043866046176,1194.7015589337539,63.2
1575000,-1533424.092678615,299.79427467509123,1192.9002724912264,63.1
1580000,-1530369.143673962,299.13306707076805,1193.9898054597656,63.1
1585000,-1531683.0385847557,300.34473723022,1192.165160800179,63.1
1590000,-1530313.9396906346,299.50259011370287,1192.2963232361988,63.1
1595000,-1530940.4430448748,301.3566374903255,1192.2958001019747,63.1
1600000,-1530433.8794122245,300.2809749291687,1191.5556171623682,63.1
1605000,-1534091.224615342,300.120015514234,1193.3079245082395,63.1
1610000,-1532127.7024119627,300.7642881994184,1193.339466123309,63.1
1615000,-1532516.2032502666,299.9707085665968,1191.6098327862958,63.1
1620000,-1533713.265590826,300.8795388693011,1192.3831867842457,63.1
1625000,-1532922.3244293276,299.3535628252808,1192.364260118108,63.1
1630000,-1532496.699479404,301.6523305004641,1194.498164734272,63.1
1635000,-1531993.9208323592,299.0795589409384,1193.2467602100137,63
1640000,-1531092.0508585358,300.34467508372774,1193.0397638280451,63
1645000,-1531006.9392082375,300.2206928316835,1192.796174080195,63.1
1650000,-1531638.958970815,300.78035306766566,1191.9656438696602,63.1
1655000,-1532350.5446700659,300.60761689244913,1195.6314729780358,63.1
1660000,-1532536.564729305,301.0007866756862,1192.5680943813313,63.1
1665000,-1533261.3709406722,299.387059784605,1191.6372604332025,63.1
1670000,-1532090.227020639,301.10907693843666,1192.8280764371045,63.1
1675000,-1533232.245673214,301.3071999557384,1193.8125853860856,63.1
1680000,-1533197.730814715,300.6480121124134,1194.287839565794,63.1
1685000,-1530081.202656297,300.9527163639287,1191.3677812844335,63.1
1690000,-1530241.376289133,298.19027371004756,1194.6857573165762,63.1
1695000,-1533029.2096857186,300.4576263333971,1193.7095028605138,63.1
1700000,-1534435.197304611,299.0609771397548,1193.8250346046275,63.1
1705000,-1532080.28842319,301.0406847237125,1193.3357928548533,63.1
1710000,-1531191.728330874,301.2058390268742,1194.4532924198934,63.1
1715000,-1532594.2512737904,300.37425681404005,1193.9069984438515,63.1
1720000,-1531609.7409497583,300.7656554222479,1193.3480922719439,63.1
1725000,-1531295.985410911,301.0347497337023,1194.350695091165,63.1
1730000,-1530767.273520207,301.00131492087036,1196.7962640037522,63.1
1735000,-1533506.9775683861,300.08375303600457,1194.618521610272,63.1
1740000,-1531128.0951699233,299.7136706746394,1193.7127492285933,63.1
1745000,-1531565.195340518,300.0886315356464,1194.5073734101795,63.1
1750000,-1533010.0975537952,299.66134332816256,1194.7489807124275,63.1
1755000,-1531847.392266198,299.84663309481414,1195.3723918015146,63.1
1760000,-1530956.3691250319,299.8420964008797,1192.023491459807,63.1
1765000,-1532787.1487798318,301.528627907635,1192.373379083263,63.1
1770000,-1533648.1398363616,300.40865489750195,1191.8485650318316,63.1
1775000,-1531880.9936476108,301.2787368622866,1191.133947906944,63.1
1780000,-1533251.37647166,299.4215510878053,1193.3574338722171,63.1
1785000,-1531900.5014494285,300.80269473163054,1194.2577157201572,63.1
1790000,-1533816.3166477475,298.86384846632905,1193.1190417616867,63.1
1795000,-1530792.537144403,299.24343924100896,1195.3876469701675,63.1
1800000,-1535274.1310016317,299.55165476933644,1189.610229066237,63.1
1805000,-1531126.8896015398,299.1657871989391,1195.577377800262,63.1
1810000,-1531730.4569913652,301.09714481192407,1191.1420859652474,63.1
1815000,-1531508.9532089839,300.36114390417475,1194.6308981301752,63.2
1820000,-1532832.3657150054,300.84178487525753,1192.7966705701556,63.2
1825000,-1530971.3138407385,299.97005602842813,1194.908439089513,63.2
1830000,-1532621.583343234,300.12759738628887,1194.7157263841461,63.2
1835000,-1533996.7127735782,301.8173915838874,1190.9089571997727,63.2
1840000,-1532187.3616210232,301.1685200582764,1192.3377434727402,63.2
1845000,-1535414.60118258,300.5961508646285,1191.553929748201,63.2
1850000,-1536101.234613889,301.50059983962893,1191.8057925663377,63.2
1855000,-1529795.2760576615,300.81092914185405,1194.0766349996766,63.2
1860000,-1535066.8204387166,300.08235473992886,1192.2588743093165,63.2
1865000,-1533583.6598662278,299.9135027204781,1192.456958465391,63.2
1870000,-1530523.9995806525,300.0422391791797,1194.3105765221724,63.2
1875000,-1533245.7469355492,301.25303928774014,1193.745206285165,63.2
1880000,-1533654.2645325372,301.5072805875462,1191.8400896685096,63.2
1885000,-1532876.1475193314,302.26916550931884,1193.7338780855375,63.2
1890000,-1530993.4527943665,299.6940323830875,1192.4478240032847,63.2
1895000,-1531233.6386479381,300.62883991955346,1193.4629556724142,63.2
1900000,-1532110.153921905,301.15313880144384,1192.2422000134766,63.2
1905000,-1532091.987093429,299.99019149191804,1192.5789892469318,63.2
1910000,-1533043.4710482303,300.68772372096294,1191.647224040137,63.2
1915000,-1531949.3627338698,300.5384478465718,1193.146008570753,63.2
1920000,-1532682.3135384964,299.4845054844574,1192.8414009433727,63.2
1925000,-1535171.4266108926,301.8292304906616,1191.1054688593251,63.2
1930000,-1535525.9172015619,299.70055776477403,1191.3806017499326,63.2
1935000,-1534585.444606116,299.77876912527415,1190.9664897267598,63.2
1940000,-1532723.4589303816,300.1236200107847,1191.0590953902038,63.2
1945000,-1530976.196485795,300.6064361090963,1193.3501567907238,63.2
1950000,-1531166.9732518373,300.06116278607067,1195.2421341230024,63.2
1955000,-1532926.9374942034,299.0785024505701,1194.6725034651668,63.2
1960000,-1530927.1916500796,299.7676449031609,1193.094639174177,63.2
1965000,-1532808.942642942,298.75273053818114,1193.3885973031038,63.2
1970000,-1535341.6819824213,298.99578546938164,1191.9722862954507,63.2
1975000,-1530853.2245327458,300.5521822213597,1193.6949685306688,63.2
1980000,-1534111.0911018988,300.7947089073761,1193.2738603575829,63.2
1985000,-1532809.6142084487,298.624833057125,1194.8185614254605,63.2
1990000,-1531855.099194182,299.2340240474326,1195.156278830895,63.2
1995000,-1532254.9787931396,300.13297305786875,1194.3945253588215,63.2
2000000,-1533175.2966926815,300.2847658651961,1193.7178851366114,63.2
2005000,-1531834.073685741,300.5547923740343,1192.909336174161,63.2
2010000,-1532213.5890110377,300.0735299380289,1192.8825500065918,63.2
2015000,-1531631.7464485476,299.40800315249425,1195.144221298915,63.2
2020000,-1531383.6750695165,299.8989915145371,1194.3185690642674,63.2
2025000,-1534681.4702636832,300.4673522594347,1192.5438263451774,63.2
2030000,-1534741.3471196322,300.2443084987395,1193.3388282673113,63.2
2035000,-1531787.2656615963,299.38556826879096,1191.0332434123595,63.2
2040000,-1531824.7050269712,299.9151185292767,1193.6577156232627,63.2
2045000,-1533113.9196708137,300.679116431786,1189.9221052010812,63.2
2050000,-1533967.2676380463,300.97480944192455,1193.8531283438929,63.2
2055000,-1531512.6220176723,300.3151554999077,1193.0689117076731,63.2
2060000,-1533286.1339762807,299.62731812365416,1191.2775087040347,63.2
2065000,-1533457.5366051644,300.99382626855385,1193.5301806893556,63.2
2070000,-1533685.6359460428,300.3489631916932,1192.019651335764,63.2
2075000,-1530183.9262138177,300.7746045171323,1195.5544842698123,63.2
2080000,-1533275.4460773729,301.65553104481506,1192.4695912457394,63.2
2085000,-1531983.7550779441,299.5137764823084,1194.6093216837157,63.2
2090000,-1533551.7481520139,300.26932246187124,1194.6972587455352,63.2
2095000,-1529814.2897611978,300.3377146765954,1192.6256294306331,63.2
2100000,-1532777.478351079,300.2634496183534,1192.8290882958318,63.2
2105000,-1533866.3473489005,300.1116257377799,1193.7001952075502,63.2
2110000,-1533294.4206791744,300.3262797220209,1192.2773564332758,63.2
2115000,-1533800.4517698241,299.92061849384106,1194.2214816874105,63.2
2120000,-1533422.6066980483,300.5537669569121,1193.5106796961118,63.2
2125000,-1534309.2046174603,300.65901204154216,1189.5793927366908,63.2
2130000,-1533175.0222111838,300.27864443570917,1191.1951731885126,63.2
2135000,-1532958.0829247236,300.8365645699083,1191.4290084380514,63.2
2140000,-1532447.77034109,300.1016512257733,1191.9499890548975,63.2
2145000,-1532272.8062418308,300.43444569178683,1194.0768017255791,63.2
2150000,-1531869.8408643734,300.6164106211029,1192.7042180747972,63.2
2155000,-1532304.9086322738,300.8587508676425,1194.3724926003365,63.2
2160000,-1532756.9309379337,299.7731137944791,1194.4717167742124,63.2
2165000,-1535747.9574029427,300.62010833739197,1192.3264598069325,63.2
2170000,-1532567.3453272907,299.46496041264385,1193.7542519944686,63.2
2175000,-1531466.6402720101,302.1078953619229,1195.4192467332282,63.2
2180000,-1532526.0785402823,300.63291051479604,1192.1991317267673,63.2
2185000,-1533989.3516367925,299.0325761927953,1195.154671742182,63.3
2190000,-1530857.0925710732,300.03664599487695,1194.6531144263272,63.3
2195000,-1530952.7604988413,302.4945086902273,1194.8800816087673,63.3
2200000,-1531833.0976127554,300.71307948980206,1195.4822810638132,63.3
2205000,-1531912.4325572634,300.32441532725335,1192.627728897594,63.3
2210000,-1531330.6736483658,299.9634063537571,1197.485116728309,63.3
2215000,-1530729.5490522142,300.68735084200944,1193.1925622117922,63.3
2220000,-1530612.926208838,301.76574784882536,1195.810590479667,63.3
2225000,-1532019.6435549185,298.78249870797026,1194.4836830445015,63.3
2230000,-1532481.9547699392,299.9736605249788,1190.4727391846156,63.3
2235000,-1534882.405303237,300.92465722267656,1192.568589953611,63.3
2240000,-1533825.8993728226,299.3938958987528,1193.490580512304,63.3
2245000,-1532062.4436496794,299.50488953391624,1193.332291034017,63.3
2250000,-1530534.7324625952,300.4027820539841,1195.3521284990802,63.3
2255000,-1533041.2673165407,300.1635802053032,1193.9973493220366,63.3
2260000,-1530775.3218160467,300.2819381997986,1195.7938756749593,63.3
2265000,-1532481.418534506,299.4092460823393,1191.9134958306477,63.3
2270000,-1533163.9567388333,300.1228121063854,1193.2228457477268,63.3
2275000,-1531673.560552775,299.5467141232024,1192.5687460590195,63.3
2280000,-1532244.8494819226,300.9982075962577,1190.847573170656,63.3
2285000,-1533464.3683017418,300.4237875683655,1190.3258575346551,63.3
2290000,-1534160.9842352942,298.5750226435844,1191.3190697681778,63.3
2295000,-1531284.994201989,299.83920658898995,1194.4764888116617,63.3
2300000,-1533094.184635737,300.6357071069474,1192.746891341416,63.3
2305000,-1532710.4921510238,300.0918320799974,1192.883035528126,63.3
2310000,-1532947.875106858,300.52632928058256,1193.3246911659382,63.3
2315000,-1532106.2889842968,301.5644242871726,1192.3929427843254,63.3
2320000,-1533796.0504896091,298.56262441838,1190.3691899152536,63.3
2325000,-1532495.2844831143,300.47070817001634,1193.3974405879012,63.3
2330000,-1533439.7017345838,299.66003825182526,1191.8912742117311,63.3
2335000,-1533937.5283757187,298.52278851684594,1191.4654884452837,63.3
2340000,-1532529.9640352782,299.56277899144965,1191.785868161919,63.3
2345000,-1532553.7189018913,300.9474960585795,1193.101364044339,63.3
2350000,-1531798.8977239728,300.61877218780853,1191.9337871503153,63.3
2355000,-1533458.839420395,298.5756130352608,1192.0597885501134,63.3
2360000,-1534323.0313936174,300.80608171545833,1190.6928793893292,63.3
2365000,-1530913.3223330304,299.4190341548691,1190.9867332613521,63.3
2370000,-1532733.4660914969,301.9536477681516,1189.1617308714704,63.3
2375000,-1534255.220082556,300.2477887023057,1191.8214492129184,63.3
2380000,-1535420.000892247,301.0339729025492,1194.939105098444,63.3
2385000,-1531912.6133721713,301.00190531254674,1191.5824551113658,63.3
2390000,-1533873.6672530947,300.9295978688107,1190.1361139517326,63.3
2395000,-1534093.8286245763,301.5777857830069,1193.2160101574905,63.3
2400000,-1533127.5096482672,300.61025811836987,1193.092560433916,63.3
2405000,-1535266.0689759897,299.41583361051806,1193.2297207958761,63.3
2410000,-1533239.294906565,300.8425927796568,1191.0226126898558,63.3
2415000,-1532774.9104150347,298.61004219196883,1194.6253662503834,63.3
2420000,-1535628.7110120151,299.1235586574533,1189.089799927319,63.3
2425000,-1532196.850904394,299.71842488129676,1190.3589235677794,63.3
2430000,-1531841.699008232,300.05292837584716,1194.709847810475,63.3
2435000,-1533034.5027180389,299.6556879973676,1191.8309732471344,63.3
2440000,-1534908.5477054669,300.3644687415102,1194.106245983659,63.3
2445000,-1531411.200160564,300.00423659916714,1195.0633321907903,63.3
2450000,-1531215.2829909576,300.34538976838866,1192.6376581806592,63.3
2455000,-1533107.439111297,300.2985623864762,1189.5211575896064,63.3
2460000,-1531962.208962366,299.7994017607021,1191.6357186318583,63.3
2465000,-1533711.679332111,299.0465280803061,1193.9158055237879,63.3
2470000,-1532978.2966254903,300.13179227451593,1191.6001548380502,63.3
2475000,-1534554.4838841232,300.5550409600033,1192.9209169277133,63.3
2480000,-1531395.7751239724,300.3817454663565,1192.871789773764,63.3
2485000,-1535089.382265959,300.61187392716846,1192.268726328573,63.3
2490000,-1533092.9779639943,300.2944917912336,1194.8937441686976,63.3
2495000,-1534622.0440609865,300.2743252544976,1192.0839121693266,63.3
2500000,-1533543.583734055,301.7613975943677,1193.6082886598365,63.3
2505000,-1534077.7372509455,300.7480058184481,1191.6057531384524,63.3
2510000,-1531348.694977847,300.0775694600254,1192.9538261801383,63.3
2515000,-1534240.329409699,299.30222982268003,1195.12387527395,63.3
2520000,-1532945.4738988,300.8996432595448,1189.508480688666,63.3
2525000,-1535692.8982069613,300.40713230844176,1191.0357167398327,63.2
2530000,-1533346.8327298407,300.9226996081706,1191.1675095731748,63.2
2535000,-1532678.5683271522,300.21814482550116,1193.342106082772,63.2
2540000,-1533743.6221010135,299.3534385322963,1192.7968932357044,63.2
2545000,-1534098.3045262462,299.24816237442013,1192.7598827232398,63.2
2550000,-1533708.4806016618,301.2607454527795,1191.8429425137833,63.2
2555000,-1532786.4028068027,300.5654194242095,1195.547128800205,63.2
2560000,-1531863.7272526752,300.8959766165019,1195.033381527977,63.2
2565000,-1533101.892739485,300.45719130795135,1193.1181391758805,63.2
2570000,-1532160.119422242,300.2063369919731,1191.911409195227,63.2
2575000,-1532071.2699102797,302.1487566805791,1193.2447075371254,63.2
2580000,-1531441.3546761572,301.54503458158973,1196.1270826574735,63.3
2585000,-1533400.9558681762,299.978880830328,1189.7320444611587,63.3
2590000,-1531142.2034705365,300.56119346273636,1194.3960431473536,63.3
2595000,-1532788.5881432798,300.8774569618106,1191.0584397010175,63.3
2600000,-1532139.0823939797,301.1879719103515,1193.681770863087,63.3
2605000,-1534516.1127838194,299.4188166421462,1189.3305013155632,63.3
2610000,-1532545.0102039436,300.77715252331467,1193.0339126025651,63.3
2615000,-1532179.0141680613,301.00265107045374,1191.9071139317582,63.3
2620000,-1533619.1470447844,300.3049634751782,1190.9969907485743,63.3
2625000,-1535520.6936843134,300.4314937334048,1190.0992285946083,63.3
2630000,-1532471.4526572395,299.3909750136169,1190.8558307636774,63.3
2635000,-1533231.6860480448,300.4486461652666,1193.0869734955038,63.3
2640000,-1532027.4805111066,300.0522447644324,1193.7343386157172,63.3
2645000,-1532091.0080263494,300.8105873361466,1193.0135136396668,63.2
2650000,-1532767.608690003,300.3890476791962,1195.2649881937696,63.2
2655000,-1531852.7360497816,301.42092803656095,1194.2552355306293,63.2
2660000,-1532149.2413549442,301.46160291574034,1194.2116208606956,63.2
2665000,-1529545.803919104,300.300240341767,1195.8812570058376,63.2
2670000,-1532227.4572378667,300.4562901838137,1192.9604505965056,63.2
2675000,-1533909.048477278,299.29697844408463,1193.4843718355849,63.2
2680000,-1532478.5984845394,300.83367475801856,1194.2510893861438,63.2
2685000,-1532618.750539991,300.4563212570598,1192.5854243556696,63.2
2690000,-1532370.770722189,299.9660165064317,1192.5578949070664,63.2
2695000,-1532666.9137891913,300.64322683251,1191.443182158438,63.2
2700000,-1533246.7629386093,300.20428615772875,1192.3677584793054,63.3
2705000,-1532592.459881505,301.8589365139583,1190.804872978048,63.3
2710000,-1533440.31944805,299.69250979402733,1190.669948228284,63.3
2715000,-1533497.7444678852,300.1878173372818,1193.2718699900022,63.3
2720000,-1532960.3409369579,300.8248499561186,1193.9809470331365,63.3
2725000,-1531587.8598672738,301.50898961608306,1193.5968771804394,63.3
2730000,-1534381.5639742538,300.1430718628598,1188.8278681443035,63.3
2735000,-1535035.7195814094,300.7933106113004,1190.935857774287,63.3
2740000,-1534731.7538499553,299.93289242606096,1192.9568322220928,63.3
2745000,-1534063.0373022575,298.11162732410173,1190.6372798851487,63.3
2750000,-1532050.8692369303,299.99218017967013,1193.959414622298,63.3
2755000,-1531698.6720954636,301.2426297502878,1192.4136136298248,63.3
2760000,-1534064.7753452864,299.7127695505017,1191.8566676357125,63.3
2765000,-1533543.0887616202,301.70785839129195,1191.8553072736743,63.3
2770000,-1531144.1524260174,301.54941590929354,1194.2145336606848,63.3
2775000,-1532975.8042736053,300.7547487128576,1191.0734387147688,63.3
2780000,-1532435.4944465961,301.3516968441914,1190.0864850190426,63.3
2785000,-1530273.993620526,300.64397259041704,1193.8373379563352,63.3
2790000,-1531092.0174600435,300.390477048518,1194.394587274167,63.3
2795000,-1533789.821931214,301.04599824880006,1193.6443264325094,63.3
2800000,-1533051.7888549222,301.0462468347691,1194.3777887549925,63.3
2805000,-1534011.3422478763,301.297256516978,1193.166291187597,63.3
2810000,-1532686.4750864636,300.97856930470584,1193.7278583622804,63.3
2815000,-1532848.7056577438,300.037888924722,1191.529137822033,63.3
2820000,-1533102.9889653688,300.3830505426938,1192.6103928107425,63.3
2825000,-1533092.8009443143,301.0250548809109,1191.9123409243664,63.3
2830000,-1534039.2509710686,300.07819092494793,1193.8972718778061,63.3
2835000,-1530887.3610624,299.05653366555873,1194.0694483802588,63.3
2840000,-1534438.7979121571,299.6979165388533,1192.6499596540611,63.3
2845000,-1533443.5403543897,299.8102152503541,1192.925517533645,63.3
2850000,-1532669.446951867,300.9335130978226,1190.75948530475,63.3
2855000,-1531802.3969591502,300.2063369919731,1189.5677250031329,63.3
2860000,-1535161.5119012296,300.4077537733643,1194.415021584173,63.3
2865000,-1534262.26789325,298.3902921953631,1190.6949792793641,63.3
2870000,-1533567.372056731,299.5612253291434,1190.4175775752044,63.3
2875000,-1533529.3206935376,301.76043432373774,1192.626898129396,63.3
2880000,-1533989.6642248267,300.19919014536407,1194.28725703856,63.3
2885000,-1531993.121169311,301.16093818622153,1193.7734193409387,63.3
2890000,-1531075.1014261926,299.8882712446235,1192.7879257266936,63.3
2895000,-1532087.3834411437,299.8547742852993,1193.709208889901,63.3
2900000,-1531579.1081049107,300.18601508900645,1192.977148856007,63.3
2905000,-1530938.9400396673,299.68374713861965,1194.3749133745112,63.3
2910000,-1534126.6716095153,299.53248257647647,1191.7827400298543,63.3
2915000,-1532984.594458324,300.1127754478866,1195.8418012582738,63.4
2920000,-1532189.9173491625,301.1696076218908,1193.0959941025512,63.4
2925000,-1531944.2162344651,298.9718590698644,1197.5841262418498,63.4
2930000,-1533390.6529634213,300.4605161452869,1194.605738565188,63.4
2935000,-1530568.8086703708,301.0679981070575,1196.2373230366316,63.4
2940000,-1532245.8830269445,299.90446040585533,1193.6982816512016,63.4
2945000,-1531179.6515013687,300.51601296286856,1193.5048987999078,63.4
2950000,-1533259.878649081,299.9005451768434,1190.8065718168136,63.4
2955000,-1531543.1910229642,300.7158139354612,1191.6166058306326,63.4
2960000,-1531207.6334998915,299.77348667343267,1194.9929895263301,63.4
2965000,-1532219.5988491643,301.0605094547411,1194.7683537194603,63.4
2970000,-1532819.1610243246,301.57884227337524,1190.7650742305937,63.4
2975000,-1531289.3342778971,300.52632928058256,1195.9390118593785,63.4
2980000,-1534155.6790084094,299.8834238182278,1190.8959768794216,63.4
2985000,-1532348.8864366207,301.6330340146196,1191.5934662836705,63.4
2990000,-1532441.3080093376,300.1314504688085,1193.4792196032686,63.4
2995000,-1531835.4024616424,299.7426620132753,1192.575128425711,63.4
3000000,-1532857.6933014896,300.11827541245094,1195.107252591366,63.4
3005000,-1533077.128647102,301.4818005257225,1194.3759627609436,63.4
3010000,-1534342.8181108935,299.84442689433916,1191.7550420709445,63.4
3015000,-1530318.0993051436,299.71948137166504,1194.2534058926556,63.4
3020000,-1533415.7333480082,301.64415823673284,1195.1805552514907,63.4
3025000,-1532174.4155966379,301.05159143310283,1192.563326831282,63.4
3030000,-1533928.576137675,300.1815405415643,1192.8613867166662,63.4
3035000,-1530972.8145386176,300.12809455822685,1194.2062821632353,63.4
3040000,-1531315.2264110455,300.0292505622989,1191.639085844109,63.4
3045000,-1534196.2828787556,299.7059334363539,1192.6827860122075,63.4
3050000,-1534027.3823612817,301.1391247674408,1191.414009518218,63.4
3055000,-1531987.0839423016,300.43892023922905,1192.2299647907503,63.4
3060000,-1531934.2371733403,299.94920588027736,1190.7921194116636,63.4
3065000,-1532354.341413239,299.6262305600398,1192.9004700419862,63.4
3070000,-1535056.2236916516,300.34964680310793,1192.0924472306856,63.4
3075000,-1532885.4370954754,301.00473297794423,1194.4621926693442,63.4
3080000,-1532511.0480134059,301.31686373528373,1195.535384491526,63.4
3085000,-1534455.7863655183,300.37991214483503,1190.0119954033087,63.4
3090000,-1533016.5614293702,299.65935464041047,1194.681233473588,63.4
3095000,-1533407.4899669122,300.03720531330725,1192.8053237432,63.4
3100000,-1533632.9817070132,299.8690990517635,1192.5188811614698,63.4
3105000,-1535907.8826506492,301.66028525147243,1193.2270965873934,63.4
3110000,-1534291.7185399635,300.249342364612,1190.6175980616879,63.4
3115000,-1537647.989169022,300.2072691893569,1191.5811139876928,63.4
3120000,-1532038.5282127438,299.5127199919401,1195.1857677426526,63.4
3125000,-1531644.3183967685,299.9020677659036,1194.8967113314416,63.4
3130000,-1533219.258396686,300.35965238836064,1193.2245393433293,63.4
3135000,-1533303.1960892444,301.17172060262743,1191.4588360716145,63.4
3140000,-1534035.6999032553,300.7738587592252,1190.3326037388297,63.4
3145000,-1533299.956133536,299.43901425212835,1192.517995509057,63.4
3150000,-1533630.7957014702,300.43491179047874,1192.0032725489893,63.4
3155000,-1533568.5881354064,299.27006901293925,1193.8873062798743,63.4
3160000,-1532767.1878381968,299.31419302243864,1193.4015550506772,63.5
3165000,-1533657.443608326,299.8730764272677,1191.264575274342,63.5
3170000,-1531329.175652855,300.5711369014968,1192.495935559809,63.5
3175000,-1532268.24811472,299.37289038437143,1194.236233516557,63.5
3180000,-1532762.6175662838,299.84318396449413,1193.5736942105445,63.5
3185000,-1533184.225703382,298.95110214145194,1191.387307310183,63.5
3190000,-1532682.7470397782,301.58667273139906,1192.9493569449537,63.5
3195000,-1533230.8773596985,300.36804216481477,1192.0891956766836,63.5
3200000,-1530762.077764783,300.8503610911884,1194.0832117284665,63.5
3205000,-1532849.4577969797,299.5871093431666,1193.6975848091206,63.5
3210000,-1532590.30191404,300.1405860031697,1193.6755440794466,63.5
3215000,-1531476.0081979968,301.0518089458257,1196.0110240099898,63.5
3220000,-1535817.1966389222,300.3896691441187,1190.511661331318,63.5
3225000,-1532042.1066009821,298.35424722985647,1193.8685367504129,63.5
3230000,-1534329.859068471,301.5675626850313,1192.2260465093468,63.5
3235000,-1532406.8138850396,300.3793528264048,1192.5609121008083,63.5
3240000,-1532309.6334036542,298.62390085974124,1194.1038391134682,63.5
3245000,-1531900.6433091927,300.1304561249325,1194.9265858985734,63.5
3250000,-1531489.5798857128,300.78647449715254,1194.00100431365,63.5
3255000,-1532075.5750282705,301.8432134514184,1191.1991129899802,63.5
3260000,-1532625.5232524378,300.86776210901917,1195.5772463212918,63.5
3265000,-1530820.331580772,300.043295669548,1194.9680768901287,63.5
3270000,-1534071.5205966234,299.783896210885,1192.984713242811,63.5
3275000,-1532631.915566763,299.7799188353808,1192.9169462557782,63.5
3280000,-1532932.7366408445,300.83451373566396,1192.4145132595395,63.5
3285000,-1533781.931165059,298.4380207014132,1193.1218990639074,63.5
3290000,-1534094.8419098612,299.37506551160027,1192.6979585003578,63.5
3295000,-1532469.8220005808,301.22031915956904,1193.4196551139573,63.5
3300000,-1532164.5119491005,299.95722277777793,1191.7211870154742,63.5
3305000,-1531200.9041301133,298.7081715032359,1195.1476698160218,63.5
3310000,-1533483.4471731922,300.62138234048314,1192.6888460663556,63.5
3315000,-1531693.6606956096,300.760031164699,1194.0384657089273,63.5
3320000,-1534248.4347409224,300.8269940101014,1193.143303531466,63.5
3325000,-1533001.9109676937,299.8812486909989,1194.3782406270466,63.5
3330000,-1533996.5468405122,300.83457588215623,1190.3466817745332,63.5
3335000,-1532696.0082347263,300.05855263339606,1192.0432143511644,63.5
3340000,-1533274.4698314099,300.3136950573397,1191.6900146170117,63.5
3345000,-1533504.1632200787,300.42329039642743,1191.7390049745811,63.5
3350000,-1531491.333378042,300.210252220985,1193.4483967841256,63.5
3355000,-1532519.8530288339,299.95265501059737,1191.7325586917107,63.5
3360000,-1532976.6753389854,301.13300333795394,1192.2498252029711,63.5
3365000,-1531585.2306069192,299.21597049143315,1194.1155205265088,63.5
3370000,-1531236.810108862,301.4445747768631,1194.4368235905472,63.5
3375000,-1532645.9500313606,300.23013909850596,1195.0229579713698,63.5
3380000,-1533050.5925968168,300.107710508768,1192.6344523688656,63.5
3385000,-1531926.6296507167,300.07166554326136,1193.3398487036511,63.5
3390000,-1531083.7630003188,299.6930691124576,1192.7017387788014,63.5
3395000,-1535011.4968879195,300.6271308910165,1192.7652209287653,63.5
3400000,-1531427.7929918598,300.8719259240001,1190.4408018759582,63.5
3405000,-1533772.415081935,301.17886744923646,1193.3404160380771,63.5
3410000,-1533458.451123788,299.8745368698356,1195.217439751758,63.5
3415000,-1532402.2052485887,300.2740766685286,1193.1022762193893,63.5
3420000,-1530873.8941362398,301.4099281074322,1192.9703031076963,63.5
3425000,-1531354.350091923,299.77261662254114,1192.170188375382,63.5
3430000,-1532853.3382000206,301.1989407662341,1192.3377408994725,63.5
3435000,-1534154.6452479623,300.89955003980646,1190.3022384141584,63.5
3440000,-1531026.3518401338,301.4987665181075,1192.970807998165,63.5
3445000,-1533057.358605734,300.88640605669497,1192.3321211094255,63.5
3450000,-1533818.4194068993,300.6778113554486,1195.290983354256,63.5
3455000,-1533446.2887351532,299.84520372549235,1193.1173004007044,63.5
3460000,-1532573.1790652303,298.4835430069884,1190.9676923761117,63.5
3465000,-1532604.0004989859,299.87674307031057,1191.595170132154,63.5
3470000,-1532926.9376888843,300.5071570877226,1192.256427786237,63.5
3475000,-1533462.1561669419,299.81400618638145,1191.0709553159938,63.6
3480000,-1532338.279278948,299.8976864381998,1192.8735803929862,63.6
3485000,-1533175.631478522,301.17078840524357,1194.011263962718,63.6
3490000,-1534360.5158935413,298.8136962470811,1190.4814563659745,63.6
3495000,-1532721.1765977824,302.23660074737836,1193.9980971467928,63.6
3500000,-1533642.1344541516,299.9062937273768,1191.4830367176112,63.6
3505000,-1533847.0099795768,301.35850188509306,1191.8067095418128,63.6
3510000,-1534885.2918928647,301.1596641831304,1192.251142376413,63.6
3515000,-1531902.4908602983,301.0357440775784,1194.5295995629926,63.6
3520000,-1533686.1926611084,301.7822477425185,1192.2032647141543,63.6
3525000,-1531716.175986086,299.46188416127734,1196.1379628597301,63.6
3530000,-1533411.5780418422,301.8554873836383,1191.7352347352773,63.6
3535000,-1534040.1386160161,301.0047951244365,1193.8305465725653,63.6
3540000,-1534014.6909573479,300.96029823598354,1189.9503529492217,63.6
3545000,-1533047.1214452162,300.1373233123264,1191.112839460975,63.6
3550000,-1532723.2577137984,299.16762052046056,1191.8545452336991,63.6
3555000,-1533128.5167475604,300.58651815832934,1194.4240454254752,63.6
3560000,-1533040.200057568,300.82898269785346,1193.0433048420707,63.6
3565000,-1532844.0840692017,301.22488692674966,1192.6260300060778,63.6
3570000,-1534665.5403122157,300.49277017476606,1193.472218220927,63.6
3575000,-1533304.9556730557,300.5777244296756,1194.5130938346965,63.6
3580000,-1531891.0767114852,300.9669479106546,1194.1811532424042,63.6
3585000,-1534608.109818263,299.652363160032,1188.3424648164848,63.6
3590000,-1534744.7496528942,299.8000853721168,1192.3600820450674,63.6
3595000,-1531186.192114544,299.75981444513707,1189.7669382145918,63.6
3600000,-1532808.659516015,300.57728940422976,1191.1008335798301,63.6
3605000,-1532177.6429143818,299.7489388089928,1193.9007309134477,63.6
3610000,-1531037.6727180742,301.17700305446886,1193.4002554501665,63.6
3615000,-1533639.5363455536,300.79104226433316,1193.279973407813,63.6
3620000,-1535040.2169246292,300.35188407682904,1193.477582222796,63.6
3625000,-1532079.608615321,300.36633313627783,1195.05564208784,63.6
3630000,-1535124.2860625777,301.2794204737014,1191.8269943374958,63.6
3635000,-1532593.8865598282,299.2029197280601,1192.559324517009,63.6
3640000,-1532142.0528956987,299.4946975091868,1193.5471705984464,63.6
3645000,-1533214.3427995788,300.3091894366514,1192.7075739223992,63.6
3650000,-1532586.380081853,300.4676629918959,1189.4139031142686,63.6
3655000,-1532791.362951967,300.7847654686156,1196.2594645715963,63.6
3660000,-1533159.8915352216,299.79343569744583,1191.0100062997708,63.6
3665000,-1531948.6178333852,300.0401572716893,1192.2941272545638,63.6
3670000,-1532373.7883269042,299.15547088122514,1194.522168858147,63.6
3675000,-1531584.1121541,299.99317452354614,1192.5082801278886,63.6
3680000,-1532627.6858178498,299.7734245269404,1194.552893016843,63.6
3685000,-1528959.847407477,301.3327421640543,1191.9793806970677,63.6
3690000,-1534164.7628584923,300.1904274899564,1191.4788561311998,63.6
3695000,-1532507.4596484052,298.9999182111165,1196.2724943648395,63.6
3700000,-1533292.0211316627,301.68004783600884,1193.1151691339696,63.6
3705000,-1532604.2960254485,300.6830005875517,1192.8209633651481,63.6
3710000,-1532812.965391009,299.9789119035741,1191.9074103862401,63.6
3715000,-1531902.9516842207,298.2533834729303,1191.457964693466,63.6
3720000,-1533598.6034532348,302.00634799358187,1192.6534839904755,63.6
3725000,-1532034.853103906,299.4879546147774,1194.0279219163867,63.6
3730000,-1530051.5952927098,300.7064919616233,1193.3098203450195,63.6
3735000,-1532441.3659514142,300.6881587464087,1190.1938646604801,63.6
3740000,-1531856.0870370828,298.8086002347164,1192.5670516468222,63.6
3745000,-1532033.480923823,300.01790882746275,1191.3402655394677,63.6
3750000,-1532859.6142671993,301.81450177199764,1192.0327740981927,63.6
3755000,-1533080.0375100505,301.6195482258007,1192.4809221465773,63.6
3760000,-1534940.6160904923,299.8380258056372,1189.7666119352511,63.6
3765000,-1533621.4865602655,297.82258398863416,1192.9009837515823,63.6
3770000,-1533145.0971997231,299.0174124486856,1191.7748567221938,63.6
3775000,-1535577.4636840876,301.354058410897,1190.002653209142,63.6
3780000,-1533062.5693812836,300.36170322260494,1196.440505197339,63.6
3785000,-1531586.1859314013,300.0527108631243,1192.0544862498264,63.6
3790000,-1531316.1995739946,300.14617918747246,1192.1108241165525,63.6
3795000,-1532960.2853892613,299.60917134791634,1193.338708024221,63.6
3800000,-1531364.6347093163,300.80263258513827,1197.0968332282823,63.6
3805000,-1531975.6343438523,302.4135007375758,1194.5572822315612,63.6
3810000,-1533164.8112813542,300.03148783601995,1190.5460727277368,63.6
3815000,-1532817.649476776,300.30583352606976,1195.3479916772799,63.6
3820000,-1531160.0982414456,300.3733556899024,1192.785983921448,63.6
3825000,-1531810.9239154067,301.8494902471359,1192.1172608236247,63.6
3830000,-1533633.218739192,300.0803039056845,1193.6751122131855,63.6
3835000,-1532212.2176807914,300.6347749095636,1194.1370978602545,63.6
3840000,-1534001.5521674547,300.4512563179412,1193.825740136133,63.6
3845000,-1534751.2093448518,300.07812877845566,1191.916876432565,63.6
3850000,-1534316.9373463485,300.28426869325807,1192.2442976039372,63.6
3855000,-1533439.742090934,299.6710692542001,1189.7421912855466,63.6
3860000,-1531207.125159531,301.27823969034864,1194.5097987826302,63.6
3865000,-1533728.5691467123,300.0466205068835,1193.582483149586,63.6
3870000,-1531931.412725472,298.4733199090128,1196.4994649031923,63.6
3875000,-1531659.546284304,299.64012030105823,1196.7313069086374,63.6
3880000,-1532672.1403005635,300.8228301951204,1193.02945686976,63.6
3885000,-1532594.5607856372,301.7293921508575,1190.8171296036812,63.6
3890000,-1533585.5848691314,300.58365941968566,1189.4936800718033,63.6
3895000,-1533793.2572771357,298.9432716834281,1192.5514598600676,63.6
3900000,-1530893.7052160092,300.3707455372278,1192.569334970763,63.5
3905000,-1534629.9786850521,299.8326501340573,1188.5782767389562,63.5
3910000,-1531784.8830552138,299.8777063409405,1192.9500766505382,63.5
3915000,-1535028.658994169,300.43522252294,1190.7058420017197,63.5
3920000,-1534652.0509702452,300.6619950731703,1191.8368461671216,63.5
3925000,-1533654.8395822477,298.1262628230273,1191.7711741784674,63.5
3930000,-1534093.9004462939,301.077941545818,1189.9396551022012,63.5
3935000,-1532928.9018786596,300.06352435277626,1191.9440990781065,63.5
3940000,-1533972.1745533925,299.0205819197905,1188.6762788650267,63.5
3945000,-1532175.4761087503,300.3745364732552,1193.2173794057333,63.5
3950000,-1532810.9789083982,300.29414998552625,1191.451291277357,63.5
3955000,-1533996.445028713,301.0793087686476,1193.1490178872505,63.5
3960000,-1533638.9772323668,299.9688130985831,1193.4491129683197,63.5
3965000,-1531631.4038055725,299.34194143122954,1193.823285153488,63.5
3970000,-1534801.3546746233,298.0559129937971,1191.423187875525,63.4
3975000,-1534489.3670134237,302.1214122239879,1191.4687181804845,63.4
3980000,-1534124.1849192213,299.89582204343225,1194.112890442499,63.4
3985000,-1533863.0576764299,299.8526923778088,1191.7225831163844,63.4
3990000,-1531819.7143319324,301.7738579660643,1193.4499080289797,63.4
3995000,-1535986.1849298235,300.2321588595041,1189.7231638999808,63.4
4000000,-1534236.5366582712,301.2461721003462,1190.7929287698378,63.4
4005000,-1534766.1164917098,300.1566197981709,1189.152942045142,63.4
4010000,-1532025.88083232,300.53061738854797,1191.5432266794887,63.4
4015000,-1532561.340471251,299.90225420538036,1192.5933345455178,63.4
4020000,-1531144.5969076157,301.39843100636546,1192.078109101897,63.4
4025000,-1533474.2089725276,301.1668110297394,1192.8211374817422,63.4
4030000,-1534411.226317159,298.61902236009934,1192.9806483996203,63.4
4035000,-1534806.0177175505,299.2486906196043,1191.6935087332186,63.4
4040000,-1529199.3905365197,302.1411437352781,1191.7206280538494,63.3
4045000,-1531711.746997864,300.48776738213974,1192.1789546280081,63.3
4050000,-1532817.874308492,299.93397998967544,1193.4078195462907,63.3
4055000,-1533293.1506306995,299.80443562657456,1192.9253768151752,63.3
4060000,-1534044.1745000733,299.6672783181727,1195.0832666924914,63.3
4065000,-1534638.9014710058,299.19754405648024,1190.4227214678288,63.3
4070000,-1534723.014636158,298.20534423441893,1190.956807860008,63.3
4075000,-1532847.4243397713,299.2401144036734,1192.0794351293305,63.3
4080000,-1532464.5524077248,300.1662525044701,1193.181055624663,63.3
4085000,-1532567.5851005828,300.8666434721586,1191.168356675532,63.3
4090000,-1532045.631150974,300.8827394136521,1193.295674785872,63.3
4095000,-1531851.6415609801,301.1103198682817,1192.576829313628,63.3
4100000,-1532425.219905519,301.4745604593751,1192.1283616869891,63.3
4105000,-1533700.3398053823,300.7075795252377,1192.7275502755017,63.3
4110000,-1533245.595573469,299.9228868408083,1192.4608945030927,63.3
4115000,-1533473.3828913514,298.8868426684626,1192.9501022348925,63.3
4120000,-1532354.9508979786,299.5367706844419,1193.7377469039118,63.3
4125000,-1532505.260847954,300.08142254254506,1190.8382688109955,63.3
4130000,-1533796.7348010652,300.25698638315913,1194.819251722081,63.3
4135000,-1534206.922495734,298.9993899659323,1192.358712499875,63.3
4140000,-1535789.5006552748,301.52197823296393,1193.2879899117515,63.3
4145000,-1531400.8599703396,300.05078432186446,1192.941483121859,63.3
4150000,-1532526.467760818,299.46244347970764,1193.5922242993627,63.3
4155000,-1534292.6090964507,299.91723151001327,1192.55751469787,63.3
4160000,-1533741.7625773195,301.99938758644964,1190.1735058227282,63.3
4165000,-1532806.9600580325,300.9896935268191,1193.6740267318773,63.3
4170000,-1533474.6696302127,302.3592779230853,1191.5834274558022,63.3
4175000,-1534835.4423863487,300.8744428569363,1193.5534529782233,63.3
4180000,-1533004.6115519004,300.10802124122927,1193.6356907670945,63.3
4185000,-1534593.9420629218,301.57374626101046,1193.2373418530642,63.3
4190000,-1533308.1906318823,298.6779061615089,1194.9864867277881,63.3
4195000,-1534875.8447648166,301.81742265713353,1191.382149128083,63.3
4200000,-1531807.8248658665,301.18461599976985,1191.0811773398214,63.3
4205000,-1533368.1201277738,300.67243568386874,1192.9447763331684,63.3
4210000,-1532453.889869308,301.1149808552006,1193.052703770123,63.3
4215000,-1531162.4655726273,300.3877115296127,1194.057988661385,63.3
4220000,-1534760.2164449338,300.55212007486745,1191.5225900836042,63.3
4225000,-1533232.016917956,300.10230376394196,1191.9712246883714,63.3
4230000,-1533145.7329505775,299.79856278305664,1191.554092448261,63.3
4235000,-1532322.9002990704,301.1706019657668,1191.3771509448716,63.3
4240000,-1533066.4053919688,299.73253213503807,1191.6306762037161,63.3
4245000,-1533808.822899931,299.15916859751417,1191.4549038540401,63.3
4250000,-1535022.6825664593,300.07458642839725,1193.6978651101263,63.3
4255000,-1534576.9386367416,301.2941181191192,1190.9795761662476,63.3
4260000,-1532412.987745556,300.8155590555269,1189.1814007765968,63.3
4265000,-1531125.0038550878,300.2679552390417,1190.9913109009142,63.3
4270000,-1528694.8425701074,301.71168040056546,1193.0808306866147,63.3
4275000,-1533230.3999224342,299.4498277417803,1192.049138392464,63.3
4280000,-1533262.3253442906,300.31813853153585,1191.01301236408,63.3
4285000,-1534412.3301389879,301.23293489749636,1191.0536058698758,63.3
4290000,-1533341.6652458413,299.2916959922432,1190.1898461828896,63.3
4295000,-1532506.7769441986,301.7751008959094,1191.303904702921,63.2
4300000,-1530531.3673025547,300.5785944805671,1192.6257205071827,63.2
4305000,-1533767.4619958578,299.1142988301077,1191.6474172028086,63.2
4310000,-1531720.8241216103,298.7742953709929,1192.5507819969598,63.2
4315000,-1533546.0884072734,301.39234065012465,1192.925333634622,63.2
4320000,-1533050.749721297,299.9722622289031,1193.395547902234,63.2
4325000,-1531990.5199887054,300.87403890473666,1193.7110676702869,63.2
4330000,-1534722.1654928923,300.9474339120872,1192.1916639485735,63.2
4335000,-1532811.2833262747,301.0297780143221,1192.8888039899516,63.2
4340000,-1532950.8982027853,299.0577455221577,1194.0355317520252,63.2
4345000,-1532744.4956999794,300.0298720272214,1189.9017998120062,63.2
4350000,-1534401.5592346378,301.27177645515434,1190.541531501431,63.2
4355000,-1533523.8876299998,299.732252475823,1192.6286440877836,63.2
4360000,-1531728.6449564565,299.27671868761024,1193.9285121306455,63.2
4365000,-1532178.776718664,299.6511513034331,1193.3278569187664,63.2
4370000,-1532275.1174414624,299.07583015140324,1190.8265469159262,63.1
4375000,-1532221.219698416,299.07185277589906,1194.7518748286245,63.1
4380000,-1532609.1606761348,301.6317600115284,1193.7244928816604,63.1
4385000,-1530264.0221835487,299.8327122805495,1192.74298189165,63.1
4390000,-1532458.9695539689,302.0313308834675,1194.6907266784874,63.1
4395000,-1531752.2746064002,300.1786196564284,1190.9820026951934,63.1
4400000,-1531604.5032769032,298.73977299454646,1192.5277049744518,63.1
4405000,-1533790.6419649469,300.58353512670124,1192.9755214806466,63.1
4410000,-1531997.51748324,300.4125390532678,1192.9290883429971,63.1
4415000,-1532171.4766557869,300.82242624292076,1193.336898978773,63.1
4420000,-1533942.1694529792,301.91828641405976,1194.1385317205306,63.1
4425000,-1533782.180998941,299.8960395561551,1194.4411354001388,63.1
4430000,-1530986.4847835982,299.6881906128158,1192.525714644423,63.1
4435000,-1532346.5216665538,300.5735295414485,1192.5784707199446,63.1
4440000,-1533460.5120901829,300.47614598808843,1192.311837839655,63.1
4445000,-1533973.5006779814,300.45144275741796,1191.7898974818168,63.1
4450000,-1533901.7686071163,300.55013138711536,1190.6073814929964,63
4455000,-1534160.3625300564,300.42210961307467,1192.0500959742965,63
4460000,-1531711.8357165204,300.82991489523727,1196.3385664110347,63
4465000,-1533309.5323444577,300.77336158728724,1192.356201451488,63
4470000,-1531025.7382911248,301.3781091033988,1196.5550871626342,63
4475000,-1532053.6604798092,301.4807129621081,1193.0141064690076,63
4480000,-1533595.5406797854,300.4593353619341,1191.8019254232618,63
4485000,-1533080.187573242,300.64036809386636,1193.938952499904,63
4490000,-1531964.9118670085,299.46878242191735,1193.1297936181786,63
4495000,-1532439.6622153027,300.33162432035465,1192.7308809367275,63
4500000,-1533057.3164402936,300.7639774669571,1192.2607162529061,63
4505000,-1530980.3820256172,301.1932854354391,1191.0966003792655,63
4510000,-1530489.2132573985,301.4216116479757,1192.9046218142444,63
4515000,-1532679.2236720826,300.6591984810189,1192.9103140730472,63
4520000,-1533779.3953821193,300.6343398841178,1195.6340569245249,63
4525000,-1534420.8149670828,299.0194322096838,1192.6485173324309,63
4530000,-1531922.9987459844,301.87444206377546,1192.1348279657977,63
4535000,-1532961.6300261673,298.36279237254126,1195.4649492541257,63
4540000,-1533096.7270558896,301.3959140734292,1193.172080700784,63
4545000,-1532494.1854286296,299.2693543282783,1193.3396783427636,63
4550000,-1535069.2243280346,299.8760283856497,1191.4775564841573,63
4555000,-1534423.4934303816,300.5097050939049,1190.9698336148763,63
4560000,-1533467.5498437611,298.44939350949545,1192.0355097861066,62.9
4565000,-1532450.3937828215,300.1614672245666,1195.3941999276024,62.9
4570000,-1534223.3943298273,300.60488244679,1191.2698148882773,62.9
4575000,-1532201.0428098775,300.3070143094226,1191.5435514409603,62.9
4580000,-1533084.7274228642,302.0655736006988,1192.2575414412552,62.9
4585000,-1533491.2206934048,299.4401950354811,1192.4645321748794,62.9
4590000,-1535003.2662548982,301.66559877656005,1192.3782086935723,62.9
4595000,-1533691.4220669735,300.8606774089024,1194.1185675549546,62.9
4600000,-1530498.5939636854,300.2833675691204,1195.5269539741748,62.9
4605000,-1531993.6539370278,301.20795200761074,1195.731971343377,62.9
4610000,-1533484.2796751792,300.6742379321441,1194.9554019971843,62.9
4615000,-1531954.0851591928,299.8638165999221,1195.3054136480978,62.9
4620000,-1533570.2354420824,299.9472171925253,1193.5174202403102,62.9
4625000,-1533647.3635059614,300.57446173883227,1191.2697485419176,62.9
4630000,-1534380.857054159,300.6403059473741,1189.8954245837729,62.9
4635000,-1532392.6945940936,299.4861834397482,1192.2675347353077,62.9
4640000,-1534637.0747041497,300.0530526688317,1196.3206681792285,62.9
4645000,-1532589.5863649165,300.15646443194026,1191.5890962053259,62.9
4650000,-1532757.5838116696,299.18377860844623,1190.797747011883,62.9
4655000,-1534074.3253922854,299.4799066440306,1190.7395054087667,62.9
4660000,-1532947.2860871572,299.3444894374119,1194.586119298355,62.9
4665000,-1534365.8832311118,300.21603184476453,1190.8058589786733,62.9
4670000,-1532128.1770878518,299.24716803054406,1194.40873173225,62.9
4675000,-1533792.029096174,300.9668857641623,1192.1215690482995,62.9
4680000,-1534507.9440748114,300.203851132283,1191.5711007280838,62.9
4685000,-1531591.1125626788,300.1911111013712,1195.6490066827337,62.8
4690000,-1531883.2391882278,300.2636982043224,1191.6736096161715,62.8
4695000,-1534207.0748837981,300.35788121333144,1192.3349437219224,62.8
4700000,-1530677.164551721,299.27734015253276,1197.4373864444626,62.8
4705000,-1532394.9784271317,300.4437365923786,1189.9979351685902,62.8
4710000,-1533089.8487759074,299.7574528784315,1190.3507530272284,62.8
4715000,-1532809.3910304857,300.43345134791076,1189.4328177761884,62.8
4720000,-1533521.279840378,298.5805226081488,1194.6458109384707,62.8
4725000,-1531508.1645922344,299.2091965237776,1193.931550271997,62.8
4730000,-1531821.8042589137,299.6245215315028,1194.3423657476142,62.8
4735000,-1534098.0527840536,300.5033972249413,1193.2993740832003,62.8
4740000,-1532403.2846883573,301.07893588969404,1195.6992074345385,62.8
4745000,-1532658.2087266222,299.31422409568484,1191.962028609667,62.8
4750000,-1535067.7653586417,300.8033161965531,1195.208596896281,62.8
4755000,-1534238.8266760726,299.93289242606096,1194.1432683929697,62.8
4760000,-1532947.518622362,301.650341812712,1192.5740696164055,62.8
4765000,-1532814.4820389068,300.18570435654516,1193.0151317352634,62.7
4770000,-1533646.8875594074,300.8941432949805,1193.2971146334717,62.7
4775000,-1536292.8073963188,300.7783954531597,1191.099704296347,62.7
4780000,-1532165.1863119463,300.30819509277535,1193.9073834364679,62.7
4785000,-1532266.755391432,299.42043245094476,1193.989439084778,62.7
4790000,-1533259.7822152106,299.88733904723966,1190.1935225514394,62.7
4795000,-1533059.481368213,299.0835363164426,1192.4811490382892,62.7
4800000,-1533078.0440521576,300.4206180972606,1191.5713476515514,62.7
4805000,-1533428.3952312712,298.97592966510695,1191.583577225051,62.7
4810000,-1532290.070271139,299.8233281602194,1195.612754742544,62.7
4815000,-1534364.183891736,301.48083725509264,1192.6762878897778,62.7
4820000,-1534056.462900363,300.83886399012164,1191.2846825688653,62.7
4825000,-1532321.7433709633,299.29874961911383,1191.1595291864246,62.7
4830000,-1533696.9781888742,299.79604585012044,1192.1173253775287,62.7
4835000,-1534615.6610014457,299.0099237963692,1192.7615547379462,62.7
4840000,-1531999.7022154313,299.8223338163433,1194.5258651269326,62.7
4845000,-1530597.1802644813,300.2382181424988,1192.7500123654243,62.7
4850000,-1532372.174369976,299.7256028011519,1193.0082777841126,62.7
4855000,-1532414.952142506,299.9534007685044,1193.4383839672805,62.7
4860000,-1534695.8295236658,301.97254030179636,1190.7716760222747,62.7
4865000,-1535884.1460993877,300.69446661537233,1190.3931916482748,62.7
4870000,-1533321.8324009748,298.95100892171354,1192.0243448151457,62.7
4875000,-1534353.2244035155,301.53944139728696,1191.0664146308093,62.7
4880000,-1533760.9161065426,300.30415557077896,1190.7885906227593,62.7
4885000,-1533198.8351691319,301.1770652009612,1194.3411962844357,62.7
4890000,-1533684.0242407108,299.9307794453244,1193.7995678564234,62.7
4895000,-1530678.2444017231,301.8631624754315,1193.9190689800032,62.7
4900000,-1532210.8264949583,299.86002566389465,1191.827998352014,62.7
4905000,-1532262.4753835853,300.5152050584693,1196.1706784002981,62.7
4910000,-1534214.6753235916,299.7807888862724,1192.9690930587003,62.7
4915000,-1533582.0184131125,301.067376642135,1191.905234641108,62.7
4920000,-1533357.3043584907,301.3083807390912,1192.1736649705103,62.7
4925000,-1533219.1076861639,299.2388404005822,1190.1441565140913,62.7
4930000,-1534770.9905414674,300.67787350194084,1192.6467208564525,62.7
4935000,-1534434.510631116,299.7557749231407,1190.08275626532,62.7
4940000,-1531737.4597251378,300.18585972277583,1195.2185405501941,62.7
4945000,-1533087.8806770025,301.75853885572405,1193.4312394434419,62.7
4950000,-1533092.3064713124,300.35834731202334,1193.5209710921877,62.7
4955000,-1532020.0346976146,300.9248125889072,1194.152280273025,62.7
4960000,-1532527.1201419765,301.3223636998481,1192.6484412725208,62.7
4965000,-1534492.4116772134,300.73818667267216,1190.0714256346243,62.7
4970000,-1530826.2028735029,300.23986502454346,1191.5393066780796,62.7
4975000,-1531989.1899453364,300.2261617230017,1192.9973064498577,62.7
4980000,-1534464.5367968874,301.37792266392205,1192.8699674862291,62.7
4985000,-1533008.6677048793,301.2177400801406,1194.4468847890546,62.7
4990000,-1532324.0623879293,300.60569035118925,1191.0551526809459,62.7
4995000,-1534650.2867713897,301.0827889722137,1193.4569005805774,62.7
5000000,-1532765.5711274622,300.8815897035454,1193.7397141289382,62.7
5005000,-1531178.545827224,300.0484849016511,1192.763679311646,62.7
5010000,-1533649.4151645387,301.0404672109896,1194.258992545738,62.7
5015000,-1532665.4073000364,300.7390877968099,1195.4129025740451,62.7
5020000,-1531641.316303173,301.167681080631,1195.5790712205633,62.7
5025000,-1532110.3601583196,300.2555570138373,1194.172253435701,62.7
5030000,-1531729.5027416712,301.000009844533,1190.211459136526,62.7
5035000,-1533441.816277341,300.3879911888279,1195.1724562459267,62.7
5040000,-1532166.7118406817,301.6371978296005,1192.9792492165077,62.7
5045000,-1534922.4102197653,301.1617150173747,1193.1410324138694,62.7
5050000,-1530853.197229674,300.7482544044171,1194.425143860841,62.7
Done.
