restrained 53 heavy atoms of residue FAD at k=10.0 kcal/mol/A^2
System 06_md/system_MAOB_p2: 90129 atoms, 5000000 production steps
Minimizing...
Heating / equilibration (100 ps)...
#"Step","Potential Energy (kJ/mole)","Temperature (K)","Box Volume (nm^3)","Speed (ns/day)"
5000,-1148644.3708716705,301.0916255429083,916.3164785275695,--
10000,-1153131.1189204156,300.86131702090273,908.004152785048,82.7
15000,-1153438.7022152143,302.02158745521064,907.5841192653783,83.4
20000,-1154156.848092297,300.85672879552186,904.3089430007444,83.3
25000,-1155687.5323427161,300.2265921177731,903.9119239746366,83.3
30000,-1155185.6209477494,299.9366366658166,901.6902536348246,83.3
35000,-1154957.2633298626,301.29179452218995,901.9489467433569,82.9
40000,-1154628.7120478712,299.3778315986554,903.3481970255914,82.1
45000,-1156402.5928355958,299.4550157456176,903.2221457071062,81.5
50000,-1154287.9149191622,297.1553360084,904.5811865532786,81.3
Production run...
55000,-1156496.1315160077,300.7817877809681,900.8821406558939,81.1
60000,-1154774.1476251706,300.6622492157125,905.0868264963992,79.2
65000,-1156041.4611237347,300.94304860902014,902.3137200766168,79.2
70000,-1155103.8766748803,299.59439583663124,904.2211782924555,79.3
75000,-1156340.7435877845,299.9187935671133,902.9603367069119,79.3
80000,-1155999.4575208202,299.96255504119017,902.4556904091316,79.2
85000,-1154827.004683935,300.9575474012237,904.1100921206277,78.8
90000,-1157619.8332572188,301.10312669452964,900.1024789478837,78.6
95000,-1156360.0353633445,299.5719033362087,902.9823485984322,78.7
100000,-1154488.4957115948,300.8622346659789,902.2077648271851,78.8
105000,-1154720.3794091307,300.83588805623646,902.353738717984,78.7
110000,-1154488.400017119,299.6881995555285,902.1774286058159,78.8
115000,-1154369.3994442355,300.54674828879206,903.9787559714683,78.9
120000,-1155950.550502153,300.77316191725214,902.1942014018541,79
125000,-1156666.3100736989,299.582160568949,902.095578989018,78.9
130000,-1154431.4916078383,301.4165534683233,903.1725065423102,79.1
135000,-1156574.3746929588,300.7845203240838,903.012520288702,79.3
140000,-1157563.888829559,300.0049298515964,903.444904272535,79.5
145000,-1156768.890087491,299.4680463056992,903.5764512566733,79.7
150000,-1156935.6057472788,300.5895513335671,900.2216561279085,79.7
155000,-1154458.6636278387,300.02297687142766,902.0823231083123,79.7
160000,-1155487.7954479028,299.9340468674905,903.6947684811139,79.7
165000,-1156899.0783002712,300.3928286213493,901.630783618964,79.7
170000,-1157059.193746644,299.78549032571516,902.750192787855,79.7
175000,-1156969.8490540488,302.20558548903887,901.5123679323543,79.7
180000,-1157315.0051606866,298.656317863433,900.696203135432,79.7
185000,-1155177.1762137385,301.89285204708057,903.0041472682769,79.6
190000,-1157198.0764753493,299.97442325084194,899.8789988974662,79.6
195000,-1155599.1678794166,301.22613191896187,902.317885960017,79.4
200000,-1158261.7676387504,300.94476154649567,900.0771504567888,79.4
205000,-1155023.8474323498,299.46313180651345,903.0384728147999,79.3
210000,-1153546.3678819155,299.2013786465645,904.5871326933528,79.2
215000,-1154957.794626766,299.7110591139815,902.9178175880978,79.2
220000,-1157763.900588804,300.5443828037068,904.233531563769,79.3
225000,-1155180.0806108061,301.26811927922483,903.3007485884358,79.4
230000,-1154251.0675097322,299.6219455810291,905.1754663492319,79.3
235000,-1156869.696834838,300.5904689786433,901.2718642499415,79.4
240000,-1156757.091597421,299.46188788763243,903.761665135903,79.5
245000,-1155915.9055734798,300.58647212453377,903.0273288129257,79.6
250000,-1156776.7481591292,299.3676355422535,901.869998131073,79.7
255000,-1157669.289814707,299.9044986960379,900.0187167417091,79.8
260000,-1155985.1291758204,300.18332005440357,904.5765383700441,79.9
265000,-1156537.4611900197,300.1902941569825,901.427268157138,79.9
270000,-1156078.88539215,298.919314942263,901.7351499493994,80
275000,-1155974.3635612028,299.7597758714696,902.1581877330289,80.1
280000,-1154669.9899106892,299.45999142114164,903.8036524328306,80.1
285000,-1157131.1089324718,299.08198282609857,901.9068711320576,80.2
290000,-1154632.548141298,300.8903553895353,904.199940222414,80.3
295000,-1155548.7822832456,299.2089849046403,904.8560011246173,80.2
300000,-1156849.2335241158,300.42877991622237,898.6996159052848,80.2
305000,-1156458.6045668302,301.80322871130807,903.2233245671208,80.2
310000,-1156972.2346445369,302.53094164882276,901.89263634401,80.2
315000,-1154759.341155516,300.9029373231352,901.5741397794661,80.3
320000,-1155004.41940887,300.6974052181862,902.5274559729294,80.3
325000,-1157385.123813372,301.0234547098053,902.0606483003992,80.4
330000,-1154518.6898902645,302.1950019824937,903.040438417146,80.5
335000,-1153935.9709158847,300.49886760792884,903.689496991562,80.5
340000,-1155227.3632018752,298.811563018208,901.6873017503265,80.6
345000,-1156024.3323866865,300.13368565183924,902.4563000186921,80.6
350000,-1155327.423095853,299.9338021621369,902.0602853801286,80.7
355000,-1156076.2420404758,300.12053273908083,901.9227205505942,80.7
360000,-1156771.4357332615,300.44945751860536,902.9661253897665,80.8
365000,-1155981.047888863,299.6400945614244,901.2331459231357,80.8
370000,-1155337.7517478224,300.461550041498,902.7968753776744,80.9
375000,-1155116.2773000868,299.4908039035882,901.4067322099514,80.9
380000,-1155466.0426548785,299.32882935158796,902.6167386791434,80.9
385000,-1155676.4547510166,299.6950716975433,900.2748245286698,81
390000,-1155190.6119960546,299.44351459399627,901.9017002576104,81
395000,-1157457.4103950951,300.80128264080844,902.0633776991417,80.9
400000,-1154864.8125970066,301.07431263913793,900.7433455698936,80.9
405000,-1155312.1305325087,301.2938745176959,902.3300003686652,81
410000,-1157162.6294227578,300.7778724953098,902.4309334374813,81
415000,-1155791.0848979587,301.46529061792427,903.5895257700807,81
420000,-1155628.2262770599,299.0601020890601,903.5445091209539,81.1
425000,-1155146.4948414927,301.38535353573354,903.7089260261278,81.1
430000,-1153680.2579163508,300.20195844550625,902.9493220864772,81.1
435000,-1154821.340321634,300.20617961285654,903.6720231976708,81.2
440000,-1156795.7508610124,299.86854740116485,899.7444459986715,81.2
445000,-1157577.1807548888,298.60211562760065,900.9052785370487,81.2
450000,-1156934.417330279,300.84832724504673,900.6865074489307,81.2
455000,-1156552.766508652,299.55100142058484,901.6695060112162,81.2
460000,-1155752.4725665525,300.16914753600497,901.8885700444217,81.3
465000,-1156777.1828602208,301.63968396662193,904.6975040826923,81.3
470000,-1154430.5544185787,301.1399140660276,901.6514412843197,81.3
475000,-1157167.4766626107,300.586757614113,903.3796493333452,81.4
480000,-1154836.1825800873,299.0959310312563,902.054144865724,81.4
485000,-1154355.8484877525,300.48194215430175,902.7085498531826,81.4
490000,-1157079.6330807758,300.6015418958957,902.5694867692373,81.4
495000,-1155101.344430129,300.225674472697,901.5677645167141,81.4
500000,-1155042.5523207802,300.1696369467123,901.3753308924306,81.5
505000,-1156071.4508100022,300.5775403791257,902.8275705376273,81.5
510000,-1156395.3102260558,300.0902504515672,901.7529459173383,81.5
515000,-1154452.7151401406,300.1503052237743,905.5178382796477,81.5
520000,-1154679.5272662677,299.63142791348287,902.5082330530252,81.5
525000,-1154693.6488658907,300.7808905280047,902.3885163339495,81.6
530000,-1154906.9817526555,301.12684272172044,903.6181270314144,81.6
535000,-1155439.0271426477,302.4691535470274,901.6326051881032,81.6
540000,-1155907.2100663427,299.276972208728,900.4617535581241,81.6
545000,-1157715.2134168763,299.7077351995945,902.7961751018659,81.6
550000,-1155781.3859621184,301.15333207625247,901.3498069518034,81.6
555000,-1156954.7345628664,299.3832966848868,899.7240431857878,81.7
560000,-1155769.4893026222,299.12454116551993,901.0057331260908,81.7
565000,-1155216.4279757077,300.31036291717095,903.3433088630243,81.7
570000,-1156347.838622,299.3269124929844,902.5667640489415,81.7
575000,-1155448.3386934595,301.33845167628493,901.5727458681745,81.8
580000,-1154133.9153429195,299.58599428615605,903.7020417879452,81.8
585000,-1155457.526996743,301.37715590638646,901.6673379948885,81.8
590000,-1155557.8568153158,300.31625623777126,904.0910772858927,81.8
595000,-1154635.6542326584,300.63465868708903,905.1889846959647,81.8
600000,-1156289.9223316172,299.60104366540526,902.3938156572278,81.8
605000,-1154763.4214980947,301.5022411263247,902.9051456602137,81.9
610000,-1156426.61228373,300.20204001395746,901.5021421831199,81.9
615000,-1157959.5274537336,300.96470503281773,900.3548268084754,81.9
620000,-1156521.5716030234,299.1975245372446,903.3954152531714,81.9
625000,-1156681.0420260448,300.58759369073795,904.3499875447328,81.5
630000,-1152689.3392314725,300.41986856292715,904.7282864950477,81.5
635000,-1157190.3493829025,299.67239566810554,903.0777187239837,81.5
640000,-1156367.8701471947,301.845419992699,905.6361246644035,81.5
645000,-1156980.1618179558,300.8637232902136,901.5946752599489,81.5
650000,-1156501.6902513653,300.30285861965916,898.3730583896552,81.5
655000,-1156949.9836443663,298.83964295753873,902.0075857109133,81.6
660000,-1155708.2539921151,301.2347781747907,903.135808379395,81.6
665000,-1156143.8149178717,302.31539701648705,902.6304765338534,81.6
670000,-1155213.5811293786,300.24565874324463,903.5333774007453,81.6
675000,-1157749.8080071816,298.74116944480943,902.3804195525777,81.6
680000,-1156067.8344499655,299.13451290868096,902.0848373745241,81.6
685000,-1156179.981918226,302.17199967925114,901.0767592711368,81.7
690000,-1156801.7053794581,300.74610158356154,902.2109015309331,81.7
695000,-1156034.9283133103,299.8912438227154,905.5145317955642,81.7
700000,-1155711.8553006286,299.73269514566624,903.6579380874945,81.7
705000,-1156319.9123424506,300.800915582778,901.7222639343624,81.7
710000,-1156451.1899334975,300.84573744672065,901.3087616758122,81.7
715000,-1155934.3083526678,300.3730482719297,901.2350980857126,81.7
720000,-1155294.6377749117,299.8349819834899,901.7824563545646,81.7
725000,-1155332.8735182267,302.65096962478566,901.9582436080298,81.7
730000,-1156666.6889965096,301.25933027860634,902.514479423472,81.6
735000,-1156909.2261824915,299.6291439968488,902.8148915300566,81.6
740000,-1157887.0823221076,301.03489468508826,904.6191715569802,81.6
745000,-1156297.4760787375,301.17786378795535,902.3073401357954,81.6
750000,-1156055.586083292,299.21079980267984,903.8239759343232,81.5
755000,-1155294.8378681252,300.67884839553477,903.6257108424126,81.4
760000,-1155540.3177208658,302.22367329309577,904.3253804350065,81.4
765000,-1157590.2830459457,299.62873615459273,901.1019734313101,81.4
770000,-1154979.8176894337,301.06156756863555,901.5641444503797,81.4
775000,-1154546.9098464875,302.3687835678073,903.2923141191202,81.4
780000,-1155277.220727115,300.46411944771125,903.3592863407223,81.4
785000,-1154421.2341075074,300.95002271159905,905.2011711216198,81.4
790000,-1155977.3354242947,301.04137937695987,902.3291446658559,81.4
795000,-1155449.4126364738,301.25039853319834,904.7633595000018,81.4
800000,-1156029.1360623874,299.86187918027804,903.3620466893952,81.4
805000,-1157456.7970506847,303.342139896156,901.3902354432267,81.4
810000,-1156026.8783113435,300.1256307672818,902.8815808673306,81.4
815000,-1154339.9716207776,299.8350431598283,905.5738215433867,81.4
820000,-1157254.3983474467,301.82050083085284,900.5760708105513,81.4
825000,-1155564.2713448508,300.2165795903865,902.6688933387345,81.4
830000,-1157431.153953746,301.5568104201875,901.9218670918962,81.4
835000,-1158616.3223249717,299.4154142625527,901.1395491005975,81.4
840000,-1156904.35574188,301.37199670184714,902.5700755567746,81.5
845000,-1155114.2031259425,301.376788848356,905.4199864444325,81.5
850000,-1156507.126776049,300.8761013026854,900.9357150949578,81.5
855000,-1156863.602687871,302.227710931431,902.7662999238833,81.5
860000,-1154009.2400270207,300.27398338792904,900.2794987798427,81.5
865000,-1155688.6105437558,300.49778682595024,902.9987252892672,81.5
870000,-1157541.94315123,298.87386092282344,899.0705223425251,81.5
875000,-1155916.590940765,301.8806779557367,901.998478533405,81.5
880000,-1155414.042653799,300.91029887585734,902.2519354048519,81.5
885000,-1156132.480400159,299.08632634612576,901.6749445694417,81.5
890000,-1157071.2278072825,300.5296596982625,901.0726770795841,81.5
895000,-1157414.2537915157,301.06503422781225,903.3052750410968,81.5
900000,-1154669.8834624318,300.3730482719297,902.497513500767,81.5
905000,-1156205.667259615,300.3148491819878,900.702369037201,81.5
910000,-1159134.2408059472,300.16931067290744,902.582705384667,81.5
915000,-1155778.3525295332,300.0328262619119,900.5301346744204,81.5
920000,-1156991.3218038594,300.4451955670294,901.3136064816127,81.5
925000,-1157759.7491502054,299.8864924604321,902.852713835584,81.5
930000,-1155699.02996229,300.8531601757812,901.6992512689267,81.5
935000,-1154580.1968986448,301.40068840456195,901.6452787234522,81.5
940000,-1156070.80229674,300.0610489460323,903.5418735734958,81.5
945000,-1156250.7853089068,300.05064896850234,903.5922997135616,81.5
950000,-1158397.1359411366,299.13634819883333,902.518948742991,81.4
955000,-1157709.4758771993,300.89410753829117,905.2166518359332,81.4
960000,-1153864.6165460115,299.88145560856964,902.5248227773603,81.4
965000,-1156591.3733691927,300.18798984823565,901.3070218437468,81.4
970000,-1156376.3339843946,300.92551139200896,904.9382280150563,81.4
975000,-1155983.4634473007,300.90830044880255,901.9558758686744,81.3
980000,-1154873.9182688892,300.60433561534984,904.1610392301226,81.3
985000,-1156778.7216613768,302.79742577894217,900.8362868669791,81.3
990000,-1156329.95939417,300.183381230742,900.4806315504346,81.3
995000,-1157411.187887392,299.3037062686137,902.713924242557,81.2
1000000,-1157531.8357497128,299.945425666435,900.915452293811,81.2
1005000,-1155683.880675436,300.78845600185497,902.4401739599073,81.3
1010000,-1155420.9014606895,300.68561857698563,901.4568415023459,81.3
1015000,-1157548.1796085602,300.8372339356815,901.440842915781,81.3
1020000,-1154218.942520379,300.4079595690497,904.2532150495856,81.3
1025000,-1158376.1527709719,298.8305888594538,901.846112745933,81.3
1030000,-1156229.3488688627,300.5674258911751,901.1285041536445,81.3
1035000,-1156293.3216356793,300.5900203521616,903.7451803889022,81.3
1040000,-1156407.5612097047,299.1086149254202,901.7486785815679,81.3
1045000,-1155736.2887206888,301.42330325766136,902.8667946987899,81.4
1050000,-1156961.9967132146,300.285321402648,900.5695081478666,81.4
1055000,-1154736.5951580452,300.47719079201846,904.0999406996767,81.4
1060000,-1157224.4060721342,301.09719258970375,901.4737896056689,81.4
1065000,-1156051.1174035473,298.8902969657433,900.7903010570685,81.4
1070000,-1157943.2439396149,298.8190265314941,901.4611493472866,81.4
1075000,-1155499.7520327289,301.0844679113142,902.0807733745853,81.4
1080000,-1157803.776430454,303.15726500147724,898.5856670056136,81.4
1085000,-1156441.8326832596,300.79577677035144,900.2626538946712,81.4
1090000,-1156534.7344694631,298.41197956781843,901.9956857823856,81.4
1095000,-1154095.4921047017,299.86544780001867,902.4976240646979,81.4
1100000,-1155152.8474204289,301.6496149255574,903.6000396769413,81.4
1105000,-1154659.8726604963,300.4920158580268,901.4505920670833,81.5
1110000,-1155721.3791892314,300.354307920263,903.0336752032601,81.5
1115000,-1155283.928167236,300.06561677930034,903.9809126221982,81.5
1120000,-1157699.186954286,299.61637853423366,901.9969598159313,81.5
1125000,-1158017.4004522953,298.8830985499235,902.5839614156179,81.5
1130000,-1155639.0275293905,300.68557779276,899.7158422743777,81.5
1135000,-1156108.9825789025,299.43321657703035,902.3511393249343,81.5
1140000,-1156927.484771764,299.7446449237693,903.0431001328996,81.5
1145000,-1155457.9854779756,302.06031207742495,903.4550980679203,81.5
1150000,-1155244.837825574,300.35899810620793,903.2919818967737,81.5
1155000,-1155368.8113309806,299.90343830617206,901.2034988142387,81.5
1160000,-1156544.3717488293,301.00316455756564,899.5705174759964,81.5
1165000,-1157026.502523522,300.08696732140584,901.1100905174162,81.6
1170000,-1157856.6338198613,300.6994852136922,901.2172772460832,81.6
1175000,-1156610.6520857764,300.6145112796389,902.4116025185693,81.6
1180000,-1156627.647441391,300.6372484854151,903.1164937130569,81.6
1185000,-1157739.5519178296,298.0049937804812,902.2959015159086,81.6
1190000,-1156384.359642597,303.05200091518424,905.1251970637162,81.6
1195000,-1155910.6330799144,299.95892524511106,904.9035206188124,81.6
1200000,-1154683.448996908,300.228998387084,904.2433582690004,81.6
1205000,-1153893.7265680796,300.2431912975954,903.8352293270796,81.6
1210000,-1155906.3742027665,299.6263706695075,901.9269392836773,81.6
1215000,-1155805.6908595972,299.2242789892431,901.8421394760322,81.6
1220000,-1156111.5595284617,299.7121195038473,900.7766876802305,81.6
1225000,-1155826.4394609667,300.3855486370784,902.9838538471229,81.6
1230000,-1156704.8995755753,300.91184867643045,900.3136101811831,81.6
1235000,-1156087.811658945,298.45977868023044,905.369690925151,81.5
1240000,-1155772.0211471263,299.086713796269,901.0144559818297,81.5
1245000,-1153580.3640266443,301.3679794556248,906.6430234982438,81.5
1250000,-1155487.4245526176,300.4750088359485,902.9459832663617,81.5
1255000,-1156639.781721294,299.940021756542,903.9273914439837,81.4
1260000,-1157417.9731570631,300.52484715964084,902.5435135537379,81.4
1265000,-1156092.2840937693,301.68252779562266,900.1655611064803,81.4
1270000,-1157122.263386596,300.4645068978545,901.9459946557597,81.4
1275000,-1155791.9021628946,301.399954288501,902.9287149985107,81.4
1280000,-1155102.730238255,300.198654923232,900.7968274061709,81.4
1285000,-1156732.170829339,300.6231779275805,900.2986873558815,81.4
1290000,-1155049.079263051,302.27506141736126,900.1798905946936,81.4
1295000,-1155779.159522893,298.84749392096813,901.0288942557665,81.4
1300000,-1157677.7967920853,300.8671491651646,901.4261425961255,81.3
1305000,-1156164.3822694412,299.69543875557383,902.8969114129893,81.3
1310000,-1156617.1275299946,299.1781928143066,897.6966864085712,81.3
1315000,-1157205.7581186136,299.7612848878171,901.3278942121849,81.3
1320000,-1156342.3286927128,301.6189451879006,901.7536947461073,81.3
1325000,-1155756.9082119884,299.14676856847603,901.621101930984,81.2
1330000,-1155504.7953386968,300.0644340367577,901.8046216718859,81.2
1335000,-1155960.6295869565,298.83821550964245,903.5349103936366,81.2
1340000,-1157003.2927813325,300.9307113807739,901.8691603778248,81.2
1345000,-1154041.421816486,301.9377350873616,902.2100722185608,81.2
1350000,-1154932.4440845344,300.4189305257382,904.0447402935418,81.2
1355000,-1157373.9537197594,300.5738697988211,903.1977130018871,81.2
1360000,-1155623.2393357577,299.8539262562845,902.5941286157897,81.2
1365000,-1156244.5725125233,301.52546774280813,902.6423015587974,81.2
1370000,-1155232.1777733723,300.2296101504681,900.7213372024598,81.2
1375000,-1158985.8142986838,300.3807157063439,901.3035663764776,81.2
1380000,-1157161.2350322362,301.1143831407973,903.1498884956648,81.2
1385000,-1156397.6789040575,301.0221292224731,901.3204155683156,81.2
1390000,-1156581.9266214864,301.31300231950587,901.4771648777977,81.2
1395000,-1154224.042328068,301.0591612993247,904.7034130719007,81.2
1400000,-1155866.2289617239,300.03392743600324,900.4700639251031,81.2
1405000,-1156109.5281273155,300.6427543558721,902.2382205300535,81.3
1410000,-1156981.3426161362,300.3736600353138,903.1708193725502,81.3
1415000,-1154286.4495413797,301.04256211950246,903.0259976371515,81.3
1420000,-1156625.2577281483,300.64273396375927,902.8797339838018,81.3
1425000,-1157317.8763906276,299.1029867022864,900.3651939488939,81.3
1430000,-1155591.0050014304,299.9921236047556,902.737996079268,81.3
1435000,-1157381.8670809371,300.8819946232857,901.5461196573117,81.3
1440000,-1155893.3102887329,299.10867610175865,902.5916737508485,81.3
1445000,-1156981.7989976136,300.84341274586103,901.8576289429337,81.3
1450000,-1156716.8528770292,299.5654798206755,900.8230201992961,81.3
1455000,-1154892.2721655471,299.74185120431514,906.6010980746742,81.3
1460000,-1156938.2171129547,302.3205766131393,901.524587828126,81.3
1465000,-1156766.351455315,300.2218203633771,900.5443808952286,81.3
1470000,-1154925.3393640583,301.2161805679136,903.9062492728582,81.3
1475000,-1155561.5757644214,301.07682086901275,902.2805218535809,81.3
1480000,-1156300.0416083653,300.264847721393,901.6798459777926,81.3
1485000,-1157894.2618646584,299.73599866794046,901.0446400698205,81.4
1490000,-1156231.4755123053,301.34269323574813,901.5439090153894,81.4
1495000,-1157525.972941543,300.9628697426654,901.3708160134829,81.4
1500000,-1156164.1502415081,300.35675497379947,903.6026854700306,81.4
1505000,-1157561.1794416755,303.3765617825688,901.3285651794656,81.4
1510000,-1159744.7989717163,301.037627228204,899.490080157755,81.4
1515000,-1155528.4036353184,300.2698233969171,904.4023265187143,81.4
1520000,-1156543.3826674605,298.52841853192785,902.851427631462,81.4
1525000,-1153558.7231275477,299.1176282392795,900.2486050035624,81.4
1530000,-1156099.4680210697,300.5241742199183,901.6850461218112,81.4
1535000,-1157042.328397857,301.13002389131776,903.5213843032101,81.4
1540000,-1156363.3377815997,301.1173196050411,901.0050219141011,81.4
1545000,-1155827.4434913807,300.5534572939045,902.5503483486127,81.4
1550000,-1155298.397353162,301.43924988987385,902.7306585695924,81.4
1555000,-1155456.4675303493,301.14676581592965,903.4377292977272,81.4
1560000,-1155049.3876046557,299.60059503892353,900.7614285920247,81.4
1565000,-1155966.436534441,300.3197432890607,902.3209640898441,81.4
1570000,-1155750.1236049347,301.5727162681744,900.1902398220448,81.4
1575000,-1157105.8543775352,299.935759804966,902.06240048627,81.4
1580000,-1153560.7908261102,302.33652324535177,902.9130818656524,81.4
1585000,-1156513.1194680799,297.16182070027156,902.2427074898904,81.4
1590000,-1157649.8627437921,301.3359230542972,900.5972676021021,81.4
1595000,-1156715.394761867,300.2889104145014,901.4366800101311,81.4
1600000,-1154811.5679218695,299.366126525906,903.6913683264983,81.4
1605000,-1156916.2200198295,300.59899288179525,900.7314267111016,81.4
1610000,-1156879.6681394726,300.45681907132746,902.9994661339107,81.4
1615000,-1155538.0386151318,300.6452829778598,904.1019962304304,81.4
1620000,-1155370.2331647817,301.612460496029,901.7192450789801,81.4
1625000,-1157773.3226711443,300.39676429912043,901.6075119245414,81.4
1630000,-1154777.7781087952,301.0140131615772,903.4894097485629,81.4
1635000,-1156058.8441933924,299.51637561304403,902.7080187425933,81.4
1640000,-1155795.1883321116,299.50866739440426,901.615389311495,81.4
1645000,-1155200.021100453,298.83578884821884,901.4276579785285,81.4
1650000,-1156936.259614462,300.29610883032115,901.7040813607608,81.4
1655000,-1158098.3815251496,299.635669472946,901.7533857465671,81.3
1660000,-1156059.1035360321,301.0906467214937,902.9496296982577,81.3
1665000,-1156351.093954957,300.0743038193547,900.2134568537668,81.3
1670000,-1154780.9333428685,299.7502731469031,902.0528521887614,81.3
1675000,-1154307.6979140593,302.0468328908617,903.7479422480039,81.3
1680000,-1156570.036375504,298.82186103517387,902.0962071922597,81.3
1685000,-1154493.8491069647,301.4181848373476,902.2799470330601,81.3
1690000,-1156353.4286086066,299.776782893548,902.3298191986793,81.2
1695000,-1156917.795906934,298.64234926616246,901.4880229388112,81.2
1700000,-1154345.7590744635,301.33661638613256,906.2671535770351,81.2
1705000,-1156042.9799526539,301.28634982807137,902.9169660029577,81.2
1710000,-1155963.1969273314,300.47611001003986,905.9403198173698,81.2
1715000,-1156284.4334593387,299.8970147906389,900.0727827363954,81.3
1720000,-1156828.969839787,300.02063177845525,902.6719508570927,81.3
1725000,-1154229.8616674915,300.3624443732717,904.1305668825493,81.3
1730000,-1155002.0872362014,300.689839744336,901.668855153848,81.3
1735000,-1156388.7687473176,301.3156125099447,901.167590366447,81.3
1740000,-1156788.712456475,299.1921410194644,901.8088695476861,81.3
1745000,-1154236.0041869432,299.42614051388745,902.7788129437988,81.2
1750000,-1157174.7708412968,298.6946346433912,902.315907318317,81.2
1755000,-1156367.732876883,300.2503489291895,902.6540625972573,81.2
1760000,-1157106.6287380615,300.13074918759554,900.7885972260218,81.2
1765000,-1157755.516071287,300.5622055102973,899.7433365277216,81.2
1770000,-1155832.1099074818,299.98941145375267,901.9496980135326,81.1
1775000,-1156538.6871016743,299.68171486365685,901.3644514498064,81.1
1780000,-1153394.2370087644,301.3683057294296,902.4518306850917,81.1
1785000,-1156688.0537890121,298.97508737078124,900.5574112701088,81.1
1790000,-1156366.7531356644,300.4138732817628,900.5538707017024,81.1
1795000,-1156684.766266046,301.3762178691975,900.4949734985224,81.1
1800000,-1157319.91798532,299.9712012970189,901.5137521766841,81.1
1805000,-1156746.8340557078,301.0372601701735,901.3970129748312,81.1
1810000,-1156821.2972337687,299.89305872075494,901.746664822517,81.1
1815000,-1155735.3752744691,300.5068817082607,901.4307930383696,81
1820000,-1155689.9257767359,300.3593855563512,905.0149792601932,81
1825000,-1157624.7342782253,300.86716955727746,900.2903331504828,81
1830000,-1156916.33404445,299.6190295088981,901.1836251430732,81
1835000,-1156822.820751682,299.56240061164215,898.121164870804,81.1
1840000,-1156949.135506764,299.1199121559135,900.3890511944462,81
1845000,-1156403.3503294187,300.0789124368484,902.8610302501243,81
1850000,-1156080.8671795614,299.7824315087946,903.1328712644017,81
1855000,-1155343.9531826144,300.1605828486274,903.7258674278155,81
1860000,-1156574.180170333,301.0145433565101,902.5004858533077,81.1
1865000,-1157088.1297832122,299.6086091392554,900.289013847657,81.1
1870000,-1155992.8190742582,300.7821956232242,900.4494867044152,81
1875000,-1156054.9491557013,300.5938540693687,902.3691445353242,81
1880000,-1156695.6353705628,300.83415472664814,901.6710188543982,81
1885000,-1157050.273016614,301.92154374979543,901.0194622547433,81
1890000,-1155944.5276245894,302.37649178644716,902.8295379894852,81
1895000,-1156359.5457765125,301.86664818212773,902.501903326499,81
1900000,-1154258.71751469,300.0435117290211,903.2552562889475,80.9
1905000,-1156886.430484145,300.7043181444267,901.6130415626812,80.9
1910000,-1158700.4365647193,302.4064681922686,899.2253792538165,80.9
1915000,-1155454.6960080788,299.401771939087,901.3049081237024,80.9
1920000,-1157483.8663213523,299.0701554006723,905.2149003439526,80.9
1925000,-1155378.555036297,300.86433505359764,900.8930524478238,80.9
1930000,-1158085.5239198143,301.5653954996779,901.604264920503,80.9
1935000,-1157252.5764761483,299.58680997066824,901.9818182668687,80.9
1940000,-1156380.5144064436,299.3899852978864,902.2155486356351,80.9
1945000,-1156220.862012867,301.0370154648199,903.5027133349973,80.9
1950000,-1153184.1323657082,299.54406810223156,903.2262076611023,80.9
1955000,-1156166.6473224591,298.6547068865215,900.4934768689694,80.9
1960000,-1155039.7436608383,300.5921003476676,903.1332376913603,80.9
1965000,-1155665.974636849,300.8388856968186,903.7137560085599,80.9
1970000,-1158467.0562344836,298.6987946344032,901.467060995939,80.9
1975000,-1156696.6320176572,300.8970032183093,903.1459759907775,80.9
1980000,-1156860.4971876396,300.5599012015505,900.4203864107138,80.9
1985000,-1157072.5234340066,300.8185343682405,902.7422901495366,80.9
1990000,-1154767.5029820697,301.1381399522137,902.0629641641927,80.8
1995000,-1155617.758348221,299.0303499964794,902.7540038039294,80.8
2000000,-1156174.6894073915,300.2022031508599,900.7119563077256,80.8
2005000,-1153440.3437365303,300.1078488449169,904.3273570979019,80.8
2010000,-1156545.7794342432,300.5285381320583,901.9023688581082,80.8
2015000,-1155915.788380566,300.5887152569422,900.8638417808539,80.8
2020000,-1154080.4817995233,300.39635645686434,902.6554044820988,80.8
2025000,-1156338.6156470561,300.0124749333337,900.5052771482138,80.8
2030000,-1156760.566987331,301.6362376995581,900.4879408069057,80.8
2035000,-1155434.0194924949,301.68931836918625,903.1983990843664,80.9
2040000,-1156550.6759747304,299.19438415187284,901.8002414343964,80.9
2045000,-1157572.6979814796,302.5203989265032,901.372221096425,80.9
2050000,-1156419.4952929588,299.93355745678326,903.4801950827264,80.9
2055000,-1157509.2647016132,302.45198338804664,901.2875160353638,80.9
2060000,-1157279.8078270014,300.69053307617133,901.0312643602874,80.9
2065000,-1156347.8685123073,300.1921294471348,900.0192170068415,80.9
2070000,-1156334.4087301893,302.782376399693,902.7077112609799,80.9
2075000,-1157351.824039477,302.9567697483907,901.1287135428412,80.9
2080000,-1156023.4529902935,299.74578688208624,901.8261862988714,80.9
2085000,-1155140.6048435066,299.47391923418667,904.9089892208946,80.9
2090000,-1155523.1290817494,300.0022788769319,902.9257112400886,80.9
2095000,-1155880.9890161976,300.4797398061189,902.4220604868917,80.9
2100000,-1155645.5042271009,301.62524635075687,903.0000335373712,80.9
2105000,-1156570.6205563685,300.25979047741765,902.9028100695389,80.9
2110000,-1154994.7832816914,299.3062144984886,901.3676133883762,80.9
2115000,-1156500.1540165162,299.6835909380348,901.2295201400208,81
2120000,-1156204.435864348,299.7669335030638,899.8438375491614,80.9
2125000,-1158680.3145671804,300.2943143243944,900.3609858568902,80.9
2130000,-1155050.377809722,299.3514849889129,903.6746252352561,80.9
2135000,-1155648.9032772044,299.5694358905594,903.0141031916406,80.9
2140000,-1156262.792663781,299.83857099534333,900.4211832345164,80.9
2145000,-1155345.079635526,301.17502928427564,904.026582566784,81
2150000,-1155980.0138577363,299.1364093751717,901.3481952817154,81
2155000,-1154167.154601653,300.26021871178654,903.6853462026318,81
2160000,-1154838.6533335326,298.6738958646699,902.8182237471893,81
2165000,-1156363.2649338841,298.2595689167232,902.8125791514232,81
2170000,-1157818.0404740777,300.76947094483467,899.1711962936711,81
2175000,-1157380.8978687236,298.65966216993286,900.1484821925368,81
2180000,-1158238.8841304174,301.38559824108717,902.978050408887,81
2185000,-1157435.122256931,299.6503925783903,901.7759668653562,81
2190000,-1155982.2669632565,300.57533803094293,902.733241487092,81
2195000,-1155026.1721104365,301.67312703162014,901.5231295838287,81
2200000,-1155742.549974366,302.2107039093526,904.0245677391569,81
2205000,-1154984.0391492676,301.2505616701008,903.3725644635455,81
2210000,-1154725.7702170052,300.3003096055587,902.8123712461326,81
2215000,-1159119.2691796971,300.33848364072736,899.826652280937,81.1
2220000,-1154331.4674648242,299.009509257194,901.6121785381317,81.1
2225000,-1155519.306728513,300.3098938985765,903.8160041125037,81.1
2230000,-1156721.7497125845,302.2327273911807,900.541473596098,81.1
2235000,-1156858.853486118,300.7995493112202,901.4411294974498,81.1
2240000,-1157044.3557725847,300.16739381430386,900.4733125996104,81.1
2245000,-1155692.233701814,301.30170508901256,900.8297787160948,81.1
2250000,-1156272.4838114604,300.0809924323544,900.0886765172813,81.1
2255000,-1154707.124158402,301.2096143075908,900.3162537699822,81.1
2260000,-1155958.97113828,301.4609470978971,902.5615031382911,81.1
2265000,-1154354.8532692743,300.4632629789735,903.2713435355608,81.1
2270000,-1155939.928809273,300.299555097385,903.2557927333278,81.1
2275000,-1157366.4529848527,299.7791891628588,902.0634348314481,81.1
2280000,-1154732.610107745,299.4497137962886,902.7368713190613,81.1
2285000,-1153457.3456981769,300.0568889550203,903.0281125360492,81.1
2290000,-1155036.981861107,301.21891311102934,900.6967694827431,81.1
2295000,-1157639.751334236,298.7583192116774,899.5165429011328,81.2
2300000,-1156367.5637740279,300.4671374804062,902.9273152808873,81.2
2305000,-1156734.2462055068,300.9138267113724,900.7415819463117,81.2
2310000,-1155039.6515876139,301.2688330031729,903.6367536107709,81.1
2315000,-1156057.8216442624,301.7927063811013,901.0491619671029,81.1
2320000,-1156431.5288178744,299.72810692028537,901.8124074782178,81.1
2325000,-1156996.517228392,300.990970074109,900.2730683511783,81.1
2330000,-1156512.7853239616,299.6801650630838,901.518434576112,81.1
2335000,-1156655.7865730906,299.1056580690637,900.1112449067302,81.1
2340000,-1155632.341565636,299.834655709685,899.7935297192047,81.1
2345000,-1156447.423851016,300.0265454911683,901.654633111697,81.1
2350000,-1156701.6205650652,299.2993831406993,903.5474998906049,81
2355000,-1156783.1676320806,301.7420115886712,900.9477806977936,81
2360000,-1157287.03971955,301.1202560692848,900.0222481894643,81
2365000,-1156723.6254746206,298.92565688934496,901.08806990563,81
2370000,-1157238.783726655,299.63422163293694,902.1295862578328,81
2375000,-1156271.5858330596,300.5622870787485,902.0646071680586,81
2380000,-1157827.200250538,299.80133499736365,900.3411960848069,81
2385000,-1154713.6837706286,299.99424438448716,903.5172634901337,81
2390000,-1156053.3467404246,301.97366599012184,902.0511858932667,81
2395000,-1155302.7347116685,299.71613675006967,903.3565815940128,81
2400000,-1156939.2213122398,299.38256256882585,900.4043248283152,81
2405000,-1156635.3204345284,299.20458020827465,901.532557216838,81
2410000,-1156994.9384293426,301.3245850395784,901.8742895775588,81
2415000,-1156456.0840289854,300.379043553094,900.6931560583595,81
2420000,-1155953.8566919267,299.61013854771574,901.5153349320403,81
2425000,-1156725.043770384,300.5741145041747,900.2661505036092,81
2430000,-1155256.4604984662,299.98147892187205,903.5126305928703,81
2435000,-1156872.9263495319,300.20471138073475,902.3790667953984,81
2440000,-1158787.4812021405,301.57124803605257,903.3819159088279,81
2445000,-1157888.3049695184,299.89411911062075,900.4134678178622,81
2450000,-1155461.275759752,301.6216981231291,902.0047704168534,80.9
2455000,-1154822.656022503,301.06152678441,902.9334419808099,80.9
2460000,-1157190.8143114503,300.6112689337031,900.493037241171,80.9
2465000,-1155690.0731581636,299.38419393785017,904.2553196456238,80.9
2470000,-1156023.428641336,299.8017632317326,902.1807695879653,80.9
2475000,-1154683.290852541,300.40057762421475,902.9773890397634,80.9
2480000,-1156063.4277027575,302.2263650519859,900.4595737600372,80.9
2485000,-1155401.064358905,300.3642388791985,903.0381581573439,80.9
2490000,-1157479.3958096653,299.6774733041937,903.3977794866919,80.9
2495000,-1156823.1203804594,300.8838706976637,904.8663388396418,80.9
2500000,-1155719.1645298796,300.4290857979144,903.2520468651737,80.9
2505000,-1158734.2943045842,299.7877130660108,901.0062733117612,80.9
2510000,-1157038.4111006204,299.91124848537595,901.3477871568047,80.9
2515000,-1154544.41284802,299.5069748490415,905.3359374377428,80.9
2520000,-1157279.9436341329,300.25554891795446,902.8852840733972,80.9
2525000,-1156661.010752663,300.48292097571635,902.2549791385591,80.9
2530000,-1155356.4977458827,300.7590505751919,901.124912215317,80.9
2535000,-1156347.138281349,298.3108754725374,903.8633709327872,80.9
2540000,-1155863.7234403212,300.46085670966266,901.5765721295649,80.8
2545000,-1156986.3655261956,302.529147142896,900.9996743603522,80.8
2550000,-1157830.0546803046,300.6860672034673,901.0335001748307,80.8
2555000,-1157718.386796452,301.13202231837255,899.5050206325056,80.8
2560000,-1154087.2569429781,301.535459878082,900.8133655500221,80.8
2565000,-1156294.936069103,299.80043774440037,904.9091114389207,80.8
2570000,-1158276.793720943,300.8548527211439,901.2126136268606,80.8
2575000,-1155327.527068465,299.42006366427194,902.9824214643492,80.8
2580000,-1156116.0450974554,302.47531196509414,902.1826469107752,80.8
2585000,-1157006.122282586,300.83531707707795,899.1074594875004,80.8
2590000,-1156440.1231917702,299.3111289976743,901.059622473813,80.8
2595000,-1156405.067227479,300.3693980837378,900.3300822047096,80.8
2600000,-1155813.55200502,299.4376620576216,903.1073048648078,80.8
2605000,-1156456.7821908668,300.8722064091399,903.3346404934169,80.8
2610000,-1156012.9473952753,300.6155104931663,902.9153935421391,80.8
2615000,-1155290.561445673,298.65433982849106,901.2234650475742,80.8
2620000,-1153805.7756348094,301.6469639508929,905.7003465740644,80.8
2625000,-1156423.343271467,299.52551127958014,904.074791692381,80.7
2630000,-1155516.8733740514,300.1220213633155,901.4498965878719,80.7
2635000,-1155344.9898106568,301.1839406375709,902.2805243065969,80.7
2640000,-1156481.21518353,300.62305557490373,900.8172943680152,80.7
2645000,-1155104.8952659909,298.2235972297374,902.1110030211718,80.8
2650000,-1155030.1184695438,300.58904153074707,902.8376449095355,80.8
2655000,-1154669.8750543874,300.77040898202364,903.0584957236601,80.7
2660000,-1156869.7906892495,301.2113680292919,901.1542987018955,80.7
2665000,-1154959.5190867465,300.75935645688395,903.5061331899954,80.7
2670000,-1155271.9395889472,300.8014865619365,903.3681277992191,80.7
2675000,-1154538.7330548214,300.3939297954407,902.8899494617151,80.7
2680000,-1155205.637526501,299.4702486538819,900.6029349713712,80.7
2685000,-1154732.799289736,299.5444147681492,902.3033679104536,80.7
2690000,-1155190.515498586,301.64547532665824,901.6778950471162,80.7
2695000,-1155259.2912348052,300.18368711243403,905.1581095075612,80.7
2700000,-1154993.5909470757,300.5205444238392,902.6666419621665,80.7
2705000,-1156398.6806062628,298.5999132794178,902.789922811532,80.7
2710000,-1157237.1192849912,299.7750291718468,898.7909466588782,80.7
2715000,-1155789.1318482421,300.34998479234866,900.9243795514617,80.7
2720000,-1155952.8565454558,301.6242675293424,901.9296002881332,80.7
2725000,-1155471.9320124667,300.1291178185712,903.1195333158623,80.7
2730000,-1156271.2633953998,299.62455577146795,905.4304105588081,80.7
2735000,-1156511.1355801374,300.7138820453316,902.7790272406874,80.7
2740000,-1155666.6386654656,300.8566268349579,900.8188144964605,80.7
2745000,-1155428.9068210432,301.3100454631493,904.5273473510406,80.7
2750000,-1156688.3698953446,300.38693530074903,903.8229970427242,80.7
2755000,-1156975.3934540926,299.7712158467525,902.1790072286068,80.7
2760000,-1155068.856576778,298.9991908481153,903.4421025923393,80.7
2765000,-1154676.8981473465,300.9154784725095,903.9600291053289,80.7
2770000,-1155608.445059482,299.1057396375149,902.8296186040702,80.7
2775000,-1154315.0879086815,300.1759788937942,901.411132954465,80.7
2780000,-1155408.62325479,301.6973324695182,902.9832335641694,80.7
2785000,-1154696.9623891013,300.3007378399276,903.8758033381123,80.7
2790000,-1155383.2812934201,298.8778985611586,902.5577304618865,80.7
2795000,-1157081.7726855837,299.64910787528373,902.3079697591147,80.7
2800000,-1154845.9897996886,300.12536566981527,904.1117545513201,80.7
2805000,-1158092.9471304305,298.7569325480067,900.915738066363,80.7
2810000,-1157358.7910325155,301.29367059656784,902.8564172546972,80.7
2815000,-1157076.326202223,300.7013408959573,900.7671352518163,80.7
2820000,-1157846.7998560136,300.9977810397855,901.7703966873811,80.7
2825000,-1155645.6672020238,298.13905153005305,903.6698476515212,80.7
2830000,-1154050.1496246522,301.4112719111071,905.2543200607352,80.8
2835000,-1156635.7470821515,300.71320910560905,900.8841463893681,80.8
2840000,-1156780.6723903231,299.5669480527974,902.564733352563,80.8
2845000,-1155695.5057908418,301.1659955783036,902.0448753630743,80.8
2850000,-1155121.080192186,297.64183064355916,903.1833225306607,80.8
2855000,-1156383.2844560267,299.66368823593837,901.9763765509607,80.8
2860000,-1155867.4884672062,299.402179781343,902.0021485130814,80.8
2865000,-1155652.4234638186,300.0240984376319,899.718560845508,80.8
2870000,-1157798.2429289753,300.29143903648907,900.3934512268314,80.8
2875000,-1155789.9916962683,300.46214141276926,899.0533088070042,80.8
2880000,-1155001.8277365752,300.8016089146133,903.6952023274429,80.8
2885000,-1158371.7781669116,301.66966037244345,902.7109099242822,80.8
2890000,-1155352.4401825378,299.54025477713725,902.6274885985677,80.8
2895000,-1155676.3905873038,301.07025460869,900.719880961842,80.8
2900000,-1155205.0324202767,300.39023882302325,903.473989956751,80.8
2905000,-1156264.1801686967,299.881210903216,901.6436802012986,80.8
2910000,-1156246.804457738,300.06577991620276,899.3587096738362,80.8
2915000,-1154379.5039895978,299.07994361481815,903.7891083103436,80.8
2920000,-1157617.6345965592,299.6143597150661,901.4687895494335,80.8
2925000,-1157665.4013222763,301.8126090831978,900.9243881548356,80.8
2930000,-1157128.324182679,300.390789410069,900.0803894576726,80.8
2935000,-1155997.6112307562,299.96441072345533,903.2630549754616,80.8
2940000,-1156734.5877031293,300.5814556647841,902.2857909912515,80.8
2945000,-1154669.6224915022,300.9881967467677,901.3424276264675,80.8
2950000,-1155770.8632877376,300.3997415475898,900.869023952111,80.8
2955000,-1155265.0262287054,300.73627258519014,904.9185449023001,80.8
2960000,-1156910.766838654,301.19568649454584,901.2366425262762,80.8
2965000,-1157187.4425168913,301.99273261559335,897.8047980575217,80.8
2970000,-1156642.3429799462,300.1794455529709,900.3467462191601,80.8
2975000,-1155440.9846704146,300.8349704111603,902.3661441807569,80.8
2980000,-1156360.9538920969,301.27152476206305,900.7033213369068,80.8
2985000,-1156935.2995273164,300.4796174534421,898.9727091487174,80.8
2990000,-1155135.191930877,300.76547409072515,901.8260869579459,80.8
2995000,-1155413.932423544,300.34225618159604,904.6543342449656,80.8
3000000,-1154345.512766691,299.28631179639217,902.5227994590848,80.9
3005000,-1154092.654933096,300.8947396937881,903.3692332751968,80.8
3010000,-1155506.1859848062,300.154077764643,903.0380777632607,80.8
3015000,-1157268.499263537,300.4159532772688,900.6783033748608,80.9
3020000,-1156072.0941669857,300.7622929211277,903.5479476616586,80.9
3025000,-1155690.6106673367,302.01779452222917,903.4308523191033,80.9
3030000,-1155854.5320213735,300.66963116054745,902.2918324797705,80.9
3035000,-1155708.4211843768,299.81844398000607,902.2290175473184,80.9
3040000,-1155451.4845819203,298.9504129142887,903.7418029638274,80.9
3045000,-1155917.5811570436,300.0902300594544,903.1648771171607,80.9
3050000,-1156483.9976653755,301.2481146165643,903.4603433270233,80.9
3055000,-1154415.7694606585,300.87355228858496,902.8248722048951,80.9
3060000,-1155085.695010499,298.96191406591004,900.9730345298232,80.9
3065000,-1156432.5866114292,300.30108450584527,899.9114680692323,80.9
3070000,-1155416.208088885,299.3208560354817,904.2135800186962,80.9
3075000,-1159070.2239851253,300.5731560748729,898.7314370266921,80.9
3080000,-1156856.3173624286,299.80998125319246,900.9722578847426,80.9
3085000,-1155766.2798040211,301.0980082742159,902.779073649016,80.9
3090000,-1156449.541247719,299.81764868760666,902.8339693183336,80.9
3095000,-1155250.303195539,299.0050637766028,901.9376403599942,80.9
3100000,-1154540.605727489,301.43105226052677,905.6703677095367,80.9
3105000,-1155730.0738760633,300.7328467102391,903.2899572446461,80.9
3110000,-1156375.983863269,300.84467705685483,902.786010165692,80.9
3115000,-1156207.4756527506,298.12673469391956,901.7474443608061,80.9
3120000,-1157480.8824817054,299.00314691799923,902.6202787360601,80.8
3125000,-1156871.8802708937,302.37220944275833,902.3966251341877,80.8
3130000,-1158320.997798876,300.3464977410592,900.7295999250579,80.8
3135000,-1154995.296347524,300.71182244193847,902.5136059452091,80.8
3140000,-1157069.050612526,300.6796640800469,901.5820096498734,80.8
3145000,-1157616.0208005821,302.1798710347934,900.4432425515417,80.8
3150000,-1157421.9300983585,301.11911411096776,901.4584109132535,80.8
3155000,-1156572.9049342377,300.0289313683664,900.2781988814485,80.7
3160000,-1157874.757406475,300.5083907246082,902.0081255691262,80.7
3165000,-1155605.0589766754,299.85594507545215,898.9677854659218,80.8
3170000,-1156009.4650566569,300.48487861854545,900.4293195575868,80.8
3175000,-1156843.556976311,298.95522545291044,899.8655160287016,80.8
3180000,-1156388.0095546404,302.1745690854644,900.1135413378665,80.8
3185000,-1155822.1805916084,301.0722530357448,900.9094145415808,80.7
3190000,-1154055.32049362,301.4703478618996,903.7808179944318,80.7
3195000,-1155917.649723731,299.34724342944975,903.3534853074015,80.7
3200000,-1155346.6115617566,301.05414483957503,901.8976451876615,80.7
3205000,-1157749.2769433316,300.62766419239733,902.8538257553924,80.7
3210000,-1156475.0910347272,301.16201911630685,901.1208681677698,80.7
3215000,-1157567.3145248238,299.6522278685427,900.815866588681,80.7
3220000,-1156923.2437812472,301.9078198578785,900.5141956159628,80.7
3225000,-1156394.4263516683,300.7952873596442,901.831965587472,80.7
3230000,-1158953.4755205577,302.32555228866335,899.6439789679628,80.7
3235000,-1156261.3262529792,299.98720910556995,903.1313821721078,80.7
3240000,-1155990.5458362,301.04847583221556,903.2097668519611,80.7
3245000,-1156580.2434945684,300.1731443901145,902.4019374968196,80.7
3250000,-1156950.9713242864,299.9471589960233,900.7470831894644,80.7
3255000,-1157354.2565580755,299.69733522206457,900.6167449790471,80.7
3260000,-1154507.655943647,299.22219899373715,903.7820739681727,80.7
3265000,-1155745.1805237522,300.2789182792276,901.1620574371747,80.7
3270000,-1156492.623952886,300.02006079929674,902.1954952733968,80.7
3275000,-1156997.8559652306,299.9549283910016,900.1406996574282,80.7
3280000,-1158646.2819963535,301.95433426718387,900.3465184932787,80.7
3285000,-1155235.8698772388,300.4918323290116,900.950262623818,80.7
3290000,-1157316.6824021293,298.8977400869166,901.6309894774485,80.7
3295000,-1156563.98544282,299.58281311655867,900.5847007004015,80.7
3300000,-1154328.126269238,301.43947420311474,904.6871313738679,80.7
3305000,-1157413.3190743215,303.0522048363123,901.6309964891426,80.7
3310000,-1154744.9087633304,298.952982320502,902.4506701252704,80.7
3315000,-1157162.1781476615,299.82213495242354,902.5155270533859,80.7
3320000,-1155301.5909469416,301.3400422610836,903.0429934088917,80.7
3325000,-1158189.8505100217,300.39613214362356,901.4651000235466,80.7
3330000,-1157129.379140012,302.1790145660556,900.4991423920301,80.7
3335000,-1155223.4562972635,299.0297790173209,902.2525877054973,80.7
3340000,-1156320.4507688582,299.71850223515486,901.6535206090819,80.7
3345000,-1155542.5955248764,301.4306852024963,903.1420460594089,80.7
3350000,-1156382.5731178485,299.8267435699172,901.2029008289202,80.7
3355000,-1157208.6367442822,300.2769198521728,901.7473034678491,80.7
3360000,-1155709.0676009832,301.3527261552475,901.4659378671723,80.7
3365000,-1155842.0515966695,300.62073087404406,904.9603280302457,80.7
3370000,-1156803.8555061938,299.4888870449846,902.8183675507402,80.7
3375000,-1157343.1917834943,299.57863273343395,902.7487199141538,80.7
3380000,-1156764.3521110835,299.0736628440746,902.2789048107094,80.7
3385000,-1156820.955797593,300.43689597711824,901.7027734417729,80.7
3390000,-1156351.0528403716,299.0083061225386,900.1269792258404,80.7
3395000,-1157376.6921233926,301.9956894719499,901.1256405047325,80.7
3400000,-1156444.862853068,302.0037647486202,902.0605339670047,80.7
3405000,-1156019.6983408388,299.77755779383455,902.8863430523444,80.7
3410000,-1156886.4010755783,301.8575125155916,901.0994963416689,80.7
3415000,-1157379.216504407,300.6968138469149,901.6629172382804,80.7
3420000,-1158049.9511351194,299.68768975270837,902.8228026134296,80.7
3425000,-1155406.1153756054,300.5692815734402,903.7113747415308,80.7
3430000,-1154528.985048592,299.97515736690286,902.6496073981243,80.7
3435000,-1156114.8820986627,302.04389642661795,902.5395704711123,80.7
3440000,-1154959.5676975101,297.27932005424685,901.2754259927187,80.7
3445000,-1158570.773687303,300.7089063698075,902.1163764530312,80.7
3450000,-1155787.882992628,299.7697272225179,903.2426437921554,80.6
3455000,-1155528.9443846773,300.5765615577111,901.01895100122,80.6
3460000,-1154448.472439629,299.4091946681475,904.2522331909748,80.6
3465000,-1156037.762464217,300.80372969434495,901.8548935074147,80.6
3470000,-1157426.966888478,300.64740375759135,901.4211181224912,80.6
3475000,-1156496.6673255032,300.0458772141063,901.2651362744099,80.6
3480000,-1158506.0911069745,300.9168243519546,901.6000295228145,80.6
3485000,-1157574.2654519957,301.3392877529099,903.0484974905635,80.6
3490000,-1157293.6919786688,300.53608321379573,901.6777897896213,80.6
3495000,-1155507.9836257454,299.68304035098913,903.8920998819042,80.6
3500000,-1156840.8469486684,299.4645796465225,901.54797471065,80.6
3505000,-1154875.7940477757,299.8278447440086,903.5188993330854,80.6
3510000,-1156771.0655762404,300.20479294918596,901.7162457689675,80.6
3515000,-1156064.7560549453,300.2707614341061,902.6629462991787,80.6
3520000,-1156238.4000608549,298.56963099190426,902.0608135593699,80.6
3525000,-1156810.0937359724,300.4650574849002,901.9703857160907,80.6
3530000,-1155516.469703014,301.48815017637725,901.2008285929435,80.6
3535000,-1155756.5625762548,299.94269312331926,901.2086011087196,80.6
3540000,-1157647.6436170852,299.2600059708753,901.8463148597971,80.6
3545000,-1157087.2269049753,299.6296130154433,901.3273008410891,80.6
3550000,-1155742.7681574542,301.41418798323804,902.9501352930064,80.6
3555000,-1156963.8722109813,299.81295850166185,900.0133862645712,80.6
3560000,-1157945.493290388,298.155365220296,899.5950465750229,80.6
3565000,-1153739.5063886214,301.7636272282432,902.6699716881318,80.5
3570000,-1154533.2694654698,298.7930265876694,901.8985732714143,80.5
3575000,-1156834.0204119077,301.4709188410581,901.357203643069,80.5
3580000,-1156093.697932152,301.37358728664583,902.0683185538762,80.5
3585000,-1155940.911658762,300.04913995215486,903.1621567736156,80.5
3590000,-1153950.6684954688,298.68327623655955,904.5723543970103,80.6
3595000,-1156180.8866734728,301.5843601645854,901.6702342683059,80.6
3600000,-1155031.2624084791,298.9463752759536,903.788425436117,80.6
3605000,-1157612.8043785691,300.8118457552408,903.9156838006849,80.5
3610000,-1157096.625630823,297.7364500469685,901.2484859799282,80.5
3615000,-1157260.9109169813,300.4191752310918,902.1445688475144,80.5
3620000,-1155004.9632368144,300.37496513053327,902.6027841052093,80.5
3625000,-1156079.0217183167,301.27919219647725,903.5701308389945,80.5
3630000,-1156896.9915540516,301.75157548957617,902.3032384900564,80.5
3635000,-1157162.3872119058,298.4639182791296,903.8002776009095,80.5
3640000,-1156394.967451389,301.16140735292277,903.2233845213569,80.5
3645000,-1156049.302335824,302.38415922086136,902.00135344677,80.5
3650000,-1157229.6935308715,298.58302861001636,901.7416912752757,80.5
3655000,-1155686.0695884293,299.4346440249266,902.7370912589539,80.5
3660000,-1155398.4749689754,299.782288764005,902.6517184836066,80.5
3665000,-1157016.3081149422,300.9641340536592,902.3586007305368,80.5
3670000,-1155896.1886247667,299.56127904543797,900.1499870640247,80.5
3675000,-1156573.7836472197,300.2545904886527,899.0891437074516,80.5
3680000,-1157138.5701274788,301.67969329194295,901.8744574951326,80.5
3685000,-1157117.3203888554,301.52410147125033,899.7984637520885,80.5
3690000,-1156926.1833138755,301.2218903594987,902.8249038072701,80.5
3695000,-1154873.070594783,300.9586281832022,902.7050945699674,80.5
3700000,-1156180.217694492,300.4850009712223,902.0211769608624,80.5
3705000,-1157861.5432132026,299.82029966227117,901.5043077016699,80.5
3710000,-1156350.0081007965,298.9127894661658,900.9388757585095,80.5
3715000,-1156686.3390974225,299.51900619559575,902.8497487716243,80.5
3720000,-1157153.8916842788,298.2359140658709,902.0185029841999,80.5
3725000,-1158068.558700583,301.9377350873616,900.1841502365215,80.5
3730000,-1156498.733608406,298.9152161275894,901.8680704406542,80.5
3735000,-1156689.9126993949,300.3203142682192,901.3469586029798,80.5
3740000,-1154500.0240032217,300.995333986249,901.361366624159,80.5
3745000,-1156296.776521,300.0972653383717,901.4715343419091,80.5
3750000,-1158202.145391374,300.7914536424371,900.6281668141547,80.5
3755000,-1157509.016729327,301.9246841351672,899.4966694977345,80.5
3760000,-1153295.047907834,300.7294004431753,901.9101807406802,80.5
3765000,-1154414.5985385226,298.26919399396655,905.2330176884005,80.5
3770000,-1155718.6522824913,301.05969149425766,902.1217237340583,80.5
3775000,-1156643.4010095568,300.6597613779505,902.425908633098,80.5
3780000,-1156227.342010592,300.3247801409232,899.014891614173,80.5
3785000,-1159281.2440432068,299.1014776859389,900.1774372584457,80.5
3790000,-1155880.7379923677,300.3539816464582,902.5271274197697,80.5
3795000,-1155910.107122262,299.8707497493477,903.3705558907426,80.5
3800000,-1156643.894265077,297.86748976384547,897.7758389883868,80.5
3805000,-1155760.3238925748,299.3412073640598,902.446383646208,80.5
3810000,-1156499.4642595667,299.46735297386385,902.6061671351631,80.6
3815000,-1156845.0236931322,300.77999327504136,900.299078512797,80.6
3820000,-1156817.374469772,301.0121166950865,898.8042011792064,80.6
3825000,-1156147.6689208886,300.9178031733691,902.5328348264978,80.6
3830000,-1155188.305012079,302.3017546930214,902.184685999151,80.6
3835000,-1156115.9072464984,299.736773568227,902.9645279304319,80.6
3840000,-1155087.161331309,297.59884406976886,905.6565763983459,80.6
3845000,-1154381.911908593,299.9710177680037,903.8391032080041,80.6
3850000,-1155244.7636300623,299.7718480022495,901.3617520377471,80.6
3855000,-1156906.7532608733,302.4900962468768,903.0869299586287,80.6
3860000,-1156212.2171819787,300.8137830059572,901.1306853817811,80.6
3865000,-1154722.406775115,300.4402606757309,902.1192795947558,80.6
3870000,-1156211.455227146,300.58949015722874,901.2241656276444,80.6
3875000,-1155666.7621363243,300.1784667315563,901.259686319935,80.6
3880000,-1155034.863567397,300.5942619116248,901.8343626519663,80.6
3885000,-1154635.6381270848,299.9987714335296,906.1346084220654,80.6
3890000,-1156979.8710860927,301.8810042295416,902.6744751393239,80.6
3895000,-1157848.7514895238,301.3787057069595,901.2589372043326,80.6
3900000,-1157640.678876035,298.70399462316817,898.8159356498297,80.6
3905000,-1157141.272892435,300.52085030553127,901.1552131121271,80.6
3910000,-1156308.2914362848,302.3373389298639,901.2435213710011,80.6
3915000,-1157382.2270633085,299.3217125042195,900.711580616688,80.6
3920000,-1156590.133778845,299.9297849159145,901.600074230887,80.6
3925000,-1156476.5097442772,300.12528410136406,899.9306195002274,80.6
3930000,-1156304.106996525,300.7843571871814,900.217363398176,80.6
3935000,-1155113.3406693647,299.64394867074435,903.6713796305647,80.6
3940000,-1156956.5951502332,301.4019527155558,903.1651237103139,80.6
3945000,-1156422.0096025197,300.15593344690814,901.399400226421,80.6
3950000,-1156352.1730538793,300.9278157007558,898.3709573052762,80.6
3955000,-1157519.691016405,299.93192608775894,901.1481377310622,80.6
3960000,-1156440.4598480975,302.70763930626725,899.5701933927985,80.6
3965000,-1154539.7422254449,300.7666568332677,903.407416777527,80.6
3970000,-1156083.9319932219,300.3342216891514,901.9235282708155,80.6
3975000,-1156403.6490936885,300.10444336207865,904.2018075897764,80.6
3980000,-1157744.7698511444,301.59790052748707,902.2506614550463,80.6
3985000,-1155091.140783633,300.99667986569403,901.7325725025302,80.6
3990000,-1155531.808503178,300.87905815904196,902.9611519287637,80.6
3995000,-1157788.1145155951,298.81243987905856,900.7848632358317,80.6
4000000,-1154562.3132249145,298.29859942062956,901.2508230089496,80.5
4005000,-1156410.895090729,298.5932654506438,901.8249046103322,80.5
4010000,-1155568.5170783047,300.8828103077979,901.137282613833,80.5
4015000,-1156848.2268396644,300.2121137176825,902.4274335282993,80.5
4020000,-1155133.1931728646,301.0357103696004,903.9425692925537,80.5
4025000,-1156397.0923518976,300.4981742760935,902.3893811566242,80.5
4030000,-1156003.786200584,299.50387524789534,900.4538378912239,80.5
4035000,-1155788.0308693862,301.24695226613454,900.9736337884978,80.5
4040000,-1155243.277842746,299.39675547933723,899.1099028293298,80.5
4045000,-1156943.999606844,299.0959514233691,900.5268178833697,80.5
4050000,-1155563.2999936566,301.1020663046639,902.0252582214661,80.5
4055000,-1155602.8760660663,298.91391103237004,900.4972569077268,80.5
4060000,-1154499.9420350539,300.62982575635453,903.9906405850544,80.5
4065000,-1156952.815129361,300.15693266043553,902.9955542574064,80.5
4070000,-1154657.5386938332,300.82157279304823,902.7258327073272,80.5
4075000,-1155883.4703555647,299.05918444398395,903.2294397539035,80.5
4080000,-1157311.4287998034,300.55702591364513,901.5491782052983,80.5
4085000,-1156480.3153337827,300.178079281413,901.157055481727,80.5
4090000,-1156842.5448329207,299.8156910447775,900.563452072229,80.5
4095000,-1157338.602131484,300.3591408509975,900.3441986577762,80.5
4100000,-1158659.1123162284,300.9289984432984,900.4940411437581,80.5
4105000,-1156869.1447254382,299.48162745282644,901.6178384845208,80.5
4110000,-1157334.7100440552,300.2323630856966,900.1192138096484,80.5
4115000,-1155634.379098352,298.4945472325609,898.7105650122428,80.5
4120000,-1156726.8942150762,300.8790173748164,900.1625171671803,80.5
4125000,-1156717.359584122,302.15446246223985,902.4044603448684,80.5
4130000,-1156870.8957194695,301.1607955895386,901.5506301873285,80.5
4135000,-1157306.1181753343,299.5991268068017,899.5113250106733,80.5
4140000,-1157180.9503479376,300.8067885112655,900.3265163849163,80.5
4145000,-1158972.9648487447,299.34642774493756,901.1304487432811,80.5
4150000,-1156283.4043436497,299.5986170039816,900.7571510429467,80.5
4155000,-1158964.8711195812,300.72077457945926,901.7484803167335,80.5
4160000,-1155307.5736141289,300.1396401487779,902.3268016373754,80.5
4165000,-1156812.3709988268,301.0531660181605,899.6438369716237,80.5
4170000,-1156709.6510659745,299.62055891735844,900.9103299689807,80.5
4175000,-1155525.081768551,299.9465268405264,901.4244055818243,80.5
4180000,-1156043.0649982234,301.10406473171855,900.9115242641873,80.5
4185000,-1155090.1579194637,300.196472967162,902.2645966212198,80.5
4190000,-1157472.470584182,301.2089821520939,901.6099439679049,80.5
4195000,-1158134.6391069423,298.6054191498748,899.197379775443,80.5
4200000,-1156547.0250103027,299.6806544737911,901.7817900288653,80.5
4205000,-1156964.203744593,301.5792213521588,899.3000529349862,80.5
4210000,-1157783.7219277546,301.6719646811903,898.2363475941589,80.5
4215000,-1154592.102654594,300.9680493393176,902.5711310033581,80.5
4220000,-1155497.0169874644,300.0141878708092,902.3335754144266,80.5
4225000,-1155111.7914067414,300.6693456709682,902.5615097843953,80.5
4230000,-1154510.5606338484,301.2438322728755,902.3511498922195,80.5
4235000,-1156980.406500616,303.2196444745439,902.2106146533197,80.5
4240000,-1156978.945240126,300.13694838988783,901.3473522609736,80.5
4245000,-1156039.864136611,300.2839755232029,902.1151073014894,80.5
4250000,-1156655.2208934836,300.3525745906747,900.2272407388003,80.5
4255000,-1156131.5693397913,300.8928432272973,902.8255982808977,80.5
4260000,-1155217.3778679175,299.7319610296053,901.0036929840917,80.5
4265000,-1157325.6900761845,301.54220966742,899.8256271758229,80.5
4270000,-1156021.3209013576,300.68563896909836,901.9750047740182,80.5
4275000,-1157267.9627016755,300.82559003927054,902.3394069749074,80.5
4280000,-1156684.2513526762,299.65928353957275,901.7218010779725,80.5
4285000,-1157704.0511592394,300.2299772084986,901.4207810015836,80.5
4290000,-1155154.6306943726,300.9818751917985,904.0052497510106,80.5
4295000,-1154933.9591954742,301.55776884948926,903.0156875693588,80.5
4300000,-1156014.1363625415,299.8481756804739,903.9671352125087,80.5
4305000,-1155834.2328076297,301.59959307284976,904.1755207116074,80.5
4310000,-1156559.6742460476,300.8426786298001,902.250352119761,80.5
4315000,-1155820.7569628023,300.5817003701377,900.5562301527201,80.5
4320000,-1156217.2013881356,298.150797387028,903.2458855395203,80.5
4325000,-1156463.8118592585,299.50307995549605,903.8270507746751,80.5
4330000,-1156266.079770985,298.4023544905751,903.6233903047441,80.5
4335000,-1156642.7312808074,298.8351363006091,901.8060334299444,80.5
4340000,-1156589.848158652,301.23355464802245,901.4448717428587,80.5
4345000,-1157083.2836645907,300.57533803094293,901.3722593863482,80.5
4350000,-1156804.2695021294,299.76189665120125,904.1823872240852,80.5
4355000,-1156022.5561947636,300.77128584287414,901.7888618526902,80.5
4360000,-1155776.306628461,301.9910400702306,902.2792839529119,80.5
4365000,-1158942.7101359218,302.2415367839119,902.9111094207442,80.5
4370000,-1159070.5526141366,301.3333128638584,901.8152960908408,80.5
4375000,-1157640.3776807943,300.4241916908415,902.109531787251,80.5
4380000,-1156681.943049483,301.4912497775235,900.6703141382194,80.5
4385000,-1156110.6010766756,299.8291702313408,902.3644942704935,80.5
4390000,-1154311.8088505482,301.2360424857845,902.6579251291396,80.5
4395000,-1155052.8206704408,300.94678036566324,901.8620149950667,80.5
4400000,-1155976.5272607692,300.97957088305174,899.479867915455,80.5
4405000,-1156308.586289552,299.4981654563103,901.6166381575057,80.5
4410000,-1155154.322280717,297.81657065817444,902.0407409336647,80.5
4415000,-1156860.973337504,300.333426396752,901.9555627340874,80.5
4420000,-1156331.394855029,297.88649521297856,902.1098871387449,80.5
4425000,-1157535.4185610898,301.51415012020203,901.7460411920562,80.5
4430000,-1156564.773674163,299.7550245091864,901.956218457691,80.5
4435000,-1157510.1186985886,301.3458744053455,900.7642704290722,80.5
4440000,-1156794.015794592,300.41848189925645,900.9911744952512,80.5
4445000,-1157111.6866430156,300.7094569568532,901.2334274305059,80.5
4450000,-1156084.6826181319,300.84178137683676,901.0042710286034,80.5
4455000,-1156136.8869528994,298.9097102571324,901.4790204103161,80.5
4460000,-1156154.2382356934,300.65152296437776,905.2029163231601,80.5
4465000,-1158916.3460060218,298.95024977738626,898.954639095508,80.5
4470000,-1155915.9259628868,300.596423475582,900.238091763252,80.5
4475000,-1154039.9948362801,301.58423781190857,903.6202841364391,80.5
4480000,-1157088.8016061038,298.7719819272559,903.1020531676766,80.5
4485000,-1157385.2604145734,301.7843863990774,901.7404424757187,80.5
4490000,-1157925.8369181734,299.05577896114573,902.6183120369568,80.5
4495000,-1155522.555283052,300.8605421206162,904.1243167409891,80.5
4500000,-1156812.7471213052,300.8481641081443,902.792265622005,80.5
4505000,-1157877.492616714,299.5415802644695,900.5284549010194,80.5
4510000,-1156007.0264614346,300.95491681867196,902.2543773962288,80.5
4515000,-1158487.7543519242,301.4982850564407,901.0898370218113,80.5
4520000,-1155500.6508241137,300.8948824385777,900.5082081634274,80.5
4525000,-1155425.8030435117,299.52901872298236,902.950766121714,80.5
4530000,-1156500.4214760745,300.53877497268576,903.8926381053403,80.5
4535000,-1157664.5944812577,301.6671521425686,903.1321693123606,80.5
4540000,-1155226.8341629412,301.74217472557365,902.6346469444541,80.5
4545000,-1157072.998119574,301.5860934941737,900.4601448575247,80.5
4550000,-1155044.9841501238,301.7546546986095,902.4705327259703,80.5
4555000,-1156565.243573252,299.8285788600695,904.1632412222401,80.5
4560000,-1155263.5273920828,299.9555809386113,903.1511610660326,80.5
4565000,-1156450.2499655643,300.9368901909534,902.4575375877926,80.5
4570000,-1157730.9972668178,301.8741116954139,901.2154890525541,80.5
4575000,-1156400.96967303,300.90777025386967,900.5935264899515,80.5
4580000,-1157093.5813035192,299.2094131390092,900.7475795101918,80.5
4585000,-1156240.3339707786,300.5068205319223,902.0760763971651,80.5
4590000,-1156126.9841286521,300.6143685348493,900.6030933604061,80.5
4595000,-1155178.235562779,301.4649235598938,903.9030405520983,80.5
4600000,-1158503.7031025793,301.19236258015883,901.3949691296667,80.5
4605000,-1156950.1078361338,298.88572913247526,903.4377775655124,80.5
4610000,-1156600.0710549597,301.17867947246754,901.593048952175,80.5
4615000,-1156135.3560885107,300.62884693494,902.0856974635891,80.5
4620000,-1155930.385875971,300.2369105268519,900.1649417428862,80.5
4625000,-1157474.5829192242,299.8514180264097,900.8718279327969,80.5
4630000,-1157231.2995368633,299.63738241042154,901.0501369798034,80.5
4635000,-1157190.9066593759,300.2594234193872,899.3392983343251,80.5
4640000,-1154812.2491678111,299.43346128238403,903.6704485134741,80.5
4645000,-1155466.2025868213,300.51509972972065,900.711149677656,80.5
4650000,-1156774.5780751947,299.201847665159,901.1527879146511,80.5
4655000,-1154887.2933152188,299.162042260966,904.1633986222686,80.5
4660000,-1155683.3690665253,300.63439358962256,901.07610708821,80.5
4665000,-1156840.665149697,300.3056319470005,903.7304399215392,80.5
4670000,-1155812.077088558,301.21866840567566,901.7109812438727,80.5
4675000,-1156353.8614674527,300.0177564905499,900.846393478747,80.5
4680000,-1157001.934662016,301.0465385814992,902.441458413996,80.5
4685000,-1155613.371525351,300.7586631250486,903.8369383791778,80.5
4690000,-1158053.052353126,301.32650189818196,905.2951827201526,80.5
4695000,-1155454.9095460987,299.9064155546414,901.577370302999,80.5
4700000,-1156570.2203212464,299.2222397779627,901.9989958286951,80.5
4705000,-1156019.7202615375,299.57006804605635,902.8529471365138,80.5
4710000,-1156077.4546877733,300.0378427216616,902.4855874023116,80.5
4715000,-1157550.1536665717,301.9836377332829,902.0932470799407,80.5
4720000,-1154970.9372564843,300.6573551086396,901.050573976351,80.5
4725000,-1155262.7811323954,301.17123635129417,902.727563979968,80.5
4730000,-1158071.781163942,302.03573958149644,899.721741037038,80.5
4735000,-1156924.3008630443,301.94311860514176,900.6423716727681,80.5
4740000,-1153292.2452707542,300.5906321155457,905.1449274967107,80.5
4745000,-1156625.1672558505,300.63720770118954,903.6337925061272,80.5
4750000,-1157256.7063682564,299.6048773826123,902.2207664050571,80.5
4755000,-1157607.8499395298,301.1212348906994,900.2037618022903,80.5
4760000,-1157086.5162196811,302.62390929109506,900.760298047874,80.5
4765000,-1156506.4064531513,302.0361474237525,899.4002053563113,80.5
4770000,-1156240.085035788,300.96131994209236,903.2463497157005,80.5
4775000,-1158013.3153727641,300.71794007577955,901.8692878658296,80.5
4780000,-1157437.5844514603,300.974860304994,901.6763347684847,80.5
4785000,-1157406.7177341394,299.86487682086016,899.69727730726,80.5
4790000,-1156059.9286213703,299.79678755620847,898.5780936790051,80.5
4795000,-1155998.5948760165,301.8908740121386,902.2210856858683,80.5
4800000,-1156327.7359946016,299.3243634788839,900.5001078413928,80.5
4805000,-1155532.2189282356,299.73000338677616,902.6402482754636,80.5
4810000,-1156090.9621421695,302.5349792871579,902.6884441179825,80.5
4815000,-1154574.5298792152,301.23330994266877,901.7951804971397,80.5
4820000,-1156216.3210077854,300.23050740343143,901.3695783946744,80.5
4825000,-1156031.346653617,297.83212984024374,900.5539055653758,80.5
4830000,-1156469.0786056137,298.70460638655226,901.1650493649537,80.5
4835000,-1159013.3756316286,299.4224699335828,899.5336291583939,80.5
4840000,-1159130.1088377098,299.42147072005537,901.6397154336707,80.5
4845000,-1157635.6529560722,300.49346369803584,900.273803684632,80.5
4850000,-1155025.9283205252,299.6335486932144,903.1560972012662,80.5
4855000,-1154143.839483725,300.4003737030867,902.1765430622837,80.5
4860000,-1155633.1765626213,301.31752936854826,902.7162236050502,80.5
4865000,-1156285.0913163153,300.2184352726516,902.3712699252277,80.5
4870000,-1155197.36346199,300.1818518222817,903.5946588984662,80.5
4875000,-1159026.574593179,300.3098123301253,899.3990089164791,80.5
4880000,-1155806.3267964898,300.20273334579275,900.0899638994119,80.5
4885000,-1157082.1287928503,301.08822006007006,900.3507539622634,80.5
4890000,-1156348.3873075796,300.50563778937965,900.250933330556,80.5
4895000,-1156326.3395727556,301.4135354356283,899.6251212290289,80.5
4900000,-1158231.3497597696,300.91776238914355,898.6757954690977,80.5
4905000,-1153977.7581566703,299.06428247218486,902.5594535912579,80.5
4910000,-1156564.5109904753,299.1682210711456,902.7087853227841,80.5
4915000,-1159317.3480226258,301.72520848772086,901.0692838230902,80.5
4920000,-1156934.9714713143,301.5427398623529,903.1832236772273,80.5
4925000,-1158658.433040563,300.2479018756531,902.4363989051075,80.5
4930000,-1156803.3050191924,301.28796080498284,899.7755757220515,80.5
4935000,-1156906.2400857573,301.3873723549012,901.6634839089055,80.5
4940000,-1156012.5320238722,298.2334466202216,901.2702134070597,80.5
4945000,-1156188.6270357864,300.9134392612291,901.0989993411946,80.5
4950000,-1155773.6861938639,299.6670121503254,899.9475157934406,80.5
4955000,-1158111.287639088,299.7202355647431,901.6516151624269,80.5
4960000,-1158310.8555319896,299.03039078070503,901.71316919935,80.5
4965000,-1157738.6991007896,299.760877045561,900.8849000562074,80.5
4970000,-1158427.823915544,300.2531834328692,898.6539472042328,80.5
4975000,-1157347.4045448974,300.6256045890042,902.3145945364257,80.5
4980000,-1156559.9450557586,299.5624413958677,899.0521038243301,80.5
4985000,-1157682.412182887,298.9834889212564,900.5205858455334,80.5
4990000,-1156306.5087566292,299.736773568227,901.2713634352396,80.5
4995000,-1155930.6398507524,301.26830280824004,898.9153275965582,80.5
5000000,-1156203.4946423024,301.1631406825111,900.8457517321044,80.5
5005000,-1157641.4630588135,300.1832996622908,901.6199013751603,80.5
5010000,-1155451.7701202547,299.9839463675213,903.1068105535959,80.5
5015000,-1154863.3514694283,300.1739396825139,903.06619013092,80.5
5020000,-1155608.9645464998,299.8934257787854,904.0132537007831,80.5
5025000,-1156931.1302216202,300.67497389410204,902.0932482032246,80.5
5030000,-1157188.6520786546,301.10243336269434,901.3273922816176,80.5
5035000,-1154057.2291173432,300.3966215543308,904.8231834406431,80.5
5040000,-1155183.8933009487,300.3878121615996,902.5007443550356,80.5
5045000,-1155561.6092302287,298.5643902189137,902.8437591106091,80.5
5050000,-1157342.8231276367,299.11860706069405,902.1689962778007,80.5
Done.
