#"Step","Time (ps)","Potential Energy (kJ/mole)","Temperature (K)","Box Volume (nm^3)","Speed (ns/day)"
55000,109.99999999992504,-516096.0871431534,299.66100700789025,399.89994974411474,--
60000,119.99999999990173,-517106.72518019145,300.1975090627783,400.8419883185895,176
65000,129.99999999989262,-515599.0801357301,300.1872703006441,400.72246578755363,176
70000,139.99999999994037,-516502.1007116698,300.15823398851643,400.4908890224267,175
75000,149.99999999998812,-515447.510266487,300.5938013727871,401.35480094922656,175
80000,160.00000000003587,-516887.21703990176,297.92550277261705,400.34758876920677,175
85000,170.00000000008362,-516965.3448768207,299.9132301726586,400.3295765584148,175
90000,180.00000000013137,-517319.2163460292,303.42669204717583,399.77892190944203,175
95000,190.0000000001791,-515769.96561818477,297.60821465823335,402.30922758839966,175
100000,200.00000000022686,-516378.2989559672,298.3491287181236,400.5634782018793,175
105000,210.0000000002746,-516540.64618433453,300.7403450747295,401.2858301594587,175
110000,220.00000000032236,-518135.08537878655,300.6377304298372,401.0781910295732,175
115000,230.0000000003701,-517023.9409256438,299.08266451261795,399.50488900929975,175
120000,240.00000000041786,-516540.5653348169,301.7058308309194,400.615695685838,176
125000,250.0000000004656,-517857.5534369098,300.7119671308986,400.56227676679174,175
130000,260.00000000051335,-516303.38150918065,300.18524979104336,402.15267280405277,175
135000,270.0000000005611,-517299.7068311572,297.69307606146504,400.641878626518,175
140000,280.00000000060885,-517279.4634098513,299.70904519120705,400.04091809668745,176
145000,290.0000000006566,-515499.93568206765,300.12436207476,401.8678436002763,176
150000,300.00000000070435,-517021.04068161035,298.4770337865579,400.4639677810212,175
155000,310.0000000007521,-516250.94778708834,300.3956552177827,400.8859866261998,175
160000,320.00000000079984,-516950.45165068004,299.1414409098804,400.1411277210056,176
165000,330.0000000008476,-517495.2801205707,298.2641083984065,400.00627546436044,176
170000,340.00000000089534,-516159.88567301957,298.2114162323014,402.20453091395143,176
175000,350.0000000009431,-516230.31344538135,300.8468872270479,402.4105464368337,176
180000,360.00000000099084,-517290.7799805384,298.5769695535526,400.0827563959043,176
185000,370.0000000010386,-517227.8649666994,298.4205730295121,400.96009417599754,175
190000,380.00000000108633,-516294.5558722052,301.6542510802125,400.8954194960558,175
195000,390.0000000011341,-517069.5964071993,296.9010362979691,399.9016944804297,176
200000,400.00000000118183,-517403.661332997,298.9477898211788,398.97519053565037,176
205000,410.0000000012296,-515519.9904020401,300.03834285141994,401.62214891092304,176
210000,420.00000000127733,-516790.13933585817,300.9114073201417,400.5166837833781,176
215000,430.0000000013251,-517413.87230423326,300.66149979558986,400.76570534475144,176
220000,440.0000000013728,-515977.85686894134,303.5590013724927,400.5979915056646,175
225000,450.0000000014206,-516933.47714663856,300.1526038044604,400.70951067204095,175
230000,460.0000000014683,-517599.4046363747,299.4384785235464,400.3925758892818,175
235000,470.00000000151607,-517482.64156612474,298.77765837232425,399.65948221201063,175
240000,480.0000000015638,-516595.2679807907,301.47796729313535,400.6795807424353,175
245000,490.00000000161157,-516717.7573430715,301.53867339057825,399.9227772814301,175
250000,500.0000000016593,-516489.42604613444,297.8113326289969,399.1783232379299,175
255000,510.00000000170706,-516436.08083471144,299.2847608774036,400.0180034418392,175
260000,520.0000000015274,-517090.75364006637,298.5462986718602,401.6247427422146,175
265000,530.0000000012909,-515848.00568021974,302.30678487183604,400.94858813666684,175
270000,540.0000000010544,-517291.32104218705,299.25086626129206,399.677616827621,175
275000,550.000000000818,-517867.5084110545,298.9618652813189,400.48089301276616,175
280000,560.0000000005815,-517405.6121152146,298.5627578792821,401.3623438352412,175
285000,570.000000000345,-516023.0130728595,302.27745342909253,399.8717664000924,175
290000,580.0000000001086,-516410.4469937198,299.7512715716273,400.1512861028816,175
295000,589.9999999998721,-516457.80147853727,301.50918303134927,400.2659330097167,176
300000,599.9999999996356,-517747.76162727596,301.3427520663702,400.026216268839,176
305000,609.9999999993992,-516029.73555128323,301.73246069341025,402.5243383677895,176
310000,619.9999999991627,-516806.7920239372,302.5241372192251,399.78484484473097,176
315000,629.9999999989262,-517413.44602638716,299.5618431209678,401.4050551033235,176
320000,639.9999999986898,-515940.9662752887,298.40313762082246,401.89863549316897,176
325000,649.9999999984533,-517140.22645690665,299.297201767979,400.37670642687146,176
330000,659.9999999982168,-517172.3316046619,301.05865479509106,400.1345567077,176
335000,669.9999999979804,-518471.8487596442,300.412977114697,400.0003765731945,176
340000,679.9999999977439,-516664.77631826233,300.4068928835397,401.4159819295538,176
345000,689.9999999975074,-517280.27491295384,301.3864313975146,400.58790719849327,176
350000,699.999999997271,-518322.1162832463,301.74558265463764,399.79793802502826,176
355000,709.9999999970345,-516437.039392564,297.5837415194736,399.15830996063113,176
360000,719.999999996798,-516786.23142237077,300.04785513819206,400.8559422999539,176
365000,729.9999999965615,-517724.77794301976,300.2897033266959,400.47502006090946,176
370000,739.9999999963251,-517035.73548675375,301.0434669195528,399.6589008459256,176
375000,749.9999999960886,-516295.45484381495,300.26443560550894,399.6610424241263,176
380000,759.9999999958521,-517241.3352848585,300.403146994954,400.9091352522767,176
385000,769.9999999956157,-517718.51629787125,299.54611038890795,400.66078683748646,176
390000,779.9999999953792,-516430.76668522833,301.04621390451564,400.6976834876159,176
395000,789.9999999951427,-516778.10431530233,298.4281783184588,400.41347663748036,176
400000,799.9999999949063,-515814.25184020307,301.8779146823095,400.8182735087726,176
405000,809.9999999946698,-517070.46459153295,299.1709993761745,401.3007056492201,176
410000,819.9999999944333,-515501.2810953213,302.08629959944807,401.6781738431402,176
415000,829.9999999941969,-516420.76650431287,301.3099698656569,401.4244181918664,176
420000,839.9999999939604,-517347.1309556337,299.0163963381842,400.65974981859796,176
425000,849.9999999937239,-518190.2711434779,302.5660684690296,400.4483095408131,176
430000,859.9999999934874,-517905.0821340522,300.9262092556438,398.14300086640526,176
435000,869.999999993251,-515849.2450676258,298.9278117487219,400.81280186336375,176
440000,879.9999999930145,-518390.56827206444,298.39031079021095,399.8636079274018,176
445000,889.999999992778,-517117.49400848104,301.23605099756634,400.33758151515525,176
450000,899.9999999925416,-516954.99937653076,299.68307369701307,400.8049007024426,176
455000,909.9999999923051,-516641.8813771438,300.7901313393863,401.0351247950488,176
460000,919.9999999920686,-516196.05786060635,301.00285240634213,402.42914369509725,176
465000,929.9999999918322,-516717.05910055246,299.574919677485,400.8319117011745,176
470000,939.9999999915957,-517459.1835562759,300.8249113473453,398.77256630473323,176
475000,949.9999999913592,-515800.95052176993,302.13086432244,401.04707124360397,176
480000,959.9999999911228,-516592.27084129397,299.29754230330497,401.2353438203275,176
485000,969.9999999908863,-518731.03554723784,297.497154737257,398.5793330639438,176
490000,979.9999999906498,-517738.5529001551,299.7466402911941,400.286962397568,176
495000,989.9999999904134,-517101.31135060545,300.8106088636546,400.0048833155421,176
500000,999.9999999901769,-518124.12369909184,298.0899586327055,399.87967353193204,176
505000,1009.9999999899404,-515813.33108158363,301.7318250274684,399.6681075537198,176
510000,1019.999999989704,-516692.50091454433,299.2747491388201,401.0740525120312,176
515000,1029.9999999894676,-516748.4558323133,298.6836706223565,399.77289769320896,176
520000,1039.9999999892311,-517874.20297648385,302.9378649379235,400.4032685520118,176
525000,1049.9999999889947,-516404.76546039106,298.7739578884487,399.9645708223077,176
530000,1059.9999999887582,-516746.18238263624,301.07781558276565,401.5669468710587,176
535000,1069.9999999885217,-517014.84449238563,298.3124871170493,399.8066219768054,176
540000,1079.9999999882853,-517335.73331591906,298.6574039975467,400.85651122268746,176
545000,1089.9999999880488,-517351.08004182065,300.7269506852413,400.7006403541373,176
550000,1099.9999999878123,-515724.77912143804,303.42042619717796,400.66734656414906,176
555000,1109.9999999875758,-516599.69169955375,301.1379541213319,400.0967680614797,176
560000,1119.9999999873394,-516026.5367475343,300.34525598953917,400.31358196076155,176
565000,1129.999999987103,-517290.47055531107,297.3278632755398,400.8404104006774,176
570000,1139.9999999868664,-517514.9203762878,300.0383201490649,399.03247972775574,176
575000,1149.99999998663,-516370.1820129799,301.0903926874715,399.1738624418543,176
580000,1159.9999999863935,-517361.7180005703,300.557977056495,399.4965784229159,176
585000,1169.999999986157,-516246.72641508933,301.39601179135195,402.0758156885063,176
590000,1179.9999999859206,-516653.7069786312,301.02514611901563,399.92550663078504,176
595000,1189.999999985684,-518472.8805482872,302.76805132203987,398.99455487581497,176
600000,1199.9999999854476,-516540.891717975,298.778294038266,399.8676215178952,176
605000,1209.9999999852112,-517508.28675794415,300.0258565561344,399.2720674768823,176
610000,1219.9999999849747,-516690.8454120676,301.90665586382136,399.11700748291514,176
615000,1229.9999999847382,-518501.0738063301,301.36279824589235,399.82880709718364,176
620000,1239.9999999845018,-517233.05398968514,300.9514769768308,398.8708423680747,176
625000,1249.9999999842653,-515206.77826601267,302.31738687165125,400.1519530054402,176
630000,1259.9999999840288,-517646.37917193864,299.25431701926186,400.8809792528846,176
635000,1269.9999999837923,-515701.70826348476,302.2520721961302,400.04193242717406,176
640000,1279.9999999835559,-516008.52982414654,302.08709418187533,401.38878717020697,176
645000,1289.9999999833194,-515702.7724502296,297.0594760339654,402.28944529472443,176
650000,1299.999999983083,-516691.71958456095,298.827444636981,400.5205753823863,176
655000,1309.9999999828465,-515331.42023641383,300.864822087549,400.7518312197996,176
660000,1319.99999998261,-517437.3634293969,300.00508390125026,399.9681524452962,176
665000,1329.9999999823735,-516647.00995039055,300.91204298608346,399.5443169941328,176
670000,1339.999999982137,-517929.9526954298,300.44539607772936,399.1453609183029,176
675000,1349.9999999819006,-515896.175124621,300.4448285188527,399.7547072255095,176
680000,1359.9999999816641,-517899.7651216029,300.2761500207223,400.1959967419033,176
685000,1369.9999999814277,-518562.30106075946,300.3818975906135,398.0327196458588,176
690000,1379.9999999811912,-517214.4800380529,299.5927183238557,399.9372742786766,176
695000,1389.9999999809547,-517205.8537690677,298.99714474108936,400.3079054143356,176
700000,1399.9999999807183,-516598.6576096993,300.398561119231,400.7054797731619,176
705000,1409.9999999804818,-517722.1592532182,300.4620142016367,401.0931074505546,176
710000,1419.9999999802453,-516320.43534868443,298.4646383006926,400.78187149542214,176
715000,1429.9999999800089,-518051.0576741174,300.3516807560224,399.69122256297567,176
720000,1439.9999999797724,-516925.5008473741,300.40133080654886,399.1732391868576,176
725000,1449.999999979536,-516044.93062915513,296.8221910188296,401.36653508990213,176
730000,1459.9999999792994,-517811.0233873306,300.17249106749705,400.3613255899035,176
735000,1469.999999979063,-516733.5769348522,302.9680817725146,399.6177343430838,176
740000,1479.9999999788265,-516135.1532584829,300.05609609308055,401.4561666765359,176
745000,1489.99999997859,-517332.21827812307,300.77748612761525,400.21945194061703,176
750000,1499.9999999783536,-517499.86489050183,301.21228163181365,400.60020018279744,176
755000,1509.999999978117,-516802.40794413025,299.196789251528,398.46089841393507,176
760000,1519.9999999778806,-516599.1058570626,298.9525573157424,398.5538497743486,176
765000,1529.9999999776442,-515533.2347333925,300.24286836819755,400.9440259635136,176
770000,1539.9999999774077,-517113.3296936047,300.71312495100693,400.55152145806136,176
775000,1549.9999999771712,-516789.56792705366,298.490746009017,399.90408758440424,176
780000,1559.9999999769348,-517264.13129370566,300.1472460486652,400.5547613405279,176
785000,1569.9999999766983,-518638.9210647852,302.2974087991944,399.6683661967166,176
790000,1579.9999999764618,-515659.3127436936,303.0605257623379,401.2498142389813,176
795000,1589.9999999762254,-516410.45128670987,304.9010283897851,400.793030281956,176
800000,1599.9999999759889,-516754.9647168857,299.36147213516705,401.2669932884859,176
805000,1609.9999999757524,-516491.42378375493,299.812272799686,400.02314024473344,176
810000,1619.999999975516,-517409.47659368487,299.9901230492626,398.73734475629504,176
815000,1629.9999999752795,-517118.8575084233,300.8843688152597,400.8633517027063,176
820000,1639.999999975043,-517888.8274952187,299.0431851171605,398.82367697413537,176
825000,1649.9999999748065,-516748.81967674196,298.18201668249264,400.7015661966797,176
830000,1659.99999997457,-517813.89384391624,298.5412360466808,399.2193064645194,176
835000,1669.9999999743336,-517106.3353113737,299.23722214589816,399.9119234491238,176
840000,1679.9999999740971,-516829.20948638115,300.17149216387423,400.90392491844074,176
845000,1689.9999999738607,-517511.67781033367,300.6350288495845,399.87808285654955,176
850000,1699.9999999736242,-517626.4501350676,300.0444043802222,398.96218243257385,176
855000,1709.9999999733877,-517871.1637918446,302.0237319088899,401.18252220901906,176
860000,1719.9999999731513,-516405.0825111391,299.5228404749667,399.24276363557993,176
865000,1729.9999999729148,-517964.3112006765,299.1424171111481,401.0620291346661,176
870000,1739.9999999726783,-516517.051921302,299.6991696667539,400.4355151160332,176
875000,1749.9999999724419,-516971.7837728313,299.1176034370624,400.03644614318074,176
880000,1759.9999999722054,-516194.7466934449,301.41419637775874,401.6263056363768,176
885000,1769.999999971969,-516215.9872874906,301.5950660405589,399.2182384502354,176
890000,1779.9999999717324,-517101.9252455416,298.2718271991285,400.66040021738553,176
895000,1789.999999971496,-516171.3927623499,300.34253170693137,399.9053938538421,176
900000,1799.9999999712595,-517915.95016478,298.97945960649395,397.80732912687813,176
905000,1809.999999971023,-516642.9509496917,297.59354893686157,401.3841191627542,176
910000,1819.9999999707866,-515946.3882640619,299.76616431654975,400.96151596143545,176
915000,1829.99999997055,-518785.9431279893,298.2896485478542,398.9626230726445,176
920000,1839.9999999703136,-516004.5273055574,301.77452815734506,401.3956110141821,176
925000,1849.9999999700772,-516618.66754754307,299.68629743143225,398.8347418167774,176
930000,1859.9999999698407,-517575.9449972417,299.46563054020373,398.49606938130245,176
935000,1869.9999999696042,-517118.12987558637,301.50784359240043,401.2634665892869,176
940000,1879.9999999693678,-517144.1881601801,299.7551536743434,400.32489269076177,176
945000,1889.9999999691313,-518196.373824148,299.19222607816,399.50303996891984,176
950000,1899.9999999688948,-516162.0098884925,301.82086366403206,400.2495333991285,176
955000,1909.9999999686584,-517607.8022911963,299.0032743769568,400.5590835837831,176
960000,1919.999999968422,-516190.17237641336,298.628367685419,402.2364666795796,176
965000,1929.9999999681854,-518902.0328436387,300.10009325719585,399.02010181504016,176
970000,1939.999999967949,-518259.856477926,299.4295337956509,399.58846315171485,176
975000,1949.9999999677125,-517496.9043036611,299.25892559733995,400.0155994131197,176
980000,1959.999999967476,-518172.5179477711,301.101834674424,399.7520529728503,176
985000,1969.9999999672395,-517073.4551996207,301.5922055438208,398.3786371615732,176
990000,1979.999999967003,-517395.5935691851,301.13384499506526,400.48939469742754,176
995000,1989.9999999667666,-516747.5032718587,300.0162761622971,400.12593201384817,176
1000000,1999.9999999665301,-517917.5066462257,301.13829465665793,398.97607864093703,176
1005000,2009.9999999662937,-516307.92298202775,299.18210082780115,399.56506341197326,176
1010000,2019.9999999660572,-517027.5302274199,301.66748655321516,400.16451641292537,176
1015000,2029.9999999658207,-517455.7099707136,300.9063219926072,400.4005901388915,176
1020000,2039.9999999655843,-516715.1094473824,299.0296091088318,400.1537497324403,176
1025000,2049.999999965348,-516597.30559365405,300.83971328284747,400.5216840082487,176
1030000,2059.9999999651113,-516932.5780845368,299.8163819259528,400.63849711790243,176
1035000,2069.999999964875,-515341.75102878176,300.7014786428587,400.86966118216674,176
1040000,2079.9999999646384,-516263.3976790118,301.87525850676695,400.87608224762977,176
1045000,2089.999999964402,-516605.42088664044,300.47431887808176,399.53696868081704,176
1050000,2099.9999999641655,-517533.86767812166,298.66764275968086,400.82547058221417,176
1055000,2109.999999963929,-516747.2886321945,301.3831395560303,400.5881802259575,176
1060000,2119.9999999636925,-517094.5558494576,303.40734964066075,399.9610340795235,176
1065000,2129.999999963456,-517506.9711183002,301.01511167807706,400.7263345787571,176
1070000,2139.9999999632196,-516877.67019264447,301.6294374061268,400.2601274678633,176
1075000,2149.999999962983,-516851.62981001195,297.62213120188795,400.0922148327765,176
1080000,2159.9999999627466,-518266.76684133196,300.9663243170431,399.94763773792926,176
1085000,2169.99999996251,-516712.2603522395,300.80747593865567,400.17489706176923,176
1090000,2179.9999999622737,-516162.79468425596,299.98660418422764,400.3202706197913,176
1095000,2189.9999999620372,-516309.16574307065,302.32653592074234,399.61537585955875,176
1100000,2199.9999999618008,-518179.55800688313,303.6319667416705,400.1803703996829,176
1105000,2209.9999999615643,-517898.50056635914,298.5865045426798,398.44776992798444,176
1110000,2219.999999961328,-517417.62819595635,302.0074316179534,400.7390966285419,176
1115000,2229.9999999610914,-516963.7712186016,301.03604324944666,400.0530297452396,176
1120000,2239.999999960855,-516152.56396806287,300.52587592643357,401.21370696725967,176
1125000,2249.9999999606184,-517389.4888456487,299.8527056940562,399.19523003335996,176
1130000,2259.999999960382,-518035.7491303175,300.9938395713815,400.1544428192451,176
1135000,2269.9999999601455,-517125.78126027435,296.9782697098991,401.5827990606054,176
1140000,2279.999999959909,-517621.69312055875,300.4950915329659,400.79644222507176,176
1145000,2289.9999999596726,-516239.8044348066,299.91531878932454,399.9935955752252,176
1150000,2299.999999959436,-517118.5077822767,299.2398102143755,399.60086212095416,176
1155000,2309.9999999591996,-518376.66050441796,300.0266057338515,398.97919423258037,176
1160000,2319.999999958963,-516775.90439827833,301.6448069005056,400.9213589528223,176
1165000,2329.9999999587267,-517477.19352407055,298.73756601328,400.595650086205,176
1170000,2339.99999995849,-516597.78339966666,299.52633663764664,399.5415317645183,176
1175000,2349.9999999582537,-516572.9199441816,303.388143448276,398.55777941923344,176
1180000,2359.9999999580173,-517076.8693181593,301.30202404138424,400.1191160445575,176
1185000,2369.999999957781,-516295.4275140166,299.5955561182388,400.4977908000715,176
1190000,2379.9999999575443,-516620.3565234151,299.72278011602117,400.1393702768112,176
1195000,2389.999999957308,-517632.6580611244,297.99360983781105,398.4140997598831,176
1200000,2399.9999999570714,-517674.11177820433,299.1082727691309,398.1697650886721,176
1205000,2409.999999956835,-517272.14864286594,300.3047776904588,400.46137381195564,176
1210000,2419.9999999565985,-517900.72991848877,300.1977133839739,400.0354899824918,176
1215000,2429.999999956362,-517096.66185474815,300.31354079951376,399.46784606025494,176
1220000,2439.9999999561255,-517128.84360138467,301.75956730535745,400.27471446247046,176
1225000,2449.999999955889,-516242.0212131785,299.5465871383643,399.9355780800577,176
1230000,2459.9999999556526,-517617.246544383,304.9768996604112,401.1504276754127,176
1235000,2469.999999955416,-517241.79682896193,299.51296495051355,400.8395553053959,176
1240000,2479.9999999551796,-518452.5293825087,300.7478141495457,400.33475573948687,176
1245000,2489.999999954943,-517957.7910726229,300.1858854569852,401.1358935814207,176
1250000,2499.9999999547067,-515969.55675891135,299.3350011891617,402.7297091694995,176
1255000,2509.9999999544702,-516863.01741569303,301.11681822876676,399.15504620795286,176
1260000,2519.9999999542338,-517089.5702514909,299.5714916218702,401.68772607878043,176
1265000,2529.9999999539973,-518495.0034159152,300.7328759999132,399.0059619323236,176
1270000,2539.999999953761,-517295.9920701473,301.9343981417104,398.7345935213194,176
1275000,2549.9999999535244,-517796.27800705703,299.622640027831,398.3389912034979,176
1280000,2559.999999953288,-517713.27109694947,297.52671320355125,400.81327051307574,176
1285000,2569.9999999530514,-516291.4528876203,301.6267358258741,400.3635883660039,176
1290000,2579.999999952815,-516735.611297349,302.65669627044764,401.18445226068616,176
1295000,2589.9999999525785,-517463.3770713429,298.90880987753275,400.6950188711158,176
1300000,2599.999999952342,-518473.69540796336,297.4576526394445,401.011910404952,176
1305000,2609.9999999521056,-517127.1561040222,299.0859790564574,400.81743784669516,176
1310000,2619.999999951869,-517076.7532493919,299.7385582527911,401.3881146947523,176
1315000,2629.9999999516326,-517106.5341426716,303.5244483880843,400.3894150898489,176
1320000,2639.999999951396,-516822.1727279122,300.99763086467726,401.1955514727162,176
1325000,2649.9999999511597,-516881.10340841673,301.0141581791643,401.3551692836542,176
1330000,2659.999999950923,-515639.4052997958,301.6900753965045,400.33127100697607,176
1335000,2669.9999999506867,-517318.4503357229,300.6763698381572,402.132584117771,176
1340000,2679.9999999504503,-517691.20585792325,299.7391939187329,401.14308493316224,176
1345000,2689.999999950214,-517592.4841903462,299.9215392346123,400.0759029030733,176
1350000,2699.9999999499773,-516429.96679114597,300.3393533772223,400.71855489006253,176
1355000,2709.999999949741,-516562.7259175079,299.5810947180626,399.8569963925388,176
1360000,2719.9999999495044,-518456.54962828197,298.7002433415537,399.69153440418745,176
1365000,2729.999999949268,-517095.4330962929,300.4104798556399,399.912462817302,176
1370000,2739.9999999490315,-517843.2015989204,298.45483088330474,398.90564048196194,176
1375000,2749.999999948795,-517632.5957943839,301.1960040432323,398.9717364874724,176
1380000,2759.9999999485585,-517244.9332149448,302.21222956299175,401.042264611083,176
1385000,2769.999999948322,-516707.57588064857,302.4994824616249,399.314316012304,176
1390000,2779.9999999480856,-518161.9293597867,298.4160098561441,399.3029220274156,176
1395000,2789.999999947849,-516957.9675254999,300.3530428973263,400.2595032710842,176
1400000,2799.9999999476127,-517843.1896493002,300.7559415926588,400.36632133918516,176
1405000,2809.999999947376,-517322.8554426092,298.5045944456065,401.77833672208806,176
1410000,2819.9999999471397,-516962.072427629,298.11736037526856,399.2694926183256,176
1415000,2829.9999999469032,-516828.0334075745,303.93851664210865,400.1219038025295,176
1420000,2839.999999946667,-516472.1460858714,299.8210586110961,401.6371377704431,176
1425000,2849.9999999464303,-517069.0692289672,300.65173778291205,400.8733267428092,176
1430000,2859.999999946194,-516382.179879996,301.9852968217654,401.5695566415568,176
1435000,2869.9999999459574,-516753.00409620954,297.5720725089704,400.1646222882571,176
1440000,2879.999999945721,-516959.4282567785,299.6977621207399,399.04274316749246,176
1445000,2889.9999999454844,-517214.8335433728,299.45689013350386,399.29126161975927,176
1450000,2899.999999945248,-516859.9532804722,299.2728648433497,401.7836587123484,176
1455000,2909.9999999450115,-516841.28173840884,303.24557265846994,399.6088629854342,176
1460000,2919.999999944775,-517449.72528086323,299.8275514846446,399.5829429937203,176
1465000,2929.9999999445386,-518439.0651110243,300.27219981094106,399.2863791857317,176
1470000,2939.999999944302,-516758.9721532962,298.97789314399455,400.5339141744885,176
1475000,2949.9999999440656,-517170.2168818419,304.1397730197569,399.98350419492436,176
1480000,2959.999999943829,-517874.8992045922,302.4345991308501,401.1242881624632,176
1485000,2969.9999999435927,-516164.7356672385,297.7215221123611,400.06620275194996,176
1490000,2979.999999943356,-517972.5494035245,298.4968075378193,399.1004969862338,176
1495000,2989.9999999431197,-517800.65967683075,299.5388683376423,399.7493876582817,176
1500000,2999.9999999428833,-517209.23525422625,299.69467460045115,400.9013485149469,176
1505000,3009.999999942647,-517864.0296219778,302.0849828628543,399.143031179834,176
1510000,3019.9999999424103,-517308.30709658796,299.7191704415659,399.4824926416204,176
1515000,3029.999999942174,-516289.12915480183,298.66582657127566,400.1863944169082,176
1520000,3039.9999999419374,-516968.0340552828,299.1836218855905,401.066768795021,176
1525000,3049.999999941701,-517379.96369500086,299.80879933936114,400.7573619051443,176
1530000,3059.9999999414645,-517589.576313328,298.5284092160693,399.8482417449461,176
1535000,3069.999999941228,-516680.12160047935,300.7169162443027,401.3202541670142,176
1540000,3079.9999999409915,-516465.0133101633,300.9346091270177,399.7145435424003,176
1545000,3089.999999940755,-516578.48579463176,298.2254462877314,400.4519721824369,176
1550000,3099.9999999405186,-516696.10516086454,299.409555723194,400.46172693280863,176
1555000,3109.999999940282,-517198.4602879444,301.95383135764575,401.7378977195268,176
1560000,3119.9999999400457,-516490.322754493,299.1107473258329,401.40930185431444,176
1565000,3129.999999939809,-516474.889260862,301.852102104601,399.8484566466993,176
1570000,3139.9999999395727,-515560.744445913,299.123415239959,401.5948487483707,176
1575000,3149.9999999393362,-517418.30496703973,300.69164852311576,398.24167793922015,176
1580000,3159.9999999391,-517169.61731974967,300.312564598246,399.5348605620734,176
1585000,3169.9999999388633,-517461.37664117664,300.5533684784169,400.93010711329686,176
1590000,3179.999999938627,-517969.71316197235,298.2186128788569,399.51897576851934,176
1595000,3189.9999999383904,-517459.12150670495,298.6538397278016,399.2663992092932,176
1600000,3199.999999938154,-517803.9190828651,299.0546271041131,399.6589005091499,176
1605000,3209.9999999379174,-515299.2599497624,301.13125692658787,401.87487676699095,176
1610000,3219.999999937681,-516554.0103159803,299.65101797166176,399.55261577522975,176
1615000,3229.9999999374445,-517510.17380200746,301.2285138156849,399.95590399951334,176
1620000,3239.999999937208,-515707.21936927596,298.77838484768625,398.95029049693466,176
1625000,3249.9999999369716,-516683.7027802239,299.88653220310255,402.0594948939766,176
1630000,3259.999999936735,-517434.9372470826,300.3702512824653,399.2359196076804,176
1635000,3269.9999999364986,-517345.4086831305,300.6567777057364,401.54280434889324,176
1640000,3279.999999936262,-516237.20758121926,303.8072289227697,399.49583669861687,176
1645000,3289.9999999360257,-515931.8199341092,301.5623519469107,399.9668329107608,177
1650000,3299.999999935789,-516483.5395663795,299.0445926631745,399.9469027242532,177
1655000,3309.9999999355528,-517739.4110384304,301.54845810561113,400.2678621171673,177
1660000,3319.9999999353163,-518384.3574472605,300.5946413599244,398.4935290182792,177
1665000,3329.99999993508,-517566.53397174086,300.5767064994234,400.9596651036464,177
1670000,3339.9999999348433,-516082.57995355036,299.15544826295525,400.87122768975394,177
1675000,3349.999999934607,-517551.9941436653,301.7896706281732,400.70735412093325,177
1680000,3359.9999999343704,-516580.7644084506,298.457736784753,399.4877398781033,177
1685000,3369.999999934134,-517647.3009431241,300.81959899626014,400.1813803286852,177
1690000,3379.9999999338975,-516992.1897897129,300.536909270995,400.5379900368525,177
1695000,3389.999999933661,-517759.65084462846,299.1882531660237,400.8952440975656,177
1700000,3399.9999999334245,-516728.29591805255,300.61532320538834,401.0973230279634,177
1705000,3409.999999933188,-518464.12800574955,302.37879674210114,398.2719907310058,177
1710000,3419.9999999329516,-517525.5205109352,301.99337886016843,401.11247432949557,177
1715000,3429.999999932715,-517158.23370826757,301.1562068148039,400.4710065408502,177
1720000,3439.9999999324787,-517657.203838272,299.48722047987025,400.9840634741053,177
1725000,3449.999999932242,-516848.09793308564,300.6035860878199,400.8523969807554,177
1730000,3459.9999999320057,-516729.56862237165,301.4895000895082,400.0325833951747,177
1735000,3469.9999999317693,-516700.2384990109,301.0136360249979,400.6748483009722,177
1740000,3479.999999931533,-516848.99715978885,299.0290188476001,400.5860071704622,177
1745000,3489.9999999312963,-515462.3919830639,301.08172038783675,401.52440413350627,177
1750000,3499.99999993106,-517409.20678745164,299.55099139524685,399.99889506018786,177
1755000,3509.9999999308234,-516228.2714738785,301.72421973852175,400.95725395035697,177
1760000,3519.999999930587,-517705.5358782043,300.3599217109109,399.84258335255265,177
1765000,3529.9999999303504,-517186.83091657236,302.5845254836971,399.7252378155939,177
1770000,3539.999999930114,-516172.23739034263,300.74627038940133,399.99312877112476,177
1775000,3549.9999999298775,-517620.18368638214,299.6474764042717,398.9298291610745,177
1780000,3559.999999929641,-517006.89826940885,297.8252945773616,400.07813333479714,177
1785000,3569.9999999294046,-516525.0094488049,300.51350314292335,400.58340719556804,177
1790000,3579.999999929168,-516848.56471841317,299.0829142385237,399.0791563223697,177
1795000,3589.9999999289316,-518181.9355565626,300.8851633976869,398.3512580990881,177
1800000,3599.999999928695,-518470.1204695557,302.8025589017381,398.0124056468389,177
1805000,3609.9999999284587,-516875.49943179963,299.87529453734555,399.2873876983895,177
1810000,3619.999999928222,-515151.41094708024,300.7281085053496,400.41627361790665,177
1815000,3629.9999999279858,-516518.0354583743,302.0935870554238,400.8075691350652,177
1820000,3639.9999999277493,-516689.11717061326,301.41617148264936,400.2998410116958,177
1825000,3649.999999927513,-518072.6419344628,299.24151289100536,397.89642701684295,177
1830000,3659.9999999272763,-517528.6801737747,301.2716936950178,398.9619659969263,177
1835000,3669.99999992704,-517034.49508051993,301.9625263596355,400.8377328987333,177
1840000,3679.9999999268034,-517876.40802428406,301.4316544888035,400.22108583432595,177
1845000,3689.999999926567,-515536.58370422944,300.8580794880948,401.5187364280315,177
1850000,3699.9999999263305,-517302.9069172805,303.6355764161258,400.0492686014905,177
1855000,3709.999999926094,-516627.8204098693,300.03257645323356,401.6685722652108,177
1860000,3719.9999999258575,-517323.513852675,300.11369196787956,401.8019524884593,177
1865000,3729.999999925621,-518089.0960131171,300.9052776842742,398.38525220883434,177
1870000,3739.9999999253846,-517098.4371747249,299.76005738303735,400.6066337173417,177
1875000,3749.999999925148,-515153.587704069,301.6944796533871,400.44912630060674,177
1880000,3759.9999999249117,-516388.5125827887,296.6761013639885,399.6792689310798,177
1885000,3769.999999924675,-516385.62114243256,298.9827514479784,399.5504603385669,177
1890000,3779.9999999244387,-516717.7832544362,298.25352910094637,401.3396983538022,177
1895000,3789.9999999242023,-517514.6955458862,299.447468656152,400.7070411211784,177
1900000,3799.999999923966,-517245.34062483115,298.2320299707001,399.78125430058776,177
1905000,3809.9999999237293,-517696.5772525482,301.5430776474608,399.2043265292568,177
1910000,3819.999999923493,-517562.79268772295,300.9601719788206,398.12287842369904,177
1915000,3829.9999999232564,-516095.31363009755,299.5131692717091,399.4896317663241,177
1920000,3839.99999992302,-516402.5021359683,300.88965846398975,401.69725713360447,177
1925000,3849.9999999227834,-516659.2145592137,300.18599896876054,400.06559080625186,177
1930000,3859.999999922547,-516942.3598737917,300.1467920015639,399.4098710302304,177
1935000,3869.9999999223105,-516139.55721173575,299.9592478463747,401.38484784057897,177
1940000,3879.999999922074,-516400.8752145013,301.26308950244834,400.04235688619167,177
1945000,3889.9999999218376,-515762.2463797312,302.14854945703536,400.3632339714998,177
1950000,3899.999999921601,-518327.38051382685,297.5053956921455,401.449884482324,177
1955000,3909.9999999213646,-516637.52180036437,298.42776967606767,401.2590684324919,177
1960000,3919.999999921128,-516187.56746869767,301.65238948709714,400.3024807292535,177
1965000,3929.9999999208917,-516661.6133992579,300.6197274622709,400.8412127692702,177
1970000,3939.9999999206552,-518113.86237743776,300.31587914208546,399.9549136243619,177
1975000,3949.9999999204188,-517455.419925543,302.39595972253005,399.86694059400594,177
1980000,3959.9999999201823,-516790.33496513776,299.2836030572953,399.2276843280332,177
1985000,3969.999999919946,-516625.90423096204,301.8327142933758,401.64890400995654,177
1990000,3979.9999999197094,-518432.2427012888,302.1694356236949,399.4115379198339,177
1995000,3989.999999919473,-516425.3244152302,298.54064578544916,399.3823771718455,177
2000000,3999.9999999192364,-518271.8072156091,302.8930504890259,398.9702799511702,177
2005000,4009.999999919,-517041.8633043878,300.8565584303054,400.4941200314988,177
2010000,4019.9999999187635,-517488.35660985485,302.17642794905476,397.9370366128839,177
2015000,4029.999999918527,-516207.5298214224,300.24121109627777,398.88093352060423,177
2020000,4039.9999999182905,-516800.7850673557,299.6631410292663,399.7975429632341,177
2025000,4049.999999918054,-516951.2924794657,303.44676092905297,399.8031743784118,177
2030000,4059.9999999178176,-515963.73656497756,300.01861450486876,398.1811298423317,177
2035000,4069.999999917581,-516708.7594329724,300.7010700004676,399.9738001523944,177
2040000,4079.9999999173447,-517023.02124111634,300.1205934838193,401.7296781090431,177
2045000,4089.999999917108,-516987.62755428674,300.527760221904,400.38694771278904,177
2050000,4099.999999917781,-518895.0799280419,299.017032004126,399.6401425258757,177
2055000,4109.999999919818,-517737.951233468,301.1225846269532,400.5934262787964,177
2060000,4119.999999921855,-518287.82100050524,301.9084039451614,399.06882124077066,177
2065000,4129.999999923893,-517225.9926094124,299.08357260682055,400.5637158563481,177
2070000,4139.99999992593,-517711.48093309114,302.8563180785313,399.9820551665225,177
2075000,4149.999999927967,-517045.1262733592,301.69763528074105,400.8418875416225,177
2080000,4159.999999930004,-516990.4277673429,301.9366683772169,401.3422287865362,177
2085000,4169.999999932042,-515704.1519360207,300.44226315273045,400.9474996763913,177
2090000,4179.999999934079,-516167.1308096722,301.67831557658104,399.96064924869677,177
2095000,4189.999999936116,-516212.98832417885,298.5323140211404,400.463913811895,177
2100000,4199.999999938153,-517067.9423188721,300.24334511765386,400.07267604936845,177
2105000,4209.999999940191,-516405.0969630671,298.3964631284335,400.28540892060136,177
2110000,4219.999999942228,-515990.8752201437,299.3786124132409,400.6261452682041,177
2115000,4229.999999944265,-516784.1092670597,296.57214728014736,399.5023312050221,177
2120000,4239.9999999463025,-516908.94354304764,299.65801029702163,399.10888503724226,177
2125000,4249.99999994834,-517828.6222398756,299.1369458435775,400.1477329824848,177
2130000,4259.999999950377,-517309.9942477816,297.1925345369994,399.98043238618055,177
2135000,4269.999999952414,-516375.91864089714,301.3346246232571,401.4438367559418,177
2140000,4279.999999954452,-517085.66183678806,299.46973966647045,400.17837076791096,177
2145000,4289.999999956489,-517422.6332909288,301.90854015929176,400.7487272816123,177
2150000,4299.999999958526,-516271.2394905449,298.0998795618687,399.0298736362326,177
2155000,4309.999999960563,-518142.2302970006,300.0205669074043,399.42192819466544,177
2160000,4319.999999962601,-517173.10821213806,300.83208529154575,401.4719227367692,177
2165000,4329.999999964638,-516305.19342062576,300.43649675454395,401.18107130074213,177
2170000,4339.999999966675,-516549.2034315355,299.04586399505814,401.25064742356426,177
2175000,4349.9999999687125,-517347.449578871,299.6516536376036,399.4705410041208,177
2180000,4359.99999997075,-516923.7386423391,300.6265835735004,400.01164264040034,177
2185000,4369.999999972787,-516972.29814025294,301.7642439905008,401.46960600499455,177
2190000,4379.999999974824,-516910.2182731512,302.18010573057524,400.7060230174676,177
2195000,4389.999999976862,-517192.6763889701,300.0713974803941,399.5139181074523,177
2200000,4399.999999978899,-517969.897876387,299.9216527463876,399.24624704913725,177
2205000,4409.999999980936,-516849.0634081261,300.9549958418658,401.18908840262316,177
2210000,4419.999999982973,-517216.99724536855,296.988758197939,399.8363891196709,177
2215000,4429.999999985011,-516089.7082665763,302.7571087868987,402.3732357828094,177
2220000,4439.999999987048,-517132.8518076008,297.8975788758875,400.86360915472375,177
2225000,4449.999999989085,-517165.3835140723,300.27235872742654,399.8356170625106,177
2230000,4459.999999991122,-516556.7150691408,299.95373117409395,400.3610066602764,177
2235000,4469.99999999316,-516702.5857395525,299.04479698437007,399.94226139215476,177
2240000,4479.999999995197,-515802.98645193176,299.4267187036229,402.0044696273405,177
2245000,4489.999999997234,-516691.7349277283,299.29577151960996,399.66594360617506,177
2250000,4499.9999999992715,-517880.4902139222,300.1303100917869,400.11942350143676,177
2255000,4510.000000001309,-517548.54445849685,301.1931889512042,400.1365162367975,177
2260000,4520.000000003346,-517106.7621162548,298.7195403433587,398.9666969534922,177
2265000,4530.000000005383,-517138.2424424365,300.8051148937289,400.2665550088356,177
2270000,4540.000000007421,-516994.5435564597,302.32303975806235,400.2313106091113,177
2275000,4550.000000009458,-516029.29149538884,303.0073341444214,400.7159653470029,177
2280000,4560.000000011495,-517167.2759563513,299.8343394888089,399.0510669412291,177
2285000,4570.000000013532,-516643.5677290056,298.9970993363792,399.55501102117836,177
2290000,4580.00000001557,-517204.882987116,299.0595762175172,399.6919021838456,177
2295000,4590.000000017607,-517292.41948597925,299.39924885399466,400.2890042269258,177
2300000,4600.000000019644,-516455.85033365106,302.86884977852696,400.9114600442985,177
2305000,4610.000000021681,-518087.84797124704,300.8153990605732,398.94672587556653,177
2310000,4620.000000023719,-517747.0482652802,301.854213423622,401.2420696398081,177
2315000,4630.000000025756,-518120.35837773094,300.77696397344874,396.878198469427,177
2320000,4640.000000027793,-517835.03855928313,298.775115708557,399.32129722937145,177
2325000,4650.0000000298305,-517913.05963184545,299.9590889298892,399.70626480993553,177
2330000,4660.000000031868,-515791.69053419214,298.28088543879926,400.62378298694927,177
2335000,4670.000000033905,-516816.0375789674,298.217931808205,400.05264560880767,177
2340000,4680.000000035942,-516715.32312952867,300.440696690231,399.6483528312612,177
2345000,4690.00000003798,-518224.22157749906,300.4453052683091,398.87283842199014,177
2350000,4700.000000040017,-517315.4952893602,303.7874551715084,401.5899465976387,177
2355000,4710.000000042054,-515300.6360883117,300.22638645842056,400.96379061020315,177
2360000,4720.000000044091,-514848.2355574649,303.21585527569033,402.1559799630509,177
2365000,4730.000000046129,-516654.0546485493,301.9687014002131,399.83767410724874,177
2370000,4740.000000048166,-516818.69753628783,299.1517250767247,399.2088879633221,177
2375000,4750.000000050203,-516047.33738570055,302.3559581729061,400.00646525593254,177
2380000,4760.0000000522405,-516841.2218156918,298.69216130315067,400.68479794245843,177
2385000,4770.000000054278,-517114.9737660163,300.67198828362973,402.25669252563483,177
2390000,4780.000000056315,-516914.93154064845,301.83092080732564,399.59001336067195,177
2395000,4790.000000058352,-517057.6718343287,302.05837570271854,399.5385037092649,177
2400000,4800.0000000603895,-517786.1258828654,299.5704246111822,400.42800286844346,177
2405000,4810.000000062427,-516574.8274340597,301.9443871779389,401.0386636363516,177
2410000,4820.000000064464,-516011.3324881154,300.8832791022166,399.99237829220027,177
2415000,4830.000000066501,-517410.96087157866,300.0607500758688,400.0853755015311,177
2420000,4840.000000068539,-516745.0599549655,299.6398938176801,400.709679260135,177
2425000,4850.000000070576,-517332.6026618774,303.1703824584958,398.82897857228886,177
2430000,4860.000000072613,-518205.4458479923,304.30005164651334,398.6818341433032,177
2435000,4870.00000007465,-516775.3013181002,300.7038623901405,398.4021021859062,177
2440000,4880.000000076688,-516778.919800248,301.75091770807785,398.60960260560006,177
2445000,4890.000000078725,-517351.97210031934,301.86915157325456,399.9046629508115,177
2450000,4900.000000080762,-517575.6945574349,301.17100875030604,399.4106059490115,177
2455000,4910.0000000827995,-516176.46989810886,299.2345205656455,398.74245372348287,177
2460000,4920.000000084837,-517470.3789919368,301.9661587364459,399.18696218462054,177
2465000,4930.000000086874,-516009.44345700927,300.5356379391114,400.1512332763805,177
2470000,4940.000000088911,-517661.8206679113,299.28142363120907,399.5704599490692,177
2475000,4950.000000090949,-517499.31714600744,299.5523081318406,400.83439968839366,177
2480000,4960.000000092986,-517244.5936280186,299.8191062085605,400.5187543498212,177
2485000,4970.000000095023,-517121.03765761154,298.21473077614087,400.7293955975062,177
2490000,4980.00000009706,-516985.9597947914,300.87308574479255,400.21759278869825,177
2495000,4990.000000099098,-516493.16462046374,300.14231963761614,400.00324443437006,177
2500000,5000.000000101135,-517944.68657639343,301.33530569390905,401.02411452840994,177
2505000,5010.000000103172,-517167.60660000145,303.41697543920816,400.56109624924306,177
2510000,5020.000000105209,-516881.89939193847,300.7796201489913,400.33407251014285,177
2515000,5030.000000107247,-516942.1322087301,298.0535667575368,398.8111927476748,177
2520000,5040.000000109284,-516089.3223187509,303.3469159714786,400.6818703843374,177
2525000,5050.000000111321,-514786.0296512763,298.1141593432044,400.3973259973938,177
2530000,5060.0000001133585,-516077.0335709844,299.28719002939545,400.300903616581,177
2535000,5070.000000115396,-516564.7224947503,303.3001491200454,401.1196520370934,177
2540000,5080.000000117433,-516739.2010848988,300.4470987543592,399.2837052476,177
2545000,5090.00000011947,-517650.5630154717,302.0222335534556,399.86965562075227,177
2550000,5100.000000121508,-517832.12438844005,302.87924745714656,398.6764538552665,177
2555000,5110.000000123545,-517871.34232630674,300.164045791413,399.68516618608567,177
2560000,5120.000000125582,-516889.57784789894,298.5466392071862,399.9464564169866,177
2565000,5130.000000127619,-517791.186051575,300.456497529356,398.8171368405138,177
2570000,5140.000000129657,-517016.3382122633,298.1137507008132,399.81532261241006,177
2575000,5150.000000131694,-516108.5181703912,299.43875095180715,401.54531854300086,177
2580000,5160.000000133731,-517040.6967878402,299.2051437181918,400.1616463296143,177
2585000,5170.0000001357685,-518543.89922260866,301.34111749680557,399.1915863448941,177
2590000,5180.000000137806,-516746.6783531876,297.69082852831366,400.85823184449066,177
2595000,5190.000000139843,-517194.8723816741,303.4723691855659,401.28953294668054,177
2600000,5200.00000014188,-517753.56521905493,300.4235564121571,399.7603560066535,177
2605000,5210.0000001439175,-517141.49133693706,301.79457433686713,400.0673461972816,177
2610000,5220.000000145955,-517326.04596135486,298.8748698567111,400.1952176048946,177
2615000,5230.000000147992,-516702.55847386084,302.7727734118933,400.5752647514826,177
2620000,5240.000000150029,-516163.92528286995,299.4261284423912,400.66235427767543,177
2625000,5250.000000152067,-517922.9263326633,300.75589618794874,400.26399833981077,177
2630000,5260.000000154104,-517826.1833146098,300.6713072129778,400.1286729358276,177
2635000,5270.000000156141,-517158.7265996011,299.98197290379443,400.4927196265144,177
2640000,5280.000000158178,-518043.99689925415,302.5996679545253,400.51078961704405,177
2645000,5290.000000160216,-515989.9583379668,300.49068727608335,401.1264551613383,177
2650000,5300.000000162253,-517005.64849849185,297.74163639894834,399.8251157680999,177
2655000,5310.00000016429,-517373.1636166652,300.0834070262233,400.3426568067395,177
2660000,5320.0000001663275,-516655.0046453313,301.47912511324364,399.26941048708807,177
2665000,5330.000000168365,-516708.6962925168,301.6045102202658,398.7768584233573,177
2670000,5340.000000170402,-516577.6589647825,300.9631005826239,401.2901701954774,177
2675000,5350.000000172439,-516934.55064602103,298.84036227701284,399.919382974326,177
2680000,5360.000000174477,-517060.2453905465,300.4710270365973,400.37846906924057,177
2685000,5370.000000176514,-518201.6795771867,300.8447305033168,398.5314864668939,177
2690000,5380.000000178551,-519116.4710530536,301.8096487006301,398.28315403722473,177
2695000,5390.000000180588,-516275.75108444225,300.6171847985036,400.48334042698406,177
2700000,5400.000000182626,-517488.0412784638,300.21844063414795,399.1177619984117,177
2705000,5410.000000184663,-517126.12374411477,299.0349668646271,398.5493743556331,177
2710000,5420.0000001867,-517513.0268668756,299.87032272158643,399.89043034091725,177
2715000,5430.000000188737,-517852.25530819315,300.3467089402633,398.69418362020326,177
2720000,5440.000000190775,-516251.97944985516,300.5059432586868,400.9935644520339,177
2725000,5450.000000192812,-518215.91204912355,302.5908594407602,397.89910522912436,177
2730000,5460.000000194849,-517461.3852107683,299.02820156281786,400.3464419413466,177
2735000,5470.0000001968865,-518007.5417693588,302.64450510577797,400.6789705425315,177
2740000,5480.000000198924,-516356.43464741483,299.3918932909537,400.54040503564,177
2745000,5490.000000200961,-517304.63326718705,300.27174576383976,399.9206931462023,177
2750000,5500.000000202998,-516961.04277070146,302.06266644782573,399.6103530908214,177
2755000,5510.000000205036,-518326.07835349813,299.8684611284711,397.8532421819749,177
2760000,5520.000000207073,-517010.53643991053,301.0271439262613,399.2048534167336,177
2765000,5530.00000020911,-516529.3364718836,301.32829066619405,400.8899080259531,177
2770000,5540.000000211147,-516711.8561637108,300.2412565009879,401.95705116575243,177
2775000,5550.000000213185,-515942.3927730853,300.272880881593,401.12661486497393,177
2780000,5560.000000215222,-516967.61742320424,300.58998737713614,399.56463083336774,177
2785000,5570.000000217259,-517982.63165106066,298.30102242774166,399.3923053924768,177
2790000,5580.000000219296,-516254.6936345054,300.2522444408392,399.2711443703028,177
2795000,5590.000000221334,-517968.61724875076,299.96769312245874,398.32634960579594,177
2800000,5600.000000223371,-517041.9421868012,303.66057170905196,397.95448403913815,177
2805000,5610.000000225408,-517093.8111481033,302.1477548746081,400.50662333420007,177
2810000,5620.0000002274455,-517390.5332067399,300.69902678851173,399.80561251566985,177
2815000,5630.000000229483,-517910.12978693703,298.65329487128,400.8926607085061,177
2820000,5640.00000023152,-517219.9672726006,299.4914658202673,399.77238007413223,177
2825000,5650.000000233557,-515626.7282551378,301.11032535521827,402.00057997311995,177
2830000,5660.000000235595,-518658.77233446063,300.1595961298203,398.58591639693316,177
2835000,5670.000000237632,-515701.38805474015,297.67954545784653,401.55561437915907,177
2840000,5680.000000239669,-518307.3652027529,301.5719096383929,399.41217194467157,177
2845000,5690.000000241706,-516940.1782070105,300.50748701883117,400.61239610152273,177
2850000,5700.000000243744,-518060.0703201033,297.9200088026914,398.9850716931115,177
2855000,5710.000000245781,-516488.3409629399,300.0926241823796,398.06713570955003,177
2860000,5720.000000247818,-518233.3721711482,300.13119548363443,400.2636437462869,177
2865000,5730.0000002498555,-517231.1085304124,299.257177516,401.3580842098409,177
2870000,5740.000000251893,-517488.17403086927,300.39824328626,399.72421406304585,177
2875000,5750.00000025393,-516965.53554874985,301.245404367853,399.63700178851303,177
2880000,5760.000000255967,-516234.9746798249,304.62410506270635,401.75439854739005,177
2885000,5770.000000258005,-517783.3820582861,299.5828200970475,400.16559493742216,177
2890000,5780.000000260042,-516967.8776461007,299.08062130066213,400.2011317965867,177
2895000,5790.000000262079,-515490.8115481986,296.3846485296683,399.6196495865617,177
2900000,5800.000000264116,-516214.4979590741,301.04162802879256,400.1710842090204,177
2905000,5810.000000266154,-517667.7808843823,300.5412227184573,400.78357601697877,177
2910000,5820.000000268191,-517118.0204735198,300.3457100366404,399.4231604598143,177
2915000,5830.000000270228,-517338.00545050483,299.22375964934486,398.8219814876859,177
2920000,5840.000000272265,-515977.7069791076,299.9053297530961,399.4299787315017,177
2925000,5850.000000274303,-517981.0289718197,300.693827949202,399.9595728263798,177
2930000,5860.00000027634,-516342.5523759788,297.40539181808566,399.53966238897436,177
2935000,5870.000000278377,-516654.97774158185,298.4940605528564,399.40643613357986,177
2940000,5880.0000002804145,-516910.2561131548,297.9930649812895,400.11240545400454,177
2945000,5890.000000282452,-516601.0591524141,299.07410572475857,400.91372594393465,177
2950000,5900.000000284489,-517057.89978809096,298.0612401535487,401.2187762977146,177
2955000,5910.000000286526,-518158.6859800131,300.98496295055116,399.3267249320744,177
2960000,5920.000000288564,-518405.3901657476,298.270260736629,398.9387878230292,177
2965000,5930.000000290601,-517162.5208561686,302.82133374937666,400.44219916844565,177
2970000,5940.000000292638,-516955.29666338954,300.4230796627008,402.2834072157609,177
2975000,5950.000000294675,-516535.84348736703,300.5029465478183,399.86976669606315,177
2980000,5960.000000296713,-518048.6826150245,298.6869397614858,399.35000576651925,177
2985000,5970.00000029875,-515689.55385104567,300.37472364641303,402.3842634337894,177
2990000,5980.000000300787,-516793.21001638426,301.60042379635416,398.74967859774233,177
2995000,5990.000000302824,-517616.9381277878,301.88007140604066,399.58294922306544,177
3000000,6000.000000304862,-517865.0905990787,297.100067844821,400.0754894833398,177
3005000,6010.000000306899,-516629.01275810646,298.12814399392425,400.22454257068733,177
3010000,6020.000000308936,-517472.2440030603,301.55608609691285,399.2106133925765,177
3015000,6030.0000003109735,-516147.4605745026,300.0439276307659,401.01421948433534,177
3020000,6040.000000313011,-517031.35271559795,301.07332051646284,399.7647593475281,177
3025000,6050.000000315048,-518302.86268625734,299.17208908921765,399.5719873906118,177
3030000,6060.000000317085,-518878.4727552836,299.76661836365105,399.17251212196817,177
3035000,6070.000000319123,-517333.3017109446,299.2372448482533,401.21631054640113,177
3040000,6080.00000032116,-517168.3050869005,302.1119305583161,400.3313573590967,177
3045000,6090.000000323197,-516926.7961513889,301.51460889420974,399.28546383380694,177
3050000,6100.000000325234,-517576.57645802526,301.4470466855373,401.1400693928974,177
3055000,6110.000000327272,-516163.2630058881,298.8556409619713,401.8552873265678,177
3060000,6120.000000329309,-518153.6709648422,297.9938822660718,402.15036002372375,177
3065000,6130.000000331346,-517747.4285157714,301.03154818314385,399.154634142102,177
3070000,6140.0000003333835,-518623.0788261425,302.59959984746007,400.73469395084663,177
3075000,6150.000000335421,-517439.5613304158,301.82853706004386,400.4467504768565,177
3080000,6160.000000337458,-517572.1848863512,301.56859509455353,399.1517833046008,177
3085000,6170.000000339495,-517723.88475595275,300.66004684486575,398.6198380663092,177
3090000,6180.0000003415325,-516792.11803135136,298.0452349932281,400.74895492553014,177
3095000,6190.00000034357,-516971.2920621289,300.46203690399176,399.22044928710716,177
3100000,6200.000000345607,-519020.85901779775,303.2992637281979,399.26456303723563,177
3105000,6210.000000347644,-514610.6995499693,298.6592428883069,401.0976990607198,177
3110000,6220.000000349682,-517316.36197248753,300.1536935175035,398.38935603918526,177
3115000,6230.000000351719,-517584.24393853266,301.89696195820875,401.0290586072578,177
3120000,6240.000000353756,-517508.77434318885,299.2470976703513,400.73802487104473,177
3125000,6250.000000355793,-515630.4697410064,300.75010708740723,400.43693445886436,177
3130000,6260.000000357831,-517935.7909343038,298.6377664604158,399.7217471293063,177
3135000,6270.000000359868,-518273.87017097883,298.46077890033166,399.72242436815407,177
3140000,6280.000000361905,-517026.03966391506,299.4977316702652,398.1263465226298,177
3145000,6290.0000003639425,-515920.14542713156,298.96027611646434,399.3536321019178,177
3150000,6300.00000036598,-518319.3705135393,298.46018863909995,399.90912821757325,177
3155000,6310.000000368017,-516399.9634099491,301.6457376970632,400.42274277345405,177
3160000,6320.000000370054,-516938.20678173844,300.05870686391296,399.03008100865515,177
3165000,6330.000000372092,-518145.84692233754,300.94557436451396,400.15470261835503,177
3170000,6340.000000374129,-516279.69943140633,300.38339594604776,401.8323534589581,177
3175000,6350.000000376166,-517017.27208858076,299.1359923446648,400.0961653755948,177
3180000,6360.000000378203,-516527.30300190486,301.71100696787414,400.7406365875446,177
3185000,6370.000000380241,-517048.74365926813,300.3200109707072,400.5725185983029,177
3190000,6380.000000382278,-516938.32551639434,300.1409801986673,399.1401148918293,177
3195000,6390.000000384315,-517000.70454829745,300.8657074793965,400.1560694891864,177
3200000,6400.000000386352,-516918.7640121328,298.80045153680913,400.0440132343755,177
3205000,6410.00000038839,-517138.4360735286,297.9876618207841,399.53424766786196,177
3210000,6420.000000390427,-518014.6293444559,297.857009767387,400.06855747755804,177
3215000,6430.000000392464,-517377.1743237078,302.47278449206885,400.01162342763104,177
3220000,6440.0000003945015,-515177.4106269637,300.982102453813,401.78164288724827,177
3225000,6450.000000396539,-516891.5100173196,299.0006409037693,402.1972917642407,177
3230000,6460.000000398576,-516919.66169356834,302.0579670603273,400.9525465811134,177
3235000,6470.000000400613,-515870.11689578416,300.7820265986282,401.2731938584907,177
3240000,6480.000000402651,-516370.0236613094,301.40870240783306,400.6728879017638,177
3245000,6490.000000404688,-517403.8375910893,299.8921623871586,399.60368489250305,177
3250000,6500.000000406725,-515798.4697031332,298.6784717830467,401.17196279871047,177
3255000,6510.000000408762,-517914.5247273273,298.4637302064901,400.1136531274493,177
3260000,6520.0000004108,-517628.5246190955,301.7525068729323,399.1781928286272,177
3265000,6530.000000412837,-515973.0065941503,299.7865056266877,400.6571391051247,177
3270000,6540.000000414874,-516891.23307576263,300.8285891288658,400.4747325853148,177
3275000,6550.0000004169115,-518247.3842370738,299.18026193704094,400.8247763325872,177
3280000,6560.000000418949,-517428.3839531662,300.5588170436324,399.9086036471876,177
3285000,6570.000000420986,-516362.10793468216,301.79700348885905,401.16501044611636,177
3290000,6580.000000423023,-518185.5214088387,300.5805886021394,401.3130362550614,177
3295000,6590.0000004250605,-517462.4690528312,303.6257008916727,400.6672780182774,177
3300000,6600.000000427098,-517540.49956245394,300.94841215889704,399.5521998387695,177
3305000,6610.000000429135,-517061.1501973658,301.0659649534219,398.8688287755675,177
3310000,6620.000000431172,-516222.617303079,298.2093730203456,399.9212993310111,177
3315000,6630.00000043321,-515814.3097316483,300.27528733122983,399.8701243904651,177
3320000,6640.000000435247,-516236.23780505266,297.90488903421834,402.22532336503616,177
3325000,6650.000000437284,-516223.6111710612,300.01593562697116,400.3621793784707,177
3330000,6660.000000439321,-516853.4131855392,299.05755570791644,400.2683931036394,177
3335000,6670.000000441359,-517550.15500596585,299.74019282235577,398.87313932129837,177
3340000,6680.000000443396,-516565.1260319473,300.2166471480978,401.73652975199957,177
3345000,6690.000000445433,-517088.0343369432,300.20109603487856,400.1865470964066,177
3350000,6700.0000004474705,-516725.2920477763,299.6785332260001,401.0518779294223,177
3355000,6710.000000449508,-518258.02966186265,298.90261213460013,400.0021560157019,177
3360000,6720.000000451545,-517206.8037333754,302.83179953506146,398.93802559758296,177
3365000,6730.000000453582,-517312.573498155,300.7962155705436,400.39859805113116,177
3370000,6740.00000045562,-517650.089359974,299.5880416387124,397.76393702124324,177
3375000,6750.000000457657,-517956.1128049898,299.8619001478574,398.91686783950195,177
3380000,6760.000000459694,-517493.2054556357,301.48886442356644,400.39704314310154,177
3385000,6770.000000461731,-517117.62239258876,300.51021130143897,398.82201633775486,177
3390000,6780.000000463769,-516853.34257950727,299.7122235209161,400.8060996251187,177
3395000,6790.000000465806,-518027.1791907563,297.8687014802453,398.2321090099937,177
3400000,6800.000000467843,-516895.01415982377,298.4583951530499,398.8887070087508,177
3405000,6810.00000046988,-516969.28569930606,300.22123302382084,402.72879922514323,177
3410000,6820.000000471918,-516938.78233139776,301.2361418069866,400.05060474268083,177
3415000,6830.000000473955,-517483.6700426182,300.3292735315736,399.3501273103806,177
3420000,6840.000000475992,-517593.4530334021,298.92842471230864,399.8979041440121,177
3425000,6850.0000004780295,-517638.5833170321,299.33906491071826,399.75443010396185,177
3430000,6860.000000480067,-517447.7434808179,304.0683514107235,401.2041889136495,177
3435000,6870.000000482104,-517033.7061615982,299.8029875364646,400.7298788851752,177
3440000,6880.000000484141,-516968.43658628874,299.5047694003352,400.1684099934749,177
3445000,6890.000000486179,-516891.48237502854,301.3096066279758,399.75963599466445,177
3450000,6900.000000488216,-518007.5864046463,300.5404508383851,398.78219979415417,177
3455000,6910.000000490253,-517666.1870863917,300.81390070513896,399.1153583462717,177
3460000,6920.00000049229,-517386.62828572514,299.7969487100174,399.4044671242626,177
3465000,6930.000000494328,-517303.40173365874,299.1044814758351,400.16641200520075,177
3470000,6940.000000496365,-517600.97835666547,298.73232176926007,400.03487599464916,177
3475000,6950.000000498402,-517652.19002456916,301.20503958054803,401.3474879097384,177
3480000,6960.0000005004395,-517488.0636877273,300.06978561318454,399.7856553225359,177
3485000,6970.000000502477,-515867.6244515381,298.7516414734201,402.27753004855475,177
3490000,6980.000000504514,-517363.7044100482,301.39862256218436,399.47486134849953,177
3495000,6990.000000506551,-517620.63588093454,298.844630319765,399.40366358550773,177
3500000,7000.0000005085885,-516882.9793089349,300.8971956458712,400.7948936878372,177
3505000,7010.000000510626,-517581.2611452602,300.9493202530997,402.68484703771645,177
3510000,7020.000000512663,-517955.7968613594,300.4212634742956,399.3871353854715,177
3515000,7030.0000005147,-517071.4230156611,301.1214495091999,401.0815934820532,177
3520000,7040.000000516738,-516707.2162535228,300.4048042668737,400.29432818707414,177
3525000,7050.000000518775,-517369.12138669426,297.49956118689386,399.3320279863453,177
3530000,7060.000000520812,-516841.0004909001,300.39983245111455,399.8342533201119,177
3535000,7070.000000522849,-517048.1245217086,300.33590261925247,400.02710861948793,177
3540000,7080.000000524887,-517899.76306424243,300.07382663238604,399.9607289299742,177
3545000,7090.000000526924,-516616.3828753703,301.10392329109,399.0700209055806,177
3550000,7100.000000528961,-517859.8138662297,300.75784859048434,400.6917604164045,177
3555000,7110.0000005309985,-516253.5968133039,296.9923905747493,400.9343877321718,177
3560000,7120.000000533036,-515977.57702345913,302.2718232450365,401.30026614138006,177
3565000,7130.000000535073,-516775.4882880524,298.0576304790934,400.7672782561912,177
3570000,7140.00000053711,-516488.223370275,302.4412963255942,400.33298907775816,177
3575000,7150.000000539148,-515677.2284786026,303.3346112950336,401.7797456882093,177
3580000,7160.000000541185,-517104.9770716252,300.8576935480587,399.3845577138198,177
3585000,7170.000000543222,-516424.04691265756,298.5793533008344,400.0652656840172,177
3590000,7180.000000545259,-516113.0929068113,299.3511198612576,400.5168996306002,177
3595000,7190.000000547297,-517187.37079952797,301.3028413261666,399.78948983497446,177
3600000,7200.000000549334,-517027.2345672278,301.6568618510449,399.51342068513736,177
3605000,7210.000000551371,-516492.4939207607,300.63271320936786,401.094411930752,177
3610000,7220.000000553408,-517326.8556235931,298.42627132063336,399.7228278618773,177
3615000,7230.000000555446,-516660.5030378485,302.24857603345026,399.69288663399817,177
3620000,7240.000000557483,-517548.3454719186,298.35305622554984,399.77833320264875,177
3625000,7250.00000055952,-517367.44226533966,300.74184343016367,399.68846183797353,177
3630000,7260.0000005615575,-518581.45579528203,301.6593137053919,399.847880791066,177
3635000,7270.000000563595,-516682.99075451726,300.0339158921824,399.9167794937886,177
3640000,7280.000000565632,-516858.4891348011,299.631789076922,400.2544570858686,177
3645000,7290.000000567669,-517476.13682838436,297.69752572305777,400.7434595103278,177
3650000,7300.000000569707,-517668.64659541566,301.56805023803196,401.2284983099661,177
3655000,7310.000000571744,-516298.43692916166,301.9448639273952,398.839755775823,177
3660000,7320.000000573781,-518508.43922237586,300.89494811271976,400.1172202992257,177
3665000,7330.000000575818,-516877.8922129562,300.62894461842717,400.7432475551534,177
3670000,7340.000000577856,-515624.68803741876,302.29089322329077,399.7472921016898,177
3675000,7350.000000579893,-516828.5635946095,298.70176439934306,398.8006904104469,177
3680000,7360.00000058193,-517387.91198888933,300.1666792646005,400.10966747249614,177
3685000,7370.000000583967,-517230.86457882356,302.7221471600991,400.90044773547646,177
3690000,7380.000000586005,-516488.6920784153,301.69482018871304,400.6652656271719,177
3695000,7390.000000588042,-518930.6209943439,302.029770735337,399.29371505387775,177
3700000,7400.000000590079,-516722.22118617175,299.95554736249915,400.778692903865,177
3705000,7410.0000005921165,-516853.42293252144,300.74309205969223,399.8071344510537,177
3710000,7420.000000594154,-517652.0565476385,299.2286179533287,398.5796787210059,177
3715000,7430.000000596191,-517525.7380765318,300.92784382520847,399.6741290603705,177
3720000,7440.000000598228,-516261.70923444163,302.23066387530423,400.3534568744177,177
3725000,7450.000000600266,-518369.1061427118,301.8590944299609,398.5599028887355,177
3730000,7460.000000602303,-516448.8211005074,297.05429989701065,401.19949011471437,177
3735000,7470.00000060434,-516205.8707090346,298.3719218826086,401.0604954203337,177
3740000,7480.000000606377,-518200.6737959315,299.68339152998396,399.76492846037223,177
3745000,7490.000000608415,-517593.64501128625,300.6441324939654,400.03366854149414,177
3750000,7500.000000610452,-516614.11599431885,301.4410078590901,399.68318344689624,177
3755000,7510.000000612489,-517209.9516436788,300.19097078451966,399.4874993242333,177
3760000,7520.0000006145265,-516536.82105685165,299.4112811021789,400.51946942879374,177
3765000,7530.000000616564,-517412.9357160437,299.8397653516693,399.2706034988302,177
3770000,7540.000000618601,-517328.4328068015,297.263320480091,399.462078719211,177
3775000,7550.000000620638,-517519.22469463386,301.5515002211898,400.2160207161756,177
3780000,7560.0000006226755,-517815.61578501714,302.0302474847934,399.01414236412927,177
3785000,7570.000000624713,-516493.8666183194,301.1584770503104,397.9477713304793,177
3790000,7580.00000062675,-516710.0807345882,302.35518629283393,399.4718900613804,177
3795000,7590.000000628787,-516884.98571382044,301.32263777978295,400.56498341245833,177
3800000,7600.000000630825,-516210.24686454935,299.96957741792914,401.35139153203255,177
3805000,7610.000000632862,-516074.9847457204,300.84434456328063,400.7507029990957,177
3810000,7620.000000634899,-518018.89096021093,300.52396892860816,399.72865294103855,177
3815000,7630.000000636936,-517121.42536361935,301.2358239740157,398.9904061879544,177
3820000,7640.000000638974,-516699.3333698753,302.41634643737814,399.38416145488804,177
3825000,7650.000000641011,-517011.1359015014,297.65380098720317,399.58399044321123,177
3830000,7660.000000643048,-516765.08722072095,301.85918523938113,400.2328870414806,177
3835000,7670.0000006450855,-516915.19221736165,299.13497073868695,401.3466108198337,177
3840000,7680.000000647123,-517313.6074990472,300.12956091406977,400.04432987693997,177
3845000,7690.00000064916,-518193.16476415936,299.72861462127275,399.7185708180828,177
3850000,7700.000000651197,-517531.9914304665,299.63542145373236,400.03607760854436,177
3855000,7710.000000653235,-517006.043192409,299.37582002356794,402.27713631797144,177
3860000,7720.000000655272,-515236.8914719778,298.2271716667163,400.14219185246753,177
3865000,7730.000000657309,-518476.93817406567,299.4713061289699,399.7874007857025,177
3870000,7740.000000659346,-517618.9396859938,297.89008709871615,400.45857353044113,177
3875000,7750.000000661384,-518136.97452611057,299.14870566350106,400.45554285803104,177
3880000,7760.000000663421,-516508.2340503768,299.955138720108,401.81384918015107,177
3885000,7770.000000665458,-517348.85901145916,300.43402219784195,402.21035607212514,177
3890000,7780.000000667495,-517686.4308210262,301.58416891012786,399.72742460894233,177
3895000,7790.000000669533,-515907.1061113626,302.4894026159762,400.7786700219657,177
3900000,7800.00000067157,-515832.86605114676,300.145793097941,401.1534616906027,177
3905000,7810.000000673607,-517433.71087867627,298.18549014281757,401.22796130664926,177
3910000,7820.0000006756445,-515984.96525643114,300.6361185626276,401.88554542480006,177
3915000,7830.000000677682,-516047.9396864413,300.2260913278047,401.1976051569523,177
3920000,7840.000000679719,-515594.6942025237,298.06743789648135,401.0558315712789,177
3925000,7850.000000681756,-517727.39949065726,299.1436430383216,399.7904123696552,177
3930000,7860.000000683794,-516381.49862009054,301.953922167066,401.1428340221918,177
3935000,7870.000000685831,-517365.7577960384,300.6346656119034,401.4147128934381,177
3940000,7880.000000687868,-517227.4389556125,300.30039613593135,398.7754044637692,177
3945000,7890.000000689905,-517761.47783390246,299.4456751701019,400.1094685405575,177
3950000,7900.000000691943,-517241.33889954677,298.11129884646624,400.0740577620838,177
3955000,7910.00000069398,-516893.38016744144,297.49032132838255,400.4601041041013,177
3960000,7920.000000696017,-516801.57694816124,299.69324435208205,400.2103361052361,177
3965000,7930.0000006980545,-517925.16332196724,303.4567045605713,399.3421855868761,177
3970000,7940.000000700092,-515944.99497229327,297.78102498498555,400.5183380569742,177
3975000,7950.000000702129,-516834.6449789526,300.53625090269816,400.13247748649627,177
3980000,7960.000000704166,-517399.2478896668,300.9183996455016,399.33487270719263,177
3985000,7970.0000007062035,-516353.0347315967,297.6941657745081,401.11015114428176,177
3990000,7980.000000708241,-518039.6097561065,298.94847089183077,399.57741624512744,177
3995000,7990.000000710278,-516561.45427226694,299.4150950978298,400.1214898825147,177
4000000,8000.000000712315,-518114.67982863635,300.61559563364915,398.15211711209565,177
4005000,8010.000000714353,-517791.2220716253,301.9099023005956,399.7090035293093,177
4010000,8020.00000071639,-518004.4647099655,302.7695496774741,400.08845544950884,177
4015000,8030.000000718427,-516708.69219492096,299.0169865994159,399.2713492578545,177
4020000,8040.000000720464,-517668.07960200123,303.3423300957556,399.14675655196794,177
4025000,8050.000000722502,-516644.7118106964,298.33505325798353,400.7744358061852,177
4030000,8060.000000724539,-516476.6355955256,299.1384669013669,400.4822582094881,177
4035000,8070.000000726576,-516218.75289367745,302.393485165828,401.1719646063447,177
4040000,8080.0000007286135,-517961.3289854275,297.970771268616,401.2884712327609,177
4045000,8090.000000730651,-517334.5566544761,299.6493834020971,399.32845295458884,177
4050000,8100.000000732688,-518364.3046043031,301.1227662457936,399.08281612702575,177
4055000,8110.000000734725,-517902.2448185361,302.8413345241886,399.84175332216404,177
4060000,8120.000000736763,-517417.80639789626,300.19809932401,400.75247120700203,177
4065000,8130.0000007388,-517779.7286777566,301.11332206608677,399.51787804782873,177
4070000,8140.000000740837,-517369.12181575596,299.1707042455587,399.03799465150684,177
4075000,8150.000000742874,-517716.3793064747,297.1543491757806,398.07082938759464,177
4080000,8160.000000744912,-517048.40650939243,297.4194218735156,400.20817574291834,177
4085000,8170.000000746949,-516588.96509502176,300.62948947494874,401.977118930856,177
4090000,8180.000000748986,-517090.0944202207,300.2944027141943,399.2922154707229,177
4095000,8190.000000751023,-517837.96790157165,301.6386091575729,398.69367145643906,177
4100000,8200.00000075306,-516303.21079778485,298.44638560722063,398.5799623633782,177
4105000,8210.000000755097,-516391.7506637885,302.0166941788198,399.5782111621483,177
4110000,8220.000000757134,-517737.2009696937,300.9319983561853,399.1992293269773,177
4115000,8230.000000759172,-519196.7054249295,299.80602965204326,399.58633023569274,177
4120000,8240.000000761209,-516917.0169464797,300.2319485354114,399.2154079173213,177
4125000,8250.000000763246,-517236.3796318774,299.12209850336524,401.32640120263557,177
4130000,8260.000000765283,-516484.74819337344,297.50995886551345,400.29031789771005,177
4135000,8270.00000076732,-518290.5296743987,299.66193780444786,400.4275160292002,177
4140000,8280.000000769358,-516726.4747790112,300.82211895767233,400.1919908271081,177
4145000,8290.000000771395,-517289.32194139017,301.89496415096306,401.0669377333688,177
4150000,8300.000000773432,-518093.02522775717,300.1030218609992,398.6824875578636,177
4155000,8310.00000077547,-517281.8580358024,300.1901534997374,400.4716621255487,177
4160000,8320.000000777507,-516765.6137637724,299.93522875471626,401.56473478077675,177
4165000,8330.000000779544,-516447.3305132808,303.27059065375124,401.5161034566265,177
4170000,8340.000000781582,-517040.8576477892,299.55848317241816,400.96899419300314,177
4175000,8350.000000783619,-517175.71019114787,300.47565831703054,399.98194912403227,177
4180000,8360.000000785656,-517912.60017398465,301.2864048210998,400.26371709169723,177
4185000,8370.000000787693,-517574.00547441747,298.6623985156609,400.0932363692937,177
4190000,8380.00000078973,-517196.3607493127,301.6142949352987,400.9035194964808,177
4195000,8390.000000791768,-517171.52357739303,299.964265066844,400.0697164597724,177
4200000,8400.000000793805,-516709.75653857086,297.63890824228076,402.3453691346231,177
4205000,8410.000000795842,-516384.10993643384,302.63474309310016,400.07077258548463,177
4210000,8420.00000079788,-517600.77805757243,299.5425688215179,399.97169800947177,177
4215000,8430.000000799917,-516725.1442313907,302.02736428570023,400.92337849914173,177
4220000,8440.000000801954,-517496.6485586106,299.3755475953072,400.1375494230504,177
4225000,8450.000000803991,-518593.85550511815,300.4708000130467,397.1999342254723,177
4230000,8460.000000806029,-516385.2899748762,299.87588479857726,400.3729270421534,177
4235000,8470.000000808066,-517340.71692029573,298.53101998690175,400.0711142666067,177
4240000,8480.000000810103,-516921.1123390007,300.3621011369971,398.38958085594004,177
4245000,8490.00000081214,-516737.62188064493,301.6256007081209,399.3505886371254,177
4250000,8500.000000814178,-517299.9737897632,300.578681604314,398.9815807686204,177
4255000,8510.000000816215,-518218.00685648434,300.7473146977343,400.36648622445585,177
4260000,8520.000000818252,-517732.0234537218,299.97770486104224,398.9872911076163,177
4265000,8530.00000082029,-517425.35360420076,300.61348431462807,399.45638922303004,177
4270000,8540.000000822327,-517577.0082323486,300.11582598925565,400.0557224638603,177
4275000,8550.000000824364,-516530.7309602471,301.56219303042525,400.60119982021973,177
4280000,8560.000000826401,-517298.78417596687,299.1803981511713,399.12016090736387,177
4285000,8570.000000828439,-517417.38244736614,300.1964420520903,398.7867547484452,177
4290000,8580.000000830476,-516582.9962265254,304.45928596493695,401.0155503557355,177
4295000,8590.000000832513,-517523.4323019325,300.89272328192345,401.78837112912225,177
4300000,8600.00000083455,-517179.0017802287,300.4641482230128,399.7939317526255,177
4305000,8610.000000836588,-516186.7962685125,303.6317170157648,400.7701668554464,177
4310000,8620.000000838625,-517477.60431379033,300.0198631343973,400.22122542139397,177
4315000,8630.000000840662,-517091.5931529207,300.26366372543674,400.5859656232373,177
4320000,8640.0000008427,-516946.70594484033,298.3950101777093,401.58436298719016,177
4325000,8650.000000844737,-517491.43030121503,300.1723548533667,399.6659349091151,177
4330000,8660.000000846774,-517068.4332759944,296.7976951777148,399.2362067618224,177
4335000,8670.000000848811,-517260.14548154967,299.6761721810734,400.1257055076708,177
4340000,8680.000000850849,-517338.2887873994,298.8168199348107,401.11433785354467,177
4345000,8690.000000852886,-518456.4874243452,298.74088055711945,399.94012420993465,177
4350000,8700.000000854923,-516296.7201441438,298.5749263415968,400.0407930943454,177
4355000,8710.00000085696,-516720.1845356012,300.7119444285435,400.31926355411696,177
4360000,8720.000000858998,-516882.4629855016,299.05412765230164,400.78042905334564,177
4365000,8730.000000861035,-517235.26458581584,302.5095623072736,399.50691672667284,177
4370000,8740.000000863072,-517792.4227514183,298.43564739327513,399.18268184742743,177
4375000,8750.00000086511,-517486.4887420968,299.14877377056627,400.19753447138004,177
4380000,8760.000000867147,-517656.6287456914,301.18998791914015,399.8728190661077,177
4385000,8770.000000869184,-516924.6832598001,300.4785642184788,400.8253087090762,177
4390000,8780.000000871221,-515497.83998361696,300.6168215608226,401.34754997401984,177
4395000,8790.000000873259,-516484.36132607795,300.31138407578266,400.7930470441564,177
4400000,8800.000000875296,-515915.84090201417,301.5173331768175,401.5913657022515,177
4405000,8810.000000877333,-517161.1344657629,299.7372869209075,400.1887068604831,177
4410000,8820.00000087937,-516849.4291878091,301.04793928350057,399.5304971665619,177
4415000,8830.000000881408,-515843.5214556563,300.7357364966513,400.49244937172483,177
4420000,8840.000000883445,-516274.71625281265,298.36052530036613,399.39138303782227,177
4425000,8850.000000885482,-518120.99793848954,298.6967017741636,399.9405751385357,177
4430000,8860.00000088752,-517164.8598689595,299.009313203404,400.8767432068367,177
4435000,8870.000000889557,-517341.13918414153,301.62217265250615,399.16050661143504,177
4440000,8880.000000891594,-516731.3472414315,299.55335244017357,399.841909288687,177
4445000,8890.000000893631,-516595.5694474098,298.30989904857194,399.94179883889535,177
4450000,8900.000000895669,-517754.9948725137,300.0949171202411,399.6224726409965,177
4455000,8910.000000897706,-517073.4014223721,299.8760891197728,400.44979074095164,177
4460000,8920.000000899743,-517467.7068857313,299.8869408454937,401.3843890624027,177
4465000,8930.00000090178,-517053.4917915873,300.80792998575697,399.98273597346855,177
4470000,8940.000000903818,-517269.6687413654,300.6968246600705,399.42680110497,177
4475000,8950.000000905855,-518622.9667883427,301.2001812765642,399.841014985303,177
4480000,8960.000000907892,-517799.80686802,297.3463429925625,399.6849307091102,177
4485000,8970.00000090993,-517011.8076517731,300.0623392407233,402.34306298345473,177
4490000,8980.000000911967,-518147.5049654627,300.3102262556743,398.4720627048052,177
4495000,8990.000000914004,-518339.9843582222,298.2383412254081,399.1980914465904,177
4500000,9000.000000916041,-516936.8216299657,299.6081559252997,400.58765001961854,177
4505000,9010.000000918079,-516468.4094327972,300.8743570766761,401.19998798341555,177
4510000,9020.000000920116,-516265.02075812547,301.5505467222771,398.87722715672714,177
4515000,9030.000000922153,-516383.5129513419,301.0998822718885,399.3166014327231,177
4520000,9040.00000092419,-516282.5177372447,301.82558575388543,399.4894918302294,177
4525000,9050.000000926228,-517311.9322516867,301.12294786463417,399.44268176829274,177
4530000,9060.000000928265,-515760.5400487487,300.72533881803173,401.0790911452943,177
4535000,9070.000000930302,-515567.4249078338,302.3076021566184,400.6582093134204,177
4540000,9080.00000093234,-517519.74195078947,300.37395176634084,400.0125650654607,177
4545000,9090.000000934377,-517487.2965935124,300.33222483773204,400.6097056987836,177
4550000,9100.000000936414,-516888.7268041717,300.5618137545009,399.58523156278665,177
4555000,9110.000000938451,-517312.47311308933,303.70311592244315,400.66809571922107,177
4560000,9120.000000940488,-517114.3911736468,300.1938312812578,398.6992939075685,177
4565000,9130.000000942526,-517346.2099747411,299.78123868031264,401.6571909692195,177
4570000,9140.000000944563,-517495.1764713167,302.4223398591152,399.34114768193115,177
4575000,9150.0000009466,-515092.3786334172,301.3713116290416,400.8973100959336,177
4580000,9160.000000948638,-518538.7690609582,300.2812807529669,400.4642669327363,177
4585000,9170.000000950675,-517302.91413808474,302.88460521294184,399.34373785143237,177
4590000,9180.000000952712,-517264.62792221596,298.35839127899004,399.71268215910413,177
4595000,9190.00000095475,-518026.232055746,298.8319624056389,399.2631744755005,177
4600000,9200.000000956787,-517429.24609410577,300.48632842391095,399.7270290309264,177
4605000,9210.000000958824,-517019.7987782904,300.2394630149378,399.62481183644366,177
4610000,9220.000000960861,-516608.7155633555,299.6761721810734,400.0274955445358,177
4615000,9230.000000962898,-518141.4211705257,300.45465863859573,399.62852530713326,177
4620000,9240.000000964936,-517863.026908359,300.50528489038993,399.8466514032979,177
4625000,9250.000000966973,-517193.58988067415,298.0488219653283,399.71281512249266,177
4630000,9260.00000096901,-517660.21956039127,302.06988579673634,399.1135177280138,177
4635000,9270.000000971047,-517711.3680383535,301.1150247427166,399.8344807068545,177
4640000,9280.000000973085,-516274.1420168076,302.60595650687816,401.28362142233647,177
4645000,9290.000000975122,-517213.34687534673,299.11165542003556,399.6563855882141,177
4650000,9300.00000097716,-516299.6944284388,299.864919561081,399.5135740529001,177
4655000,9310.000000979197,-516413.9528620541,301.06301364726346,401.76542324934627,177
4660000,9320.000000981234,-516528.0276116193,300.27658136546853,401.2242651841496,177
4665000,9330.000000983271,-516122.9869549759,301.63574866083474,401.38933471374224,177
4670000,9340.000000985308,-518020.13180397404,300.4978385179287,400.3952847056925,177
4675000,9350.000000987346,-517204.0031230389,299.88178741089405,399.067364253775,177
4680000,9360.000000989383,-517409.8722940674,298.76630719479186,400.4399801421618,177
4685000,9370.00000099142,-517025.7854987434,298.8911928500026,399.00001389051886,177
4690000,9380.000000993457,-517873.1840516506,299.02942748999135,400.73500884273017,177
4695000,9390.000000995495,-517247.1087939325,299.00622568311525,400.6097486225579,177
4700000,9400.000000997532,-517930.24660634436,299.50892393131204,399.20968721263705,177
4705000,9410.00000099957,-515332.49163419195,301.29950407997205,400.42988600388145,177
4710000,9420.000001001607,-516130.91489483835,297.57166386657923,401.17731218871415,177
4715000,9430.000001003644,-515954.3593794084,300.5735054673592,401.23890012738354,177
4720000,9440.000001005681,-517056.87517900486,300.5719617072148,399.56519568649213,177
4725000,9450.000001007718,-518785.9469847665,300.2225724627697,400.0700556725465,177
4730000,9460.000001009756,-518090.4575023353,302.00216467157844,399.2044132591799,177
4735000,9470.000001011793,-517710.7441517245,301.7600213524587,399.0800255945424,177
4740000,9480.00000101383,-517635.75175256934,299.3662396297306,400.5282761895331,177
4745000,9490.000001015867,-516835.4907327336,300.6752574227591,400.98829987104153,177
4750000,9500.000001017905,-516405.49574739113,298.3405472279092,399.8555598056459,177
4755000,9510.000001019942,-517962.0469323122,297.93260860975226,400.36270769698154,177
4760000,9520.00000102198,-516020.20992448647,298.74401348211836,401.267120672863,177
4765000,9530.000001024016,-517244.10604135366,299.71905692979055,402.05203394755785,177
4770000,9540.000001026054,-516642.9755293429,300.9210331186891,400.4495271239217,177
4775000,9550.000001028091,-515914.6967877671,300.8148087993415,401.526074008266,177
4780000,9560.000001030128,-517078.60640594177,299.325988354201,401.071805331016,177
4785000,9570.000001032166,-518222.43211216386,298.82907920654566,399.59271611612394,177
4790000,9580.000001034203,-517084.9261126206,298.90613099963514,399.94553277274446,177
4795000,9590.00000103624,-516776.5380966021,300.00197367860636,400.43553699371273,177
4800000,9600.000001038277,-517017.9773678747,300.2341279614976,400.8206630275167,177
4805000,9610.000001040315,-516990.50781098474,301.59897084563005,399.7799725351418,177
4810000,9620.000001042352,-518595.2825345965,302.68423422714113,399.6416089079906,177
4815000,9630.00000104439,-517137.0418810765,297.88189154853785,399.6904108458305,177
4820000,9640.000001046426,-516954.86608414305,301.0706870432753,400.3335285702379,177
4825000,9650.000001048464,-516026.4118754496,298.74433131508925,401.80792409861226,177
4830000,9660.000001050501,-516482.5077214339,298.26883048825994,397.85301133551314,177
4835000,9670.000001052538,-516939.6817291025,299.0504952754913,401.0231279509789,177
4840000,9680.000001054575,-517610.2250807197,299.08150669250966,400.80278288180847,177
4845000,9690.000001056613,-517349.052462955,302.97995510421345,399.27900565628585,177
4850000,9700.00000105865,-516996.7717033443,299.96966822734936,400.3884000796777,177
4855000,9710.000001060687,-516226.5002049152,299.1586719973744,401.61820594828794,177
4860000,9720.000001062725,-516232.15807915665,302.3546187339573,400.7916640351118,177
4865000,9730.000001064762,-517132.62197510386,301.1658553157064,401.4983300116679,177
4870000,9740.000001066799,-517124.94065855443,299.6931989473719,399.58342370468455,177
4875000,9750.000001068836,-519125.7903080778,300.5345482260683,400.0832343127709,177
4880000,9760.000001070874,-517594.1915603173,301.4003252388142,400.0672026434791,177
4885000,9770.00000107291,-517679.57050901745,298.6591520788867,398.99364995877124,177
4890000,9780.000001074948,-517415.96314063715,302.0807829271673,402.15470456225097,177
4895000,9790.000001076985,-516706.3004484335,298.10859726621356,400.36164553421287,177
4900000,9800.000001079023,-516533.6123697269,299.3136609754009,400.6542960547456,177
4905000,9810.00000108106,-517639.5150454235,301.79906940317,399.4904319237434,177
4910000,9820.000001083097,-516890.8051058538,301.4136061165271,400.8725508469006,177
4915000,9830.000001085134,-516171.2523891027,302.71962719868696,402.7457841618203,177
4920000,9840.000001087172,-515859.061564893,303.3739771787157,400.75845147439867,177
4925000,9850.000001089209,-515481.52518928377,299.240309666187,400.916357435932,177
4930000,9860.000001091246,-517128.6645407467,301.4286577779349,400.61295499290713,177
4935000,9870.000001093284,-517296.4405250703,300.1295382117147,400.2728636273351,177
4940000,9880.00000109532,-517768.06015232904,299.3187463029354,400.99095142022094,177
4945000,9890.000001097358,-518190.377084563,301.5759733599495,399.20585100646286,177
4950000,9900.000001099395,-516781.9036713666,300.6392060829164,401.390076719727,177
4955000,9910.000001101433,-516679.3115637754,301.772030898288,401.10377223470806,177
4960000,9920.00000110347,-517872.0477555017,300.00892059925616,399.800749176827,177
4965000,9930.000001105507,-517174.2277771379,300.6535539713172,400.18821106392807,177
4970000,9940.000001107544,-517108.7968745446,302.2856716816259,400.6824379537948,177
4975000,9950.000001109582,-517436.2874185052,299.2874170529461,399.34815389161264,177
4980000,9960.000001111619,-519065.23033799604,299.4352093844171,398.42572345351766,177
4985000,9970.000001113656,-516377.3024697136,298.90751584329405,401.2678553865017,177
4990000,9980.000001115694,-516571.6097301184,303.8274794234874,399.544014358851,177
4995000,9990.00000111773,-518400.46505447756,301.31289846946027,399.81701085673416,177
5000000,10000.000001119768,-517405.2963294522,301.39791878917737,399.3749734264998,177
5005000,10010.000001121805,-516109.05146067636,301.37090298665044,400.89773395178327,177
5010000,10020.000001123843,-518788.30433580885,300.8630513038539,400.0862536758856,177
5015000,10030.00000112588,-518302.35564461304,300.6032001477838,399.11721884230013,177
5020000,10040.000001127917,-517913.42514409544,299.8298898272163,399.64578186778243,177
5025000,10050.000001129954,-515853.48598090466,302.1570855425397,400.6752092126111,177
5030000,10060.000001131992,-517662.7097865129,300.69555332818686,401.0799590874645,177
5035000,10070.000001134029,-516548.75534617994,301.55719851231106,401.1606679883163,177
5040000,10080.000001136066,-516650.7649087622,299.4651310883923,400.0170977771256,177
5045000,10090.000001138103,-517489.26370027754,301.13500281517355,399.9907656093232,177
5050000,10100.00000114014,-517796.0425340696,303.36689404393553,399.9646093935852,177
