            --------------------------------------------------------
                             AMBER SQM VERSION 19
 
                                     By
              Ross C. Walker, Michael F. Crowley, Scott Brozell,
                         Tim Giese, Andreas W. Goetz,
                        Tai-Sung Lee and David A. Case
 
            --------------------------------------------------------
 

--------------------------------------------------------------------------------
  QM CALCULATION INFO
--------------------------------------------------------------------------------

| QMMM: Citation for AMBER QMMM Run:
| QMMM: R.C. Walker, M.F. Crowley and D.A. Case, J. COMP. CHEM. 29:1019, 2008

QMMM: SINGLET STATE CALCULATION
QMMM: RHF CALCULATION, NO. OF DOUBLY OCCUPIED LEVELS = 62

| QMMM: *** Selected Hamiltonian *** 
| QMMM: AM1         

| QMMM: *** Parameter sets in use ***
| QMMM: C : M.J.S.DEWAR et al. JACS, 107, 3902, (1985)
| QMMM: O : M.J.S.DEWAR et al. JACS, 107, 3902, (1985)
| QMMM: F : M.J.S.DEWAR et al. THEOCHEM, 180, 1, (1988)
| QMMM: H : M.J.S.DEWAR et al. JACS, 107, 3902, (1985)

| QMMM: *** SCF convergence criteria ***
| QMMM: Energy change                :  0.1D-09 kcal/mol
| QMMM: Error matrix |FP-PF|         :  0.1D+00 au
| QMMM: Density matrix change        :  0.5D-06
| QMMM: Maximum number of SCF cycles :     1000

| QMMM: *** Diagonalization Routine Information ***
| QMMM: Pseudo diagonalizations are allowed.
| QMMM: Auto diagonalization routine selection is in use.
| QMMM:
| QMMM: Timing diagonalization routines:
| QMMM:                              norbs =      107
| QMMM:    diag iterations used for timing =       10
| QMMM:
| QMMM:              Internal diag routine = 0.017609 seconds
| QMMM:                 Dspev diag routine = 0.030097 seconds
| QMMM:                Dspevd diag routine = 1.175700 seconds
| QMMM:                Dspevx diag routine = 0.104288 seconds
| QMMM:                 Dsyev diag routine = 0.025867 seconds
| QMMM:                Dsyevd diag routine = 2.401774 seconds
| QMMM:                Dsyevr diag routine = 1.336105 seconds
| QMMM:
| QMMM:                Pseudo diag routine = 0.010271 seconds
| QMMM:
| QMMM: Using internal diagonalization routine (diag_routine=1).

  QMMM: QM Region Cartesian Coordinates (*=link atom) 
  QMMM: QM_NO.   MM_NO.  ATOM         X         Y         Z
  QMMM:     1        1      C       -3.7830   -0.6290   -2.0660
  QMMM:     2        2      C       -3.0600   -0.3760   -0.7700
  QMMM:     3        3      C       -1.6730   -0.1360   -0.7960
  QMMM:     4        4      C       -0.9490    0.1180    0.3790
  QMMM:     5        5      C        0.5110    0.3390    0.3100
  QMMM:     6        6      O        1.1620   -0.5920   -0.4910
  QMMM:     7        7      C        2.5220   -0.5010   -0.6420
  QMMM:     8        8      C        3.1370   -1.4640   -1.4430
  QMMM:     9        9      C        4.5190   -1.4280   -1.6400
  QMMM:    10       10      C        5.2860   -0.4290   -1.0370
  QMMM:    11       11      C        4.6700    0.5320   -0.2390
  QMMM:    12       12      O        5.4800    1.4820    0.3200
  QMMM:    13       13      C        3.2870    0.4940   -0.0410
  QMMM:    14       14      C        2.6010    1.4840    0.7900
  QMMM:    15       15      O        3.2050    2.3980    1.3480
  QMMM:    16       16      C        1.1330    1.3520    0.9420
  QMMM:    17       17      O        0.4920    2.3000    1.7180
  QMMM:    18       18      C       -1.6350    0.1130    1.5980
  QMMM:    19       19      C       -3.0120   -0.1210    1.6400
  QMMM:    20       20      C       -3.7430   -0.3640    0.4650
  QMMM:    21       21      C       -5.2340   -0.6120    0.5510
  QMMM:    22       22      F       -5.9610    0.2720   -0.1880
  QMMM:    23       23      F       -5.7290   -0.5230    1.8190
  QMMM:    24       24      F       -5.5870   -1.8520    0.1080
  QMMM:    25       25      H       -3.0860   -0.5950   -2.8770
  QMMM:    26       26      H       -4.5330    0.1210   -2.2090
  QMMM:    27       27      H       -4.2460   -1.5940   -2.0340
  QMMM:    28       28      H       -1.1770   -0.1460   -1.7010
  QMMM:    29       29      H        2.5700   -2.2030   -1.8890
  QMMM:    30       30      H        4.9740   -2.1400   -2.2320
  QMMM:    31       31      H        6.3070   -0.4020   -1.1830
  QMMM:    32       32      H        6.4030    1.4650    0.1580
  QMMM:    33       33      H        0.9870    2.9800    2.1300
  QMMM:    34       34      H       -1.1190    0.2840    2.4750
  QMMM:    35       35      H       -3.5000   -0.1150    2.5500

--------------------------------------------------------------------------------
  RESULTS
--------------------------------------------------------------------------------

      iter         sqm energy              rms gradient
      ----    -------------------    -----------------------
xmin    10     -237.4046 kcal/mol        0.4779 kcal/(mol*A)
xmin    20     -237.6146 kcal/mol        0.9533 kcal/(mol*A)
xmin    30     -237.7384 kcal/mol        0.3559 kcal/(mol*A)
xmin    40     -237.9658 kcal/mol        0.1827 kcal/(mol*A)
xmin    50     -237.9972 kcal/mol        0.1576 kcal/(mol*A)
xmin    60     -238.0148 kcal/mol        0.1187 kcal/(mol*A)
xmin    70     -238.0176 kcal/mol        0.0462 kcal/(mol*A)
xmin    80     -238.0185 kcal/mol        0.0159 kcal/(mol*A)
xmin    90     -238.0193 kcal/mol        0.0112 kcal/(mol*A)
xmin   100     -238.0196 kcal/mol        0.0038 kcal/(mol*A)
xmin   110     -238.0196 kcal/mol        0.0021 kcal/(mol*A)
xmin   120     -238.0196 kcal/mol        0.0010 kcal/(mol*A)
  ... geometry converged !
 
 Final MO eigenvalues (eV):
 -51.8748  -48.4819  -48.4412  -42.4434  -40.6687  -39.9155  -39.8643  -37.9109
 -37.4912  -34.6269  -33.2873  -32.9940  -31.1286  -30.3550  -28.4784  -27.1758
 -25.3594  -25.0839  -23.5607  -23.2824  -22.3759  -21.1295  -19.8000  -19.4592
 -19.3266  -19.3238  -19.2115  -18.3493  -17.5560  -17.3347  -17.1492  -16.9887
 -16.2997  -16.0514  -15.8494  -15.5961  -15.4594  -15.4470  -15.2446  -15.2190
 -14.9284  -14.7978  -14.5693  -14.4718  -14.3354  -14.3348  -14.3084  -14.1386
 -14.0938  -13.3983  -13.3729  -13.2856  -13.1922  -12.8191  -12.4782  -12.4561
 -11.1250  -10.9956  -10.2664   -9.9528   -9.7583   -9.0672   -1.1111   -0.6731
  -0.2151   -0.0008    0.3386    1.2292    1.4454    1.7179    2.1390    2.2307
   2.2644    2.4065    2.7792    2.9504    3.0742    3.1859    3.2227    3.3841
   3.5297    3.5697    3.5859    3.6142    3.7827    3.8197    3.9127    3.9659
   4.0821    4.0995    4.2359    4.2398    4.3462    4.3860    4.5161    4.5527
   4.7046    4.7963    4.9205    4.9549    4.9962    5.0925    5.4056    5.5651
   5.7063    5.8817    6.2014

 Heat of formation   =       -238.01960236 kcal/mol  (      -10.32130447 eV)

 Total SCF energy    =    -116790.97559483 kcal/mol  (    -5064.43673712 eV)
 Electronic energy   =    -706599.97385495 kcal/mol  (   -30640.47412753 eV)
 Core-core repulsion =     589808.99826012 kcal/mol  (    25576.03739040 eV)
 
    Atomic Charges for Step       1 :
  Atom    Element       Mulliken Charge
     1      C                 -0.199
     2      C                 -0.020
     3      C                 -0.110
     4      C                 -0.003
     5      C                  0.060
     6      O                 -0.124
     7      C                  0.144
     8      C                 -0.203
     9      C                 -0.027
    10      C                 -0.264
    11      C                  0.173
    12      O                 -0.209
    13      C                 -0.229
    14      C                  0.300
    15      O                 -0.288
    16      C                 -0.075
    17      O                 -0.244
    18      C                 -0.103
    19      C                 -0.088
    20      C                 -0.152
    21      C                  0.467
    22      F                 -0.166
    23      F                 -0.167
    24      F                 -0.167
    25      H                  0.091
    26      H                  0.102
    27      H                  0.104
    28      H                  0.153
    29      H                  0.160
    30      H                  0.145
    31      H                  0.145
    32      H                  0.225
    33      H                  0.248
    34      H                  0.167
    35      H                  0.156
 Total Mulliken Charge =      -0.000
 
                  X        Y        Z     TOTAL  
  QM DIPOLE     4.621   -1.737   -2.726    5.639
 
 Final Structure

  QMMM: QM Region Cartesian Coordinates (*=link atom) 
  QMMM: QM_NO.   MM_NO.  ATOM         X         Y         Z
  QMMM:     1        1      C       -3.6447   -1.0349   -1.9743
  QMMM:     2        2      C       -2.9873   -0.5285   -0.7467
  QMMM:     3        3      C       -1.6050   -0.3135   -0.7412
  QMMM:     4        4      C       -0.9529    0.1585    0.4064
  QMMM:     5        5      C        0.4913    0.3823    0.3847
  QMMM:     6        6      O        1.1075   -0.4504   -0.5480
  QMMM:     7        7      C        2.4753   -0.3638   -0.7016
  QMMM:     8        8      C        3.0125   -1.2466   -1.6571
  QMMM:     9        9      C        4.3825   -1.2340   -1.8835
  QMMM:    10       10      C        5.2188   -0.3661   -1.1817
  QMMM:    11       11      C        4.6748    0.5089   -0.2318
  QMMM:    12       12      O        5.4478    1.3791    0.4848
  QMMM:    13       13      C        3.2825    0.5270    0.0283
  QMMM:    14       14      C        2.6748    1.4194    1.0069
  QMMM:    15       15      O        3.2719    2.2550    1.6991
  QMMM:    16       16      C        1.2081    1.2653    1.1332
  QMMM:    17       17      O        0.5587    2.0604    2.0488
  QMMM:    18       18      C       -1.6954    0.4125    1.5677
  QMMM:    19       19      C       -3.0718    0.2025    1.5690
  QMMM:    20       20      C       -3.7174   -0.2647    0.4225
  QMMM:    21       21      C       -5.2283   -0.4743    0.4604
  QMMM:    22       22      F       -5.9422    0.3871   -0.3392
  QMMM:    23       23      F       -5.8012   -0.3184    1.7000
  QMMM:    24       24      F       -5.6466   -1.7224    0.0647
  QMMM:    25       25      H       -2.9600   -0.9776   -2.8551
  QMMM:    26       26      H       -4.5666   -0.4403   -2.1985
  QMMM:    27       27      H       -3.9503   -2.1027   -1.8279
  QMMM:    28       28      H       -1.0199   -0.5192   -1.6520
  QMMM:    29       29      H        2.3449   -1.9275   -2.2026
  QMMM:    30       30      H        4.8159   -1.9203   -2.6285
  QMMM:    31       31      H        6.3014   -0.3670   -1.3712
  QMMM:    32       32      H        6.3712    1.2613    0.2097
  QMMM:    33       33      H        1.2188    2.6764    2.4163
  QMMM:    34       34      H       -1.1965    0.7824    2.4783
  QMMM:    35       35      H       -3.6536    0.4061    2.4832

           --------- Calculation Completed ----------

