#"Step","Time (ps)","Potential Energy (kJ/mole)","Temperature (K)","Box Volume (nm^3)","Speed (ns/day)"
55000,109.99999999992504,-516569.7846215619,299.95157609219825,399.7810559849616,--
60000,119.99999999990173,-515939.9609516952,298.1618424535393,399.45646403164915,169
65000,129.99999999989262,-516588.889773584,301.7024237227079,398.3267287853631,169
70000,139.99999999994037,-516595.0566416816,301.09783834060016,399.1436132585258,169
75000,149.99999999998812,-516410.0361707071,300.41702638261125,399.7953564234266,169
80000,160.00000000003587,-515029.5400423175,303.5226570825453,401.83071665554434,169
85000,170.00000000008362,-516259.7781784334,298.6514516140065,398.12338367414293,169
90000,180.00000000013137,-516075.10934205865,301.5346979832915,398.3438016058681,169
95000,190.0000000001791,-514675.41548866546,298.8046320318474,398.6357565952713,169
100000,200.00000000022686,-515713.4711553464,298.0390026674219,399.52946171605606,169
105000,210.0000000002746,-516304.662357992,302.1436469618719,400.4489263346113,169
110000,220.00000000032236,-516701.7543513891,297.98445771151415,399.4435779071462,169
115000,230.0000000003701,-516099.1086934102,299.476807705151,399.82129421264545,169
120000,240.00000000041786,-516692.58131294,301.3234499144737,398.4434579501243,169
125000,250.0000000004656,-516392.82875755755,299.9703031937266,399.4025736940385,169
130000,260.00000000051335,-516382.36316666147,298.7537915875284,399.6573228647463,169
135000,270.0000000005611,-516522.50399472984,304.72330519740024,398.6240077127054,169
140000,280.00000000060885,-516320.54413067363,298.15120618713723,399.5608793060627,169
145000,290.0000000006566,-515207.17339548515,300.6393879861953,400.15335964639695,169
150000,300.00000000070435,-515936.2008856288,300.9605441411673,400.12620200237234,169
155000,310.0000000007521,-516849.58211859176,302.84477691593645,399.7284734312515,169
160000,320.00000000079984,-517123.40578599833,302.00735275329737,399.9126197503675,169
165000,330.0000000008476,-514330.16134903627,298.769995984846,399.60886016908887,169
170000,340.00000000089534,-514889.6684534033,299.2357644541685,401.2009363652639,169
175000,350.0000000009431,-515485.0468954835,299.74441889507347,400.840208833264,169
180000,360.00000000099084,-515642.78032712126,299.11585645943126,400.95632359811793,169
185000,370.0000000010386,-515155.38751032064,300.90463556136183,400.36928976012206,169
190000,380.00000000108633,-516427.788347458,298.88726764004775,399.0054141314831,169
195000,390.0000000011341,-516667.04218100104,299.7314417409804,398.80079224288346,169
200000,400.00000000118183,-515516.40158734657,298.62590639298963,399.7495340001881,169
205000,410.0000000012296,-515824.8096057903,301.19538290341524,400.6601929716054,169
210000,420.00000000127733,-516024.2722280347,298.0629342668265,398.1023497132512,169
215000,430.0000000013251,-516005.9514924316,301.35665415638255,399.94017415520125,169
220000,440.0000000013728,-515179.1003373009,299.8507815590936,399.97114059542764,169
225000,450.0000000014206,-516652.92154039117,298.23868266017433,399.079368359423,169
230000,460.0000000014683,-516239.53911606455,298.16193336179913,399.4065585766456,169
235000,470.00000000151607,-514827.6625140584,302.5996882473909,401.5153451109486,169
240000,480.0000000015638,-516196.22122964263,300.0748249654848,400.0052742334853,169
245000,490.00000000161157,-515097.80352685554,300.23111899122557,402.07804083854927,169
250000,500.0000000016593,-515879.5099074356,301.39888104308113,399.5989659183641,169
255000,510.00000000170706,-517000.9986453336,300.22516450020566,399.2615911431937,169
260000,520.0000000015274,-516408.1453676303,298.21841011822863,399.67867768968534,169
265000,530.0000000012909,-515481.1790225939,300.3857312141592,401.4712794573314,169
270000,540.0000000010544,-515716.5526483017,300.0187345691597,398.76901544092743,169
275000,550.000000000818,-515754.14396204706,298.74090534169517,399.2809773736637,169
280000,560.0000000005815,-514985.60968271876,299.78294127018336,400.62243183780225,169
285000,570.000000000345,-517806.1897447775,299.424717272259,399.00471440216745,169
290000,580.0000000001086,-516491.3188736751,299.3024229357008,399.92757020665243,169
295000,589.9999999998721,-515324.3737441059,298.87422230475977,400.36790289058,169
300000,599.9999999996356,-516332.4300514697,299.8980538542137,398.5337546793956,169
305000,609.9999999993992,-515328.35104306834,303.7450414131943,400.7019294336175,169
310000,619.9999999991627,-516906.2941814852,303.4124308174817,400.15508240907263,169
315000,629.9999999989262,-515388.73887397815,297.6140520067704,401.6094232550143,169
320000,639.9999999986898,-516502.79625720484,301.2661095295756,399.29463420877966,169
325000,649.9999999984533,-516699.33447133657,301.8828538914379,398.54428317792224,169
330000,659.9999999982168,-516756.52373319026,299.7440779890991,399.4949026185179,169
335000,669.9999999979804,-516968.1406015749,302.1661922103138,399.60233759658234,169
340000,679.9999999977439,-515758.8402460879,303.30686360073514,399.82337372709077,169
345000,689.9999999975074,-515994.46633680584,301.95389869650774,399.00982867504064,169
350000,699.999999997271,-515573.80483021773,300.2738458733533,399.99107152936494,169
355000,709.9999999970345,-516475.1553177894,300.84052251110523,400.4692705904791,169
360000,719.999999996798,-515261.3242338714,301.91708085127,398.93883728201763,169
365000,729.9999999965615,-517241.8507848163,301.856763220862,399.1701710055603,169
370000,739.9999999963251,-515987.8888053377,300.3020501609707,399.499666432336,169
375000,749.9999999960886,-516797.90015534405,301.34972240156924,399.86117631937356,169
380000,759.9999999958521,-516499.8114794423,300.9478624389187,400.8594497017975,169
385000,769.9999999956157,-516782.2432589638,300.2961183970157,399.2267101231404,169
390000,779.9999999953792,-515687.6640177793,300.26943682275083,400.6449184911672,169
395000,789.9999999951427,-516409.3494560914,298.936789914599,400.5557656336666,169
400000,799.9999999949063,-516732.2409033617,298.9635851241887,399.12570329326513,169
405000,809.9999999946698,-516900.45017299335,299.3980584250591,399.2498423689242,169
410000,819.9999999944333,-515715.7586656739,301.71110546152323,399.91131353276825,169
415000,829.9999999941969,-517768.91383231943,299.39399028043096,397.7690810268133,169
420000,839.9999999939604,-515506.9190977379,300.1635741541598,399.30329977716383,169
425000,849.9999999937239,-516087.0403809692,299.79689568806975,398.2743084337116,169
430000,859.9999999934874,-515820.3117308002,300.0980520258756,399.2244662266808,169
435000,869.999999993251,-515616.2960545579,298.79606392835694,401.180594418467,169
440000,879.9999999930145,-516473.1477906485,300.20039199939754,399.7475638498349,169
445000,889.999999992778,-516286.2993636015,298.7774277350884,398.99355300310305,169
450000,899.9999999925416,-516020.550523208,302.4524850476347,400.33163294338533,169
455000,909.9999999923051,-517193.18934419705,301.48013030031876,398.28892369374694,169
460000,919.9999999920686,-515354.43972134404,301.0067255371692,401.53395695123686,169
465000,929.9999999918322,-515821.45863056043,299.95484878955267,399.6612642814542,169
470000,939.9999999915957,-515594.8081752751,300.73452348012444,399.0434855807079,169
475000,949.9999999913592,-515833.72068992956,298.62511094571596,400.18463720170917,169
480000,959.9999999911228,-516557.8240989316,300.30282288117934,399.98104549879895,169
485000,969.9999999908863,-516062.348780693,298.18577405294377,398.9745552131139,169
490000,979.9999999906498,-516076.75406885985,298.0554343353892,400.13844667290175,169
495000,989.9999999904134,-517407.71051843185,301.96605767626215,398.237973574614,169
500000,999.9999999901769,-516460.8431763598,302.0953974029585,398.93419375596704,169
505000,1009.9999999899404,-517845.3894829857,298.5164528481347,398.7955627996333,169
510000,1019.999999989704,-516603.1374628893,300.8748631062622,398.88340271914706,169
515000,1029.9999999894676,-515725.08894445,303.4287715771891,399.7456454685799,169
520000,1039.9999999892311,-516091.3613622468,298.85865426526107,399.2043020659588,169
525000,1049.9999999889947,-516602.02476902213,298.4497261854075,399.6716291762133,169
530000,1059.9999999887582,-515286.3324738494,299.5331935533206,400.60082015460915,169
535000,1069.9999999885217,-516268.3604088458,299.8987129390976,398.1507750803208,169
540000,1079.9999999882853,-515682.46284126537,299.9440988878259,398.88268164967366,169
545000,1089.9999999880488,-515649.79025072465,299.1592651535078,401.5710137119054,169
550000,1099.9999999878123,-517115.47080176277,301.78367297994555,401.05507867192256,168
