Minimizing...
Heating / NVT equilibration (100 ps)...
#"Step","Potential Energy (kJ/mole)","Temperature (K)","Box Volume (nm^3)","Speed (ns/day)"
5000,-514446.9637725302,303.3192271240743,401.11567994884734,--
10000,-515810.53598881606,301.9601940935021,399.65746660960974,171
15000,-515662.07484098757,300.89811289371784,399.7956917854784,171
20000,-516344.94832056016,301.88646749476675,399.5617314401393,171
25000,-517696.94825151237,299.69426026270327,398.95121317437815,171
30000,-516131.7915480612,301.09802015711983,398.8017159707001,171
35000,-516085.32047692686,301.18506481592266,400.4912518751707,171
40000,-516126.16809576424,300.2124146167622,400.6785526121313,171
45000,-516298.6479670848,300.24082344796415,398.623531874204,171
50000,-516493.1605359679,300.18298306763694,398.5223745154529,171
Production run...
55000,-516569.7846215619,299.95157609219825,399.7810559849616,170
60000,-515939.9609516952,298.1618424535393,399.45646403164915,169
65000,-516588.889773584,301.7024237227079,398.3267287853631,169
70000,-516595.0566416816,301.09783834060016,399.1436132585258,169
75000,-516410.0361707071,300.41702638261125,399.7953564234266,169
80000,-515029.5400423175,303.5226570825453,401.83071665554434,169
85000,-516259.7781784334,298.6514516140065,398.12338367414293,169
90000,-516075.10934205865,301.5346979832915,398.3438016058681,169
95000,-514675.41548866546,298.8046320318474,398.6357565952713,169
100000,-515713.4711553464,298.0390026674219,399.52946171605606,169
105000,-516304.662357992,302.1436469618719,400.4489263346113,169
110000,-516701.7543513891,297.98445771151415,399.4435779071462,169
115000,-516099.1086934102,299.476807705151,399.82129421264545,169
120000,-516692.58131294,301.3234499144737,398.4434579501243,169
125000,-516392.82875755755,299.9703031937266,399.4025736940385,169
130000,-516382.36316666147,298.7537915875284,399.6573228647463,169
135000,-516522.50399472984,304.72330519740024,398.6240077127054,169
140000,-516320.54413067363,298.15120618713723,399.5608793060627,169
145000,-515207.17339548515,300.6393879861953,400.15335964639695,169
150000,-515936.2008856288,300.9605441411673,400.12620200237234,169
155000,-516849.58211859176,302.84477691593645,399.7284734312515,169
160000,-517123.40578599833,302.00735275329737,399.9126197503675,169
165000,-514330.16134903627,298.769995984846,399.60886016908887,169
170000,-514889.6684534033,299.2357644541685,401.2009363652639,169
175000,-515485.0468954835,299.74441889507347,400.840208833264,169
180000,-515642.78032712126,299.11585645943126,400.95632359811793,169
185000,-515155.38751032064,300.90463556136183,400.36928976012206,169
190000,-516427.788347458,298.88726764004775,399.0054141314831,169
195000,-516667.04218100104,299.7314417409804,398.80079224288346,169
200000,-515516.40158734657,298.62590639298963,399.7495340001881,169
205000,-515824.8096057903,301.19538290341524,400.6601929716054,169
210000,-516024.2722280347,298.0629342668265,398.1023497132512,169
215000,-516005.9514924316,301.35665415638255,399.94017415520125,169
220000,-515179.1003373009,299.8507815590936,399.97114059542764,169
225000,-516652.92154039117,298.23868266017433,399.079368359423,169
230000,-516239.53911606455,298.16193336179913,399.4065585766456,169
235000,-514827.6625140584,302.5996882473909,401.5153451109486,169
240000,-516196.22122964263,300.0748249654848,400.0052742334853,169
245000,-515097.80352685554,300.23111899122557,402.07804083854927,169
250000,-515879.5099074356,301.39888104308113,399.5989659183641,169
255000,-517000.9986453336,300.22516450020566,399.2615911431937,169
260000,-516408.1453676303,298.21841011822863,399.67867768968534,169
265000,-515481.1790225939,300.3857312141592,401.4712794573314,169
270000,-515716.5526483017,300.0187345691597,398.76901544092743,169
275000,-515754.14396204706,298.74090534169517,399.2809773736637,169
280000,-514985.60968271876,299.78294127018336,400.62243183780225,169
285000,-517806.1897447775,299.424717272259,399.00471440216745,169
290000,-516491.3188736751,299.3024229357008,399.92757020665243,169
295000,-515324.3737441059,298.87422230475977,400.36790289058,169
300000,-516332.4300514697,299.8980538542137,398.5337546793956,169
305000,-515328.35104306834,303.7450414131943,400.7019294336175,169
310000,-516906.2941814852,303.4124308174817,400.15508240907263,169
315000,-515388.73887397815,297.6140520067704,401.6094232550143,169
320000,-516502.79625720484,301.2661095295756,399.29463420877966,169
325000,-516699.33447133657,301.8828538914379,398.54428317792224,169
330000,-516756.52373319026,299.7440779890991,399.4949026185179,169
335000,-516968.1406015749,302.1661922103138,399.60233759658234,169
340000,-515758.8402460879,303.30686360073514,399.82337372709077,169
345000,-515994.46633680584,301.95389869650774,399.00982867504064,169
350000,-515573.80483021773,300.2738458733533,399.99107152936494,169
355000,-516475.1553177894,300.84052251110523,400.4692705904791,169
360000,-515261.3242338714,301.91708085127,398.93883728201763,169
365000,-517241.8507848163,301.856763220862,399.1701710055603,169
370000,-515987.8888053377,300.3020501609707,399.499666432336,169
375000,-516797.90015534405,301.34972240156924,399.86117631937356,169
380000,-516499.8114794423,300.9478624389187,400.8594497017975,169
385000,-516782.2432589638,300.2961183970157,399.2267101231404,169
390000,-515687.6640177793,300.26943682275083,400.6449184911672,169
395000,-516409.3494560914,298.936789914599,400.5557656336666,169
400000,-516732.2409033617,298.9635851241887,399.12570329326513,169
405000,-516900.45017299335,299.3980584250591,399.2498423689242,169
410000,-515715.7586656739,301.71110546152323,399.91131353276825,169
415000,-517768.91383231943,299.39399028043096,397.7690810268133,169
420000,-515506.9190977379,300.1635741541598,399.30329977716383,169
425000,-516087.0403809692,299.79689568806975,398.2743084337116,169
430000,-515820.3117308002,300.0980520258756,399.2244662266808,169
435000,-515616.2960545579,298.79606392835694,401.180594418467,169
440000,-516473.1477906485,300.20039199939754,399.7475638498349,169
445000,-516286.2993636015,298.7774277350884,398.99355300310305,169
450000,-516020.550523208,302.4524850476347,400.33163294338533,169
455000,-517193.18934419705,301.48013030031876,398.28892369374694,169
460000,-515354.43972134404,301.0067255371692,401.53395695123686,169
465000,-515821.45863056043,299.95484878955267,399.6612642814542,169
470000,-515594.8081752751,300.73452348012444,399.0434855807079,169
475000,-515833.72068992956,298.62511094571596,400.18463720170917,169
480000,-516557.8240989316,300.30282288117934,399.98104549879895,169
485000,-516062.348780693,298.18577405294377,398.9745552131139,169
490000,-516076.75406885985,298.0554343353892,400.13844667290175,169
495000,-517407.71051843185,301.96605767626215,398.237973574614,169
500000,-516460.8431763598,302.0953974029585,398.93419375596704,169
505000,-517845.3894829857,298.5164528481347,398.7955627996333,169
510000,-516603.1374628893,300.8748631062622,398.88340271914706,169
515000,-515725.08894445,303.4287715771891,399.7456454685799,169
520000,-516091.3613622468,298.85865426526107,399.2043020659588,169
525000,-516602.02476902213,298.4497261854075,399.6716291762133,169
530000,-515286.3324738494,299.5331935533206,400.60082015460915,169
535000,-516268.3604088458,299.8987129390976,398.1507750803208,169
540000,-515682.46284126537,299.9440988878259,398.88268164967366,169
545000,-515649.79025072465,299.1592651535078,401.5710137119054,169
550000,-517115.47080176277,301.78367297994555,401.05507867192256,169
Done.
