AutoDock Vina v1.2.7
#################################################################
# If you used AutoDock Vina in your work, please cite:          #
#                                                               #
# J. Eberhardt, D. Santos-Martins, A. F. Tillack, and S. Forli  #
# AutoDock Vina 1.2.0: New Docking Methods, Expanded Force      #
# Field, and Python Bindings, J. Chem. Inf. Model. (2021)       #
# DOI 10.1021/acs.jcim.1c00203                                  #
#                                                               #
# O. Trott, A. J. Olson,                                        #
# AutoDock Vina: improving the speed and accuracy of docking    #
# with a new scoring function, efficient optimization and       #
# multithreading, J. Comp. Chem. (2010)                         #
# DOI 10.1002/jcc.21334                                         #
#                                                               #
# Please see https://github.com/ccsb-scripps/AutoDock-Vina for  #
# more information.                                             #
#################################################################

Scoring function : vina
Rigid receptor: 03_receptors/2Z5Xdry/receptor.pdbqt
Ligand: 02_ligands/pdbqt/cand_024.pdbqt
Grid center: X 40.58 Y 26.93 Z -14.54
Grid size  : X 18 Y 18 Z 18
Grid space : 0.375
Exhaustiveness: 32
CPU: 0
Verbosity: 1

Computing Vina grid ... done.
Performing docking (random seed: 22) ... 
0%   10   20   30   40   50   60   70   80   90   100%
|----|----|----|----|----|----|----|----|----|----|
***************************************************

mode |   affinity | dist from best mode
     | (kcal/mol) | rmsd l.b.| rmsd u.b.
-----+------------+----------+----------
   1       -7.156          0          0
   2       -5.952      1.135      2.218
   3       -4.988     0.8318      1.107
   4       -3.252      1.936      3.228
   5       -2.875      1.724      3.008
   6       -2.494      4.052      8.174
   7       -2.453      1.776      2.465
   8       -2.313      2.159      3.416
   9       -1.807      1.505      2.199
