#"Step","Time (ps)","Potential Energy (kJ/mole)","Temperature (K)","Box Volume (nm^3)","Speed (ns/day)"
55000,109.99999999992504,-622129.3472086606,299.7232716992956,479.80645503257887,--
60000,119.99999999990173,-622338.8566203122,297.7819237789628,479.71371054438663,138
65000,129.99999999989262,-621993.6153134354,302.36288280511656,481.66147854873935,137
70000,139.99999999994037,-621269.1646968792,299.72085424640034,480.70335620597257,137
75000,149.99999999998812,-622550.7012197282,301.7646869414426,480.31754939204023,134
80000,160.00000000003587,-622429.2826176998,303.37750872382753,480.46714259463243,134
85000,170.00000000008362,-622054.0594600048,296.9426298178761,479.8970818863259,134
90000,180.00000000013137,-620124.4636910297,299.0468607651756,482.77621305061757,132
95000,190.0000000001791,-622456.3212894169,300.7280184207417,480.99306049661413,132
100000,200.00000000022686,-622990.0743452762,300.53665894077244,479.8356821877971,132
105000,210.0000000002746,-621886.8676596927,299.12593241341915,480.5407625250237,131
110000,220.00000000032236,-622142.1032316918,303.17297698083837,480.82523877082053,131
115000,230.0000000003701,-623169.0856636544,301.54641188356857,480.0620209033515,131
120000,240.00000000041786,-622903.6589184976,298.73333425621576,481.85403024820926,131
125000,250.0000000004656,-622036.1923085721,300.021513053335,481.0378357304821,131
130000,260.00000000051335,-622383.6265335898,299.2208793035104,480.82641310065816,132
135000,270.0000000005611,-622411.248506784,300.1755447763939,480.26537284433414,132
140000,280.00000000060885,-622288.9956776998,301.99503022873074,480.8212183032425,132
145000,290.0000000006566,-623272.5449774214,300.0498372258402,478.8259345012823,132
150000,300.00000000070435,-622525.8421151657,299.2454154986442,480.2662574253124,132
155000,310.0000000007521,-622916.8872615583,303.5814884500138,480.19397171179736,133
160000,320.00000000079984,-622541.045362758,299.1897569768666,481.1569306643572,133
165000,330.0000000008476,-623558.1509240773,298.6328481630338,481.0557982980685,133
170000,340.00000000089534,-622446.993077442,296.9536320838089,481.49635572535414,133
175000,350.0000000009431,-623208.1191683272,300.8027881449354,481.4964834766518,133
180000,360.00000000099084,-622523.8269919399,301.105826334641,479.3793575413499,134
185000,370.0000000010386,-621706.7788534882,299.01901246922466,481.4256657799032,134
190000,380.00000000108633,-622341.7241388964,302.362026227319,479.2444833713566,134
195000,390.0000000011341,-622182.2451980817,299.3698477000327,480.2782406671052,134
200000,400.00000000118183,-623940.6793511291,301.4319159846314,480.5884447925074,134
205000,410.0000000012296,-623193.5604048679,302.01170494318944,480.76520212335504,134
210000,420.00000000127733,-622794.2674406623,298.69212334662325,479.25418176211696,134
215000,430.0000000013251,-623182.3750443021,300.5913847445038,481.0180342838769,134
220000,440.0000000013728,-621613.6132417093,300.74012472028016,481.2995067979135,134
225000,450.0000000014206,-621040.2857476007,298.71648822619755,483.02743838969013,134
230000,460.0000000014683,-622512.6223064791,300.59597219448614,480.35107175990606,134
235000,470.00000000151607,-624374.8789167954,299.93465606466503,481.38076214500285,134
240000,480.0000000015638,-622939.4297145423,300.85581982813386,479.4233645721424,134
245000,490.00000000161157,-622679.9771323581,299.0107131821196,480.704807871879,134
250000,500.0000000016593,-623913.6676834645,299.4899970124336,481.0631407384004,134
255000,510.00000000170706,-622415.0565764355,299.7946531824235,481.10210710466936,134
260000,520.0000000015274,-622028.886774302,300.76237670795393,481.33910850274293,134
265000,530.0000000012909,-622957.223156203,297.90161624987167,480.49032319395667,134
270000,540.0000000010544,-622718.3186899414,300.49733250233453,480.28093908640255,134
275000,550.000000000818,-622601.9392305398,298.10087528064037,480.2257463341957,134
280000,560.0000000005815,-622834.0343583487,299.90924425667146,480.30442810756244,134
285000,570.000000000345,-622270.5041110865,298.295908527608,482.1057918280092,134
290000,580.0000000001086,-623305.1608969052,301.3167919286428,479.34437727120843,134
295000,589.9999999998721,-621926.1622548397,301.5114064042426,482.9058045629962,134
300000,599.9999999996356,-623360.0735054901,297.7827232515738,481.7957078413703,134
305000,609.9999999993992,-621571.3191907983,298.83524797906017,480.79737258876247,134
310000,619.9999999991627,-622354.8115050402,301.5695775542263,480.57874037960556,134
315000,629.9999999989262,-622864.0849270886,301.02349969076687,481.1843102419049,134
320000,639.9999999986898,-621313.2015566286,301.43109747695826,480.7189686169426,134
325000,649.9999999984533,-624153.6877852343,298.6625238249528,480.8620948401261,134
330000,659.9999999982168,-621831.3242664235,301.62685405628815,481.8790542103295,134
335000,669.9999999979804,-623050.2735233726,300.76610758013874,479.5530665143258,134
340000,679.9999999977439,-624239.023527517,301.14210716313215,480.0657068901656,134
345000,689.9999999975074,-622672.1351271649,301.16690984913635,481.79091262225677,134
350000,699.999999997271,-622878.5618715528,301.9362689918199,480.2341540586609,134
355000,709.9999999970345,-622795.6619855864,297.7043749356926,481.01083913619044,134
360000,719.999999996798,-622627.4675359149,299.3929753005662,482.4125560203132,134
365000,729.9999999965615,-622989.0897177244,298.9436336230416,479.63520744035173,134
370000,739.9999999963251,-622443.1248251409,300.1969021161458,478.23117125351905,134
375000,749.9999999960886,-623086.5954980403,301.1186178964175,480.01829080839383,134
380000,759.9999999958521,-623344.4170071282,300.17139513284144,479.67036471450206,134
385000,769.9999999956157,-621766.8698140718,299.080667035585,481.0439350460589,134
390000,779.9999999953792,-622178.3830664665,299.59076863154803,480.42869877886864,134
395000,789.9999999951427,-623839.4129508231,298.7975585559687,481.6022989581156,134
400000,799.9999999949063,-622535.9592970507,300.2308416319903,481.54187807290316,134
405000,809.9999999946698,-621724.901120693,300.13496202385295,480.3790809615445,134
410000,819.9999999944333,-622832.8076435467,300.0608965969594,479.9795769543622,134
415000,829.9999999941969,-622036.9365240652,299.9575742795146,482.7863691147484,134
420000,839.9999999939604,-623598.2976012258,298.0193290743151,479.4806472548209,134
425000,849.9999999937239,-623939.7640605439,298.89018316847546,480.74925671534226,134
430000,859.9999999934874,-622464.6016213256,301.9130462159756,481.5144210458603,134
435000,869.999999993251,-624430.4691073517,301.13938514924223,480.6543695731581,134
440000,879.9999999930145,-623040.6918692896,300.3506863833965,481.89957203218734,134
445000,889.999999992778,-623474.8657768243,300.3867958963282,481.71498764271166,134
450000,899.9999999925416,-622726.3628212693,299.7547176219962,481.11718920273836,134
455000,909.9999999923051,-623198.559603734,300.53138622855204,479.6106342487464,134
460000,919.9999999920686,-624224.6167830764,299.712631099544,481.0839570774233,134
465000,929.9999999918322,-623264.866917355,301.2032287477518,480.65849940557854,134
470000,939.9999999915957,-621966.7954674158,302.31929251275307,480.2080746941627,134
475000,949.9999999913592,-621571.0961775128,301.2044279566683,480.4517151422654,134
480000,959.9999999911228,-622495.4777837317,300.3943147458843,480.6107024413934,134
485000,969.9999999908863,-623734.1355091776,301.1596574904505,479.16949378238513,134
490000,979.9999999906498,-621886.8568764348,298.7037918397319,481.2076519060718,134
495000,989.9999999904134,-622160.0770324292,299.7399273786921,481.5461384274591,134
500000,999.9999999901769,-623241.388830503,298.67188907553924,479.51976057166695,134
505000,1009.9999999899404,-623006.6138299354,300.11440415671217,479.5260175129899,134
510000,1019.999999989704,-623160.6205316493,298.8754500303578,481.70877940133494,134
515000,1029.9999999894676,-622302.5162912193,300.6650885052161,481.02314085612113,134
520000,1039.9999999892311,-622701.5861600828,300.5701225800628,480.9048232400941,134
525000,1049.9999999889947,-623151.0572702792,300.85555333726353,480.7991336400812,134
530000,1059.9999999887582,-622749.7122969036,300.0114054353241,482.0020726368144,134
535000,1069.9999999885217,-623262.2615850535,300.0411572374918,481.05676351461994,134
540000,1079.9999999882853,-622295.6918834462,299.57045822021536,481.360736300972,134
545000,1089.9999999880488,-622418.707214809,302.238222182982,480.667948907441,134
550000,1099.9999999878123,-622229.5658360245,299.17628015285203,482.2931019934239,134
555000,1109.9999999875758,-622811.0187869379,301.3110623749303,481.2019007614994,134
560000,1119.9999999873394,-622663.3392210049,301.8370582478032,480.6591282124318,134
565000,1129.999999987103,-622693.645089515,300.49304961334684,481.1811881037096,134
570000,1139.9999999868664,-622403.5285957935,300.41540559476584,480.71999431589416,134
575000,1149.99999998663,-622883.3292724635,300.87455032930666,481.3082946510338,134
580000,1159.9999999863935,-622938.3355793934,301.0323509946747,480.8849917568144,134
585000,1169.999999986157,-623714.8167777276,297.9778707089144,479.6121637009206,134
590000,1179.9999999859206,-622018.4670077623,298.0695435683128,481.06653368361026,134
595000,1189.999999985684,-622849.8893591869,298.4156581037034,479.1273771613508,134
600000,1199.9999999854476,-620304.5463771196,300.93053244714105,481.5223174856704,134
605000,1209.9999999852112,-622551.9697925388,300.4741287615524,482.048522121474,134
610000,1219.9999999849747,-621866.8240841115,300.7869319381499,482.6483815986602,134
615000,1229.9999999847382,-621514.6269390341,300.3333264066998,480.91669392127966,134
620000,1239.9999999845018,-621140.923249084,301.05054851410677,482.4946817865075,134
625000,1249.9999999842653,-621361.6072012582,300.93001850046255,481.83301398031705,134
630000,1259.9999999840288,-622807.7859809538,300.6390485401711,478.9151259906215,134
635000,1269.9999999837923,-624119.759358257,300.73844963480946,479.7415164926593,134
640000,1279.9999999835559,-622191.1611199449,299.6855061359554,481.4488913086197,134
645000,1289.9999999833194,-622730.9634975023,300.00171658868084,482.57907897886804,134
650000,1299.999999983083,-622110.3592130439,299.00488845309644,480.60427545358107,134
655000,1309.9999999828465,-623389.9976486233,297.3181535243153,479.9363657636347,134
660000,1319.99999998261,-622724.3918138221,299.6943193697389,480.2321590428897,134
665000,1329.9999999823735,-621268.8038395671,299.1566169336331,480.9835121640419,134
670000,1339.999999982137,-622389.6793023893,299.6347776952791,480.3452593588972,134
675000,1349.9999999819006,-621889.0601421301,297.58293123906435,481.51883078683034,134
680000,1359.9999999816641,-623385.2115823086,298.44327797890827,481.36013304966946,134
685000,1369.9999999814277,-622585.8287434727,299.6839452608577,481.17308732089253,134
690000,1379.9999999811912,-621159.139165923,302.7622955145759,483.4209233695382,134
695000,1389.9999999809547,-623316.7029576534,299.87814096508987,482.08554011605236,134
700000,1399.9999999807183,-622661.4773820308,302.6108906300961,479.8272461607585,134
705000,1409.9999999804818,-623460.2241947041,299.03726709384324,480.4766263189666,134
710000,1419.9999999802453,-621798.8526370358,300.24435652612925,481.2738986903357,134
715000,1429.9999999800089,-622641.2248915834,300.57798406073795,480.38836439465314,134
720000,1439.9999999797724,-622382.7695536241,302.1604449189658,481.86775449836574,134
725000,1449.999999979536,-622883.503494123,301.7267500625429,479.4463816029112,134
730000,1459.9999999792994,-622688.7215397037,300.2030123711015,479.92669645566536,134
735000,1469.999999979063,-622570.7153354008,301.06143656966657,482.3338851866058,134
740000,1479.9999999788265,-622928.0035352488,302.80394423059823,481.64532947301524,134
745000,1489.99999997859,-622839.8632407277,300.28191270378557,482.7393943378445,134
750000,1499.9999999783536,-623275.5417408119,297.88233373189604,480.6583524479497,134
755000,1509.999999978117,-622350.0559819224,300.61346541661806,481.72414484350566,134
760000,1519.9999999778806,-623720.8962341421,301.4147463585564,480.77791248523107,134
765000,1529.9999999776442,-622266.6235048114,301.91607279086026,481.33760297782754,134
770000,1539.9999999774077,-621255.2568936786,297.92350657136416,480.7800308716761,134
775000,1549.9999999771712,-621199.4828478526,301.54930521301804,481.3659498313099,134
780000,1559.9999999769348,-622962.9228304606,301.30169712434395,481.476090335521,134
785000,1569.9999999766983,-622742.4994737003,301.79283979838823,481.05653272653876,134
790000,1579.9999999764618,-622923.0632513426,300.5791071294058,480.1340827801352,134
795000,1589.9999999762254,-621460.3330961945,299.18164804038327,482.6098250530135,135
800000,1599.9999999759889,-623139.5508236312,300.9619593347795,479.76069844024505,135
805000,1609.9999999757524,-622593.7059487649,303.1462517535553,481.31903453708577,135
810000,1619.999999975516,-622660.0204470619,297.8249049493369,482.3172706557108,135
815000,1629.9999999752795,-623722.2843229943,301.1833371077868,480.6712712918938,135
820000,1639.999999975043,-621839.2653295062,302.20281696735054,480.42676315497386,135
825000,1649.9999999748065,-623191.1320814402,303.8093762142824,481.6372753589593,135
830000,1659.99999997457,-623093.1334509798,303.21201789334384,481.410462721443,135
835000,1669.9999999743336,-623388.3680663384,300.7992856934966,480.454248614193,135
840000,1679.9999999740971,-624029.8075440722,297.0461995911291,479.87321842366225,135
845000,1689.9999999738607,-622900.2995472797,299.78793380547836,480.10991824721776,135
850000,1699.9999999736242,-622680.9816835662,301.4228552950397,482.0151438857383,135
855000,1709.9999999733877,-622194.0693766493,297.7760609798152,479.78181591387107,135
860000,1719.9999999731513,-622749.7416170668,303.67061061108177,479.33711314963074,135
865000,1729.9999999729148,-622606.076868007,300.3065821443546,480.48654805454333,135
870000,1739.9999999726783,-622968.3877921333,301.29802335734564,481.5081933795197,135
875000,1749.9999999724419,-622420.6229689065,298.43547360341967,480.79260181087153,135
880000,1759.9999999722054,-623356.1391270133,299.4279807798921,482.6782444882721,135
885000,1769.999999971969,-623175.3731259122,299.7349592274664,482.4617505524821,135
890000,1779.9999999717324,-623117.256149577,299.5815366263968,482.449226217696,135
895000,1789.999999971496,-624288.3295316137,303.166333744142,480.62076632905047,135
900000,1799.9999999712595,-622511.2438279651,301.2043518164197,481.03281654680967,135
905000,1809.999999971023,-623216.6224511345,299.3759198848642,480.9326579731802,135
910000,1819.9999999707866,-623054.7332845298,301.86859934581463,482.00562626425443,135
915000,1829.99999997055,-622862.2418534039,301.13538778618704,481.1558894423684,135
920000,1839.9999999703136,-623215.4022112028,301.82409537046715,481.4745154003255,135
925000,1849.9999999700772,-625148.1637280979,299.67694035798,479.63179234430424,135
930000,1859.9999999698407,-622500.3560088617,301.1409079542156,481.41221295211966,135
935000,1869.9999999696042,-622668.4879851514,297.81218952780904,480.8572743008512,135
940000,1879.9999999693678,-622531.83513217,303.77191521193686,480.2816823757368,135
945000,1889.9999999691313,-622357.0594126834,298.4685375064045,480.83373316181877,135
950000,1899.9999999688948,-621161.2632874926,298.93967433011073,482.6382422001248,135
955000,1909.9999999686584,-622025.8440110749,299.9652834796924,481.8761241672074,135
960000,1919.999999968422,-623880.8648375869,302.016996690472,479.575241168505,135
965000,1929.9999999681854,-623137.5895990189,301.0675468246223,480.3170166027568,135
970000,1939.999999967949,-622051.2995567294,301.83938052538764,481.84533416692744,135
975000,1949.9999999677125,-622770.9315563785,296.0607353876586,479.68258511739606,135
980000,1959.999999967476,-622111.0102460631,300.9469216356672,480.5845765051093,135
985000,1969.9999999672395,-622670.3567092656,300.169643907122,478.22068777809864,135
990000,1979.999999967003,-622235.6996163675,300.4026140329893,481.1563591238727,135
995000,1989.9999999667666,-623169.0462211221,303.0506576713504,481.60628422289653,135
1000000,1999.9999999665301,-622656.8073860891,298.5307250545055,479.18783589677344,135
1005000,2009.9999999662937,-621489.9693839881,301.483710388789,482.32224883837875,135
1010000,2019.9999999660572,-622771.1398845166,301.0045788389724,479.9214662394626,135
1015000,2029.9999999658207,-621536.8588490142,300.6110289286606,482.8587549487461,135
1020000,2039.9999999655843,-623568.4211743898,301.55941283102896,482.68597752966315,135
1025000,2049.999999965348,-622564.4416848505,297.8966671337081,480.53617943248884,135
1030000,2059.9999999651113,-622739.0285972487,299.934541854292,480.9499960686884,135
1035000,2069.999999964875,-623504.3809569986,300.99016929691163,481.03622176551363,135
1040000,2079.9999999646384,-622952.8206540789,298.8022411812619,483.07291060117956,135
1045000,2089.999999964402,-621457.1394804423,299.9369973773116,481.15109691033894,135
1050000,2099.9999999641655,-622480.3981303563,300.32915772808514,481.50376767911007,135
1055000,2109.999999963929,-621687.0902697709,300.1574233972105,481.09538986284736,135
1060000,2119.9999999636925,-623547.8792179436,300.05147424118655,479.85174911779905,135
1065000,2129.999999963456,-623114.4435598687,303.2706268497574,480.19920289599065,135
1070000,2139.9999999632196,-622271.8505554772,299.10267156745056,480.06673145362623,135
1075000,2149.999999962983,-622702.8498674193,299.24027603185897,480.5082261607303,135
1080000,2159.9999999627466,-623321.9069310008,301.2481324594048,482.10804200696504,135
1085000,2169.99999996251,-623534.0009127306,301.02536512685924,480.84612869797826,135
1090000,2179.9999999622737,-622261.8646384683,299.9732401356784,480.03675579976243,136
1095000,2189.9999999620372,-623347.6146932845,298.502020180757,480.558494841423,136
1100000,2199.9999999618008,-624058.5628613145,299.56402436920274,480.3828798633589,136
1105000,2209.9999999615643,-622800.2764581726,299.56766006607677,481.3308614799149,136
1110000,2219.999999961328,-623074.9238603711,299.37493006163146,480.14023142245844,136
1115000,2229.9999999610914,-623035.9845232572,299.705588126542,480.34345273551463,136
1120000,2239.999999960855,-623011.8084033537,299.75315674689847,481.385419790143,136
1125000,2249.9999999606184,-622656.3739390117,298.7461638881166,482.27807786170524,136
1130000,2259.999999960382,-622418.3999347622,298.6452209534427,481.6994955230215,136
1135000,2269.9999999601455,-622794.4266830701,299.02419000613423,481.0831861070295,136
1140000,2279.999999959909,-621247.1038109879,298.93735205252636,480.9120293036432,136
1145000,2289.9999999596726,-623134.8311345209,300.9161229050803,481.35717996705245,136
1150000,2299.999999959436,-621970.2200106,299.21998465558846,481.1224242826741,136
1155000,2309.9999999591996,-623523.7631579419,300.6576267608465,481.44216655916455,136
1160000,2319.999999958963,-622254.3555083335,301.179720445975,482.0031385592163,136
1165000,2329.9999999587267,-624133.3450716557,300.3657050474466,479.5698213080518,136
1170000,2339.99999995849,-623243.4075808013,299.8325900613232,481.60541101356023,136
1175000,2349.9999999582537,-622665.2762412014,301.54001610268034,479.6899150444272,136
1180000,2359.9999999580173,-622358.4590548878,300.0178012162124,480.64922135634396,136
1185000,2369.999999957781,-623561.1957993666,300.88397268507947,481.8946408594581,136
1190000,2379.9999999575443,-622842.6952389008,299.1583871944147,481.09084145031903,136
1195000,2389.999999957308,-623602.0026483368,301.29223669844674,479.9416674935865,136
1200000,2399.9999999570714,-622148.2248443994,299.76518690618826,481.25234054394167,136
1205000,2409.999999956835,-623354.1856842847,300.14015859582463,479.33872995509114,136
1210000,2419.9999999565985,-623378.1697001015,300.18285424026624,479.5585657029482,136
1215000,2429.999999956362,-624542.4845251292,301.2920273127629,479.27621571091066,136
1220000,2439.9999999561255,-622312.0114326454,301.67607872705315,481.88895848071564,136
1225000,2449.999999955889,-622008.6657468425,301.3413281237766,478.75845349456654,136
1230000,2459.9999999556526,-622949.4115834497,300.2774394641762,479.29380531453154,136
1235000,2469.999999955416,-623491.8287040163,303.1587006842128,480.0578681231354,136
1240000,2479.9999999551796,-621493.2729745656,298.85721444080144,479.87198235338803,136
1245000,2489.999999954943,-622411.0967238061,302.3233089108704,479.6100584431218,136
1250000,2499.9999999547067,-622901.9508003863,298.08201153403246,480.6530353465828,136
1255000,2509.9999999544702,-623038.9304687697,299.7874579289242,480.63210368757797,136
1260000,2519.9999999542338,-623057.0128067373,300.97486510692903,482.96941805811724,136
1265000,2529.9999999539973,-621390.251076174,301.59420892467097,480.4075473357943,136
1270000,2539.999999953761,-623951.427643761,300.50871546951066,480.84367958457733,136
1275000,2549.9999999535244,-624216.136701466,299.09557148926206,479.7719120454933,135
1280000,2559.999999953288,-622183.5645789611,299.50315024039134,481.94020645518856,135
1285000,2569.9999999530514,-623975.1955624083,300.8251733780443,481.40936317164767,135
1290000,2579.999999952815,-622672.9371874831,298.8100455567505,479.97977062659766,136
1295000,2589.9999999525785,-623105.0982863121,300.2156897225051,479.5110812097406,136
1300000,2599.999999952342,-624255.0032681851,299.73632975194243,479.9090894494459,136
1305000,2609.9999999521056,-622530.2870507813,301.906840785709,481.9338558325171,136
1310000,2619.999999951869,-623901.4559845161,298.8083704712798,481.3846788722912,136
1315000,2629.9999999516326,-621457.4929326032,297.32605307511477,482.35069051574754,136
1320000,2639.999999951396,-622669.1432614396,299.08354132997226,480.9186116277227,136
1325000,2649.9999999511597,-622910.7574808775,300.48454094055796,479.7124924735528,136
1330000,2659.999999950923,-621942.356793093,300.6315867958014,480.9245793394427,136
1335000,2669.9999999506867,-621557.507877917,301.06061806199335,481.48374553951834,136
1340000,2679.9999999504503,-623158.3324136045,300.2430431068397,480.75964321579517,136
1345000,2689.999999950214,-622144.542932455,299.8603241469011,480.3526959645668,136
1350000,2699.9999999499773,-622270.6703271596,300.3583194433257,480.4937952398849,136
1355000,2709.999999949741,-623497.5717040314,302.17133297452557,481.2007176245696,136
1360000,2719.9999999495044,-624177.2253811946,301.3088923778433,480.11624030194304,136
1365000,2729.999999949268,-623050.6970323026,300.07867534502384,480.5743038470986,136
1370000,2739.9999999490315,-624029.6756630079,299.5031312053291,480.07925805939266,136
1375000,2749.999999948795,-622553.0633095945,301.11650500451697,480.65314933360594,136
1380000,2759.9999999485585,-622416.5016396916,297.72658885324205,481.3391631366831,136
1385000,2769.999999948322,-623399.3020351366,299.60184703772944,482.0473305662373,136
1390000,2779.9999999480856,-622381.8993622828,299.9297640536879,480.6710117093007,136
1395000,2789.999999947849,-623204.1372966897,298.5888962044892,480.9428779711378,136
1400000,2799.9999999476127,-623410.0240840106,300.51318870911996,480.3831258456593,136
1405000,2809.999999947376,-621997.279762181,299.10278577782356,483.12561907245646,136
1410000,2819.9999999471397,-623390.9832575773,299.55159447360745,479.8551209004253,136
1415000,2829.9999999469032,-623069.8266579933,297.01218393503586,480.57563902403103,136
1420000,2839.999999946667,-622494.5648532766,300.58851045011653,480.39986922807503,136
1425000,2849.9999999464303,-622133.0262317322,300.2669892150463,480.9425503553126,136
1430000,2859.999999946194,-622749.0286976732,296.9282773810018,479.1874599979951,136
1435000,2869.9999999459574,-622412.2269722377,302.11710208241055,482.2787302070307,136
1440000,2879.999999945721,-623946.452336044,299.3191953996052,481.85599232688315,136
1445000,2889.9999999454844,-623437.113250705,298.86492364097927,480.7954801601667,136
1450000,2899.999999945248,-622318.6851955866,298.2795193390818,482.34097989732675,136
1455000,2909.9999999450115,-623238.119973083,299.68592490732306,483.56910032412696,137
1460000,2919.999999944775,-622345.2603651211,302.59084670963375,482.1791427216344,137
1465000,2929.9999999445386,-623351.0587579752,301.44425070491593,480.773235048387,137
1470000,2939.999999944302,-622577.9600008312,299.7870391575565,479.9062586734222,137
1475000,2949.9999999440656,-622956.5293284571,299.77813074846216,480.66941327265687,137
1480000,2959.999999943829,-622540.1905414108,300.76148206003205,480.50695088788177,137
1485000,2969.9999999435927,-623155.0411060294,301.1396326050504,479.741156004961,137
1490000,2979.999999943356,-622619.8338888143,299.97263101368907,481.05473592671535,137
1495000,2989.9999999431197,-622141.4480511546,301.67695433991287,479.28271700534737,137
1500000,2999.9999999428833,-622670.310443751,299.9331903648781,481.3345049996182,137
1505000,3009.999999942647,-624646.7587739537,300.4064210454228,480.2163606903526,137
1510000,3019.9999999424103,-623073.6560327308,299.4769199247246,480.63455784455715,137
1515000,3029.999999942174,-622951.1220451021,300.53519324098556,481.21696864567303,137
1520000,3039.9999999419374,-622931.2739836923,298.80294547856204,480.64021208204616,137
1525000,3049.999999941701,-622846.0751808314,301.29495871233667,479.974406964902,137
1530000,3059.9999999414645,-623644.6915689264,300.77617712802527,480.61922000322784,137
1535000,3069.999999941228,-622510.8266816344,300.90165625783305,481.3092565219378,137
1540000,3079.9999999409915,-622846.0955655817,301.58029429422663,482.180993442174,137
1545000,3089.999999940755,-621858.3020092575,301.36064871187654,482.1215965315216,137
1550000,3099.9999999405186,-622811.9561376646,301.25273894444933,481.4815727183744,137
1555000,3109.999999940282,-623859.221890674,300.37446117604367,479.6766541151071,137
1560000,3119.9999999400457,-624216.0590709778,300.5289497405946,481.13525342124586,137
1565000,3129.999999939809,-623028.8892059242,301.0491779896307,480.64050222586235,137
1570000,3139.9999999395727,-623632.4708498926,300.09289453646295,479.82820727966646,137
1575000,3149.9999999393362,-623141.6184282717,299.013815897253,481.3490548717261,137
1580000,3159.9999999391,-623741.0271930969,298.6560519038159,480.9565556283356,137
1585000,3169.9999999388633,-622148.3622675366,301.05694429499505,482.8838565595975,137
1590000,3179.999999938627,-621962.1627866207,299.85569862679444,482.6276172770138,137
1595000,3189.9999999383904,-623607.7746043028,299.28082071427565,478.13964303419334,137
1600000,3199.999999938154,-621772.7298108703,299.50872751360635,482.08880395936075,137
1605000,3209.9999999379174,-622516.6470043897,301.7246562057045,481.23928985283203,137
1610000,3219.999999937681,-622533.7701338339,300.2149092849562,481.8050742101204,137
1615000,3229.9999999374445,-622175.1546626082,298.8947135132713,481.8022118616912,138
1620000,3239.999999937208,-622002.022479726,300.85610535406636,481.69928032675165,138
1625000,3249.9999999369716,-624054.5412387196,300.66942849939034,477.93327056097746,138
1630000,3259.999999936735,-620661.5430783308,299.18355154660003,483.01557039912916,138
1635000,3269.9999999364986,-623241.6657384569,302.31310611754867,479.313554507497,138
1640000,3279.999999936262,-622131.088282208,300.7808787883807,481.4133920654683,138
1645000,3289.9999999360257,-623428.064839608,298.97336639014713,480.70887298409366,138
1650000,3299.999999935789,-622790.7150636115,302.1859519022702,481.3361922908972,138
1655000,3309.9999999355528,-622898.5994515279,300.0604968606539,481.46439201235614,138
1660000,3319.9999999353163,-621923.2202543919,300.7033489801727,483.16188439316977,138
1665000,3329.99999993508,-622928.0819089343,301.8850837096516,481.55757247091486,138
1670000,3339.9999999348433,-623100.0515975514,298.9017945563976,481.83054187502995,138
1675000,3349.999999934607,-622978.2248717765,300.89862968294847,480.05964067568493,138
1680000,3359.9999999343704,-621644.6127462229,299.2757573877391,479.79238809141253,138
1685000,3369.999999934134,-622924.979201071,300.4094285852453,480.90850754835395,138
1690000,3379.9999999338975,-623707.7292035338,302.4347972699851,479.84738271230174,138
1695000,3389.999999933661,-622379.258105604,300.0030490430326,480.26079105479425,138
1700000,3399.9999999334245,-622945.902802764,300.3832744098272,480.89641705665696,138
1705000,3409.999999933188,-623495.1385301789,301.7752323658833,479.77307958973176,138
1710000,3419.9999999329516,-623034.105575087,301.07596032210034,481.408516613679,138
1715000,3429.999999932715,-622495.571488109,300.9287621863595,481.82730099716025,138
1720000,3439.9999999324787,-622627.061111297,301.09528091020024,482.4183916891552,138
1725000,3449.999999932242,-622260.142543382,302.4047980120093,481.34895453702217,138
1730000,3459.9999999320057,-621642.9015551633,303.6200154158407,481.43179216472015,138
1735000,3469.9999999317693,-623134.4532875856,300.20242228417436,482.227095468175,138
1740000,3479.999999931533,-623758.9887766568,300.69662960322756,480.8141581068062,138
1745000,3489.9999999312963,-623305.2979779416,301.4928472186294,479.2740688323403,138
1750000,3499.99999993106,-622708.0726503069,301.1482364531501,480.436170140366,138
1755000,3509.9999999308234,-623087.4796013529,302.0660690807396,480.9280789412445,138
1760000,3519.999999930587,-623185.930589661,300.9211100913682,480.28027898573686,138
1765000,3529.9999999303504,-622510.5108947139,297.8604243753413,481.98905775679896,138
1770000,3539.999999930114,-622530.0855189362,301.759166773414,479.763064627712,138
1775000,3549.9999999298775,-622096.5844047116,303.0496297779934,482.91886235884994,138
1780000,3559.999999929641,-621481.6448172084,298.20364558128244,481.743701942286,138
1785000,3569.9999999294046,-622802.1205415637,299.87353448004535,480.109242384586,138
1790000,3579.999999929168,-622089.5543210837,301.49791054516595,481.23508503231466,138
1795000,3589.9999999289316,-623209.691366951,298.6182482703514,481.27840028423594,138
1800000,3599.999999928695,-621864.8044467825,300.1503233190221,480.6495556687352,138
1805000,3609.9999999284587,-622427.9170058384,299.5479016715469,480.76503488033626,138
1810000,3619.999999928222,-623349.6317198928,300.2746413100376,482.32540927993097,138
1815000,3629.9999999279858,-621575.0801172182,301.277370314894,481.1257832337505,138
1820000,3639.9999999277493,-622730.6725480328,302.2557915453625,480.311698010624,138
1825000,3649.999999927513,-622230.1237028437,299.1673336736334,481.8740367254774,138
1830000,3659.9999999272763,-622973.3377865036,301.4861468767465,482.14761748800197,138
1835000,3669.99999992704,-623122.059747186,299.2196800945938,481.93947409846777,138
1840000,3679.9999999268034,-623441.0672081937,300.2409111798769,480.2267467553052,138
1845000,3689.999999926567,-623119.911222998,300.83278740291126,479.6542716400534,138
1850000,3699.9999999263305,-622152.1700255214,299.58825600334194,481.1763424152977,138
1855000,3709.999999926094,-622046.9534048378,301.5131957000864,480.5906601583362,138
1860000,3719.9999999258575,-624042.2509398623,299.2816392219488,480.76129183786145,138
1865000,3729.999999925621,-621432.634902834,299.0289487716761,483.0977009135701,138
1870000,3739.9999999253846,-621920.8021003674,298.91443383767677,483.1855153345485,138
1875000,3749.999999925148,-622610.2955507245,298.89882508669945,481.806519069264,138
1880000,3759.9999999249117,-622487.8385887509,300.4921359303628,481.1990860974269,138
1885000,3769.999999924675,-624574.5018773875,300.1434516615796,479.3115176126444,138
1890000,3779.9999999244387,-622417.4914399958,299.6860010475718,480.6467468866304,138
1895000,3789.9999999242023,-622539.4327344503,302.3275346946716,479.93787117130444,138
1900000,3799.999999923966,-623561.7684545023,301.64621271451244,481.7572295483532,138
1905000,3809.9999999237293,-622762.5935327956,297.6021376167913,478.84228717772845,138
1910000,3819.999999923493,-622850.8555544051,300.5586063674515,481.5077609443287,138
1915000,3829.9999999232564,-623515.7128907805,298.48892405798586,480.92881679644535,138
1920000,3839.99999992302,-623241.1872912422,302.6795691343962,481.9967957668364,138
1925000,3849.9999999227834,-622903.9969068011,299.13032951277984,480.4634785867665,138
1930000,3859.999999922547,-622730.195632318,303.32815080762737,481.2387413430146,138
1935000,3869.9999999223105,-621544.4453559932,301.84788919817646,481.0382515626805,138
1940000,3879.999999922074,-622929.4956540586,299.6191499092397,480.87547872753237,138
1945000,3889.9999999218376,-622544.6182834185,302.01758677739923,480.79213986002554,138
1950000,3899.999999921601,-622733.3614821257,300.1846054659856,482.28312306465483,138
1955000,3909.9999999213646,-622271.7799099386,299.56667024284405,481.0191054023824,138
1960000,3919.999999921128,-622182.1140705254,301.5714049201944,481.9001033439316,138
1965000,3929.9999999208917,-623005.5342971585,299.0817139640042,480.2042520687437,138
1970000,3939.9999999206552,-623276.2474975884,299.4002847644385,480.49739421281464,138
1975000,3949.9999999204188,-622067.4103180184,302.1663077181134,481.9361423762025,138
1980000,3959.9999999201823,-621706.9917000132,302.18117410166616,482.7092117764195,138
1985000,3969.999999919946,-622043.0583785172,297.1747052958215,480.380948603337,138
1990000,3979.9999999197094,-622605.4451808934,300.0712136006542,481.4915876830401,138
1995000,3989.999999919473,-622584.8528339537,299.6427533863273,480.28655885105627,138
2000000,3999.9999999192364,-622390.3423280255,297.71975526592394,480.43730096194014,138
2005000,4009.999999919,-623309.5064587216,298.71132972435015,479.60121994174483,138
2010000,4019.9999999187635,-622823.0601914525,298.56805281141584,480.16791425924106,138
2015000,4029.999999918527,-622905.2431747508,301.92559032194396,481.7398321676334,138
2020000,4039.9999999182905,-622848.9507764555,302.9751455797322,481.8521664131297,138
2025000,4049.999999918054,-621736.1574077602,301.7997114558307,481.6106479034015,138
2030000,4059.9999999178176,-620998.0606440757,299.593719066184,481.95992558503167,138
2035000,4069.999999917581,-623348.4517063866,301.17747430863926,480.9827302495819,138
2040000,4079.9999999173447,-622117.7386819092,299.3056995405285,479.732492332705,138
2045000,4089.999999917108,-623427.7710999656,302.2525175146697,481.2744037632968,138
2050000,4099.999999917781,-620688.7665649587,302.2939187748839,483.4821208955298,138
2055000,4109.999999919818,-623826.8360070321,300.17567802182907,480.62211702814034,138
2060000,4119.999999921855,-621248.0621540411,300.23632372989454,482.8805555334406,138
2065000,4129.999999923893,-623614.6746228863,300.16126847976835,479.0955577294627,138
2070000,4139.99999992593,-622093.7507744255,299.3794033012408,480.15048134424546,138
2075000,4149.999999927967,-624931.9216036,301.02818231606005,479.5462299686019,138
2080000,4159.999999930004,-623711.9849358494,301.8054981147296,479.6285021855101,138
2085000,4169.999999932042,-623015.8474473073,299.96128611663727,479.8774062039138,138
2090000,4179.999999934079,-623392.1215230199,298.4128789846269,482.5895701911247,138
2095000,4189.999999936116,-621937.6292750947,299.3910146891629,482.06225458628137,138
2100000,4199.999999938153,-622519.3461696515,301.2373205440937,481.74946875977315,138
2105000,4209.999999940191,-622928.2082988904,300.68320988439956,481.9124968453798,138
2110000,4219.999999942228,-623444.067176844,298.5657495688936,481.96011555811333,138
2115000,4229.999999944265,-622433.3698139456,297.909725186355,482.2487898996558,138
2120000,4239.9999999463025,-622558.2235517032,301.12864937417976,481.0915647918947,138
2125000,4249.99999994834,-622234.1044808314,301.7623075586717,481.42169635025647,138
2130000,4259.999999950377,-622053.7567694546,300.8871896105858,480.84786068413507,138
2135000,4269.999999952414,-623072.5910529038,299.64524697947127,480.18523920494863,138
2140000,4279.999999954452,-623020.0430491054,301.15706872199576,481.8970200644872,138
2145000,4289.999999956489,-622267.685794252,299.81090912551446,480.7847634634728,138
2150000,4299.999999958526,-622430.2318175356,298.8387694655612,479.50035692343346,138
2155000,4309.999999960563,-622495.8555484661,299.3609773610627,481.17663495086646,138
2160000,4319.999999962601,-623084.5826368807,299.89713795713294,481.23407397481867,138
2165000,4329.999999964638,-622099.60041697,301.6254454616878,482.0978693997931,138
2170000,4339.999999966675,-624229.548456464,299.9527203386619,478.78536323984775,138
2175000,4349.9999999687125,-622001.2388450061,300.71143888159384,482.13823325117335,138
2180000,4359.99999997075,-621623.2097888272,300.21839270133285,481.4781381991246,138
2185000,4369.999999972787,-623715.0579534527,300.768182401915,480.6755686617981,138
2190000,4379.999999974824,-623832.1661691847,301.6964462435723,480.0435485806838,138
2195000,4389.999999976862,-621856.0950471028,302.3660235903742,481.52465621246745,138
2200000,4399.999999978899,-622211.3920780267,301.9125322692971,480.33404468869014,138
2205000,4409.999999980936,-622372.0955519774,300.1093408301756,481.065720641067,138
2210000,4419.999999982973,-621954.5440413323,299.3027871760168,482.1837156785265,138
2215000,4429.999999985011,-624051.4786838265,299.31097225274885,481.6116631396344,138
2220000,4439.999999987048,-622361.4460785869,299.799145457095,480.98962639964714,138
2225000,4449.999999989085,-621811.0605371492,301.9334708376813,480.86733359365485,138
2230000,4459.999999991122,-621902.8721355833,299.6438193498087,481.136036730384,138
2235000,4469.99999999316,-622958.1591929486,301.5523508229648,480.67129049382015,138
2240000,4479.999999995197,-622142.2353028315,301.65957532815395,480.25666698797403,138
2245000,4489.999999997234,-623980.2403570227,301.6671512828966,479.6440725798704,138
2250000,4499.9999999992715,-622077.0418949015,298.00550961918157,481.5273228583558,138
2255000,4510.000000001309,-622421.9247366339,299.6030843167704,481.36732449291924,138
2260000,4520.000000003346,-622349.7976651588,297.99629664909247,480.73967770693645,138
2265000,4530.000000005383,-623719.729122444,300.13279202676586,480.76711102624256,138
2270000,4540.000000007421,-622429.4791784915,302.41197423044633,480.79047264080543,138
2275000,4550.000000009458,-622516.4310965221,301.8153773119945,480.1892390600566,138
2280000,4560.000000011495,-622087.4096262013,302.8651229204044,480.749392412415,138
2285000,4570.000000013532,-623229.8555698018,300.62983557008204,482.4722069674756,138
2290000,4580.00000001557,-622222.8893024614,300.6967818837249,480.2751365292332,138
2295000,4590.000000017607,-621806.5274531157,301.5299275197316,480.29853545888193,138
2300000,4600.000000019644,-622949.1917849495,300.20527754349945,482.5892870233393,138
2305000,4610.000000021681,-622753.766888639,300.513645550612,480.9012053790852,138
2310000,4620.000000023719,-623670.3352737534,300.54050402333024,480.23531071966147,138
2315000,4630.000000025756,-621671.2036894988,300.0630475589844,481.347130601841,138
2320000,4640.000000027793,-623528.4775107959,298.5122991143274,479.1743358007372,138
2325000,4650.0000000298305,-622636.9065085072,301.286925916102,480.5805733175885,138
2330000,4660.000000031868,-622244.2198344716,297.8870163571892,482.7517347410915,138
2335000,4670.000000033905,-622166.4729550746,300.644492567951,481.1794924963909,138
2340000,4680.000000035942,-622787.6504325136,301.3039051915554,481.1327173318799,138
2345000,4690.00000003798,-621680.3038639007,299.6215863971971,481.46072923783237,138
2350000,4700.000000040017,-622958.3716344284,298.9140341013712,481.01247366603496,138
2355000,4710.000000042054,-622437.5782694914,301.2238817902035,480.03003143116166,138
2360000,4720.000000044091,-623677.7494970527,298.61253775170115,481.26777181713254,138
2365000,4730.000000046129,-622088.6295929565,301.42127538487983,480.81441840348964,138
2370000,4740.000000048166,-623435.4656802434,300.9063769532506,480.4513735999571,138
2375000,4750.000000050203,-623808.2440059879,301.24295492249524,479.8216390936598,138
2380000,4760.0000000522405,-621872.0854707039,301.45631893433006,481.98378528772093,138
2385000,4770.000000054278,-621708.2107319962,302.28068940667754,482.5140958745374,138
2390000,4780.000000056315,-623116.1803105758,300.8677548121129,478.8527535917278,138
2395000,4790.000000058352,-623114.1648914078,301.22443380700633,480.35458443217897,138
2400000,4800.0000000603895,-622615.5930950926,299.2335947250382,481.28947811835377,138
2405000,4810.000000062427,-621622.9841166404,299.96476953301385,479.67026130656757,138
2410000,4820.000000064464,-623890.6809577262,297.8692376091248,479.38101247561536,138
2415000,4830.000000066501,-622929.7639367967,298.723131462894,478.9813489772279,138
2420000,4840.000000068539,-623268.5077075227,299.9357220281464,479.4839259749732,138
2425000,4850.000000070576,-623016.2326864218,298.4597813778075,480.82977494335626,138
2430000,4860.000000072613,-621422.5024173083,302.02952176137813,480.9313464960505,138
2435000,4870.00000007465,-621185.425072311,301.1567451259389,481.59413321970186,138
2440000,4880.000000076688,-622598.0281531415,301.4899158190556,481.49173763896357,138
2445000,4890.000000078725,-622875.3797159013,298.78214015561304,480.6295044410572,138
2450000,4900.000000080762,-622034.6100389147,299.5769872465388,479.5277226794016,138
2455000,4910.0000000827995,-623943.1318214145,299.92270204562385,480.7347483767344,138
2460000,4920.000000084837,-622855.106052021,299.0212586065604,482.06164262310466,138
2465000,4930.000000086874,-622125.5983054265,299.2204414970805,484.6708366944466,138
2470000,4940.000000088911,-623776.0430265516,300.6586165840792,481.0841775940963,138
2475000,4950.000000090949,-621772.9580805255,300.0553383588065,481.8197856557497,138
2480000,4960.000000092986,-624121.5476710731,300.62899802734665,481.0918683843802,138
2485000,4970.000000095023,-623364.7188257733,299.46249134760166,481.6716144650006,138
2490000,4980.00000009706,-623238.3880220996,301.3886492883248,480.89513763945365,138
2495000,4990.000000099098,-623499.6570192017,299.5053202374784,481.60144114928625,138
2500000,5000.000000101135,-622700.3556042109,300.8731607697684,480.80786305608444,138
2505000,5010.000000103172,-622247.0205985955,298.9772685778915,481.0687179266413,138
2510000,5020.000000105209,-621785.4527994501,298.1354239184743,479.35141709322204,138
2515000,5030.000000107247,-624288.3860543962,302.88185474004956,479.1244235550755,138
2520000,5040.000000109284,-622476.2579394919,300.3784966092232,480.9455430733659,138
2525000,5050.000000111321,-622589.0672187321,296.7777100392574,480.3874220448147,138
2530000,5060.0000001133585,-622265.6015205509,298.94115906495983,481.14977792647505,138
2535000,5070.000000115396,-621965.488187253,300.1712047822198,481.14776289683203,138
2540000,5080.000000117433,-624060.2415449037,300.93786094607555,479.73494388812304,138
2545000,5090.00000011947,-623742.1970596355,300.65842623345753,479.45180286686224,138
2550000,5100.000000121508,-622480.6601460204,300.4716542034706,481.31367085865236,138
2555000,5110.000000123545,-623580.23461999,300.4541990514631,479.8704410279594,138
2560000,5120.000000125582,-623438.9489386319,300.96487169929117,480.8304325764638,138
2565000,5130.000000127619,-623710.5578147904,301.39139033727696,480.55449444061935,138
2570000,5140.000000129657,-622642.1137218573,302.26633696980326,482.92468123692015,138
2575000,5150.000000131694,-623059.3227815647,300.86800226792104,481.56413538237797,138
2580000,5160.000000133731,-621451.2321927706,299.72685029098307,482.23963510209063,138
2585000,5170.0000001357685,-623651.046704723,302.71249979194585,481.0304849256401,138
2590000,5180.000000137806,-622824.8382456638,296.6542676611015,482.81177418761666,138
2595000,5190.000000139843,-622557.3914009756,296.47124553836164,482.8253870946325,138
2600000,5200.00000014188,-622081.3616301417,301.4880884530875,481.4796594260672,138
2605000,5210.0000001439175,-622158.3233293304,300.5688853010219,481.34445390142116,138
2610000,5220.000000145955,-622473.9786756369,302.27825291872006,481.9399114696879,138
2615000,5230.000000147992,-622361.8571373331,300.17128092246844,481.9434564328524,138
2620000,5240.000000150029,-622660.0110026891,299.0235428140205,481.51656167837416,138
2625000,5250.000000152067,-621691.052433745,301.1387379571285,482.5245719886853,138
2630000,5260.000000154104,-623746.473195124,300.29257233859937,479.1706701742765,138
2635000,5270.000000156141,-622684.5153322401,301.17241098210275,479.8828798925381,138
2640000,5280.000000158178,-623312.3203709805,301.4680254975631,479.6179521570628,138
2645000,5290.000000160216,-622901.7242031554,299.58473451684097,482.40401206013627,138
2650000,5300.000000162253,-622332.3611868038,297.5520944383531,481.18504865604774,138
2655000,5310.00000016429,-622688.3261417383,299.9258809010058,479.63519334284535,138
2660000,5320.0000001663275,-622345.0948150763,299.0315185050687,482.1416406139176,138
2665000,5330.000000168365,-622502.6047304072,299.19679994986853,481.0129515860142,138
2670000,5340.000000170402,-622872.0047205128,298.8922389551895,479.3466608589324,138
2675000,5350.000000172439,-624196.3536559045,300.6804307653231,480.30342594974,138
2680000,5360.000000174477,-623705.5363205643,302.9009469074035,479.69360269039623,138
2685000,5370.000000176514,-622934.866638429,299.75684954895894,481.4476687919267,138
2690000,5380.000000178551,-623515.1267169728,298.60911144051107,479.8713741202235,138
2695000,5390.000000180588,-623317.8120477861,301.23838650757506,481.50263162441854,138
2700000,5400.000000182626,-625277.8139053048,302.26315811442134,479.2946687435121,138
2705000,5410.000000184663,-623088.3271490303,299.03865665338145,480.38624557094886,138
2710000,5420.0000001867,-624538.2603932125,297.5941999958675,479.2130762823416,138
2715000,5430.000000188737,-623224.469950418,302.85684266836154,478.90848646189863,138
2720000,5440.000000190775,-622863.5916447882,300.2955798784218,480.0010273148504,138
2725000,5450.000000192812,-623413.3046083418,301.8420263990289,480.90717719637877,138
2730000,5460.000000194849,-623728.7179976166,297.66076560826707,480.74336720689195,138
2735000,5470.0000001968865,-623697.7560059302,300.17817161497305,479.8069423229954,138
2740000,5480.000000198924,-623599.2416303847,301.5499143350074,481.1981157614964,138
2745000,5490.000000200961,-623041.5098567461,299.9244913414676,479.8698888163496,138
2750000,5500.000000202998,-622351.8030171539,298.7697102600177,483.4454587179959,138
2755000,5510.000000205036,-622848.3228390627,300.4501445832214,480.1925281239241,138
2760000,5520.000000207073,-622198.7792962925,299.1485651023363,483.3270890158318,138
2765000,5530.00000020911,-622852.674084777,298.8368849944066,482.440806113947,138
2770000,5540.000000211147,-624092.0965591487,300.62894092216015,481.16813938208287,138
2775000,5550.000000213185,-623291.4107489605,301.6244366033929,480.5663987192251,138
2780000,5560.000000215222,-623590.1005058144,301.17507589080617,480.9592881581498,138
2785000,5570.000000217259,-624123.5861971406,301.41988582534157,479.7270551419601,138
2790000,5580.000000219296,-623767.6758074756,299.9590780494258,479.7124398461326,138
2795000,5590.000000221334,-622720.3488189913,301.8005299635039,482.3419163705029,138
2800000,5600.000000223371,-622393.2995201852,297.57741107103584,479.56761731123726,138
2805000,5610.000000225408,-622680.2056176271,300.97840562849217,480.6609752320742,138
2810000,5620.0000002274455,-623270.6594629744,300.9299423602139,480.03475675601794,138
2815000,5630.000000229483,-622729.9103599009,300.6327479345937,478.88286901827274,138
2820000,5640.00000023152,-621018.0480889105,301.9373539903634,482.0128240073635,138
2825000,5650.000000233557,-622171.8615673948,299.8546516983752,481.0001002489952,138
2830000,5660.000000235595,-623222.1474373764,301.5928574352571,481.06989030200435,138
2835000,5670.000000237632,-623402.6079386217,299.7119648723681,480.9527034996224,138
2840000,5680.000000239669,-623997.5010950533,302.52310092337984,479.24339354993333,138
2845000,5690.000000241706,-621857.2237653807,301.42199871724216,482.4200536109087,138
2850000,5700.000000243744,-623188.1054320456,298.205187421318,480.3126665225632,138
2855000,5710.000000245781,-624459.9858987383,300.5346221891205,480.39653484694713,138
2860000,5720.000000247818,-623340.6230986533,299.64591320664715,480.3138053119579,138
2865000,5730.0000002498555,-623021.643429684,300.152245860301,481.8128606574079,138
2870000,5740.000000251893,-623307.9224607637,297.8388005447191,480.90563556944505,138
2875000,5750.00000025393,-622276.6339393505,300.84279984561135,479.99537496132615,138
2880000,5760.000000255967,-623035.0884821708,299.5446847460407,480.9102534707094,138
2885000,5770.000000258005,-623184.0865800236,300.8985725777619,478.9993352172962,138
2890000,5780.000000260042,-622717.9907996692,301.663096814655,480.5436311186594,138
2895000,5790.000000262079,-624745.3388824039,300.2905165518853,480.8262045789315,138
2900000,5800.000000264116,-622476.6214899947,300.1690347851327,481.48051354456254,138
2905000,5810.000000266154,-622505.9513644287,299.66045599414304,480.64487795155463,138
2910000,5820.000000268191,-623396.6607082197,298.92650206709095,481.324575934515,138
2915000,5830.000000270228,-622698.5141334715,300.4641543889767,479.50622705277976,138
2920000,5840.000000272265,-622467.1529724319,300.45010651309707,481.6732700296021,138
2925000,5850.000000274303,-623896.9387629586,299.1534571133133,479.4561779366412,138
2930000,5860.00000027634,-622497.7268598746,298.7368747777789,481.99904047905864,138
2935000,5870.000000278377,-622325.2754473449,298.2732948737531,480.8725190532762,138
2940000,5880.0000002804145,-622338.1586568472,298.4350167619276,481.1341011206065,138
2945000,5890.000000282452,-622731.3264308516,301.01086040948763,480.57682564589555,138
2950000,5900.000000284489,-623270.1908674189,298.6236351929448,482.01482426418755,138
2955000,5910.000000286526,-622631.2334872554,300.88151716205994,481.47115507134004,138
2960000,5920.000000288564,-623400.6578065339,299.7273452025994,479.9950241173479,138
2965000,5930.000000290601,-622598.5130676879,300.8182446154153,480.08939858725637,138
2970000,5940.000000292638,-623409.0067139119,297.2097298102096,479.7261058804426,138
2975000,5950.000000294675,-622661.6610507448,300.6760527010246,479.9436507595305,138
2980000,5960.000000296713,-621439.3470825623,300.7411526136372,482.0951735547546,138
2985000,5970.00000029875,-623291.5320539433,301.6753173245665,482.1437105031869,138
2990000,5980.000000300787,-623533.4289873773,300.19001142364124,481.73863406924386,138
2995000,5990.000000302824,-623448.1706490074,301.0365577434137,481.9386676423007,138
3000000,6000.000000304862,-622550.6001298958,300.16440926502594,482.07151414857947,138
3005000,6010.000000306899,-623023.3095043437,300.45181966869217,479.76660403069684,138
3010000,6020.000000308936,-622519.4233077005,300.3216579135912,480.9228311761105,138
3015000,6030.0000003109735,-623314.4512624517,299.07113046943914,481.21160426814504,138
3020000,6040.000000313011,-623287.8545266152,300.57634704539157,480.58363334421284,138
3025000,6050.000000315048,-624076.7027093666,300.8244690807441,480.4823896233334,138
3030000,6060.000000317085,-622594.1395887346,300.38428326812203,481.75983079257577,138
3035000,6070.000000319123,-623785.9492524029,299.925443094576,482.20592671772334,138
3040000,6080.00000032116,-622632.7359034535,300.41491068314946,481.9988576988763,138
3045000,6090.000000323197,-622330.2622307255,298.2731425932557,482.4721458371127,138
3050000,6100.000000325234,-621816.6615162096,301.4810835502099,482.7450033347592,138
3055000,6110.000000327272,-623803.4570549238,301.65319858232795,479.90985447440585,138
3060000,6120.000000329309,-622280.3907424891,298.8637244320627,481.53380298670186,138
3065000,6130.000000331346,-622604.3022148958,298.3082432478925,480.2704115870092,138
3070000,6140.0000003333835,-623485.5296004447,300.21709831710547,482.87114547836717,138
3075000,6150.000000335421,-623242.1140030217,301.21354575144653,480.9896329516419,138
3080000,6160.000000337458,-623588.8037584471,300.78066940269684,479.959158035527,138
3085000,6170.000000339495,-623923.6427381658,299.31213339154107,480.8970385604223,138
3090000,6180.0000003415325,-623399.6313306238,299.647036275315,479.9681531532394,139
3095000,6190.00000034357,-622253.7706468282,300.6522208031909,481.54581119602113,139
3100000,6200.000000345607,-622682.0625197282,299.8987559374172,480.5509176176553,139
3105000,6210.000000347644,-622727.7845319244,300.8759969940313,480.75229117407395,139
3110000,6220.000000349682,-622596.3033614135,301.16896563585044,480.591473785384,139
3115000,6230.000000351719,-622074.726405275,299.8604383572742,480.96002139205643,139
3120000,6240.000000353756,-622256.0710553061,301.483253547297,480.28116623617694,139
3125000,6250.000000355793,-623141.3972498016,300.7442743638327,481.04218843696697,139
3130000,6260.000000357831,-622810.4257533303,299.9568890172766,479.1375111557476,139
3135000,6270.000000359868,-623462.6704010218,298.86166864534863,479.4643273197864,139
3140000,6280.000000361905,-623923.3927999837,303.955184790485,480.2179089063166,139
3145000,6290.0000003639425,-622107.012967288,302.96022209099294,480.7727863663794,139
3150000,6300.00000036598,-623064.7831329941,299.84465829073736,483.43180066384315,139
3155000,6310.000000368017,-621428.4934168519,300.07176561745706,480.44151961904,139
3160000,6320.000000370054,-624229.795573751,300.5685236348407,479.5030422035166,139
3165000,6330.000000372092,-621603.0170234102,301.87754582503334,482.7362713092536,139
3170000,6340.000000374129,-621585.1975206472,299.6324173475704,481.0128047024413,139
3175000,6350.000000376166,-621638.7787375278,299.04771734297316,482.3343318339277,139
3180000,6360.000000378203,-624069.6119987108,301.15453705872744,480.2883749973963,139
3185000,6370.000000380241,-622641.9693297693,297.9206132419148,481.36072111206056,139
3190000,6380.000000382278,-622042.0535513936,299.40951676958963,478.7036560987377,139
3195000,6390.000000384315,-623491.9789230241,302.78306276740057,482.3321553991479,139
3200000,6400.000000386352,-622725.9095746321,300.9023986252576,481.1458123255772,139
3205000,6410.00000038839,-623690.7337071053,302.0804215176139,480.21026835700206,139
3210000,6420.000000390427,-621344.4604228172,300.423952337679,481.3267580775965,139
3215000,6430.000000392464,-622867.4996464839,300.268093248652,482.52370801048704,139
3220000,6440.0000003945015,-622395.698115312,301.85169621061,481.296483749645,139
3225000,6450.000000396539,-622892.4512263215,300.1278238755402,480.5837745309542,139
3230000,6460.000000398576,-621568.0995237087,301.5678072934448,481.18215038809967,139
3235000,6470.000000400613,-622046.5241722651,299.096922978676,481.71698662477684,139
3240000,6480.000000402651,-622763.184759804,301.54096785578867,478.2312607341034,139
3245000,6490.000000404688,-624396.9663817356,300.30749582733864,481.03918587332254,139
3250000,6500.000000406725,-622984.1624424234,300.86449981648224,478.80071149366614,139
3255000,6510.000000408762,-624065.9394465811,302.68293834039986,480.2116100726974,139
3260000,6520.0000004108,-623393.9806075823,298.8014988138373,480.3034261630986,139
3265000,6530.000000412837,-621383.4216286843,300.5793926553383,480.35704706391425,139
3270000,6540.000000414874,-623487.3034444111,302.5176188254756,481.3404575506479,139
3275000,6550.0000004169115,-624199.1545803826,299.502997959894,479.32809745561303,139
3280000,6560.000000418949,-623766.7300291522,301.5024028198374,481.40715110740393,139
3285000,6570.000000420986,-623580.5130382231,299.1347266121405,479.3944871968472,139
3290000,6580.000000423023,-622305.6255764225,299.66586195179855,480.64741649969017,139
3295000,6590.0000004250605,-623243.618473616,299.39362249267987,480.8613697045351,139
3300000,6600.000000427098,-623093.9274729113,300.6821058507938,480.1762463097475,139
3305000,6610.000000429135,-622205.6253878777,300.9486918964488,479.8025965784632,139
3310000,6620.000000431172,-622818.4695713618,302.6028197637371,479.1004243856511,139
3315000,6630.00000043321,-622033.9757044604,299.8139928055856,480.3410091752737,139
3320000,6640.000000435247,-622009.6935697612,301.51618420484664,480.13560120098714,139
3325000,6650.000000437284,-622480.320961141,300.72516316141656,482.73405600867875,139
3330000,6660.000000439321,-623864.3245734498,299.49580270639467,479.69803003233557,139
3335000,6670.000000441359,-622044.5029626661,300.39734132076893,481.268704355776,139
3340000,6680.000000443396,-624061.9750115462,300.3610985624021,480.5877592041959,139
3345000,6690.000000445433,-623315.5744136996,299.1086676120333,480.46414605227,139
3350000,6700.0000004474705,-622817.6146828039,302.2489008528579,479.6358442970294,139
3355000,6710.000000449508,-622752.892767454,301.7816852519581,480.2095663569754,139
3360000,6720.000000451545,-623596.7029004209,299.7373957154238,481.58103443519616,139
3365000,6730.000000453582,-623159.5400044564,299.9019347927991,481.7728637363938,139
3370000,6740.00000045562,-621823.8886667471,300.82934205665896,482.57655393849427,139
3375000,6750.000000457657,-621500.258294221,299.5445705356677,480.41022767456946,139
3380000,6760.000000459694,-621304.8813258084,299.44185734021215,480.451716315685,139
3385000,6770.000000461731,-624473.7999554556,300.1145183670851,480.76414912598045,139
3390000,6780.000000463769,-623427.5951899872,300.2306322463065,481.4025336936591,139
3395000,6790.000000465806,-623612.5328973555,301.28260495699,479.6088178582447,139
3400000,6800.000000467843,-623065.7610969017,301.75368467550976,481.4647500915685,139
3405000,6810.00000046988,-622350.9494957128,298.54427801876875,479.69660536073576,139
3410000,6820.000000471918,-623813.2781724026,300.1978919393785,480.35026438426075,139
3415000,6830.000000473955,-622087.3339851038,300.546271647167,482.14441014585566,139
3420000,6840.000000475992,-622537.6483870028,301.1605331033103,480.9626042410065,139
3425000,6850.0000004780295,-623892.9419896393,300.85532491651753,480.2089326158641,139
3430000,6860.000000480067,-623504.992786237,299.82326288086114,479.5679180932167,139
3435000,6870.000000482104,-623812.6546240132,300.5083918734538,479.82300800291256,139
3440000,6880.000000484141,-622288.9949348993,302.51881803439215,481.7465233329158,139
3445000,6890.000000486179,-621258.6629513861,301.4846621418974,481.79634634045414,139
3450000,6900.000000488216,-622440.6003871388,299.0324512231149,481.8818442754035,139
3455000,6910.000000490253,-624284.8790737712,304.30839940406395,478.786714902543,139
3460000,6920.00000049229,-623136.6592934267,300.85304070905744,481.07622514597034,139
3465000,6930.000000494328,-622037.5448980406,301.58851744108296,480.72306722961724,139
3470000,6940.000000496365,-623927.9255733835,300.3346017558651,479.82624782551886,139
3475000,6950.000000498402,-621727.0417056638,302.8359802402261,480.0198846343344,139
3480000,6960.0000005004395,-622302.7558359555,301.59750199042594,482.21232040081384,139
3485000,6970.000000502477,-624086.7585124909,298.23775641268645,479.6146994896901,139
3490000,6980.000000504514,-623932.6019379608,300.8829257566603,478.972455653278,139
3495000,6990.000000506551,-622741.4254844342,300.8791948844755,479.98983309138504,139
3500000,7000.0000005085885,-622758.7329608737,299.48476237033753,481.13351061799614,139
3505000,7010.000000510626,-622275.2254139083,298.32862979947384,480.64392253213794,139
3510000,7020.000000512663,-623415.8891124222,301.51677429177386,479.8546042301581,139
3515000,7030.0000005147,-622540.2409900324,298.6665402230702,480.3851260549049,139
3520000,7040.000000516738,-622760.608353606,300.38215134115933,481.42719786894764,139
3525000,7050.000000518775,-622238.6337465257,299.2839424644711,480.56836618883096,139
3530000,7060.000000520812,-624552.9098713342,299.88784884679524,479.90530033419446,139
3535000,7070.000000522849,-623823.404100576,300.87652997577203,480.5198211835421,139
3540000,7080.000000524887,-621830.5014037136,300.8792900597863,481.7015367667882,139
3545000,7090.000000526924,-622422.0525164264,298.59864215631893,479.5410554530871,139
3550000,7100.000000528961,-624179.1008377825,298.9513999284059,479.46077396830185,139
3555000,7110.0000005309985,-622474.3146351487,301.968228861199,481.7550150050821,139
3560000,7120.000000533036,-622323.4737829892,298.7394254761093,480.803676912964,139
3565000,7130.000000535073,-624132.8661302892,302.34222976266483,481.7853284844728,139
3570000,7140.00000053711,-622702.823179129,300.23051803593347,480.68370277581755,139
3575000,7150.000000539148,-622775.453976688,300.29919654023365,479.7559826956708,139
3580000,7160.000000541185,-623617.2072580503,300.55571303800207,478.8851556060478,139
3585000,7170.000000543222,-624126.0960522238,299.9628850618593,481.17283818781533,139
3590000,7180.000000545259,-622721.5607449454,298.9044213949767,480.87451858104333,139
3595000,7190.000000547297,-622895.9084639978,299.5066146217058,480.4863241067462,139
3600000,7200.000000549334,-623702.3853357914,299.7145917109472,480.84964251809794,139
3605000,7210.000000551371,-622722.9374922351,299.21204703466464,482.6599936088379,139
3610000,7220.000000553408,-621395.7570757326,298.72311242783184,482.7176833695056,139
3615000,7230.000000555446,-622518.9929355346,302.40455055620106,482.0329040313258,139
3620000,7240.000000557483,-623155.6232818123,300.34598472304117,479.8638317536724,139
3625000,7250.00000055952,-624873.397365584,302.68211983272664,477.75988925587245,139
3630000,7260.0000005615575,-622500.9215402892,299.8321903250177,481.21455759232936,139
3635000,7270.000000563595,-623505.62694366,299.4806507969094,480.21909437859284,139
3640000,7280.000000565632,-623286.9745076434,299.4604926660741,478.7979137288097,139
3645000,7290.000000567669,-622438.7179229697,298.69452176445634,480.7684768420012,139
3650000,7300.000000569707,-623677.9860126353,302.33297872245146,480.7906171714462,139
3655000,7310.000000571744,-622698.7892303877,300.63189135679613,480.93485472247744,139
3660000,7320.000000573781,-621495.0531862262,300.5130364286226,482.5634057337684,139
3665000,7330.000000575818,-622119.3163696979,297.6129685671646,481.08910262569026,139
3670000,7340.000000577856,-623040.6651073969,300.0036010598355,480.799360836592,139
3675000,7350.000000579893,-623071.192361312,301.130153144091,480.6698536897949,139
3680000,7360.00000058193,-623693.3557792031,300.45357089441154,480.2564700988414,139
3685000,7370.000000583967,-623145.6237133504,299.8266891920513,478.5975837861463,139
3690000,7380.000000586005,-624361.6635066359,299.68733350192343,479.1894599198456,139
3695000,7390.000000588042,-622814.1305636647,299.8578115186951,480.06461305575186,139
3700000,7400.000000590079,-623891.46009426,301.2799781184109,480.0995031753229,139
3705000,7410.0000005921165,-621484.5687431563,301.81769958957887,482.415223204001,139
3710000,7420.000000594154,-624029.8146432368,303.98912430632953,479.73913043593564,139
3715000,7430.000000596191,-621987.0617037676,302.1875889176166,482.67581360442523,139
3720000,7440.000000598228,-622521.5733090369,300.02750909791774,482.0189394049186,139
3725000,7450.000000600266,-622029.3126737261,298.3713254439154,481.1962734954228,139
3730000,7460.000000602303,-622408.5517778583,301.0310566104473,482.00183651513805,139
3735000,7470.00000060434,-622217.6525126356,301.71734674183216,480.5376367582378,139
3740000,7480.000000606377,-624870.4343685117,303.8023713114047,481.53312674147276,139
3745000,7490.000000608415,-622813.8671564437,302.6919038546807,480.238384007188,139
3750000,7500.000000610452,-623202.227776465,299.9181145956415,479.8033370846186,139
3755000,7510.000000612489,-623839.7165893842,301.385146836886,478.1278590618836,139
3760000,7520.0000006145265,-622388.6124847559,301.0717345382991,481.2198287169835,139
3765000,7530.000000616564,-624072.5293507031,298.97791577000515,479.2733626985547,139
3770000,7540.000000618601,-623932.7757868804,300.2885749755442,480.1675157185972,139
3775000,7550.000000620638,-623082.9310327852,300.6629375431912,480.34298823514155,139
3780000,7560.0000006226755,-622826.3176824553,299.19044223910464,481.6297391899999,139
3785000,7570.000000624713,-623176.1038906961,300.7698194172614,480.26452164746706,139
3790000,7580.00000062675,-621179.5993890176,299.59950572508285,482.4495926887691,139
3795000,7590.000000628787,-623372.4199279579,300.12807133134834,480.106858444556,139
3800000,7600.000000630825,-623180.3078408646,301.9563129122822,480.42971158898735,139
3805000,7610.000000632862,-621946.3010725062,300.84508405307145,481.3324223237932,139
3810000,7620.000000634899,-624556.4657034478,302.505493490875,478.167369273471,139
3815000,7630.000000636936,-621439.3115785364,301.0732763783347,483.1465120296572,139
3820000,7640.000000638974,-624291.7581194639,300.4343835517468,479.2730388259618,139
3825000,7650.000000641011,-623148.399144073,301.05389868504824,479.4594159484785,139
3830000,7660.000000643048,-623267.8376563541,299.0467275197405,481.94025990781876,139
3835000,7670.0000006450855,-622845.1123746252,300.9579619717244,480.98409836805484,139
3840000,7680.000000647123,-622913.4764686804,301.72027814140597,481.20353865816134,139
3845000,7690.00000064916,-623542.8220688859,301.76908404080325,479.9768780079017,139
3850000,7700.000000651197,-621737.564794356,300.72415430312174,480.71724437823315,139
3855000,7710.000000653235,-622031.0482815751,300.23826530623563,481.10940120036526,139
3860000,7720.000000655272,-622762.9514961243,301.65927076715934,478.59220174328834,139
3865000,7730.000000657309,-622989.3856417648,300.7030063490537,479.3779151101404,139
3870000,7740.000000659346,-623772.7976783644,299.5178262733224,480.2379731542182,139
3875000,7750.000000661384,-622723.6274862555,299.45765644181114,480.3649965719565,139
3880000,7760.000000663421,-622379.7107357946,301.19746112391505,480.251651498181,139
3885000,7770.000000665458,-624464.3150107604,298.9538744864877,479.9862564588483,139
3890000,7780.000000667495,-622536.7760836324,301.0233664453317,480.98617198556593,139
3895000,7790.000000669533,-622472.1626810646,300.03721697962317,482.2168758537323,139
3900000,7800.00000067157,-622789.5565329362,298.0386686974772,479.9124611007383,139
3905000,7810.000000673607,-621640.5654621855,299.19032802873164,480.52771322950605,139
3910000,7820.0000006756445,-622830.8990458176,301.10628317613305,481.62375794674887,139
3915000,7830.000000677682,-624874.7243355499,298.95360799561735,480.12329978521103,139
3920000,7840.000000679719,-623028.8501781453,298.77795244193624,480.4128075243411,139
3925000,7850.000000681756,-623311.2257980034,299.40860308660564,482.58655024429873,139
3930000,7860.000000683794,-623349.6826413069,301.5755926338712,480.26471732973056,139
3935000,7870.000000685831,-623522.9161062548,300.0056758816117,482.8444035676779,139
3940000,7880.000000687868,-622326.3807609072,299.6142007930762,481.65021160729384,139
3945000,7890.000000689905,-623697.9211045261,301.00060051097944,479.22073425278853,139
3950000,7900.000000691943,-623912.7591460734,301.75933808897355,479.5195879156981,139
3955000,7910.00000069398,-623143.7971579148,302.21850185857653,480.9556253439672,139
3960000,7920.000000696017,-622149.8812583215,300.02644313443636,481.6356600998343,139
3965000,7930.0000006980545,-622889.7254443145,300.97638791190246,481.72363368053936,139
3970000,7940.000000700092,-622901.1715232991,299.52553547350027,479.7452428907259,139
3975000,7950.000000702129,-622988.0419665533,300.37446117604367,481.06844627949977,139
3980000,7960.000000704166,-623077.4902093085,299.1468138766168,480.71124123891246,139
3985000,7970.0000007062035,-623621.8394725709,301.9982661892993,480.0387361044572,139
3990000,7980.000000708241,-623018.5745957107,298.8117396772834,480.1511154327349,139
3995000,7990.000000710278,-623669.036544791,300.72272667345914,480.56858737110167,139
4000000,8000.000000712315,-622205.8989309617,298.8636863619384,480.26364049675954,139
4005000,8010.000000714353,-623225.687367809,301.3452683816452,480.3046179105263,139
4010000,8020.00000071639,-622076.9519562526,300.7167877340629,481.16121444986254,139
4015000,8030.000000718427,-622384.1209498295,300.1007179470137,480.6682856451092,139
4020000,8040.000000720464,-624063.9367899895,299.7277830090292,481.0946912084786,139
4025000,8050.000000722502,-622474.9322907152,299.91240407699127,479.8836034624635,139
4030000,8060.000000724539,-623513.0933351861,297.16602530747315,480.5965285932776,139
4035000,8070.000000726576,-624186.8593175313,299.20433783448686,479.7572655933941,139
4040000,8080.0000007286135,-623876.5701802573,298.9310324118868,479.0773583684263,139
4045000,8090.000000730651,-623439.6004324327,299.6802143886728,481.3268491899963,139
4050000,8100.000000732688,-622459.5518075624,301.31471710686645,480.9976736285043,139
4055000,8110.000000734725,-622891.4621014418,299.4683541467492,479.6645956604367,139
4060000,8120.000000736763,-623152.0458205082,299.1065356850706,479.47000459324994,139
4065000,8130.0000007388,-623518.6035731817,297.77476659558783,480.44745479919334,139
4070000,8140.000000740837,-622385.7136227456,300.42964382126706,481.22451633531404,139
4075000,8150.000000742874,-623763.3555709654,299.5568671858278,481.5589864629533,139
4080000,8160.000000744912,-622697.3583837715,299.70023927407294,479.6353346415636,139
4085000,8170.000000746949,-621709.8100123382,301.4246255558213,482.2483888500066,139
4090000,8180.000000748986,-624154.7739712242,302.62798411592246,478.979305027032,139
4095000,8190.000000751023,-623231.8362049088,299.8889909505253,479.8023269554403,139
4100000,8200.00000075306,-620819.051569262,300.6308063582526,483.9006132010155,139
4105000,8210.000000755097,-621448.1070292364,299.7409743071113,481.1099562621626,139
4110000,8220.000000757134,-622802.4220583439,302.1868275151299,481.54884375051887,139
4115000,8230.000000759172,-622401.1229815246,301.3967201546838,480.1621158984635,139
4120000,8240.000000761209,-622580.2339677988,299.57451268845705,479.5396481020973,139
4125000,8250.000000763246,-622809.3476214539,299.8544232776292,480.8624307491025,139
4130000,8260.000000765283,-623791.1280127103,303.36012971206867,479.4493215445635,139
4135000,8270.00000076732,-621713.5792061323,299.13048179327717,480.26297807397293,139
4140000,8280.000000769358,-624429.0226227818,300.25248449767474,481.42340643860945,139
4145000,8290.000000771395,-623356.2343247016,298.9233803168955,480.69105528302936,139
4150000,8300.000000773432,-623450.823750081,301.88576897188966,480.55934891321795,139
4155000,8310.00000077547,-621390.890765103,300.3684080262744,481.5861910950074,139
4160000,8320.000000777507,-622773.3833137895,299.154446936546,481.1942019029241,139
4165000,8330.000000779544,-624899.7996265232,298.97778252457,479.3024999165395,139
4170000,8340.000000781582,-623007.1480173725,303.18929002911585,481.0365871566414,139
4175000,8350.000000783619,-623542.5195579468,300.2034501775314,478.81306105840565,139
4180000,8360.000000785656,-623355.8137515774,301.4005271671173,481.044716057791,139
4185000,8370.000000787693,-624142.2304138108,300.5498121687301,479.5487815281526,139
4190000,8380.00000078973,-623592.7264819196,301.7763173644269,480.11463954233614,139
4195000,8390.000000791768,-623115.3268389981,302.40515967819044,480.5903147017853,139
4200000,8400.000000793805,-622841.2530027512,301.25311964569266,480.4199386588545,139
4205000,8410.000000795842,-622750.4238328701,301.2875921432779,480.7046028967977,139
4210000,8420.00000079788,-622870.0852643778,299.1861783851791,481.57704821653175,139
4215000,8430.000000799917,-620549.731966123,300.9061485325046,482.38165418763947,139
4220000,8440.000000801954,-623366.047962477,301.5234175284703,479.55837327994595,139
4225000,8450.000000803991,-621702.691001873,300.14512674705037,480.7401426067187,139
4230000,8460.000000806029,-624430.856174605,301.71125552193854,480.14473624387864,139
4235000,8470.000000808066,-622849.3586219563,300.84418940514956,480.7834686316758,139
4240000,8480.000000810103,-623581.4404239357,300.46689543792877,481.67206093777105,139
4245000,8490.00000081214,-623461.7489415295,297.7204785982863,482.5703158491004,139
4250000,8500.000000814178,-622226.7161915828,299.4816406201421,481.6659237182136,139
4255000,8510.000000816215,-623145.7423396655,299.85172029880147,480.1692783946758,139
4260000,8520.000000818252,-623521.192177299,299.5343296722216,480.6796862013345,139
4265000,8530.00000082029,-621730.8470856743,301.47316496434826,480.5561931811209,139
4270000,8540.000000822327,-622572.6160304104,301.359677923706,480.02360794680294,139
4275000,8550.000000824364,-623249.6573187076,302.4566304862912,481.3881257973079,139
4280000,8560.000000826401,-624504.9136576722,301.4210469641338,480.34267030622607,139
4285000,8570.000000828439,-622972.6752254423,300.2926104087237,480.6320127400623,139
4290000,8580.000000830476,-621938.5232441262,299.22485763150337,480.7683832417529,139
4295000,8590.000000832513,-624113.6531047397,299.17336778834044,479.73473744870404,139
4300000,8600.00000083455,-623293.5969990757,301.59182954190004,480.87897449178917,139
4305000,8610.000000836588,-624647.2953089718,300.7626812689486,479.3771264180047,139
4310000,8620.000000838625,-623523.4884909661,300.01070113802393,479.8968910554816,139
4315000,8630.000000840662,-624670.4502236894,299.9298021238123,481.0788376542593,139
4320000,8640.0000008427,-622463.7856533616,301.76624781654033,480.8372437359136,139
4325000,8650.000000844737,-623082.4445352866,301.8395137708228,480.7543331627631,139
4330000,8660.000000846774,-622909.4395132051,299.54236246845625,480.40395229565576,139
4335000,8670.000000848811,-623645.4286985542,300.72634333527094,479.63361143339466,139
4340000,8680.000000850849,-622339.0806292514,300.7709615209914,482.13533363351985,139
4345000,8690.000000852886,-623698.4417805686,301.4893257321284,482.0758869641299,139
4350000,8700.000000854923,-622748.056294763,301.24950298388086,481.38052568567554,139
4355000,8710.00000085696,-623404.1533755683,301.31182377741703,480.1069950567157,139
4360000,8720.000000858998,-623195.7789421766,301.3334285729771,480.75167437890207,139
4365000,8730.000000861035,-621688.126466699,299.16798086574704,481.2443530561188,139
4370000,8740.000000863072,-624257.5621132348,299.49172920309087,479.13555795647085,139
4375000,8750.00000086511,-621379.3902112055,298.4518247218215,480.13080152895685,139
4380000,8760.000000867147,-623793.451021954,297.0415931060846,480.2683417682808,139
4385000,8770.000000869184,-622723.5651573855,300.9615976685983,482.9936421248689,139
4390000,8780.000000871221,-624849.2835550285,300.1710144315981,479.95264378964504,139
4395000,8790.000000873259,-623384.0333777587,300.66029166954996,480.7634243526975,139
4400000,8800.000000875296,-623627.9285873123,302.0449972669203,479.89794622777015,139
4405000,8810.000000877333,-623039.815542018,299.9752959223925,481.6176066076314,139
4410000,8820.00000087937,-623486.3931095698,302.21823536770614,480.36096456346945,139
4415000,8830.000000881408,-623894.1711058868,300.3946002718168,479.8947354509274,139
4420000,8840.000000883445,-623868.1221612724,301.29145626089786,481.0326124497819,139
4425000,8850.000000885482,-623195.6535984958,301.1615038914808,479.61117250215756,139
4430000,8860.00000088752,-623566.4108524229,298.6235590526961,479.9528806351374,139
4435000,8870.000000889557,-622792.4603720587,303.8434870456864,479.1954802704499,139
4440000,8880.000000891594,-622502.3786457474,301.56567536648197,480.49792796306167,139
4445000,8890.000000893631,-622445.9479103768,302.40889055037525,480.3007600682004,139
4450000,8900.000000895669,-623029.8104728688,299.5585232362364,480.0222980124604,139
4455000,8910.000000897706,-623337.1665366692,300.93681401765633,480.0282502707775,139
4460000,8920.000000899743,-624581.4838976762,301.19418709322224,479.0267076010673,139
4465000,8930.00000090178,-621018.8245822205,299.5409158037315,482.39750731428103,139
4470000,8940.000000903818,-623752.1742494563,299.71234557361146,479.9520585166207,139
4475000,8950.000000905855,-622791.9929023171,300.4785639310374,480.9642235343156,139
4480000,8960.000000907892,-622267.612229859,299.2628325805274,480.2987065844604,139
4485000,8970.00000090993,-624648.5133963241,301.40787470111394,479.80384357341205,139
4490000,8980.000000911967,-624018.5211257669,302.59884143574413,480.84169902603105,139
4495000,8990.000000914004,-622634.7318849028,300.39715097014727,480.0240918536648,139
4500000,9000.000000916041,-623878.6005703574,302.753215789922,480.49717137582246,139
4505000,9010.000000918079,-623616.1256088428,302.0302641288027,479.963819758909,139
4510000,9020.000000920116,-622614.8114067083,300.22996601913064,479.92870550902836,139
4515000,9030.000000922153,-623584.8243452399,300.28118937142324,480.5096865394228,139
4520000,9040.00000092419,-622729.3191338214,297.9379732186115,481.1869361918325,139
4525000,9050.000000926228,-624763.9362360742,300.90542520014225,480.7688298828967,139
4530000,9060.000000928265,-622253.829273487,299.9666920742928,480.5164524970675,139
4535000,9070.000000930302,-623757.7052083109,300.8833064579037,479.939450572665,139
4540000,9080.00000093234,-622414.0158731849,300.58868176567603,479.85290808859395,139
4545000,9090.000000934377,-623915.5113012614,300.8377745891991,478.26232471776876,139
4550000,9100.000000936414,-622915.6684273938,299.5748362845139,479.9885715792916,139
4555000,9110.000000938451,-623683.2490509287,300.00381044551926,479.4263768985626,139
4560000,9120.000000940488,-622323.956030333,300.4198407642508,479.70311220567396,139
4565000,9130.000000942526,-624434.840154767,301.8261892273056,480.601034272466,139
4570000,9140.000000944563,-622918.3545640907,301.14170742682666,483.24646872344306,139
4575000,9150.0000009466,-622095.9446193776,301.8147872250673,481.36958624542143,139
4580000,9160.000000948638,-624234.0100736804,300.18184538197136,480.9512907242155,139
4585000,9170.000000950675,-623253.1904847198,300.48488357167696,478.6967600059904,139
4590000,9180.000000952712,-622216.3442210378,300.6338329331372,479.6687181192377,139
4595000,9190.00000095475,-625274.4900515336,301.0782635646226,479.750389114264,139
4600000,9200.000000956787,-623063.5986431325,300.7897681624129,480.89172055279505,139
4605000,9210.000000958824,-623162.2574173268,300.0683202712047,479.87685873881486,139
4610000,9220.000000960861,-623133.7363029225,302.82918472303226,481.3960976554431,139
4615000,9230.000000962898,-623284.7420332911,299.73598712082344,479.471307071987,139
4620000,9240.000000964936,-623717.7284067054,300.6072790214136,480.7750064663571,139
4625000,9250.000000966973,-621998.7290802794,299.1248664499378,481.2147135368958,139
4630000,9260.00000096901,-622605.0695172213,303.7609129460041,479.9801292629786,139
4635000,9270.000000971047,-623049.2336731367,301.080357421461,479.65424451089086,139
4640000,9280.000000973085,-622699.8602877986,300.7282468414877,481.64687649884144,139
4645000,9290.000000975122,-622565.5939211883,300.12989869731643,481.564186475861,139
4650000,9300.00000097716,-622426.245599404,299.52563064881105,479.95248084261254,139
4655000,9310.000000979197,-623516.1513340618,302.03881087171584,480.58537301961593,139
4660000,9320.000000981234,-624033.5423487863,300.91932079552447,480.8221141368742,139
4665000,9330.000000983271,-622929.4259031541,299.1732345429052,482.05881056791725,139
4670000,9340.000000985308,-622727.3273818349,296.5753863634797,478.8824352898048,139
4675000,9350.000000987346,-620930.9657801939,299.8695751871145,479.7907349485754,139
4680000,9360.000000989383,-622316.891472471,302.5207405756711,478.7062259406995,139
4685000,9370.00000099142,-621756.0807162775,300.11368082434973,481.9012852334366,139
4690000,9380.000000993457,-623547.1941881427,300.921205266679,480.5038190998232,139
4695000,9390.000000995495,-623720.7012147699,300.0149840270116,480.91235529648577,139
4700000,9400.000000997532,-622699.9553143508,301.6101412717052,479.3782959273121,139
4705000,9410.00000099957,-620808.4033536538,302.8939039344016,482.48253190118925,139
4710000,9420.000001001607,-621870.3737354078,301.32581454811015,480.2040239986314,139
4715000,9430.000001003644,-624278.6084115305,300.8036256876708,479.26577089855243,139
4720000,9440.000001005681,-622597.7003378049,301.00672980099733,481.4867724606622,139
4725000,9450.000001007718,-623520.015261217,300.8782050612428,481.85100249402035,139
4730000,9460.000001009756,-622904.6852857857,301.22498582380916,483.18545969386315,139
4735000,9470.000001011793,-622100.5979787838,300.5859787868482,480.0003822620613,139
4740000,9480.00000101383,-623521.7365225828,300.74429339889485,481.029853352372,139
4745000,9490.000001015867,-622520.3256363375,300.9921870135014,480.5250590158069,139
4750000,9500.000001017905,-623783.9321807255,302.0556759367962,480.72298394399445,139
4755000,9510.000001019942,-622393.7610205649,298.583642527331,482.14886639690286,139
4760000,9520.00000102198,-622879.8875433924,301.081042683699,479.78270621903886,139
4765000,9530.000001024016,-622469.9126202548,300.4796108594566,481.26241792965556,139
4770000,9540.000001026054,-622647.9071664903,300.84959536280513,479.99741898737545,139
4775000,9550.000001028091,-622717.2082810621,299.43738410060286,480.9800256521246,139
4780000,9560.000001030128,-623081.2700484521,299.73971799300824,481.3355698932328,139
4785000,9570.000001032166,-624011.0959763136,300.3302046565044,479.6104554436793,139
4790000,9580.000001034203,-624340.9393164343,300.350286647091,479.7245281391555,139
4795000,9590.00000103624,-622042.8411842659,298.6194284442058,480.79787445893226,139
4800000,9600.000001038277,-622591.7261230825,300.8549061451498,481.7267192133274,139
4805000,9610.000001040315,-624221.8192971046,296.2642582723529,480.0365299486122,139
4810000,9620.000001042352,-622725.7444219459,299.85015942370376,481.01049043979486,139
4815000,9630.00000104439,-622031.3991384581,299.5433903618133,481.5820551831359,139
4820000,9640.000001046426,-622308.7018790841,299.93840597191195,480.6534528167929,139
4825000,9650.000001048464,-623414.0083240578,300.0550147627497,481.9215954980023,139
4830000,9660.000001050501,-621745.3644438363,299.4571234600704,481.105392527585,139
4835000,9670.000001052538,-622957.8969421936,300.1279761560375,480.0400521729085,139
4840000,9680.000001054575,-624326.5207945448,301.3034483500634,479.45990803208343,139
4845000,9690.000001056613,-623039.0474540517,302.5237861856179,480.53209996360164,139
4850000,9700.00000105865,-622903.9191901507,297.68560636439554,481.7652899049763,139
4855000,9710.000001060687,-622246.6111927773,301.6347345720255,480.6558841617365,139
4860000,9720.000001062725,-622575.9920199793,301.01700873456775,480.4382683481048,139
4865000,9730.000001064762,-621758.7325788359,300.7198333440097,481.0899406736645,139
4870000,9740.000001066799,-623747.6962308981,301.3918852488933,479.28527803318076,139
4875000,9750.000001068836,-623268.5795619199,301.22159758274336,481.1356893352152,139
4880000,9760.000001070874,-624007.3529911619,299.2964294652529,479.51268585280167,139
4885000,9770.00000107291,-623108.0068564028,300.8464545775475,479.258889016151,139
4890000,9780.000001074948,-622946.4017071924,300.06944333987263,482.33811837673676,139
4895000,9790.000001076985,-622429.6567539731,300.85374500635766,481.6579406445029,139
4900000,9800.000001079023,-623401.5394843891,299.31748224401014,481.1921905486329,139
4905000,9810.00000108106,-622482.4038478332,300.72348807594585,480.6031646027001,139
4910000,9820.000001083097,-623026.55293401,299.55720981694685,482.1986463475566,139
4915000,9830.000001085134,-622281.4166809372,300.2952182122406,479.12738038887795,139
4920000,9840.000001087172,-622876.8707738188,299.41893912536256,480.88065648382894,139
4925000,9850.000001089209,-621821.8303445447,300.0123381533703,480.6056537623565,139
4930000,9860.000001091246,-621560.1207505092,298.62692825869976,482.1340157622208,139
4935000,9870.000001093284,-621945.1335449531,300.83017959939434,480.56810767472166,139
4940000,9880.00000109532,-622988.6351215765,300.3126352941238,480.70714689932805,139
4945000,9890.000001097358,-622820.8419560939,301.5438231151138,482.3275461886139,139
4950000,9900.000001099395,-621618.8026790987,299.5008850679934,481.21711761688323,139
4955000,9910.000001101433,-622393.4518916667,301.7516479238579,480.6912299781449,139
4960000,9920.00000110347,-623219.7222368559,300.8413151107623,482.14940530707685,139
4965000,9930.000001105507,-623167.8576261532,299.4174924606378,481.584155182245,139
4970000,9940.000001107544,-622186.6105591143,298.5189423510239,479.9968044226179,139
4975000,9950.000001109582,-622577.4989376571,299.8101477230278,482.07029887856,139
4980000,9960.000001111619,-622473.7289106953,301.2934359073633,481.4235165395772,139
4985000,9970.000001113656,-623370.3779394715,300.66497429484315,481.1669641636093,139
4990000,9980.000001115694,-622834.3884101966,299.46110178806344,482.456571560238,139
4995000,9990.00000111773,-622456.1469459017,299.86913738068466,480.93105818860585,139
5000000,10000.000001119768,-622938.2549022981,302.0845140559799,481.5270161388921,139
5005000,10010.000001121805,-621742.0048632538,301.49322791987277,482.033743075496,139
5010000,10020.000001123843,-623006.2815465396,300.41078007465916,480.831790273638,139
5015000,10030.00000112588,-623152.6443122113,300.16522777269915,481.3119668215731,139
5020000,10040.000001127917,-621342.8615790717,299.38027891410053,482.9348981669526,139
5025000,10050.000001129954,-624520.1723385565,301.11123229229656,479.5039308406988,139
5030000,10060.000001131992,-625140.9226869424,300.0931229572089,478.7070892506514,139
5035000,10070.000001134029,-621402.4595666416,301.29377853848234,482.1164701490852,139
5040000,10080.000001136066,-623164.3655579742,299.806987902708,480.18277946222673,139
5045000,10090.000001138103,-623278.2942315796,300.13975885951913,480.84867436232366,139
5050000,10100.00000114014,-621849.9043404413,299.9309822976667,480.01422775559877,139
