restrained 53 heavy atoms of residue FAD at k=10.0 kcal/mol/A^2
System 06_md/system_MAOA_p3: 118923 atoms, 5000000 production steps
Minimizing...
Heating / equilibration (100 ps)...
#"Step","Potential Energy (kJ/mole)","Temperature (K)","Box Volume (nm^3)","Speed (ns/day)"
5000,-1527305.4950745413,299.8557641195803,1205.8382220954463,--
10000,-1530764.3635733193,299.43745639067566,1195.7411346076872,73.6
15000,-1530582.1251517804,299.22519658823035,1195.1800093569138,73.4
20000,-1531470.1834329087,300.52102497831254,1197.7563688651792,73
25000,-1534404.5758414129,301.61108497635496,1195.7605175907786,72.8
30000,-1531989.7768658297,299.6524494185549,1195.2455582008708,72.8
35000,-1535097.6190555468,300.80804470825075,1193.5073844636702,72.2
40000,-1532953.9371486334,300.4392145715755,1195.0284179412297,69.3
45000,-1529290.314398325,300.24953493833965,1195.5994755793727,67.2
50000,-1533644.4377740202,300.9435878422677,1192.461892713481,65.5
Production run...
55000,-1531777.0117494194,302.2255948082808,1191.90263966916,64.3
60000,-1532490.7690961286,301.10394742084907,1193.6938049481382,62
65000,-1532022.4866124066,299.4678945830076,1191.9771217068474,61.7
70000,-1532061.5145996315,299.85070144065156,1194.8084254775367,61.6
75000,-1532972.3856150834,299.858124632455,1194.591476046787,61.5
80000,-1534056.1068373332,301.26250555539445,1195.1486254536703,61.3
85000,-1533465.3148104474,302.18689482088735,1191.423744224874,61.2
90000,-1533468.3363971682,299.6042763202826,1195.6841740924326,61.1
95000,-1529855.2443887433,302.06191187604685,1194.3533086166533,60.9
100000,-1533615.1734705837,300.1735015762697,1193.3537418726578,60.7
105000,-1532836.406893312,299.8164429445881,1194.8754078808274,60.7
110000,-1530306.90200709,300.60532013544406,1196.386867232533,60.6
115000,-1533118.9858819693,299.26790323563483,1192.7771795765623,60.4
120000,-1532128.7901113844,299.5538669466554,1193.4282254035368,60.3
125000,-1532716.049816966,299.4884558925216,1193.7610057594695,60.2
130000,-1534045.4344967138,299.85809357307505,1194.0842072349353,59.9
135000,-1531522.8543204917,300.7365460156506,1194.6281470694164,59.5
140000,-1530904.9411745649,301.2266630309546,1196.2593838926266,59.2
145000,-1532910.7105937134,301.2607662301184,1196.2575632116577,59
150000,-1530494.8315536221,300.0669679031079,1195.8000317803335,58.8
155000,-1534335.0719913756,299.81849286366355,1193.8234466723206,58.8
160000,-1533335.0799706774,301.8317618707615,1192.1877183833722,58.8
165000,-1534603.7187626725,300.3061561879531,1191.43139555543,58.7
170000,-1533196.4826243045,300.6656063918893,1194.7193001131984,58.8
175000,-1531289.639096193,299.13807502752513,1195.3038388230077,58.8
180000,-1534382.1691640606,300.6348886651379,1193.7423627162434,58.8
185000,-1533418.5083679017,301.05959462630824,1194.0201593584286,58.8
190000,-1531524.1572763957,302.12182541993286,1194.9695015725163,58.8
195000,-1534525.8671875848,300.6245458916211,1193.6736030006552,58.8
200000,-1534515.339968389,300.28761373813455,1192.1922466819456,58.7
205000,-1532709.7541599283,301.7915089143715,1193.5997446470249,58.7
210000,-1534611.9595506713,299.58132343851395,1192.7910333046148,58.6
215000,-1531460.7367999777,299.5130859808066,1194.9264837207916,58.6
220000,-1533299.8591313297,300.9338973157293,1196.8227739255901,58.6
225000,-1534213.7860342162,300.5569606808922,1194.7830660748987,58.6
230000,-1534577.8437423408,298.73899305479756,1193.2710673704844,58.6
235000,-1531425.208036895,300.3417812967334,1190.8036937339423,58.6
240000,-1533346.8970623072,299.8929111379772,1193.39933131625,58.6
245000,-1533820.3147015795,300.6409452442244,1195.5002792778805,58.6
250000,-1534158.8120100154,301.484518003138,1191.8619659662877,58.5
255000,-1533211.2988054138,300.3151634081329,1195.557850537604,58.6
260000,-1531931.763091349,302.193324112533,1194.8918001284974,58.6
265000,-1533390.1840289868,299.9349344790232,1193.1667488971784,58.5
270000,-1535014.0289577292,299.3839410790554,1192.955683448703,58.5
275000,-1534170.9984723516,299.4210259786924,1195.6844855343588,58.4
280000,-1534016.8716586642,299.2904523454644,1192.333389225396,58.4
285000,-1532952.37912329,302.1055192454693,1193.2106751912254,58.4
290000,-1532949.407455841,301.22520324009787,1195.0868806258336,58.4
295000,-1532644.1815963546,302.2288871025535,1195.6435453380573,58.3
300000,-1532884.3190723676,299.696243144257,1194.5884421581602,58.3
305000,-1533942.753508701,300.27357489840597,1194.8786274831416,58.3
310000,-1534384.281472439,300.32454334087197,1195.9193296604467,58.4
315000,-1532982.0987078343,300.6794588753383,1194.6498024262833,58.4
320000,-1532758.2273849258,301.6050905160284,1195.0294571847323,58.4
325000,-1533297.5391696459,299.5960145252211,1194.0299969220314,58.4
330000,-1533770.8193173697,300.7832903824461,1194.9575894059276,58.5
335000,-1533934.2219708245,300.99197835619947,1194.9471468248178,58.5
340000,-1533361.363993992,300.30345402189914,1196.8060639849182,58.5
345000,-1534342.9629025813,300.0415613303248,1191.637786346319,58.5
350000,-1533713.9212131314,301.0777022448077,1193.5126590408818,58.5
355000,-1533513.0990632186,300.57040939240215,1197.4662473717892,58.5
360000,-1533802.0892298473,301.80424326014304,1192.8305125995635,58.5
365000,-1532298.6410935381,299.251286467372,1194.566177648535,58.5
370000,-1531255.1590617234,302.1837267641344,1195.6691136709044,58.5
375000,-1533447.944326357,300.5997605064365,1193.931279089058,58.4
380000,-1532109.1212846069,300.04205828040364,1192.6817490019912,58.4
385000,-1533675.0063154176,300.2366452956685,1190.833835327943,58.4
390000,-1532536.9277374903,299.083565815747,1194.4297024461273,58.4
395000,-1534441.6202586899,301.3772389048579,1192.471198740086,58.4
400000,-1532663.1932313675,299.84029654837485,1195.120420172748,58.4
405000,-1532047.9769071229,300.85280127473067,1195.2692868645943,58.4
410000,-1529959.0235931538,300.79704968775536,1194.6199990228508,58.4
415000,-1533478.4990011025,300.20139289944734,1193.4078102465878,58.4
420000,-1534598.9838742446,301.44274313713146,1194.2193690254412,58.4
425000,-1530854.990091349,300.35532318638315,1197.531270816126,58.4
430000,-1531338.102838708,299.83107191253544,1192.8527604133535,58.4
435000,-1535216.9236235134,301.06002945762725,1193.989450471994,58.4
440000,-1532036.3454728862,300.09833787683783,1193.652590547713,58.4
445000,-1531985.9127589604,300.13803176438904,1194.2500287166088,58.5
450000,-1530903.151719938,300.4235295847106,1194.452098145681,58.4
455000,-1531155.6792641357,301.5245535438685,1194.271876690088,58.4
460000,-1532182.452901858,300.92141144499726,1195.4125406468045,58.4
465000,-1534973.3093658155,299.7828366955033,1193.3374065071216,58.3
470000,-1533444.730960112,298.59071557500914,1192.994859952295,58.3
475000,-1532022.260482748,301.1869070246435,1193.001223637481,58.3
480000,-1531872.7807230027,299.3259221573451,1194.8169053390918,58.3
485000,-1531601.011331928,299.71717716633015,1193.8829678917848,58.3
490000,-1533847.6419967469,301.9992961661069,1192.6773012081217,58.3
495000,-1535775.8159114541,298.5370449664892,1191.4235729082134,58.3
500000,-1534436.362802836,300.99800387590597,1193.8207323900224,58.2
505000,-1531714.759430186,301.1869070246435,1192.1451539796844,58.2
510000,-1533165.5892810142,301.1099108217957,1193.1925080578437,58.3
515000,-1536446.554327771,299.90906201554105,1190.6915882497613,58.2
520000,-1533765.0912454836,299.6820490076287,1189.972376547948,58.2
525000,-1533316.43937123,298.9264674720584,1192.8831319408268,58.2
530000,-1535990.4882575609,300.1887206724357,1192.798740469156,58.2
535000,-1532433.8956284309,300.2131333450611,1194.6999082803052,58.2
540000,-1534525.515603994,301.14199516126394,1194.0898464427682,58.2
545000,-1533709.7920076754,300.76617666410436,1192.9987430589815,58.2
550000,-1532365.7453191513,301.0326040251486,1193.4376580560363,58.2
555000,-1532966.3858752446,301.55899839621145,1193.9367501875076,58.2
560000,-1532593.0352488924,299.94332051160444,1193.9060857417278,58.2
565000,-1531696.613785373,300.8129831496597,1195.2184894333027,58.2
570000,-1534104.2644620398,300.3301650886394,1193.2163773232726,58.2
575000,-1533339.869929797,299.5686201521224,1192.0001618468207,58.2
580000,-1533066.6032894645,300.14759805340765,1195.710911436983,58.2
585000,-1531996.4365194226,300.34196765301294,1194.461317603853,58.2
590000,-1533188.3871143823,300.12563907179674,1191.1378311963742,58.2
595000,-1533319.216022132,300.77257489637003,1194.4078326973513,58.2
600000,-1532599.1118360395,300.79003026789104,1191.925985397381,58.2
605000,-1531818.0610566577,300.28512898774005,1194.0436698285075,58.2
610000,-1534502.2407079292,300.53416309602324,1193.8398071763415,58.2
615000,-1532971.253776133,300.87007028997203,1193.5534437544177,58.2
620000,-1533090.750534444,300.8087590739891,1189.790033070954,58.2
625000,-1535035.9618961345,299.7637041174661,1191.8556578335306,58.2
630000,-1532507.4343792042,301.4386122396007,1193.6008816703616,58.2
635000,-1532236.3653494483,298.4497370495044,1192.5693930899886,58.2
640000,-1533718.435431403,300.40694387582766,1190.0014135465392,58.2
645000,-1532682.1335897204,300.2466774753861,1193.595392660088,58.1
650000,-1533914.802614824,300.7898749709914,1194.2110654701169,58.1
655000,-1533620.6699767932,300.3572178085589,1192.0057518387732,58.1
660000,-1534299.0724047665,299.9375745263173,1194.1481304086005,58.1
665000,-1532439.1493296456,300.5804415721197,1193.3953183828737,58.1
670000,-1532717.0430702064,299.60890416789226,1193.7864681967944,58.1
675000,-1532338.506185146,299.9844741900124,1195.5253588208573,58.1
680000,-1532510.9588828497,300.50698613858395,1192.2357981723744,58.1
685000,-1533949.760813037,301.04568002409934,1192.2837037298198,58.1
690000,-1533946.6503725871,298.702591461519,1192.30456558024,58.1
695000,-1531484.0311376425,302.5225845991767,1194.4953940617152,58
700000,-1532955.1337711997,301.52517473146713,1195.2532856106525,58
705000,-1535399.4049169673,301.0736645254168,1192.1529163014018,58
710000,-1532419.1685986156,299.8256054616677,1194.9824039248404,58
715000,-1534544.2844977519,300.5094708889784,1191.7348795181783,58
720000,-1531596.4213529434,301.64639949133596,1193.0833900043042,58
725000,-1532800.005040802,299.9276355247395,1192.0010206552986,58
730000,-1532569.5642477311,299.9895058095612,1195.6998887840957,58
735000,-1533654.2781456215,299.3470425356978,1192.9789668948117,58.1
740000,-1532972.5473541962,300.42877861991883,1191.5370930415183,58.1
745000,-1533860.9983870117,299.7476153586621,1191.6906362804439,58.1
750000,-1534814.820297975,300.6524682741786,1193.3820439122967,58.1
755000,-1531331.8345338283,298.4250448424596,1193.5603525279441,58.1
760000,-1534864.7066287259,301.20197082390985,1190.7237702429402,58.1
765000,-1533628.4000943955,299.73435300343175,1195.3155755625617,58.1
770000,-1532059.2300489265,300.15952485530096,1193.7230895505497,58.1
775000,-1532018.4408787293,299.95055734712827,1196.4960009834908,58.1
780000,-1531871.3366707554,301.18429803672933,1196.137306502823,58.1
785000,-1533777.216868382,300.3466576193825,1194.1572999795867,58.1
790000,-1531737.817778292,298.9302567164099,1193.8997823928041,58.1
795000,-1534703.931998562,301.1992686578559,1193.1207385363566,58.1
800000,-1533586.3253034707,298.813473447871,1196.44303244166,58.2
805000,-1532315.0797937047,301.12960246867164,1194.3924846968223,58.1
810000,-1535080.599420432,299.7778361353345,1190.6129519168492,58.1
815000,-1533047.3862655098,300.63783930623134,1193.1473809185354,58.1
820000,-1533168.975653152,302.6809874368225,1195.3600279936231,58.2
825000,-1532582.2556912173,300.2174195394915,1194.6692434771605,58.2
830000,-1532165.0468882462,299.04116976214186,1195.6695522227017,58.1
835000,-1534019.1767125009,299.2000695498665,1194.3345725373424,58.1
840000,-1530968.2639597273,300.1841860029658,1195.216994075844,58.1
845000,-1533726.6815721607,302.01221686815796,1192.4324165328055,58.1
850000,-1531702.0127313128,300.53950530937124,1190.7344781805295,58.1
855000,-1532061.784827224,301.6415542280668,1193.3253831803734,58.1
860000,-1533096.3780820668,299.191341864106,1192.3835245523621,58.1
865000,-1532899.146377759,300.13682044857177,1194.2428185907218,58.1
870000,-1534683.8822853407,299.29675739959026,1191.4995593079213,58.1
875000,-1531833.5190541456,300.7948755311602,1192.5052412811074,58
880000,-1533439.1288725426,300.12809276281126,1195.3078871252064,58
885000,-1532979.8400524473,299.8722566503234,1193.154592533244,58.1
890000,-1532159.255983781,301.4138268544161,1193.3640330401772,58.1
895000,-1536209.780276997,300.24642900034667,1194.6873979535944,58.1
900000,-1531931.1685088277,299.3949671589307,1191.446509185078,58.1
905000,-1533209.0335094146,301.39401097002036,1193.7659939974942,58.1
910000,-1534146.7526138863,300.0337033072023,1193.4840907340533,58.1
915000,-1532507.9463571087,300.2572066051825,1191.2525627138855,58.1
920000,-1532610.6682887012,300.4628818190826,1193.4850588229233,58.1
925000,-1532183.0857064594,299.8969488573681,1194.170475416427,58.1
930000,-1535302.2976733632,300.6810118443348,1192.5568025715397,58.1
935000,-1532112.975300395,299.4787032472234,1192.9738043092984,58.1
940000,-1534514.5208539227,300.77679897204064,1192.5049607273966,58.1
945000,-1533916.9893846987,302.0237709574921,1191.8574600460954,58.1
950000,-1532486.6667224532,301.3663370625023,1192.276452564414,58.1
955000,-1534009.193804429,299.9944442509701,1193.9057255040427,58
960000,-1532648.749846247,300.811958190122,1192.6507396186316,58
965000,-1531242.7843953446,301.2617601302762,1193.1145129342565,58
970000,-1532842.8440710492,300.1192408395311,1193.1844451481945,58
975000,-1532148.7799928356,299.25470299916435,1195.8326059984204,58.1
980000,-1532297.6503352383,300.1310434039047,1195.2201062764716,58.1
985000,-1532153.623645926,301.1148803225846,1192.8872908563155,58.1
990000,-1533454.073266672,301.098170376182,1192.6600001391007,58.1
995000,-1531136.8688169662,300.93700325372237,1193.346419230982,58.1
1000000,-1533901.754976065,300.0681481595453,1192.813191287435,58.1
1005000,-1535852.2076037182,302.02569663904785,1190.5451585977012,58.1
1010000,-1533594.885225717,300.1806452336537,1193.5048595830697,58.1
1015000,-1534101.1697730962,299.9197775016171,1196.4073698133038,58.1
1020000,-1532063.1446027374,299.8698961374486,1194.9873829384403,58.1
1025000,-1533807.8607340641,300.61960745021213,1192.5457538218902,58.1
1030000,-1534750.2240353879,300.36047904345156,1192.7692800422656,58.1
1035000,-1532205.6387845064,300.3555716614226,1195.190107812525,58.1
1040000,-1533030.178968885,300.7463297203288,1191.641852277732,58.1
1045000,-1532102.0365523864,298.99659955194153,1196.317956005904,58.1
1050000,-1531959.662879441,300.8199093913842,1194.6849862352663,58.1
1055000,-1533929.1160143856,299.84784397769795,1192.9835408240479,58.1
1060000,-1533775.6442824341,300.66349435405397,1193.7108597515955,58.1
1065000,-1532866.3318118239,300.3552610676233,1193.8731766323015,58.1
1070000,-1532674.3782991134,300.03534945433864,1193.7084751327325,58.1
1075000,-1533503.343179698,300.9708890372266,1194.37695305294,58.1
1080000,-1534893.6061397009,301.1870933809231,1192.781574331153,58.1
1085000,-1533149.5543836672,300.38395993467907,1193.8066692909954,58.1
1090000,-1532377.9707232509,300.19685822997747,1195.818628762968,58.1
1095000,-1532537.5607233448,300.63762189057184,1193.916753824313,58.1
1100000,-1535258.1943735434,301.43199659167544,1192.474259350232,58.2
1105000,-1533232.8637362178,300.35923666825437,1193.0692190661784,58.2
1110000,-1532283.0251570484,301.44774369730027,1197.1991707805494,58.2
1115000,-1532869.2341936538,299.55942657566294,1195.0186074737978,58.2
1120000,-1530748.2295464398,300.2373596614069,1197.153558635856,58.3
1125000,-1535052.6568029672,300.15697798614667,1193.0844412788933,58.3
1130000,-1532576.9410107434,298.84058828655037,1193.3278325793704,58.3
1135000,-1534694.924123996,300.0940516824074,1193.9319943278424,58.3
1140000,-1530929.0810791422,301.84421668211365,1196.68980656494,58.4
1145000,-1533275.5846495265,302.59339998541833,1193.4700621377017,58.4
1150000,-1532695.9051108854,300.62134677548823,1191.2115844514112,58.4
1155000,-1533322.2655782066,300.82450617961393,1194.021474398828,58.5
1160000,-1533137.8071062183,300.97169658110477,1189.3510525920597,58.5
1165000,-1532958.8239313215,300.7582254628421,1195.104849792411,58.5
1170000,-1532656.9580843542,299.66875559301843,1194.4151826636382,58.5
1175000,-1530598.4755938835,299.8538384380245,1192.7495433681686,58.5
1180000,-1531999.6325760381,299.7381422477833,1192.6422256669741,58.5
1185000,-1532850.2604767513,300.29050226046803,1190.4495554276448,58.6
1190000,-1533770.3839498702,299.55557521255156,1191.8106209756209,58.6
1195000,-1530937.2586033335,300.2081638442722,1194.9891047015135,58.6
1200000,-1535961.7413582979,298.583634036385,1190.8640928063057,58.6
1205000,-1531185.7150812987,300.77418998412645,1193.0509684979863,58.6
1210000,-1533195.9146322943,300.7089031675124,1192.986925355526,58.7
1215000,-1531723.7645127252,302.4103670594876,1193.6786576397724,58.7
1220000,-1534611.4205975085,299.836196710224,1193.018903636582,58.7
1225000,-1535733.9761090772,301.7163452149396,1193.5931447307028,58.7
1230000,-1533975.1938055698,300.2112697822653,1192.6168439368075,58.7
1235000,-1532327.6079465244,302.03495233426713,1192.8982700798383,58.7
1240000,-1532563.3779847873,301.4663793252586,1192.1132973251076,58.7
1245000,-1533752.373165477,299.4847908856898,1188.9121363930822,58.8
1250000,-1533194.180633246,300.7454911170706,1193.1831284391203,58.8
1255000,-1534983.534395299,300.6892425800164,1191.5087141061251,58.8
1260000,-1533235.954934882,299.44932107380913,1192.466524310929,58.8
1265000,-1532945.4155660328,300.60386034458736,1194.7469058436548,58.8
1270000,-1531029.3424452534,300.5595696688064,1195.652618747957,58.8
1275000,-1536165.3927566083,299.84657054312083,1191.6170877401755,58.9
1280000,-1533611.719995101,300.5813422941377,1195.764862500392,58.9
1285000,-1532771.3344831094,299.6695320775167,1193.607941899647,58.9
1290000,-1534127.7005010378,300.4906489047405,1192.853368736634,58.9
1295000,-1532426.8820694322,299.9071984527452,1194.2487196954503,58.9
1300000,-1530771.2425612938,299.210598679663,1196.2795102069067,58.9
1305000,-1534439.0324390046,299.584429376507,1194.9303455318188,59
1310000,-1530479.8907160815,299.3668894794735,1196.8766971423922,59
1315000,-1532118.9040167807,299.8146415005522,1194.842846636866,59
1320000,-1534268.1758383578,300.8030441480819,1194.3359307926858,59
1325000,-1531929.329099141,299.4869961016649,1194.6944271192567,59
1330000,-1532054.604919156,300.6059723824226,1194.4471993097072,59
1335000,-1533404.329855699,301.26756823432316,1193.9894532558383,59
1340000,-1533256.1671329495,301.07720529472886,1193.5108563658878,59
1345000,-1532124.4170050388,300.3024601217413,1193.5584538446096,59
1350000,-1534469.5759014748,299.44416521674066,1195.0861944105698,59.1
1355000,-1533513.1089162622,299.9905618284788,1191.8145187467885,59.1
1360000,-1529877.510156544,300.93743808504144,1192.517588883176,59.1
1365000,-1533129.027515594,299.90949684686007,1194.7538375370054,59.1
1370000,-1533365.6857396513,298.9048812030066,1191.9388094344197,59.1
1375000,-1533942.2577825403,300.57342215225543,1191.1579459072655,59.1
1380000,-1532473.312473216,298.2199286973983,1194.8388335205125,59.1
1385000,-1532740.2714392813,299.24221712843223,1193.2518680155308,59.2
1390000,-1530104.1398267336,301.3498134723792,1194.430744096667,59.2
1395000,-1533879.4595270865,300.86705753011876,1193.793416897802,59.2
1400000,-1532225.107493014,300.6638049478533,1192.1347454041318,59.2
1405000,-1533561.356263725,300.540530268909,1190.563331790476,59.2
1410000,-1532386.78587245,299.0110111042293,1196.7251111570004,59.2
1415000,-1533039.8990193391,299.28607297289415,1194.4891760154337,59.2
1420000,-1533912.707357159,299.6887267743138,1192.6196033332865,59.2
1425000,-1535048.0793352993,300.04994736290604,1194.238643224059,59.2
1430000,-1533882.9972646534,301.2083379967956,1191.5777179508095,59.2
1435000,-1534363.4458401818,300.9289278149404,1194.6786071752592,59.3
1440000,-1534026.1646509217,300.3866310413531,1194.6077098913252,59.3
1445000,-1532445.425497544,300.13436675755725,1194.5400219078567,59.3
1450000,-1532988.1219774382,301.10751924954104,1192.3978695596247,59.3
1455000,-1533607.6673437394,299.4677703454879,1195.1110184170914,59.3
1460000,-1533347.963477822,300.4118201984768,1191.3702233766423,59.3
1465000,-1532317.6334326593,300.0546062698956,1196.0797396836786,59.3
1470000,-1533473.551062853,299.8045782614547,1193.80352661036,59.3
1475000,-1533914.511087224,301.12121643609044,1193.8585936592738,59.3
1480000,-1532410.4646682162,297.97614362432347,1190.7298059787433,59.4
1485000,-1532853.590126683,300.30525546593503,1195.1169920982022,59.4
1490000,-1534803.6427912004,299.0412008215217,1193.2378052695665,59.4
1495000,-1533906.4077678798,300.5244725694849,1192.8831870568438,59.4
1500000,-1533052.344800542,300.2562127050247,1193.007570594287,59.4
1505000,-1532418.7955492344,299.7546347785264,1193.2822477842687,59.4
1510000,-1533104.7320764773,299.83501645378664,1193.6007532567346,59.4
1515000,-1533212.848376602,300.5703783330222,1193.6094323985021,59.4
1520000,-1532430.0996724302,299.2605732219712,1193.2006402985796,59.4
1525000,-1533053.3644154537,299.9892262751418,1191.087901730856,59.4
1530000,-1534128.5378925735,300.98495893633515,1190.8082821771156,59.5
1535000,-1534247.2286775121,301.00819135252317,1189.944981506076,59.5
1540000,-1531647.9475911828,299.8251085115888,1195.0280062256863,59.5
1545000,-1532143.753277488,300.1872919409589,1195.9237499801548,59.5
1550000,-1534546.8751454838,300.36389557524393,1192.436340671442,59.5
1555000,-1534070.472938153,299.3417313817297,1193.1253220062172,59.5
1560000,-1534097.2592341471,299.5438658263177,1193.4476830192102,59.5
1565000,-1533031.2116420483,302.0026816385193,1194.687135494688,59.5
1570000,-1531207.27613517,301.13590752279754,1194.1504781621088,59.5
1575000,-1533048.678690618,300.4176904212836,1193.3870757875416,59.5
1580000,-1534044.8645586632,300.39166266090183,1192.5378501534433,59.6
1585000,-1533375.9954777285,302.1672342333913,1192.1217690287808,59.6
1590000,-1530776.6064355476,300.0347903854999,1195.8279711687173,59.6
1595000,-1534302.336474861,301.18286930525255,1192.1708818784898,59.6
1600000,-1533052.1047762986,301.2264145559152,1192.0292923502968,59.6
1605000,-1532512.970231832,300.40911803242284,1194.848378336893,59.6
1610000,-1534274.8962380225,299.8990298358235,1192.1713082649537,59.6
1615000,-1534275.2391781723,300.81372857477805,1193.3959274630563,59.6
1620000,-1534039.148661999,300.0534881322181,1193.1113114852192,59.6
1625000,-1533549.2545957882,300.8279227114063,1194.15262385586,59.6
1630000,-1536022.1975224419,299.92235543015136,1191.81653607567,59.6
1635000,-1532645.0016058348,300.7929809089844,1196.154323567156,59.7
1640000,-1533784.7978514098,300.8924951622819,1190.614895286587,59.7
1645000,-1535101.6508869277,300.21891038972814,1190.9279541472579,59.7
1650000,-1530908.56642095,299.58113708223436,1194.744082768251,59.7
1655000,-1532156.0935747065,300.55497288057666,1192.952915700472,59.7
1660000,-1534332.3117978172,299.95506095721817,1191.4071944749535,59.7
1665000,-1535853.633318631,300.83842078182283,1191.4215937309784,59.7
1670000,-1531241.2291452587,300.17176225099365,1193.8025568767034,59.7
1675000,-1532856.826782736,299.4783926534241,1192.9981931087598,59.7
1680000,-1532948.1417917628,300.52587024158174,1195.5922452893906,59.7
1685000,-1532897.4497186588,300.7731960839687,1190.2514948757228,59.7
1690000,-1534557.1156202257,300.28525322525985,1192.7825325924323,59.8
1695000,-1533361.310272432,299.41223617417205,1191.3345008017923,59.8
1700000,-1535213.730091066,299.72500413007265,1190.4979686288095,59.8
1705000,-1533306.154887259,301.565023915918,1195.2157233255211,59.8
1710000,-1533547.6502380818,300.96517411131936,1193.319562996117,59.8
1715000,-1531660.2247310001,300.35550954266273,1193.2213588240331,59.8
1720000,-1532680.071155646,300.467633904212,1193.5099842626555,59.8
1725000,-1533461.4353029728,301.05285474086327,1191.5265669303105,59.8
1730000,-1534346.8199649164,299.184664097421,1192.9066319834048,59.8
1735000,-1536256.2921292456,300.1357333702742,1188.8266477800926,59.8
1740000,-1531963.0061428295,300.316933792789,1192.9141501749841,59.8
1745000,-1534028.954446747,301.9193803815456,1191.1285744245436,59.8
1750000,-1532815.2168894308,299.2919121363211,1194.17439386274,59.8
1755000,-1534601.9627781045,299.3843759103744,1192.4263350114502,59.9
1760000,-1534245.796656943,301.1393861733498,1193.9665617758385,59.9
1765000,-1532069.0959707173,299.0047992282432,1192.3593076066031,59.9
1770000,-1531696.6046476392,302.0147947966922,1194.4631254134183,59.9
1775000,-1534395.7495665047,301.0273239305604,1191.7828886787913,59.9
1780000,-1531957.9721127087,300.20070959308885,1191.939228273716,59.9
1785000,-1532019.697036028,298.8296243254349,1192.1889545995768,59.9
1790000,-1533769.6097911056,300.0282679157145,1193.845613839502,59.9
1795000,-1531607.7409075573,300.7686614144988,1191.7951841685165,59.9
1800000,-1533708.6529645594,299.96875814376756,1192.9534008824,59.9
1805000,-1533716.1537923738,300.0209379020509,1194.528753122707,59.9
1810000,-1534635.9288672898,300.3981230119274,1190.8750218546365,59.9
1815000,-1534505.4402078148,299.5999590664723,1192.941497321976,60
1820000,-1531943.3397006355,301.0836035269945,1192.8133804596032,60
1825000,-1534614.5126147103,299.99199055995564,1191.867224513551,60
1830000,-1535446.6125660455,300.6681843204235,1193.0559929625108,60
1835000,-1532419.2079394888,300.5491958359096,1193.233733966294,60
1840000,-1532458.7120444244,300.5613400534624,1194.9315811709323,60
1845000,-1535304.7064123582,299.9719262005205,1191.585292196165,60
1850000,-1532882.9093515929,302.3980364856552,1193.338872168433,60
1855000,-1535519.9799275538,299.59107608381214,1193.501051346119,60
1860000,-1533841.330884738,299.54044929452533,1192.243569059116,60
1865000,-1535048.1444952572,300.51527899302545,1193.8182222355947,60
1870000,-1534522.427342725,298.95029001646503,1193.3055762752524,60
1875000,-1532563.175568752,299.2056912976339,1195.618781131791,60
1880000,-1533771.3317351742,300.9215978012768,1192.916982585269,60
1885000,-1533366.2747996356,300.0128624632689,1194.7127013154047,60
1890000,-1532811.0107283127,300.00820355627934,1194.145559302874,60
1895000,-1532699.4320913833,299.9722989130796,1195.701010319991,60
1900000,-1533811.7158581633,300.1741848826282,1193.145932747739,60
1905000,-1537115.0095815938,300.0805097927577,1191.676732092354,60.1
1910000,-1531704.3136744117,299.52252803230544,1195.5653134885238,60.1
1915000,-1534265.5241731787,300.60702840134024,1193.227054670352,60.1
1920000,-1534985.9923204994,299.5544260154941,1191.7219857102368,60.1
1925000,-1533196.4426178178,298.59335562230325,1193.771649551377,60.1
1930000,-1531845.0968167624,299.23967025927794,1195.8943879427525,60.1
1935000,-1533199.9103143215,301.733179398862,1194.3004903946685,60.1
1940000,-1532643.2565733772,299.78693653365417,1195.5816050511798,60.1
1945000,-1531420.1120050838,301.78945899529606,1193.2060311543446,60.1
1950000,-1533509.6663047029,300.7525105369349,1191.0360967520244,60.1
1955000,-1532489.0103752809,300.8673060051582,1194.9105661863719,60.1
1960000,-1532784.3115470912,301.7900801828947,1192.922569102513,60.1
1965000,-1533033.812319602,299.89924725148296,1193.9726600178942,60.1
1970000,-1532965.1638346426,301.2216314114059,1194.5858396336137,60.1
1975000,-1533183.246016956,300.91808809134466,1193.3094904119991,60.1
1980000,-1531654.5595395816,298.6327699754351,1194.8233989678067,60.2
1985000,-1533103.8477407973,299.7158105536132,1192.95835955217,60.2
1990000,-1534582.293111899,300.71989818800785,1196.4186629096464,60.2
1995000,-1531393.6078454377,301.45265107932926,1196.2075054581182,60.2
2000000,-1534772.2486479087,299.71453711903604,1192.7581315528573,60.2
2005000,-1534694.9750368204,300.1257633093164,1190.465983829221,60.2
2010000,-1533918.4681731714,299.9754048510727,1193.4943476772198,60.2
2015000,-1532772.9734719964,301.16814715916547,1194.1635950254495,60.2
2020000,-1532447.0413557934,302.02973435843876,1192.6893394753474,60.2
2025000,-1532648.3029222265,299.92133047061367,1194.9687156748973,60.2
2030000,-1535317.054796001,299.7368688132061,1192.1587773183244,60.2
2035000,-1535173.3521572137,298.62525360549193,1194.6504850096765,60.2
2040000,-1533012.8603190193,300.92588399570724,1194.4659039495991,60.2
2045000,-1531986.3894201247,300.040567430167,1196.0040717207742,60.2
2050000,-1533639.364445244,300.0860383623853,1193.539822106977,60.3
2055000,-1534869.7661265181,301.5140865328319,1192.4521153810622,60.3
2060000,-1534532.1859757826,300.8991108102071,1191.1727594818271,60.3
2065000,-1532991.7531595174,300.28543958153944,1193.4779064085997,60.3
2070000,-1533571.22714179,300.1741848826282,1192.4862005068392,60.3
2075000,-1534589.9888532776,299.85595047585986,1192.674380453494,60.3
2080000,-1533452.1217436595,300.6792104002988,1192.4989764693594,60.3
2085000,-1535206.5607643127,300.02211815848824,1191.338070614918,60.3
2090000,-1532241.941366721,299.6875154584965,1194.1319777822293,60.3
2095000,-1534039.1292848866,300.1719486072732,1193.7974090541884,60.3
2100000,-1532953.5941112703,300.43281633930985,1195.3855265989203,60.3
2105000,-1530641.0045391228,301.138858163891,1194.9481633086841,60.3
2110000,-1534414.7699398221,300.9717276404847,1189.657321309587,60.3
2115000,-1533554.3234276474,300.11076162881,1191.7361164230529,60.3
2120000,-1533464.095631197,301.33245127899806,1194.8250864534816,60.3
2125000,-1531505.1698057242,301.84027214086245,1191.391604711267,60.3
2130000,-1535092.0641208235,300.223445059198,1194.1946111470922,60.3
2135000,-1533265.3611607375,301.20215718018943,1193.8856800711858,60.4
2140000,-1533828.4893191466,300.9535889626053,1193.1934774968884,60.4
2145000,-1535887.3939514738,299.08872167281555,1191.9684348748854,60.4
2150000,-1535670.6811961848,301.81576629009726,1190.8600859377489,60.4
2155000,-1534588.6967261862,299.342507866228,1190.4934422651836,60.4
2160000,-1534204.223811875,299.72807900868577,1193.216625107847,60.4
2165000,-1531616.410693597,300.6604505348208,1193.9292099184456,60.4
2170000,-1531380.6799947917,301.5725402858612,1197.1220689919348,60.4
2175000,-1531001.191224874,299.9334125694066,1194.4337020521896,60.4
2180000,-1534351.165514877,300.83078017435986,1193.4476782212614,60.4
2185000,-1533014.7910595443,299.61499180635866,1194.2336347461046,60.4
2190000,-1533737.4717940204,300.8017085947449,1192.0293187946413,60.4
2195000,-1533418.7258743187,299.15289035175203,1193.7615728287708,60.4
2200000,-1533451.3577396777,300.0018985021535,1191.6334825400097,60.4
2205000,-1531719.0969095808,300.83149454009833,1191.2121310047773,60.4
2210000,-1533648.2845644942,299.5516927900602,1192.0171081841663,60.4
2215000,-1532465.1429559197,300.7031261228454,1193.1219545289573,60.4
2220000,-1531256.9170698477,300.52571494468214,1195.2211559040938,60.4
2225000,-1532805.1987586748,298.9900149633962,1194.4740655626895,60.4
2230000,-1532120.8020105576,299.3153309087888,1191.1328413946708,60.4
2235000,-1531626.0890243286,299.987331652966,1193.5230528067143,60.5
2240000,-1532592.7120039715,300.9889966557261,1192.4142790770054,60.5
2245000,-1531649.8091325108,300.8904141838266,1194.7770067370043,60.5
2250000,-1535223.3844026392,299.8856743024533,1195.0403440467442,60.5
2255000,-1533395.58229254,301.34282511189485,1194.8088354052225,60.5
2260000,-1532924.6507030986,300.5797582657612,1195.3020210092486,60.5
2265000,-1534318.9616490128,299.7684562025955,1192.4581713004654,60.5
2270000,-1532937.733600692,299.9234735678288,1190.6382333041242,60.5
2275000,-1534530.7268172465,299.32995987673604,1191.7377779992912,60.5
2280000,-1533481.961560119,302.2167739443805,1192.9137926021115,60.5
2285000,-1533272.4863140509,300.65722035930804,1191.7581926473188,60.5
2290000,-1532908.3266160674,300.88469925791935,1195.5498209459765,60.5
2295000,-1533468.1901982883,301.6576119274909,1193.2974723423324,60.5
2300000,-1532614.1800434692,300.06442103395364,1194.8008741183537,60.5
2305000,-1532965.2042005975,301.36102590853415,1194.9890601265752,60.5
2310000,-1535093.9354546722,300.4971713745259,1193.6177949549813,60.5
2315000,-1533292.7796348725,299.6420134668982,1192.8702712364975,60.5
2320000,-1532910.7960340222,301.05745152909304,1195.4579189316896,60.5
2325000,-1533361.2398907095,300.30755386004995,1194.2208711395263,60.5
2330000,-1533698.6930496404,301.1358454040377,1192.1299364543627,60.6
2335000,-1533967.19974533,300.3180519304665,1192.2579161183062,60.6
2340000,-1534424.1795026986,300.378213949392,1192.8493326744526,60.6
2345000,-1533457.8859804226,299.7156241973336,1195.8502821828129,60.6
2350000,-1533505.583259903,300.86376523584613,1192.8545956472105,60.6
2355000,-1533675.0088476455,300.2412110245183,1191.9055247591382,60.6
2360000,-1534121.9109325754,301.207685749817,1195.938227766904,60.6
2365000,-1534793.2094414998,299.1401560059805,1192.7959240161422,60.6
2370000,-1530507.5561887817,300.55236389266247,1194.5098046666174,60.6
2375000,-1535745.308432375,299.8668212588355,1190.284355785993,60.6
2380000,-1534356.6514643077,300.7721090056711,1191.7458603528978,60.6
2385000,-1533623.4542244794,300.08957913169735,1192.0697794493722,60.6
2390000,-1533436.4120917963,300.1650223655486,1194.2110495289505,60.6
2395000,-1534563.8180788513,300.708654692473,1193.3909277786006,60.6
2400000,-1531033.2234654864,300.45508591472003,1193.2496008013393,60.6
2405000,-1532924.2200896554,300.2290357475855,1192.4897353744939,60.6
2410000,-1531989.7557277847,299.71003350894614,1193.681249991249,60.6
2415000,-1534195.8023120258,299.53554191249634,1191.9717563912222,60.6
2420000,-1534195.69914799,299.4299089613525,1195.0705687095492,60.6
2425000,-1533505.1161393719,300.4772312526105,1193.8617102517687,60.6
2430000,-1531711.8358331453,300.61494854322257,1192.3341022638917,60.6
2435000,-1533126.5366250891,298.6041021677592,1194.3173867214612,60.6
2440000,-1534058.3122311598,300.453284470684,1195.35258569503,60.6
2445000,-1534207.3791250149,302.0391764099377,1194.7501629176543,60.7
2450000,-1531006.437101244,299.9005517454401,1194.5614251488153,60.7
2455000,-1532737.74471129,299.0198940868894,1196.3306483733534,60.7
2460000,-1531330.550202896,300.0186084485561,1193.3461541018523,60.7
2465000,-1533919.9165983303,299.5506367711426,1193.6768676163754,60.7
2470000,-1534140.3997691218,299.96447194933717,1193.2098916054158,60.7
2475000,-1531503.570950674,299.2205687406207,1194.3291213149143,60.7
2480000,-1531565.6189915026,300.44213415328903,1193.5086143454262,60.7
2485000,-1534650.9021383412,300.9917919999198,1191.9793272972067,60.7
2490000,-1533827.3939063484,299.46820517680686,1191.8200185440046,60.7
2495000,-1533451.9121725196,300.10156805235056,1193.365262192167,60.7
2500000,-1532654.947237352,301.3136292947601,1191.772790723371,60.7
2505000,-1535860.6109367209,300.3519687733506,1193.2135135222677,60.7
2510000,-1530443.0676241592,301.09823249494184,1192.75102988661,60.7
2515000,-1536057.7867693193,301.3272954219296,1192.2455736768914,60.7
2520000,-1532631.7413140396,300.5648497633946,1193.8055377888656,60.7
2525000,-1534133.2195416428,300.14908890364427,1192.4423284474724,60.7
2530000,-1533502.8845684407,301.35590111084565,1193.924746924104,60.7
2535000,-1534092.9784686407,299.7557529162039,1192.9733100469027,60.7
2540000,-1531848.421916457,300.13803176438904,1196.7896100668597,60.7
2545000,-1531564.1912177224,302.68067684302315,1195.5257453999682,60.7
2550000,-1532033.0756487902,300.57888860312323,1196.3596236399337,60.7
2555000,-1534399.3656800427,301.2930058664863,1192.4378160001286,60.7
2560000,-1532937.1517277295,300.36029268717203,1191.1464938858783,60.7
2565000,-1533522.250116272,300.9980659946658,1194.5442363325074,60.7
2570000,-1530511.136120054,301.0995680482788,1193.070602455685,60.7
2575000,-1534447.9904460954,300.52975266407304,1193.1347810532557,60.7
2580000,-1534093.5895610396,298.5494687184614,1192.5673236714435,60.8
2585000,-1532630.608323222,300.562861963079,1195.0688876774025,60.8
2590000,-1533282.3142771823,300.5848209446899,1192.8015056932306,60.8
2595000,-1533222.3203431517,300.5898836236186,1194.1435679202732,60.8
2600000,-1533048.4981850544,298.7985028267445,1190.9589832680206,60.8
2605000,-1532016.0518726762,300.66132019745885,1194.3870773877243,60.8
2610000,-1530740.2753150817,299.36260328504306,1194.4535396679219,60.8
2615000,-1534322.719365093,298.87177190400064,1193.486842494519,60.8
2620000,-1533050.8123076037,301.42140534311915,1193.5638233527934,60.8
2625000,-1533612.9402619796,301.7033002753688,1191.7361714048707,60.8
2630000,-1533527.2357067661,301.0072285117453,1192.3411834022497,60.8
2635000,-1528962.4812330408,299.7386081384822,1195.3199979049723,60.8
2640000,-1533543.1217563618,299.4025145882538,1192.8156917246224,60.8
2645000,-1533803.810417002,299.32064206275686,1192.632768751956,60.8
2650000,-1533234.1458451357,300.08976548797693,1195.2171392512935,60.8
2655000,-1531341.6876275605,299.1094693386091,1195.4993802505223,60.8
2660000,-1532789.4500481403,298.9885551725395,1194.0134014699674,60.8
2665000,-1535200.0513111902,299.49559954990565,1193.8095902739817,60.8
2670000,-1533746.4000947475,304.10201618740473,1193.1098688486713,60.8
2675000,-1532120.1516248127,300.7483175206443,1192.9280167126499,60.8
2680000,-1533839.9967071246,301.78014118131694,1193.0009351120457,60.8
2685000,-1532773.4560865061,299.02157129340566,1194.2249344733152,60.8
2690000,-1535511.994300345,299.99385412275143,1192.366629670002,60.8
2695000,-1534167.350308069,301.42550518126995,1194.1889542191002,60.7
2700000,-1533273.9301493214,299.8319105157936,1194.3951168111937,60.7
2705000,-1533644.7953034053,300.58056580963944,1193.7934420774377,60.7
2710000,-1532242.6777807837,300.0411575583857,1194.5286669538107,60.7
2715000,-1533182.897632584,301.3763692422198,1194.3183530074502,60.7
2720000,-1532940.443905739,301.7934967146871,1192.1066792847669,60.7
2725000,-1533177.4849172896,299.1641959660467,1194.3425736260847,60.7
2730000,-1535041.4394454993,300.10135063669105,1192.3593504977443,60.7
2735000,-1533396.9812331637,300.6989020471748,1194.8637735965904,60.7
2740000,-1532860.654313472,298.3379543411344,1193.4689435968012,60.7
2745000,-1533685.198985448,301.7728111676533,1193.33756344509,60.7
2750000,-1535183.664833217,299.8821645925212,1194.740908459835,60.8
2755000,-1533933.2416012762,300.77369303404754,1192.1710569275856,60.8
2760000,-1530860.1000055233,298.8293758503955,1193.8447015293734,60.8
2765000,-1533844.8055162271,301.5745280861767,1190.8431892330677,60.8
2770000,-1536274.2685258994,300.65939451590316,1190.366997041593,60.8
2775000,-1533927.639256589,300.16620262198603,1193.8227022159765,60.8
2780000,-1535366.1331058983,300.1411377023821,1194.0983448614336,60.8
2785000,-1535467.399983056,299.63493192827406,1193.02577652472,60.8
2790000,-1531970.1282173516,300.1705509351763,1194.6121871798236,60.8
2795000,-1533679.7017582674,300.1702714007569,1192.681382778506,60.8
2800000,-1533971.3455664162,300.0400083613282,1194.0651383454965,60.8
2805000,-1532706.4198388066,299.7705992998107,1196.7384212985432,60.8
2810000,-1532133.4187563779,301.23368245081895,1191.5327895600808,60.8
2815000,-1534679.0797977485,300.029386053392,1191.1722622439104,60.8
2820000,-1532975.1620314308,299.37558610585404,1195.256200724796,60.8
2825000,-1532190.3709599553,300.38675527887284,1193.0595591309143,60.8
2830000,-1533640.3105698992,300.21288487002164,1193.254296104844,60.8
2835000,-1533845.2637076592,301.28542737778326,1192.2114316299928,60.8
2840000,-1533445.6961186277,299.3914263896186,1194.1532162315525,60.8
2845000,-1531834.1186969057,301.12255198942745,1195.2531993691837,60.9
2850000,-1531524.8592660883,300.70474121060175,1196.5958624016048,60.9
2855000,-1531163.5917566316,298.80654720614655,1192.953199319605,60.9
2860000,-1533728.0541959424,300.15713328304633,1192.9846533065854,60.9
2865000,-1536870.1498403521,299.90191835815705,1192.0989395460813,60.9
2870000,-1535048.1082813023,299.4620864789606,1196.086134204002,60.9
2875000,-1533397.7182693314,299.60495962664106,1189.7368520689079,60.9
2880000,-1534354.351112783,300.41327998933355,1191.953205608759,60.9
2885000,-1531727.5704815425,300.4728829394203,1191.2138113623312,60.9
2890000,-1533092.16796205,300.17834683953885,1195.038759503735,60.9
2895000,-1532018.9909616811,300.3873143477116,1195.0444539359173,60.9
2900000,-1531866.6632919442,299.68288761088684,1193.894624118999,60.9
2905000,-1535893.956763588,301.06524743345557,1192.0243587637663,60.9
2910000,-1534155.4481079467,299.94794835921414,1192.1401021308266,60.9
2915000,-1535374.836707457,301.1541393788168,1192.4398964242964,60.9
2920000,-1533163.740369008,300.0982136393181,1194.2049191696735,60.9
2925000,-1532852.1384236915,301.2689348470401,1196.0471041352116,60.9
2930000,-1532325.0851123799,300.44076754057204,1191.3598074445288,60.9
2935000,-1534166.878063934,301.1150666788642,1193.2327878606043,60.9
2940000,-1531015.510131253,300.61765070927646,1196.9720435794113,60.9
2945000,-1532507.1509602508,299.4383881720736,1194.1236398120122,60.9
2950000,-1535328.2262123171,301.50458236257316,1189.2073428529404,61
2955000,-1532967.90523302,300.21658093623336,1193.9715699169992,61
2960000,-1533675.9625339536,299.4455318294576,1195.2507388388995,61
2965000,-1534079.5841781106,301.44420292798816,1192.123772722908,61
2970000,-1534419.295598152,300.2056169751179,1190.771868839246,61
2975000,-1535300.7259846022,299.93974868291247,1193.0553620604353,61
2980000,-1532779.51163634,300.1223157181442,1193.8243320972915,61
2985000,-1534549.244343833,299.2743635866604,1191.5684451090315,61
2990000,-1535515.5424866052,300.74896976762284,1192.52229196665,61
2995000,-1532055.7870155275,299.2524046050495,1194.1158061558606,61
3000000,-1533551.6779565122,301.28138965839224,1190.2427421321393,61
3005000,-1535078.1057488155,300.32637584428784,1190.683597022049,61
3010000,-1535275.441476333,300.5837959851522,1191.8150446195868,61
3015000,-1532153.4481546823,299.9669566997316,1194.534034037589,61
3020000,-1532213.8837433355,299.1018287311462,1194.5575510781641,61
3025000,-1531692.734537118,301.4015894587235,1194.7520054172196,61
3030000,-1534649.3048410127,299.2889304358478,1192.4253802941646,61
3035000,-1534241.6107345615,301.78228427853213,1193.128201598817,61
3040000,-1534570.3274081396,301.050742703028,1195.1825919803393,60.9
3045000,-1534596.1422214862,299.593374477927,1190.9705997410383,60.9
3050000,-1533457.50779494,301.2466031528701,1193.4015586905434,60.9
3055000,-1533641.3156393263,299.1076678945732,1195.5809190016155,60.9
3060000,-1534712.9356967406,299.96062058622573,1193.3762250630953,60.9
3065000,-1532691.2571648173,300.0784288143023,1194.0215683054173,60.9
3070000,-1534422.8012323966,300.81782841292886,1192.165418161516,60.9
3075000,-1532710.7471488444,300.26127538395343,1196.5889356360888,60.9
3080000,-1532504.2994227242,300.30593877229353,1193.9722337039532,60.9
3085000,-1532022.1848511612,300.5489473608701,1191.7394463029846,60.9
3090000,-1532888.138094969,299.7959126944541,1191.670104511367,60.9
3095000,-1537063.0425855229,298.9605085524622,1189.4199350765207,60.9
3100000,-1533013.20022297,300.34463875968703,1194.3980862390715,60.9
3105000,-1532779.9954959713,301.6752225959116,1195.2920693500128,60.9
3110000,-1533104.1959248465,300.5648497633946,1192.0698553293782,60.9
3115000,-1534145.2036808226,301.64037397162946,1193.2563468351177,60.9
3120000,-1534114.9591349345,300.88224556690477,1192.8958911662692,60.9
3125000,-1534260.4485610211,300.099580252035,1191.8966638894715,60.9
3130000,-1532381.3405618174,298.5837582739047,1195.0398690583688,60.9
3135000,-1535632.807696945,300.1895903350738,1194.853029782256,60.9
3140000,-1533771.5256376853,300.92225004825536,1191.9126430226777,60.9
3145000,-1533921.1775290081,298.49309594388745,1195.2403159389057,60.8
3150000,-1531135.0537518198,298.0970267310131,1196.117964364308,60.8
3155000,-1532787.917015127,301.9016454756052,1193.7890739263164,60.8
3160000,-1534989.4407502832,299.51526013740164,1191.5281508539078,60.8
3165000,-1532719.087929042,300.9850831738549,1191.5806300807253,60.8
3170000,-1532380.8466333104,300.97582747863555,1195.2211753274928,60.8
3175000,-1533626.596619375,300.5611536971828,1192.0220448772263,60.8
3180000,-1533071.068886906,299.969006618807,1192.6156131962655,60.8
3185000,-1533798.5317428093,300.32541300351,1196.5663398420438,60.8
3190000,-1533046.9750004737,301.4230825496354,1192.7813133762286,60.8
3195000,-1535916.928564595,300.17946497721636,1191.615162271371,60.8
3200000,-1533863.7331318865,299.0398342088048,1193.560327455419,60.8
3205000,-1533532.6517083952,299.66797910852017,1192.8658534060796,60.8
3210000,-1532793.3238213882,301.2116302910682,1194.445953701111,60.8
3215000,-1532697.9474578723,300.5536062678597,1194.2604821982557,60.8
3220000,-1534304.360259804,301.14575334623555,1191.84107143442,60.8
3225000,-1536019.752235408,301.02313091426976,1191.2159203455626,60.8
3230000,-1532305.784805512,298.79980732070163,1193.0169307277417,60.8
3235000,-1532930.5849633357,299.9983577328414,1193.3541430219786,60.7
3240000,-1536233.7154912427,300.4438424191852,1192.5452557934423,60.7
3245000,-1534331.7790403115,301.37717678609806,1193.8106285191145,60.7
3250000,-1530356.499860568,301.3726421166282,1194.387880703304,60.7
3255000,-1532224.5178344054,301.22669409033455,1194.7773565579912,60.7
3260000,-1533071.7807304002,301.8944396994613,1193.2150576309657,60.7
3265000,-1533596.600784569,301.4078323940895,1194.8609583433642,60.7
3270000,-1532562.691090757,301.04540048968,1195.524541283542,60.7
3275000,-1533084.8444952313,301.062389970502,1196.8532861077035,60.7
3280000,-1532824.0961489528,299.82420778957083,1191.55503237992,60.7
3285000,-1534574.927995597,299.3104856455196,1194.5481851754191,60.7
3290000,-1533066.1020999681,300.8091939053082,1192.4728114457769,60.7
3295000,-1532125.9719783822,299.69528030347914,1194.491205871276,60.7
3300000,-1536457.446418086,301.987617839253,1193.8638149741382,60.7
3305000,-1534053.932008502,299.9771131169689,1190.7008847616144,60.7
3310000,-1533267.1112185372,301.2075304529174,1191.519858975616,60.7
3315000,-1534212.3062595958,300.2297811727039,1194.4059385487622,60.7
3320000,-1533700.5766651612,299.4171435562011,1194.2940251321972,60.7
3325000,-1533919.1725130817,298.7635920837026,1195.1175480806426,60.7
3330000,-1534283.3238657508,298.8673925314305,1192.6379804590783,60.7
3335000,-1532203.400279509,299.1485109791818,1196.400621955989,60.7
3340000,-1532750.449662947,300.3188284149647,1192.3784565599244,60.7
3345000,-1531999.2596925488,299.688167705475,1194.3692399848806,60.7
3350000,-1532637.9661380071,299.460564569344,1191.6105300046984,60.7
3355000,-1533794.5791896963,301.4289838318222,1194.7555314783613,60.7
3360000,-1533110.7660709964,301.4486133599383,1191.3632561725083,60.6
3365000,-1533421.9572902322,301.0828581018762,1197.3890696467881,60.6
3370000,-1531871.3913918696,299.6517661121964,1192.5933467375912,60.6
3375000,-1532536.9396115206,300.85755335986005,1193.947885750201,60.6
3380000,-1534073.5759625193,300.1466041532498,1193.8228262712407,60.6
3385000,-1533973.0160438186,300.75741791896394,1191.9250867857993,60.6
3390000,-1534215.152778932,299.61517816263824,1193.5350561458163,60.6
3395000,-1532539.042201032,299.71133800290323,1193.196197769273,60.6
3400000,-1532620.6349663045,299.6673579209215,1195.009681194836,60.6
3405000,-1531828.8205954563,299.65170399343657,1192.799301861263,60.6
3410000,-1533861.8155444395,300.93911529155764,1193.5096405410577,60.6
3415000,-1534247.3284248644,299.43531329346047,1193.3966304996638,60.6
3420000,-1534802.3111076653,300.14458529355437,1190.9127616511134,60.6
3425000,-1531901.5723925186,301.2873530593389,1196.2964005392105,60.6
3430000,-1534306.05920084,301.00315973297444,1191.8015805025175,60.6
3435000,-1533497.3739937954,299.8560125946197,1195.7627663656895,60.6
3440000,-1535440.5679781754,300.94278029838944,1193.53121884304,60.6
3445000,-1532404.832728059,300.7117295710861,1194.9371479571812,60.6
3450000,-1531005.4344578767,300.59106388005597,1196.0239599588851,60.6
3455000,-1533964.0769394934,300.21555597669567,1193.1371325489404,60.5
3460000,-1534249.37933796,300.35880183693536,1193.6131377544145,60.5
3465000,-1533388.8533892427,298.7165060637279,1195.302089740534,60.5
3470000,-1534955.8880475126,302.4448119118306,1193.9950099892915,60.5
3475000,-1533933.141909846,300.85764653799987,1190.7423283342848,60.5
3480000,-1532883.124632218,302.04871163957637,1195.1947705158295,60.5
3485000,-1534478.8338649906,299.6382552819266,1192.5280203145592,60.5
3490000,-1533196.7902016602,300.6692713987211,1194.0908861842709,60.5
3495000,-1534185.0048939679,300.5455618884577,1191.402676982763,60.5
3500000,-1534179.1659362204,299.87933818894754,1193.5635007091714,60.5
3505000,-1533507.8302998515,300.9598008385914,1194.826263076237,60.5
3510000,-1532778.5137308557,299.1222036843806,1190.91526883532,60.5
3515000,-1531386.3462597718,300.6104449331326,1191.7410757381754,60.5
3520000,-1534106.8947342075,301.84322278195583,1193.0643824679194,60.5
3525000,-1533703.1619558893,299.7165249193516,1193.1336189249334,60.5
3530000,-1533412.5846660314,300.68933575815623,1194.7693439448838,60.5
3535000,-1534587.510108917,300.16232019949473,1192.3105964184451,60.5
3540000,-1531738.7185554309,299.2224323034165,1195.9536908656648,60.5
3545000,-1532869.726360266,299.7570884695409,1193.3064613104457,60.4
3550000,-1535098.1214874415,301.14404508033937,1193.7046579441683,60.4
3555000,-1532946.2032182394,301.49719023014967,1194.0519765790905,60.4
3560000,-1537057.7775542736,301.60592911928654,1192.8303840158653,60.4
3565000,-1532559.174185006,300.05292906337934,1194.6587722470117,60.4
3570000,-1534169.9396803482,302.0253239264887,1194.3117785837258,60.4
3575000,-1533348.13429901,300.473442008259,1194.4609317652405,60.4
3580000,-1535271.9519817913,302.01790073468527,1192.0348384581284,60.4
3585000,-1534398.3103083465,301.78579398846426,1194.5433753291018,60.4
3590000,-1533124.9283572808,298.64687093392354,1193.96917721168,60.4
3595000,-1533051.28144202,299.99307763825317,1192.7237779639815,60.4
3600000,-1534944.2393678585,300.3979987744077,1194.0634208789538,60.4
3605000,-1534161.936304368,300.555718305695,1193.023766412732,60.4
3610000,-1535523.4789741822,302.5271192686466,1190.3961970051337,60.4
3615000,-1534371.4011700638,299.04915202278397,1195.369246995866,60.4
3620000,-1532671.704881072,299.4403449130092,1193.2732308806667,60.4
3625000,-1534299.5943906931,299.9125717254732,1193.3477931339432,60.4
3630000,-1533996.694262215,298.77008349410806,1193.9837835398093,60.4
3635000,-1533539.4987274762,299.93313303498724,1194.1633108453668,60.4
3640000,-1534479.0604115026,301.3541307261896,1190.5910925218254,60.4
3645000,-1534980.298137228,300.3284878821231,1190.5298787199024,60.4
3650000,-1534045.6982012242,301.4142616857351,1194.1309094944954,60.4
3655000,-1536398.84283112,300.23176897301937,1192.5436731107043,60.3
3660000,-1532174.2083237376,300.19965357417124,1196.78266739486,60.3
3665000,-1534075.3813064378,302.00174985712135,1192.812983798368,60.3
3670000,-1534675.364382498,298.65131242525365,1191.3309443201358,60.3
3675000,-1533847.6401079241,302.9594658372797,1192.8323252459836,60.3
3680000,-1534866.1754780207,299.8346748006074,1194.3995123984728,60.3
3685000,-1534907.5719321957,299.74780171494166,1195.5933984660376,60.3
3690000,-1531155.0896399813,300.3356315395072,1192.5977611257078,60.3
3695000,-1535314.3276599199,300.2911234480667,1192.491234496803,60.3
3700000,-1537132.5412913607,300.32637584428784,1188.7154375657842,60.3
3705000,-1533945.7594549218,300.4100187544408,1192.6784771875846,60.3
3710000,-1530843.3368587112,300.1109479850896,1199.0531403425177,60.3
3715000,-1533545.589041465,300.5520532988632,1196.1736936712582,60.3
3720000,-1531797.0586769953,299.8067213586699,1193.355807308471,60.3
3725000,-1533158.703550239,301.3649393904054,1191.882504630518,60.3
3730000,-1535242.3137079077,300.4168828774055,1189.0327276942187,60.3
3735000,-1530556.544936887,300.55348203034,1197.1113762970074,60.3
3740000,-1534123.4338477887,300.8849477329588,1193.8999570780063,60.3
3745000,-1530265.0162947709,300.2589148710787,1196.2598552415443,60.2
3750000,-1533957.0296514286,301.0406484045506,1191.8487570261332,60.2
3755000,-1534555.6397795612,299.4134785493693,1193.1382986067351,60.2
3760000,-1534702.052589762,301.2706431129363,1193.1250837870377,60.2
3765000,-1533449.9529604353,301.5228452779723,1195.0149359436375,60.2
3770000,-1532763.8540257178,300.51301165829045,1193.9868970582181,60.2
3775000,-1534368.3847982725,299.4998236255762,1193.1195702067391,60.2
3780000,-1533791.0512372684,299.1382924431847,1193.2874570864349,60.2
3785000,-1531995.9067997215,300.1311987008043,1196.0405473948351,60.2
3790000,-1535140.5804589633,299.55576156883114,1194.2409103104028,60.2
3795000,-1533467.671505725,300.25344842021093,1192.7799089661064,60.2
3800000,-1534595.7734726202,300.73486880913435,1190.7230951275178,60.2
3805000,-1532867.8933498897,300.1858010907222,1194.9729043340726,60.2
3810000,-1532139.241190739,300.6807633692954,1193.594449639244,60.2
3815000,-1532585.562922147,301.3056159747381,1194.1264104360819,60.2
3820000,-1534228.2114812396,300.77161205559224,1192.5044732335862,60.2
3825000,-1532902.8001678828,301.0168258601439,1193.2400680863946,60.3
3830000,-1532241.0725137265,300.6494865737053,1194.8678280404658,60.3
3835000,-1533463.0956027862,299.88620231191214,1193.479330259424,60.3
3840000,-1532775.7989059528,300.2992920649884,1192.7624773839584,60.3
3845000,-1535226.2513713306,300.56733451378904,1193.3806079414553,60.3
3850000,-1534115.714391807,299.93005815637406,1190.8731428502467,60.3
3855000,-1533414.6400563363,299.0865164568404,1192.3585247820008,60.3
3860000,-1532427.4465112016,300.60292856318944,1192.0673301120385,60.3
3865000,-1532686.0213427432,299.8422222299305,1192.7838332563556,60.3
3870000,-1531994.2483986737,299.11207832652326,1193.3652171310043,60.3
3875000,-1533108.6476568012,302.007744317448,1191.2346177901873,60.3
3880000,-1533827.3556058416,301.1990823015763,1192.0352474752349,60.3
3885000,-1531914.4411827214,300.0887094690593,1196.0033053527316,60.3
3890000,-1532911.0379848192,299.8001678295046,1193.0030272088534,60.3
3895000,-1535276.3590616928,300.31215064827967,1191.9945537793794,60.3
3900000,-1532817.7038757978,299.5498913460242,1193.12463928841,60.3
3905000,-1534888.7574127493,301.2227806084633,1192.0310720533569,60.3
3910000,-1532781.921101002,301.40736650339056,1193.6944680095055,60.3
3915000,-1533971.5311502013,300.349111310397,1194.0642168119573,60.3
3920000,-1533223.946750665,299.26985997657044,1195.2348590317258,60.3
3925000,-1533993.8290044116,299.42329331342734,1194.2191532625766,60.3
3930000,-1534584.4533572625,300.295906592576,1195.3096808181456,60.3
3935000,-1534142.205608991,300.73452715595516,1192.4043170530854,60.4
3940000,-1536344.2303897394,300.70343671664466,1191.6143917821726,60.4
3945000,-1532252.4742145827,299.6876086366363,1195.2489096415713,60.4
3950000,-1530788.58267368,300.7842532232239,1193.4764696906566,60.4
3955000,-1534107.7881425712,300.15023810070176,1192.1674574778772,60.4
3960000,-1535646.4808698706,301.2523180787773,1193.007062483795,60.4
3965000,-1534382.3525428688,300.1440883434755,1195.5506549829909,60.4
3970000,-1533643.4484937405,301.61801121807946,1192.0146952725165,60.4
3975000,-1534869.4484773753,297.9576632932648,1194.4252372665287,60.4
3980000,-1534268.259609484,299.9914314911168,1194.7028545965866,60.4
3985000,-1531267.3914954038,301.29073853175134,1194.7140005987455,60.4
3990000,-1533461.669522928,300.28121550586883,1195.480185742222,60.4
3995000,-1532483.039926217,302.2091643962975,1195.036788728017,60.4
4000000,-1535345.637294041,300.97921295104794,1191.0819139818082,60.4
4005000,-1534253.589589133,300.41455342391066,1191.7919835802522,60.4
4010000,-1533114.8607274713,299.94568102447914,1192.5299221607092,60.4
4015000,-1534328.7012518141,301.66696080085006,1195.2317073453664,60.4
4020000,-1531544.3229289595,300.2855017002993,1195.6140531587823,60.4
4025000,-1531638.5941240434,298.95814803958746,1196.5970128030056,60.4
4030000,-1533004.8797316784,299.946209033938,1192.9643377950915,60.4
4035000,-1534635.0538187986,299.92744916845993,1189.5660187579472,60.4
4040000,-1532700.1762213893,298.49207098434977,1192.4490806456315,60.4
4045000,-1534581.601058093,300.3018389341428,1191.1397937403856,60.5
4050000,-1533439.606051932,300.8233880419364,1192.0789870182386,60.5
4055000,-1531604.6452825563,300.9667891990758,1192.4368550912998,60.5
4060000,-1530995.385941877,300.63547879335664,1194.2444501091438,60.5
4065000,-1533590.3375647068,301.6775831087863,1193.4927836847883,60.5
4070000,-1533639.8083168548,299.7728666345456,1196.2189504422595,60.5
4075000,-1531561.4043292636,302.00091125386325,1195.4752225235507,60.5
4080000,-1533316.7836651849,299.63772727246777,1195.7854959516048,60.5
4085000,-1534591.4147461317,298.88789172218463,1196.4694525684777,60.5
4090000,-1533388.2126856055,299.54964287098477,1194.454781733457,60.5
4095000,-1536112.0798541354,300.8604108228136,1193.9479455017463,60.5
4100000,-1532855.5382630406,299.7523985031714,1194.0887470425673,60.5
4105000,-1533933.6687841835,298.6727123380258,1192.0704321667336,60.5
4110000,-1534421.4125237875,299.08275827186884,1195.1496922816118,60.5
4115000,-1532459.7022007667,301.914255583857,1194.2731764432904,60.5
4120000,-1532068.646463573,299.66198464819354,1194.203722162951,60.5
4125000,-1535293.724378856,301.07006163734485,1193.8899622385075,60.5
4130000,-1534008.427257535,298.902924462071,1195.51202061927,60.5
4135000,-1533312.512065826,299.1849436318403,1195.2980390604228,60.5
4140000,-1532777.1203512298,301.3935761387014,1193.236430253315,60.5
4145000,-1533253.9027654212,300.92308865151347,1191.8125570352497,60.5
4150000,-1533773.431466898,300.2092819819497,1193.0208644773847,60.5
4155000,-1530568.0789047843,300.2408383119591,1195.0380248771412,60.5
4160000,-1532646.88067861,301.03291461894787,1191.9315675962591,60.5
4165000,-1532754.5711701391,300.5544759304978,1193.3965434222687,60.6
4170000,-1534493.947837336,300.7520757056159,1195.8956976665359,60.6
4175000,-1533311.764127938,301.6705015701621,1194.0778665538946,60.6
4180000,-1533282.8440039502,301.95339040256954,1195.277865518279,60.6
4185000,-1534655.145803851,300.5229817192482,1192.2651038829954,60.6
4190000,-1532956.7708587209,301.33875633312397,1192.9386658482288,60.6
4195000,-1534721.4330930253,301.1399763015685,1190.6436539154386,60.6
4200000,-1533609.803814156,300.98576648021333,1193.9800933377373,60.6
4205000,-1532233.5033055684,300.7523552400353,1197.0823263273992,60.6
4210000,-1534543.304575435,301.42069097738073,1193.9164937291084,60.6
4215000,-1532857.2174115665,301.50865114134405,1193.2724944804686,60.6
4220000,-1534794.5521803973,300.9205417823592,1193.8851301469597,60.6
4225000,-1533494.6843681661,298.92329941530545,1191.6349315336495,60.6
4230000,-1533961.6938761938,302.3322527189623,1193.9411154863412,60.6
4235000,-1532681.0685201837,300.825375842252,1193.512835555983,60.6
4240000,-1533596.521983033,300.65026305820356,1193.93623527583,60.6
4245000,-1532233.1591205634,300.3974707649489,1194.688018907791,60.6
4250000,-1533588.152389829,300.7391239441848,1194.1173106921956,60.6
4255000,-1534168.6267219735,299.3244002477285,1193.4232414651779,60.6
4260000,-1533563.3664779002,300.8819039137256,1191.7233331190334,60.6
4265000,-1532723.8936436465,300.9551108722219,1194.0307628578553,60.6
4270000,-1535296.26902162,301.7187678465742,1192.1460939402689,60.6
4275000,-1534086.2807151033,299.31632480894655,1192.676380323097,60.6
4280000,-1530980.6806785036,301.98923292700937,1193.8760390915495,60.6
4285000,-1533656.8861017674,300.42738094782203,1197.3941186488116,60.7
4290000,-1534787.384611288,300.0879951033209,1192.6967258813954,60.7
4295000,-1531123.8120747963,299.4261818357609,1195.9586265906908,60.7
4300000,-1531603.2566061467,301.5309207167542,1191.6674662129938,60.7
4305000,-1533841.7280416489,299.79252722204166,1191.861659343806,60.7
4310000,-1530595.614959892,301.00055074506025,1192.7777619978685,60.7
4315000,-1533352.7699385835,300.52093180017283,1195.526876055251,60.7
4320000,-1533730.2712856336,300.42825061046,1192.3965162461202,60.7
4325000,-1532551.7126205014,300.24605628778744,1193.0464766715909,60.7
4330000,-1535275.5657486003,301.4595462616739,1192.3481897097622,60.7
4335000,-1532621.1733029578,299.48006985994033,1195.5616015013668,60.7
4340000,-1534644.9809127226,301.617327911721,1194.3383134559137,60.7
4345000,-1532835.484939701,300.81540578129426,1192.5641466711102,60.7
4350000,-1534413.3387484998,302.2221472171085,1192.2606034894961,60.7
4355000,-1531552.0101412106,300.3278045757646,1193.4170482304173,60.7
4360000,-1532160.5435780725,301.6774588712666,1195.3114571180079,60.7
4365000,-1533745.9934820235,300.33789887424206,1195.1406860578154,60.7
4370000,-1534064.6750908578,301.46218630896794,1192.930449657228,60.7
4375000,-1533574.0493709221,298.97405044211195,1192.292304084114,60.7
4380000,-1533106.3475334197,300.15014492256194,1194.9311622525277,60.7
4385000,-1533378.5331242522,299.92841200923783,1192.9818466042782,60.7
4390000,-1532266.8750270288,299.0255468940368,1195.5740619635856,60.7
4395000,-1534237.053521365,299.43758062819535,1191.5762577813532,60.7
4400000,-1532720.780144425,300.2859675909982,1191.5653050335757,60.7
4405000,-1533061.1466392484,301.1815026925356,1194.0913452942757,60.7
4410000,-1534493.6101850942,300.5900078611383,1191.6367500663214,60.8
4415000,-1531887.9809190268,299.4468363234147,1195.938278885179,60.8
4420000,-1532308.9252505256,298.77129480992534,1193.3961503408505,60.8
4425000,-1533943.0392913884,301.3390358675434,1194.9268274443782,60.8
4430000,-1534985.1680339454,299.0797455120156,1194.448324965652,60.8
4435000,-1535014.6513006892,299.2808549970659,1195.0878442663877,60.8
4440000,-1531717.4506941978,300.4409228374717,1192.2358567814797,60.8
4445000,-1532426.2136824997,300.9414136856725,1193.9258131143333,60.8
4450000,-1534617.4540463248,301.23340291639954,1193.2672641923073,60.8
4455000,-1533326.049826607,300.60796018273817,1195.5185214151752,60.8
4460000,-1532756.8122954695,300.9624408858855,1193.218666318025,60.8
4465000,-1534389.6689951224,300.24108678699855,1194.0182543654696,60.8
4470000,-1534303.4977732738,300.19906344595256,1194.5458248179523,60.8
4475000,-1532682.7980295876,299.9069499777058,1193.1806574174109,60.8
4480000,-1534208.6771966787,299.8116908594588,1192.2894289667322,60.8
4485000,-1533212.2720409436,299.94527725254005,1193.3407938710952,60.8
4490000,-1534472.4787937738,300.0168380639001,1191.9126381813862,60.8
4495000,-1531937.120137605,300.1149235857207,1193.2035426864259,60.7
4500000,-1534114.685262409,298.7575044452362,1191.436608284611,60.7
4505000,-1534291.1728956588,300.95216023112846,1192.5336275469836,60.7
4510000,-1535408.101145343,300.550810923666,1191.0632372393811,60.7
4515000,-1534262.7857228452,300.1279685252916,1192.809614396931,60.7
4520000,-1533668.9490752919,302.3287119496502,1191.3104759181679,60.7
4525000,-1533309.6233877465,300.3569693335195,1191.8244298113957,60.7
4530000,-1533137.122657394,299.55660017208925,1191.48646839831,60.7
4535000,-1533700.282748295,300.49142538923877,1191.9760200663059,60.7
4540000,-1534528.8847327987,299.1911555078264,1190.1693866881178,60.7
4545000,-1533010.8815286914,300.36815071029446,1190.436818865217,60.7
4550000,-1535799.4175523296,300.0442324369988,1189.4211517642693,60.7
4555000,-1534293.1704291422,302.2802282575786,1194.603139614304,60.7
4560000,-1533880.760711562,299.74040958251817,1194.3776321994799,60.7
4565000,-1532623.7055921108,300.0128624632689,1194.2323398945746,60.7
4570000,-1535215.4099866701,299.48062892877914,1190.4008453255121,60.7
4575000,-1535033.57547287,300.50046366879855,1193.4031896578683,60.7
4580000,-1532396.7174683558,302.20360476728996,1197.6281720772581,60.7
4585000,-1533136.0238700304,300.5710616393807,1191.597896204167,60.7
4590000,-1533620.1858706707,302.25566028805355,1189.402561255709,60.7
4595000,-1531971.219751601,300.69862251275543,1194.7164247726225,60.7
4600000,-1533733.6560365455,298.9712550979182,1192.7725743485728,60.7
4605000,-1532757.2906942936,300.6438958853178,1196.0428278495876,60.7
4610000,-1532255.3182907412,299.4043470916697,1193.1165382996376,60.7
4615000,-1532181.1352218343,299.986461990328,1195.876119816752,60.8
4620000,-1534620.2124323044,299.55336999657646,1193.269613466107,60.8
4625000,-1532784.8710223977,300.2254328595136,1193.8707122460405,60.8
4630000,-1534230.6277180044,300.22226480276066,1195.1808308332566,60.8
4635000,-1535207.7025685124,299.0485929539453,1195.8863826601907,60.8
4640000,-1534050.4896549564,301.4879034755504,1192.4830321993043,60.8
4645000,-1533053.8768685525,299.30088829712105,1195.6717100882067,60.8
4650000,-1531952.7671360066,300.00149473021435,1195.8909575542218,60.8
4655000,-1533076.3177462071,299.4219577600903,1192.380752107941,60.8
4660000,-1534264.179963448,299.6669230896025,1190.9963143180578,60.8
4665000,-1532643.4895382533,300.8988002164078,1192.7997591662263,60.8
4670000,-1534183.6740393331,300.4205478842373,1193.4475670643362,60.8
4675000,-1533862.9893083312,302.31110128122964,1193.7179822791663,60.8
4680000,-1533417.7130419398,300.9648013987602,1195.2885873320818,60.8
4685000,-1533581.7127215397,299.5766645315244,1193.1452030771666,60.8
4690000,-1535333.9523905944,302.2588283448065,1192.1662114329547,60.8
4695000,-1534349.4964570003,300.3581806493367,1193.6143685436107,60.8
4700000,-1533052.7035545195,299.2707917579683,1193.018637314154,60.8
4705000,-1535941.574867879,299.3598390002292,1189.4476410253194,60.8
4710000,-1532701.0863977484,299.58523692038517,1194.3364785446615,60.8
4715000,-1535088.472114116,299.4675839892083,1192.4370566930634,60.8
4720000,-1534037.44408081,300.8823698044245,1192.1675060483658,60.8
4725000,-1534180.8132207599,300.51378814278877,1192.3230164355366,60.8
4730000,-1533215.6603506748,300.1225331338037,1194.7061611517297,60.8
4735000,-1536023.0547657106,299.75562867868416,1194.1374546119214,60.8
4740000,-1532175.0867715077,301.85598818710736,1195.0062189435873,60.8
4745000,-1534184.853173391,299.92316297402954,1192.5505862446764,60.8
4750000,-1532340.154678707,299.2532121489277,1193.8923078913922,60.8
4755000,-1533467.7522490835,300.7894090802924,1192.9586312614335,60.9
4760000,-1533210.5514848242,300.2655615783839,1193.9926659389293,60.9
4765000,-1534324.093550927,300.2143757202583,1192.3876886869343,60.8
4770000,-1534619.11173952,299.98379088365397,1194.2531194601556,60.8
4775000,-1534168.505228092,302.1788193821054,1194.1219958129643,60.8
4780000,-1532149.906844763,299.61887422884996,1196.0846442638124,60.8
4785000,-1532163.9195131045,300.5009916782574,1192.0386789086037,60.8
4790000,-1533508.7128867703,301.52800113504077,1194.0321509337912,60.8
4795000,-1533361.18580255,300.07808716112305,1192.5121296305942,60.8
4800000,-1535532.0614012908,300.2661206472226,1190.181986253436,60.8
4805000,-1533063.5221266514,301.3325133977579,1196.6107656587135,60.8
4810000,-1533689.5752273034,300.5698192641835,1194.113496883141,60.8
4815000,-1533215.0650695702,301.1828071864927,1195.5969220843556,60.8
4820000,-1534158.3634984605,299.47851689094387,1193.1241130030355,60.8
4825000,-1534067.560866937,300.2061139251968,1190.3082441856823,60.8
4830000,-1534285.5637563877,301.38643248131734,1191.236731401366,60.8
4835000,-1532174.3854123745,299.94791729983416,1193.5670473090192,60.8
4840000,-1533967.8638552483,300.76704632674245,1194.4042620568025,60.8
4845000,-1532655.5726411548,300.950110312053,1193.3146026013274,60.8
4850000,-1531775.5269510504,301.56421637203977,1192.8390076387136,60.8
4855000,-1533184.8001718102,299.92552348690424,1195.3238838355476,60.8
4860000,-1532179.1073980452,300.4176904212836,1191.1072174281003,60.8
4865000,-1535341.7515014624,299.88322061143884,1193.2671736434634,60.8
4870000,-1535981.4016839713,301.2356081323746,1190.6558190890637,60.8
4875000,-1533026.0875317426,300.5851004791093,1191.654869174952,60.8
4880000,-1533632.0155862411,299.46124787570244,1193.722419867556,60.8
4885000,-1534433.3275272911,300.70604570455885,1192.4194090633869,60.8
4890000,-1531740.746363259,298.99010814153604,1193.1216666532084,60.8
4895000,-1536965.0570426174,298.3732067373556,1191.4492659383027,60.8
4900000,-1536040.2332804967,300.47347306763896,1189.0016058178003,60.8
4905000,-1533235.8744830508,299.4405623286687,1195.5227368381768,60.8
4910000,-1533248.7984103374,300.96371432046266,1195.239737491315,60.8
4915000,-1533026.8152640155,299.06083034963785,1191.717927433089,60.9
4920000,-1536267.7088652616,298.5263605397931,1191.7782784082042,60.8
4925000,-1536078.8635172676,300.1424421963392,1193.9255947853312,60.8
4930000,-1533383.7417743625,300.9290520524601,1194.5174357258293,60.8
4935000,-1532707.2421048693,299.66518376432646,1194.1545763590236,60.8
4940000,-1534289.117628295,299.9451530150203,1193.0393568985862,60.8
4945000,-1534287.815444775,301.2027473084081,1191.899144374797,60.8
4950000,-1532589.767796917,301.1628981239572,1192.7003223803772,60.8
4955000,-1532302.6920269905,299.8848356991952,1188.566257498086,60.8
4960000,-1531042.1899564266,301.21374232890355,1194.3557119398188,60.8
4965000,-1534778.4799088314,301.51731670834465,1191.9270641806286,60.8
4970000,-1531848.3696916215,300.74319272295577,1194.8372148494404,60.8
4975000,-1532302.4522646675,300.21918992414754,1194.4441934083752,60.8
4980000,-1534666.4415423805,300.04907770026796,1193.738867094881,60.8
4985000,-1532069.8759101788,299.07257079525164,1197.5922073115478,60.8
4990000,-1536475.6813806435,299.32120113159567,1188.837753661915,60.8
4995000,-1533183.8634068808,299.5420022635219,1192.4065110617732,60.8
5000000,-1531097.6660335418,300.7304273178043,1193.246371095257,60.8
5005000,-1534954.0454728827,299.7407822950774,1192.6070831908594,60.8
5010000,-1534148.3400484668,299.44633937333583,1194.6866025488762,60.8
5015000,-1534860.3235455928,300.3978124181281,1193.2230069874126,60.8
5020000,-1534192.3277895162,299.8188655762227,1193.6346096432937,60.8
5025000,-1535209.314643492,300.46620517273516,1195.9961968171087,60.8
5030000,-1534511.361529137,300.20512002503904,1193.0732204047035,60.8
5035000,-1533933.7630828489,302.36356057393226,1195.4704242686985,60.8
5040000,-1532235.548951392,300.1212286398466,1194.205531600019,60.8
5045000,-1531357.0677336399,299.0727571515312,1194.3564992915772,60.8
5050000,-1531781.1689853193,299.456526849953,1196.2175221280445,60.8
Done.
