#"Step","Time (ps)","Potential Energy (kJ/mole)","Temperature (K)","Box Volume (nm^3)","Speed (ns/day)"
555000,1109.9999999875758,-517056.98984359857,300.3849357668855,399.1687238328081,--
560000,1119.9999999873394,-515991.34190833103,299.8262590560001,400.01679640851523,170
565000,1129.999999987103,-516587.51382156275,301.58528842989597,399.2207149903913,168
570000,1139.9999999868664,-516588.69912123587,302.2101008998195,400.42039844001454,168
575000,1149.99999998663,-517242.9375526877,299.59053393821864,399.5060919677258,168
580000,1159.9999999863935,-516047.9494784544,299.7110782907749,399.6890876321292,168
585000,1169.999999986157,-516292.4191266638,300.37591312209577,400.1693595991023,168
590000,1179.9999999859206,-516378.0823397846,300.29766383743305,400.93142862125006,168
595000,1189.999999985684,-516057.66410708847,301.9641486028054,401.4554068107154,168
600000,1199.9999999854476,-515965.1137556364,301.5030164547351,398.59091596218576,168
605000,1209.9999999852112,-516695.05187355075,302.0880338339109,400.7589374482249,168
610000,1219.9999999849747,-516275.3763035764,301.91719448659484,399.77074012231617,168
615000,1229.9999999847382,-518267.9925272004,300.3975265608742,398.822864279061,168
620000,1239.9999999845018,-516479.9901304436,300.7399552486503,399.565244406168,168
625000,1249.9999999842653,-516555.9862763337,300.3094819112131,400.5563117497281,168
630000,1259.9999999840288,-514994.71938589634,300.8340225705262,400.4491509682724,168
635000,1269.9999999837923,-516749.3313885378,298.9548806583084,399.7933591676595,168
640000,1279.9999999835559,-516270.7509751925,301.26290501341606,399.1056199454393,168
645000,1289.9999999833194,-516998.1502380064,298.3634997009433,400.21543999642915,168
650000,1299.999999983083,-515424.4507730622,300.2989365530709,399.3801450389657,168
655000,1309.9999999828465,-517007.41732288804,303.3995672987134,399.4730084257234,168
660000,1319.99999998261,-515867.3964968887,295.96056712255614,400.9851240921134,168
665000,1329.9999999823735,-516204.55679649906,301.97885301383553,398.70897531317405,168
670000,1339.999999982137,-515011.4447117853,300.5320253313168,400.9020704270067,168
675000,1349.9999999819006,-515832.6036430141,299.5352617162321,399.30065675031676,168
680000,1359.9999999816641,-516566.81333389785,302.4655076558577,399.61951439308797,168
685000,1369.9999999814277,-516252.6420466006,298.9492670732629,398.77324654546624,168
690000,1379.9999999811912,-515327.443886308,298.78122315493704,401.2841961690796,168
695000,1389.9999999809547,-515364.150517907,299.45551244528195,401.04327118131357,168
700000,1399.9999999807183,-515273.50381994806,298.8073138255129,399.7963516582738,168
705000,1409.9999999804818,-515964.05871644523,301.02483900794357,400.1275421381238,168
710000,1419.9999999802453,-516043.95036600623,300.5200481680821,400.11564656405403,168
715000,1429.9999999800089,-515467.16405282216,300.7666140958502,401.6221924073255,168
720000,1439.9999999797724,-516351.12021092325,301.09358837945234,398.45762884117846,168
725000,1449.999999979536,-516951.52541953046,302.8873901627394,399.9480414973759,168
730000,1459.9999999792994,-517010.78872989304,299.4919893845453,399.6863810034481,168
735000,1469.999999979063,-516397.0569013306,300.0688932015299,401.0247052380787,168
740000,1479.9999999788265,-516245.218377959,299.74957793881975,399.7801949570591,168
745000,1489.99999997859,-515920.43673628196,301.9681031121087,399.10197135451796,168
750000,1499.9999999783536,-516677.81920987926,300.00753012613364,398.25774610215797,168
755000,1509.999999978117,-516213.5650488301,299.4864894348246,399.5735133531429,168
760000,1519.9999999778806,-516878.017380917,299.8554633344757,399.60347845928607,168
765000,1529.9999999776442,-516507.7013348779,300.14657430956856,399.99749841675646,168
770000,1539.9999999774077,-516613.03308774764,299.5116482957371,399.26252854345154,168
775000,1549.9999999771712,-516039.923938327,300.17743766378635,399.68352648188096,168
780000,1559.9999999769348,-517613.6252525798,301.8870356713908,397.7994249916939,168
785000,1569.9999999766983,-515258.74449947104,302.70271003286166,400.76437479869253,168
790000,1579.9999999764618,-516890.1601082124,302.6331879411442,398.85238127453607,168
795000,1589.9999999762254,-516209.97849825956,298.22350098078,400.2459282604861,168
800000,1599.9999999759889,-516181.3389847209,298.3549770515827,399.15180869147076,168
805000,1609.9999999757524,-516123.4369312078,300.7772730893172,399.731359088504,168
810000,1619.999999975516,-517080.6962805218,302.83850424600706,400.92768254041266,168
815000,1629.9999999752795,-516279.4936296325,301.9781712018867,399.84249883246645,168
820000,1639.999999975043,-516873.4479394946,298.52072553634747,398.3129284881139,168
825000,1649.9999999748065,-516159.18122081086,300.54270705184877,399.2720423488647,168
830000,1659.99999997457,-515226.6120989616,299.82653178077965,399.35127429580604,168
835000,1669.9999999743336,-516329.7789663151,299.5245572686352,400.8615966583973,168
840000,1679.9999999740971,-517041.2076800815,302.71086904918286,401.3415846773155,168
845000,1689.9999999738607,-516886.8686621906,300.7763640067187,400.60235441359595,168
850000,1699.9999999736242,-516822.2863327279,301.9775121170028,399.89701633956474,168
855000,1709.9999999733877,-517356.5453231968,301.9316488999104,398.4946231312668,168
860000,1719.9999999731513,-516370.39650078304,298.70379204461295,399.03841557851257,168
865000,1729.9999999729148,-516145.2203719695,299.95084882611945,399.24334137696707,168
870000,1739.9999999726783,-515817.3277723654,298.20636477379895,400.251574548175,168
875000,1749.9999999724419,-516330.6659040563,299.9853030566012,398.66374320733524,168
880000,1759.9999999722054,-515602.1311625601,301.9604440912167,400.8963240144743,168
885000,1769.999999971969,-515495.7259195517,298.1990239318164,399.5753640904474,168
890000,1779.9999999717324,-515073.3846064913,300.6492288053236,400.6368015618925,168
895000,1789.999999971496,-515660.4374066633,300.45788964541214,399.15086441993486,168
900000,1799.9999999712595,-515497.1661376632,300.14336979340897,400.45118604202355,168
905000,1809.999999971023,-515150.72785897925,301.19642834840346,400.19984036793915,168
910000,1819.9999999707866,-517285.7545995354,301.68931020622506,400.2318315124103,168
915000,1829.99999997055,-516015.8435995048,300.94874879445223,399.38206050323976,168
920000,1839.9999999703136,-516937.10295744706,297.65316528556934,399.20689260251544,168
925000,1849.9999999700772,-517402.51482513826,302.08346569385367,397.9345501901056,168
930000,1859.9999999698407,-515674.3261047485,300.409480997044,399.8019345847546,168
935000,1869.9999999696042,-516627.8300006669,301.1904738573835,401.98638272929384,168
940000,1879.9999999693678,-516976.9452610188,300.25466423052575,398.40314539856723,168
945000,1889.9999999691313,-516472.30257890094,300.5143209477117,399.6983584616252,168
950000,1899.9999999688948,-515798.3891875651,303.6089062940745,399.0667250682538,168
955000,1909.9999999686584,-517786.5893140449,300.77661400443327,398.94419849817893,168
960000,1919.999999968422,-517131.7413959461,301.2425642902755,398.5258709916281,168
965000,1929.9999999681854,-516154.28308724705,299.6250790769602,399.4921728137884,168
970000,1939.999999967949,-515885.4924369245,300.4563214779298,399.5119203189749,168
975000,1949.9999999677125,-515514.814078297,300.1876648430191,400.7195838478323,168
980000,1959.999999967476,-516285.6240119077,298.373726880176,400.8235101118567,168
985000,1969.9999999672395,-517321.27033804683,301.1965647107932,399.6583075501159,168
990000,1979.999999967003,-516497.512462202,300.98054395833344,398.61391967608597,168
995000,1989.9999999667666,-517491.5550396405,299.06208422373214,400.9361971563872,168
1000000,1999.9999999665301,-516380.29702202836,299.32699089292424,399.2850536637003,168
1005000,2009.9999999662937,-515403.7250739974,300.3568905687229,400.05701050885114,168
1010000,2019.9999999660572,-516873.55392004456,300.0996201933579,400.08011904202766,168
1015000,2029.9999999658207,-515343.2596987062,301.74162790976663,399.47376226118774,168
1020000,2039.9999999655843,-515309.04678113526,299.6356926162973,400.02633200541885,168
1025000,2049.999999965348,-516857.1859458103,300.0198254682778,399.21622388928705,168
1030000,2059.9999999651113,-516314.65221097367,297.2981912579345,397.98260458397925,168
1035000,2069.999999964875,-517868.3505455069,302.5790520724058,399.249844951619,168
1040000,2079.9999999646384,-516283.3084833161,300.03716621884354,399.8874209731534,168
1045000,2089.999999964402,-515892.69266655575,302.26907763339483,398.49616589162093,168
1050000,2099.9999999641655,-516664.03048876347,302.2344643134584,399.7693598766676,168
1055000,2109.999999963929,-516088.2017708486,299.2136282928959,399.42181175873793,168
1060000,2119.9999999636925,-516558.13606299926,299.42703543288513,399.04852756126195,168
1065000,2129.999999963456,-517960.90312706726,302.3879856372738,397.7985203695173,168
1070000,2139.9999999632196,-515717.10108423606,298.3811813574834,399.2202475722954,168
1075000,2149.999999962983,-515516.0448626005,301.31392727425475,399.94945157826703,168
1080000,2159.9999999627466,-516275.2053732802,299.5752613505645,400.02348032609416,168
1085000,2169.99999996251,-517433.8438987103,298.3353635945209,397.97619952216206,168
1090000,2179.9999999622737,-516782.1856349949,301.9023764402399,401.20943100485204,168
1095000,2189.9999999620372,-516825.24714705674,299.6269426962871,398.69801525281974,168
1100000,2199.9999999618008,-516686.8675673236,301.6283789450631,400.53802838424366,168
1105000,2209.9999999615643,-518233.05286190286,298.55227070251414,398.61733881666044,168
1110000,2219.999999961328,-517072.87380365096,301.8276953047761,399.10954752249523,168
1115000,2229.9999999610914,-515885.3688782407,301.86319498024613,400.5442876202549,168
1120000,2239.999999960855,-516124.6720133573,300.7439779391484,397.984226679465,168
1125000,2249.9999999606184,-516504.87307439186,302.77650481279187,398.87266279742744,168
1130000,2259.999999960382,-517421.3489484871,301.0108164088623,398.40434128147194,168
1135000,2269.9999999601455,-515913.6697790525,300.4926847818683,400.4136814020815,168
1140000,2279.999999959909,-516717.2717264942,298.4002266379212,400.20111081468553,168
1145000,2289.9999999596726,-516999.03170135245,302.15114689330926,399.89767891974765,168
1150000,2299.999999959436,-516591.9155390179,299.9757122351874,399.19462925964785,168
1155000,2309.9999999591996,-516367.0682104267,301.06974768830764,399.07906362825116,168
1160000,2319.999999958963,-517819.6036784104,300.4279353737928,399.4461273081795,168
1165000,2329.9999999587267,-516413.2155403099,302.0052391362559,400.6501409723874,168
1170000,2339.99999995849,-515042.243080887,301.1735194669222,400.4810584932576,168
1175000,2349.9999999582537,-516114.60554007534,298.75254159895553,399.23381495917715,168
1180000,2359.9999999580173,-516241.79827160016,300.64429703222703,399.396890145878,168
1185000,2369.999999957781,-516089.0901409737,300.0685750226204,400.612618365773,168
1190000,2379.9999999575443,-518207.62207072135,300.37829946391673,397.52743591672123,168
1195000,2389.999999957308,-515817.6209828574,300.2678004740735,400.15555179741386,168
1200000,2399.9999999570714,-515943.91229871893,300.07048409607717,399.71673343836216,168
1205000,2409.999999956835,-515355.37897967454,300.90227194660577,399.7661689091716,168
1210000,2419.9999999565985,-515893.30444495706,298.98435766156354,399.62664411853507,168
1215000,2429.999999956362,-516600.20311029814,299.36533145151446,400.4668972032837,168
1220000,2439.9999999561255,-516275.9868141734,297.2300327901147,399.21454065844966,168
1225000,2449.999999955889,-516857.317751633,297.47237148380003,400.1620580525082,168
1230000,2459.9999999556526,-516010.6775025842,300.72279631460424,399.4141252943078,168
1235000,2469.999999955416,-515649.70287674246,298.43640812534005,398.8009933745797,168
1240000,2479.9999999551796,-515327.55800537067,299.41449009302636,401.5695794293658,168
1245000,2489.999999954943,-515834.1812334703,298.84542711345347,398.54302256810263,168
1250000,2499.9999999547067,-515622.8771084128,301.33156347666494,398.5681995796401,168
1255000,2509.9999999544702,-515822.29597614286,299.6688968582062,400.71993969699076,168
1260000,2519.9999999542338,-517211.2444471442,299.45362609889014,399.40540753937705,168
1265000,2529.9999999539973,-515782.55094311526,299.13194722142407,397.9377341882631,168
1270000,2539.999999953761,-516371.4208698841,299.66589688563124,399.73700531299227,168
1275000,2549.9999999535244,-517118.19463429274,299.2594006017285,398.3943598185663,168
1280000,2559.999999953288,-517702.36169483885,301.64292426663854,398.4161212523211,168
1285000,2569.9999999530514,-515772.8557015746,299.9649850605255,399.0186319968727,168
1290000,2579.999999952815,-516108.46872556396,298.763496044267,401.63966914468426,168
1295000,2589.9999999525785,-516663.0362810944,300.50477558042786,400.24716411081465,168
1300000,2599.999999952342,-515733.2271378441,301.8226498963547,398.32874411925405,168
1305000,2609.9999999521056,-516332.2248027595,300.2046646876103,398.17776366563055,168
1310000,2619.999999951869,-516079.6567657343,298.4497034583425,399.4619686110596,168
1315000,2629.9999999516326,-517382.3839649996,301.63124255524826,398.8561019243242,168
1320000,2639.999999951396,-516547.103633014,299.59957931007335,399.0114155250176,168
1325000,2649.9999999511597,-516404.6917282236,299.719237307096,400.12135935809073,168
1330000,2659.999999950923,-516776.1505314978,301.36869950081217,399.7304200817787,168
1335000,2669.9999999506867,-515773.43874828843,297.097965815623,399.13202273278335,168
1340000,2679.9999999504503,-516933.16989793023,300.81009097112167,398.13929204500704,168
1345000,2689.999999950214,-515701.841347849,303.61981528525604,400.04343923658087,168
1350000,2699.9999999499773,-515870.78758094786,300.54834336395925,399.62737922177115,168
1355000,2709.999999949741,-516180.715112519,298.2585461149508,397.86523976962235,168
1360000,2719.9999999495044,-517454.115101696,299.53962531270474,397.9720882998899,168
1365000,2729.999999949268,-516302.3397250264,299.8871448630321,400.5680960792628,168
1370000,2739.9999999490315,-517101.0214622938,300.53025262024977,399.1405545281423,168
1375000,2749.999999948795,-516677.5760867214,297.1771923640791,401.76486310264175,168
1380000,2759.9999999485585,-517598.53089740407,299.8492588457412,398.4262084163666,168
1385000,2769.999999948322,-514794.80023724865,298.04475261485726,399.6127355483163,168
1390000,2779.9999999480856,-517552.5754472669,299.303491107754,399.67108568596444,168
1395000,2789.999999947849,-515459.45742102945,298.3001366438304,398.22511233087647,168
1400000,2799.9999999476127,-517965.0541598764,299.0829476693669,398.3277917487575,168
1405000,2809.999999947376,-515305.5705168084,298.0644797072439,398.637873931056,168
1410000,2819.9999999471397,-516495.4346472691,299.1446289236726,400.3748538847781,168
1415000,2829.9999999469032,-516338.35628702166,300.08266580289654,399.4159266601589,168
1420000,2839.999999946667,-515547.57981966017,302.9937982808895,400.259398849687,168
1425000,2849.9999999464303,-515814.57576197665,297.8238682704957,400.3473368923317,168
1430000,2859.999999946194,-517102.9055873095,299.74253254868165,399.418368022951,168
1435000,2869.9999999459574,-515532.1471980135,299.18281039280805,402.6525815900294,168
1440000,2879.999999945721,-516817.27637197403,301.8349225114339,397.93485122855543,168
1445000,2889.9999999454844,-517546.3379200627,301.8524223514543,398.6492833151268,167
1450000,2899.999999945248,-516552.75723902276,302.5953701050482,397.7072134603393,167
1455000,2909.9999999450115,-515271.71437953925,300.9773848963038,399.5097911704631,167
1460000,2919.999999944775,-516234.9694636916,300.51661638127285,400.85891963287605,167
1465000,2929.9999999445386,-516484.7516967603,300.7043873919854,400.09067382767313,167
1470000,2939.999999944302,-516632.4473277228,300.98227121527054,399.11493468236773,167
1475000,2949.9999999440656,-516368.1844323408,297.51664380634514,398.51009958749376,167
1480000,2959.999999943829,-516222.04475010466,297.5158483590715,400.47616711806694,167
1485000,2969.9999999435927,-516418.77537644096,300.90947642619864,400.1479839842567,167
1490000,2979.999999943356,-515922.1431846549,300.0299390121857,398.9907613128719,167
1495000,2989.9999999431197,-517506.74390014214,299.7850548872248,399.2046196689961,167
1500000,2999.9999999428833,-516570.1241969038,298.90679018884975,398.7421681818056,167
1505000,3009.999999942647,-516577.38244583877,300.7362961911914,399.5128449375029,167
1510000,3019.9999999424103,-515905.4567695726,300.20507377477963,399.8709582877562,167
1515000,3029.999999942174,-515904.4326047315,301.1122245727208,398.83222496622943,167
1520000,3039.9999999419374,-516123.889203317,302.0564204865494,400.1907153541355,167
1525000,3049.999999941701,-516136.6389319082,300.5051164864023,400.058158379998,167
1530000,3059.9999999414645,-516804.6333589186,300.82215904261625,398.85313056169997,167
1535000,3069.999999941228,-515383.6250415356,302.51446175378493,399.57749810178177,167
1540000,3079.9999999409915,-515962.23193475,301.3774721478874,400.79536844359893,167
1545000,3089.999999940755,-516112.12663237145,299.4822622007417,399.54881760204614,167
1550000,3099.9999999405186,-516612.28576454986,299.19365120279474,399.0733902514975,167
1555000,3109.999999940282,-516561.22780689737,300.80277285620406,398.4057347700456,167
1560000,3119.9999999400457,-516833.1202356946,301.7340143430045,401.19775479345964,167
1565000,3129.999999939809,-516948.144602302,299.36278602023873,400.67351147159854,167
1570000,3139.9999999395727,-516890.6992793903,298.0573661359109,399.35109696360047,167
1575000,3149.9999999393362,-516567.23256393196,301.84376333970397,399.83374595827746,167
1580000,3159.9999999391,-515163.7021731972,301.3373361511652,400.96840692882756,167
1585000,3169.9999999388633,-516615.99960619304,298.3869540319837,399.43310403073684,167
1590000,3179.999999938627,-517205.6346401344,299.61503371424726,399.8807174769837,168
1595000,3189.9999999383904,-516429.695008866,301.43338072769285,400.1041062096137,168
1600000,3199.999999938154,-515422.6606711983,302.4413260587386,400.4009810389319,167
1605000,3209.9999999379174,-515814.51115823677,300.0176663971065,401.64707502413006,167
1610000,3219.999999937681,-517657.2965376382,299.94593978008777,398.7709961208658,167
1615000,3229.9999999374445,-516661.65403847257,303.12095620934946,401.4472841962096,167
1620000,3239.999999937208,-517110.4823636026,298.73867808932897,400.15358579819707,167
1625000,3249.9999999369716,-517812.74985150434,302.3750766643756,399.7890994153823,167
1630000,3259.999999936735,-514582.4576302795,300.33557258178894,400.0950264351072,167
1635000,3269.9999999364986,-517153.5392983686,301.06299775001406,399.62350632547157,167
1640000,3279.999999936262,-516802.04212677665,301.42069902544426,398.7882952838044,167
1645000,3289.9999999360257,-517565.17689933954,300.7272508193367,399.1025381382147,167
1650000,3299.999999935789,-516016.22271281667,301.9847847777905,399.8854412450955,167
1655000,3309.9999999355528,-517160.6941858041,300.62475175636007,398.07409436475825,167
1660000,3319.9999999353163,-515305.73137781816,297.90966294072564,399.1819023454371,167
1665000,3329.99999993508,-516462.6855087802,298.8072001901881,400.5372474162352,167
1670000,3339.9999999348433,-517256.0349692935,301.13747434189315,400.011247451054,167
1675000,3349.999999934607,-516275.6724662627,299.71621460745615,399.8359163797965,167
1680000,3359.9999999343704,-516231.0736245122,301.5333570864588,398.1094624757459,167
1685000,3369.999999934134,-515598.2572819544,302.9426851117909,399.3456082292053,167
1690000,3379.9999999338975,-517810.2535685147,304.120197074515,397.70054737300444,167
1695000,3389.999999933661,-516049.6943157511,299.1945375583282,398.8494587286791,167
1700000,3399.9999999334245,-517401.5753926146,298.28531859747545,398.4415248679173,167
1705000,3409.999999933188,-517243.75926105026,300.50548011944164,399.40998308188733,167
1710000,3419.9999999329516,-516033.02393011376,300.98190758223114,399.3808539344822,167
1715000,3429.999999932715,-516462.130037494,300.9291126103254,399.37379544723524,167
1720000,3439.9999999324787,-515584.4084022776,299.3151273650143,400.63198243821773,167
1725000,3449.999999932242,-516523.48486379115,298.6210655281528,399.8278304894742,167
1730000,3459.9999999320057,-517048.44813296106,297.8861404284904,401.20509998303265,167
1735000,3469.9999999317693,-515224.75589494826,298.9047674800682,400.77480496237706,167
1740000,3479.999999931533,-517663.17362295836,298.47420323437115,399.8125675248457,167
1745000,3489.9999999312963,-517652.78173000365,301.7606504631395,399.033619829924,167
1750000,3499.99999993106,-516437.4223155128,299.06481147152755,399.9080193188095,167
1755000,3509.9999999308234,-515973.7344719693,301.47103947433413,398.20603566917595,167
1760000,3519.999999930587,-515772.59766404564,300.8727494892207,399.6933106233237,167
1765000,3529.9999999303504,-515741.9494789392,300.6597059822709,400.9755366386,167
1770000,3539.999999930114,-516236.8124746429,301.05274784371636,401.07392713792154,167
1775000,3549.9999999298775,-515890.1953555555,298.35245434737203,400.83711747475576,167
1780000,3559.999999929641,-517935.7826632261,300.2452779526966,399.55470659564355,167
1785000,3569.9999999294046,-516248.6992017622,297.35180440417884,398.7915124135261,167
1790000,3579.999999929168,-517129.27025321266,300.54934335481755,398.8925802680577,167
1795000,3589.9999999289316,-517954.02790250955,298.78022316407873,399.433246841871,167
1800000,3599.999999928695,-518146.88511023996,299.7954411559122,398.31935117328504,168
1805000,3609.9999999284587,-515055.2596874139,300.21107371992946,400.71617441671276,168
1810000,3619.999999928222,-517226.4338767184,298.9991302537886,398.8834683616513,168
1815000,3629.9999999279858,-515657.00957215065,298.84210896196913,400.3534670506173,168
1820000,3639.9999999277493,-517155.39828209206,300.6495015301032,399.75670777912137,168
1825000,3649.999999927513,-516308.180641084,300.65870599141266,398.9412064242285,168
1830000,3659.9999999272763,-516386.5042022364,299.96675777159254,400.0592718170335,168
1835000,3669.99999992704,-515830.2255985355,302.54696145668,399.57819967096225,168
1840000,3679.9999999268034,-514813.4967503026,299.8767131402148,400.122150641331,168
1845000,3689.999999926567,-518368.7515338743,300.8492951581804,398.58882220245584,168
1850000,3699.9999999263305,-517234.9809139683,300.93336257147325,398.913194079447,168
1855000,3709.999999926094,-516496.1045602751,301.1639286455084,400.9192458280979,168
1860000,3719.9999999258575,-516778.63403973123,298.8883585391659,399.84727847366406,168
1865000,3729.999999925621,-515797.76648515696,301.9690803759021,400.46509039161685,167
1870000,3739.9999999253846,-515497.3511793087,301.5487433094378,400.3887847298076,167
1875000,3749.999999925148,-515577.6134594544,298.8540406710739,401.1045365142397,167
1880000,3759.9999999249117,-516706.07026238646,300.17823311106,399.8357287743402,167
1885000,3769.999999924675,-517233.9694127608,300.33029990271785,398.7100142789117,167
1890000,3779.9999999244387,-516686.48328020936,302.09335196711197,400.42922639584657,167
1895000,3789.9999999242023,-516663.1099669263,301.6441060740165,400.8286166978611,167
1900000,3799.999999923966,-516212.6072235326,303.08900195601353,400.95060142583304,167
1905000,3809.9999999237293,-514692.901699984,300.3851630375351,399.8293890841942,167
1910000,3819.999999923493,-516112.9179675323,300.02852993415814,399.8033216015419,167
1915000,3829.9999999232564,-516830.7449335768,298.46620330750466,399.861587984189,167
1920000,3839.99999992302,-517059.31052581314,299.80073656204826,399.22937227565046,167
1925000,3849.9999999227834,-516541.51275122166,301.3050864459847,400.2480170800574,167
1930000,3859.999999922547,-516380.956273593,299.1889012462177,399.2478583644495,167
1935000,3869.9999999223105,-515086.6669752379,299.427671790704,401.3345039552235,167
1940000,3879.999999922074,-515690.692166416,302.5840520266973,399.2468063858785,167
1945000,3889.9999999218376,-516592.56751300674,299.99875747905844,400.50120595274126,167
1950000,3899.999999921601,-515979.0548481778,299.94753067463506,400.81857288452267,167
1955000,3909.9999999213646,-515679.07281265873,300.83484074486483,399.4608488959087,167
1960000,3919.999999921128,-515694.77716903016,298.45313524515177,399.0707191258731,167
1965000,3929.9999999208917,-516318.5790591161,299.01501647219675,399.7872690091672,167
1970000,3939.9999999206552,-516946.80222536856,300.09421115189707,399.03431714154135,167
1975000,3949.9999999204188,-516292.26472646976,303.3552949761683,398.77607729552864,167
1980000,3959.9999999201823,-516779.76740097674,298.4143174181974,398.349644492904,167
1985000,3969.999999919946,-516936.9243477653,300.5641614011725,398.70614597641617,167
1990000,3979.9999999197094,-517070.2356585646,301.3506087571028,399.7252314347049,167
1995000,3989.999999919473,-517179.8506832593,301.38006303329297,398.915607020277,167
2000000,3999.9999999192364,-517821.1409285264,297.59223402440733,398.941298979521,167
2005000,4009.999999919,-515655.9583411296,300.7719776831811,401.0113478169196,167
2010000,4019.9999999187635,-517411.67173657706,302.3031455037722,399.0164593353392,167
2015000,4029.999999918527,-517188.3263831679,300.00480287833824,398.63231974863527,167
2020000,4039.9999999182905,-516056.8487246805,300.79456838575294,400.59680468189396,167
2025000,4049.999999918054,-516745.59079713933,301.88599022640255,398.9086730351551,167
2030000,4059.9999999178176,-516509.36905995896,302.35759955142015,398.53492793412005,167
2035000,4069.999999917581,-516932.6405176134,299.01240285972614,400.3150903825603,167
2040000,4079.9999999173447,-516261.3474235926,301.5361525154491,398.9536114941079,167
2045000,4089.999999917108,-516375.4756001993,299.90253108601115,400.92093867837957,167
2050000,4099.999999917781,-515637.0114615592,300.04080254923736,401.9818912001815,167
2055000,4109.999999919818,-516096.9857176449,298.65479249255577,400.75805960264006,167
2060000,4119.999999921855,-516436.39197726455,300.8407497817548,400.7746157646308,167
2065000,4129.999999923893,-517101.0697919894,302.15098780385455,398.64269730925963,167
2070000,4139.99999992593,-516643.26327845035,300.0399389207688,401.04531328357433,167
2075000,4149.999999927967,-517214.4120917842,300.3394816369623,400.131758411783,167
2080000,4159.999999930004,-516227.8891789033,300.9470442645801,400.53913139735243,167
2085000,4169.999999932042,-517073.04562899144,299.1095383353719,398.39970967274405,167
2090000,4179.999999934079,-516495.1613100143,301.3992674031855,399.3052463902899,167
2095000,4189.999999936116,-516046.52682600217,298.6340426822459,399.58176264002606,167
2100000,4199.999999938153,-514571.706501639,298.74854163552226,401.9426889629328,167
2105000,4209.999999940191,-515910.40606897697,301.32817714398567,399.92515454565665,167
2110000,4219.999999942228,-515172.9895898439,298.98590310198097,399.3896560714129,167
2115000,4229.999999944265,-516482.3942579818,300.4008901664885,399.6715793984802,167
2120000,4239.9999999463025,-517169.89457961963,300.59918380827827,399.385933978004,167
2125000,4249.99999994834,-516558.84377363,299.5476934207661,400.1362285307597,167
2130000,4259.999999950377,-516822.7995144222,300.3334362376826,398.8608937779135,167
2135000,4269.999999952414,-515937.0449722307,301.84799057378683,399.9136639297639,167
2140000,4279.999999954452,-516922.75721768057,303.5816338161206,400.3232805667893,167
2145000,4289.999999956489,-515671.53248451557,300.7390916201817,399.3512081413984,167
2150000,4299.999999958526,-516241.36998890014,301.71303726204496,399.0766953330914,167
2155000,4309.999999960563,-516423.4682935369,301.4666986049265,400.5204892266911,167
2160000,4319.999999962601,-516222.49649031134,299.00240295114304,400.5649381917442,167
2165000,4329.999999964638,-516462.6358460607,299.2801276849735,400.1869989325747,167
2170000,4339.999999966675,-517415.86733080074,299.69901021928024,399.57943639251033,167
2175000,4349.9999999687125,-516121.973738967,300.20275561415355,398.9734486278957,167
2180000,4359.99999997075,-515796.6333167297,301.31270001274686,399.8258730265919,167
2185000,4369.999999972787,-515857.5987035483,300.150460637677,398.68551787794127,167
2190000,4379.999999974824,-515137.6540632462,300.3851175834052,398.60295366729406,167
2195000,4389.999999976862,-516355.0856329268,300.5973201889514,400.18188074348245,167
2200000,4399.999999978899,-517444.26974119246,299.72621451603925,400.12836887081664,167
2205000,4409.999999980936,-516391.0943802586,300.397072019575,399.6346118121606,167
2210000,4419.999999982973,-516350.0763721955,298.99860753129445,399.1477604263929,167
2215000,4429.999999985011,-516407.1486881436,301.20638280285664,399.16835400024087,167
2220000,4439.999999987048,-516619.6209441307,299.9992802015526,400.3543009392272,167
2225000,4449.999999989085,-517591.99570814613,298.79901844680194,400.0000930039949,167
2230000,4459.999999991122,-515659.39807093656,300.42423086220407,399.3675994060728,167
2235000,4469.99999999316,-515354.4290550654,297.680551398848,399.9397515619808,167
2240000,4479.999999995197,-516313.14813217986,301.1114745795771,398.69376454961565,167
2245000,4489.999999997234,-516668.1237533414,302.60366548375913,400.00413019286253,167
2250000,4499.9999999992715,-516132.00418240856,300.5936611314926,399.3312824944626,167
2255000,4510.000000001309,-517337.2791721397,302.3613722442038,399.916483435224,167
2260000,4520.000000003346,-517105.2230241122,300.90627191003904,399.221240835556,167
2265000,4530.000000005383,-516891.70987972105,301.1066109876753,399.5243781805197,167
2270000,4540.000000007421,-516105.5877509839,298.6971330145792,400.78156581013803,167
2275000,4550.000000009458,-517477.08218415966,298.29918210710207,399.9980589835104,167
2280000,4560.000000011495,-516670.7525984091,302.0557159475356,401.4795394430714,167
2285000,4570.000000013532,-516038.1534064445,299.75448698485144,398.5053505536777,167
2290000,4580.00000001557,-516343.05657662265,300.14275616265496,398.2179725319176,167
2295000,4590.000000017607,-515579.75419251155,301.8563768607576,400.23105017678967,167
2300000,4600.000000019644,-518121.60992109403,301.79537741840073,399.4137355308485,167
2305000,4610.000000021681,-516478.0987433931,301.90905819733854,399.89088197025393,167
2310000,4620.000000023719,-516062.11287211115,299.5321935624623,399.22135162046607,167
2315000,4630.000000025756,-516846.347047179,303.3920446402111,401.13782359010366,167
2320000,4640.000000027793,-515854.8094285098,298.72885999726554,400.09107695894585,167
2325000,4650.0000000298305,-515675.2958757905,301.7413324579221,399.9275073042885,167
2330000,4660.000000031868,-516736.4233185528,297.74532353398854,397.4600084564552,167
2335000,4670.000000033905,-516082.39345295867,298.78890490289405,400.23740333891135,167
2340000,4680.000000035942,-517201.50380486157,301.85274053036375,399.67350858249745,167
2345000,4690.00000003798,-516276.55071099475,302.28453203756874,400.3825775739965,167
2350000,4700.000000040017,-516636.3335301052,300.8831812120381,399.88160270351665,167
2355000,4710.000000042054,-516804.97372251516,302.26775946362704,399.15431809171224,167
2360000,4720.000000044091,-516346.8180432967,299.0646523820728,399.7117807124101,167
2365000,4730.000000046129,-516899.2698875186,298.53863446353716,399.9404485257122,167
2370000,4740.000000048166,-516931.3164374577,299.6773513263719,399.52254928720015,167
2375000,4750.000000050203,-515669.9414666048,301.762082268232,400.0148466199533,167
2380000,4760.0000000522405,-516441.38484208705,299.11810643886247,399.79884191570176,167
2385000,4770.000000054278,-516842.9308738904,299.35626335259474,399.75148998549156,167
2390000,4780.000000056315,-517183.43323171744,297.51153021672883,399.54993923563035,167
2395000,4790.000000058352,-516770.7016696255,298.47183961961514,399.5662743000727,167
2400000,4800.0000000603895,-516164.647002127,301.8252407817603,400.45925509478514,167
2405000,4810.000000062427,-516448.8757744008,298.80415476348327,399.02634443896903,167
2410000,4820.000000064464,-516777.78134709224,299.63526080206304,399.73545177677846,167
2415000,4830.000000066501,-517156.825445008,300.9956574565329,397.62876201925684,167
2420000,4840.000000068539,-518005.68318728684,302.7711639525259,399.88774272901054,167
2425000,4850.000000070576,-515792.1789854262,301.1377243396077,401.99324948500094,167
2430000,4860.000000072613,-516286.0779399974,301.8704676410338,399.7818437628973,167
2435000,4870.00000007465,-515888.59293744015,300.49929835777215,400.2275691373329,167
2440000,4880.000000076688,-516689.54151569447,299.01267558450564,399.2292979696865,167
2445000,4890.000000078725,-515100.8421750502,299.9769849508252,400.288142131671,167
2450000,4900.000000080762,-516211.0151660978,303.11477444767996,399.9752238242841,167
2455000,4910.0000000827995,-516013.25576136634,300.51136642926673,400.37866020445176,167
2460000,4920.000000084837,-516599.96034394903,297.80950476544,400.8495617257664,167
2465000,4930.000000086874,-517061.45496624336,301.76687767893895,398.72456869641695,167
2470000,4940.000000088911,-517324.9125157655,301.0518387611179,399.18503666672206,167
2475000,4950.000000090949,-515459.97700659186,300.4594805399595,398.75838215420845,167
2480000,4960.000000092986,-516922.89740762627,302.7655730945454,399.36853009489414,167
2485000,4970.000000095023,-515432.0800616336,301.148792420244,400.46577659465095,167
2490000,4980.00000009706,-515597.72689273907,298.8105865228674,401.0280672419737,167
2495000,4990.000000099098,-517137.21697747335,301.56444771132624,399.5300583182934,167
2500000,5000.000000101135,-516522.8980585276,299.62971539821245,400.52131898416553,167
2505000,5010.000000103172,-516892.137797175,299.07440229294133,399.210557698289,167
2510000,5020.000000105209,-516077.87094211206,298.12761549370714,399.02786737438566,167
2515000,5030.000000107247,-515521.2030406785,302.4339170355611,399.77121779821823,167
2520000,5040.000000109284,-515908.6790894824,302.4230534985095,400.7970684487972,167
2525000,5050.000000111321,-516452.7538103829,299.59485208056134,398.58350200603144,167
2530000,5060.0000001133585,-516025.2957350584,298.80622292639475,400.09471607048266,167
2535000,5070.000000115396,-516583.3926081653,299.17260594064027,400.2954713114102,167
2540000,5080.000000117433,-516064.1989534758,300.0881430255523,399.3221651477841,167
2545000,5090.00000011947,-516252.2067829282,299.54557980372465,400.47505718415715,167
2550000,5100.000000121508,-515896.3357314612,299.0080392632535,399.7310280464294,167
2555000,5110.000000123545,-516404.06588496035,301.5642204406766,400.19198550962335,167
2560000,5120.000000125582,-515991.98300348455,299.7195782130705,401.0007756415367,167
2565000,5130.000000127619,-516779.28694118187,301.21474636276247,399.96204476684164,167
2570000,5140.000000129657,-517541.399562818,301.9285352920106,397.9558599918542,167
2575000,5150.000000131694,-517520.1757832826,300.50129833948876,401.29186870747105,167
2580000,5160.000000133731,-516616.0534615442,299.18733307873543,399.77138102133466,167
2585000,5170.0000001357685,-516401.77152830735,300.59777473025065,399.695259417359,167
2590000,5180.000000137806,-516645.6739648385,302.17153307057976,399.46982962309863,167
2595000,5190.000000139843,-516429.4662919729,300.82615900604947,400.3238277085828,167
2600000,5200.00000014188,-515716.33025728166,298.2085465720353,399.9334869686183,167
2605000,5210.0000001439175,-516760.25356805976,298.30852293080125,401.36199180717387,167
2610000,5220.000000145955,-515568.62845238065,300.6304335226004,400.1947741948319,167
2615000,5230.000000147992,-516287.34916726407,302.0823747947355,398.99591751504425,167
2620000,5240.000000150029,-516494.75637008017,301.1962465318838,399.40342727430595,167
2625000,5250.000000152067,-516019.8941513151,299.3711950342745,400.13852438478665,167
2630000,5260.000000154104,-517142.06337159825,299.3742859151093,398.1591078202273,167
2635000,5270.000000156141,-515520.8437281968,299.6352153479331,398.945794729778,167
2640000,5280.000000158178,-514715.55791618815,300.35707238524265,399.95708652477475,167
2645000,5290.000000160216,-515499.0366254668,299.5880794152028,401.16395486174014,167
2650000,5300.000000162253,-516610.4171750853,298.398590289244,398.9331127797863,167
2655000,5310.00000016429,-515643.9690584806,297.60080212789785,399.364716300225,167
2660000,5320.0000001663275,-517756.69931763783,300.03707531058365,398.1581094231363,167
2665000,5330.000000168365,-517113.40926313493,297.5138483773549,401.31141334219745,167
2670000,5340.000000170402,-517102.8935565278,301.08427028281807,400.35497937146783,167
2675000,5350.000000172439,-516439.95611812314,300.27045954067404,399.4906135177339,167
2680000,5360.000000174477,-515891.56994075095,299.8856676038096,399.62777875130706,167
2685000,5370.000000176514,-516431.01308183605,299.10165204383026,399.99173551352794,167
2690000,5380.000000178551,-517114.9277834743,298.8886767180753,400.8491885950787,167
2695000,5390.000000180588,-515433.58701040363,298.7111783407255,399.10811087537303,167
2700000,5400.000000182626,-517514.2649656851,298.70967835443804,399.28210446867627,167
2705000,5410.000000184663,-516370.98162902286,300.75425057251107,400.433945935213,167
2710000,5420.0000001867,-517030.5090067885,299.8490315750916,400.4451482099804,167
2715000,5430.000000188737,-516078.15902093565,302.8412769479324,398.68388413889585,167
2720000,5440.000000190775,-515580.73993485235,300.04416615485167,400.18188001989625,167
2725000,5450.000000192812,-517108.8536649067,300.6032974070363,398.06948347695635,167
2730000,5460.000000194849,-517502.1518920115,297.2912367760563,399.01094021858114,167
2735000,5470.0000001968865,-516628.808610945,301.80435460906057,400.3111524948334,167
2740000,5480.000000198924,-516501.9524649428,299.62444271914137,397.0612980353653,167
2745000,5490.000000200961,-517658.2777488595,300.52497994117874,398.38449989468177,167
2750000,5500.000000202998,-515763.3878579731,302.09742011174006,399.28463358614823,167
2755000,5510.000000205036,-517595.04811228253,298.46324878905966,397.8493377313615,167
2760000,5520.000000207073,-516989.65146217775,297.7788005006769,398.2330513370739,167
2765000,5530.00000020911,-517513.33373641036,299.35935423342954,399.8095013446528,167
2770000,5540.000000211147,-516663.5788982562,300.4448670371892,399.27549334475594,167
2775000,5550.000000213185,-517693.19618280744,299.32739998009356,397.9345902743286,167
2780000,5560.000000215222,-516292.8971979981,299.80841831000527,398.7138957772873,167
2785000,5570.000000217259,-516672.40304871695,301.1935647382183,398.84365747054414,167
2790000,5580.000000219296,-516698.1403192603,299.31962732387666,398.9216425753864,167
2795000,5590.000000221334,-516496.79869081127,300.9931120252572,400.21151972700244,167
2800000,5600.000000223371,-515714.7687505563,301.0359752697748,400.20853347962395,167
2805000,5610.000000225408,-516912.6485322565,303.43718059122483,399.05287246516104,167
2810000,5620.0000002274455,-516587.3201850327,301.09065658807225,399.71594121816605,167
2815000,5630.000000229483,-515388.3398577911,299.8617587314701,400.1891105057895,167
2820000,5640.00000023152,-517330.80056794686,300.71509183958227,400.1029744377937,167
2825000,5650.000000233557,-517286.5831604791,300.09457478493647,398.72466996301733,167
2830000,5660.000000235595,-516069.8775218837,297.61675652750085,400.6061297997654,167
2835000,5670.000000237632,-516738.99318255903,299.7379644086244,399.43959643563227,167
2840000,5680.000000239669,-517530.0479379692,300.0485297513243,399.3972164788619,167
2845000,5690.000000241706,-518237.58001619205,298.6334972326868,399.3338384137962,167
2850000,5700.000000243744,-517821.3231138312,300.4446170394746,398.7299879037382,167
2855000,5710.000000245781,-516742.0905217733,300.2331871541371,399.64772093698645,167
2860000,5720.000000247818,-515801.7313565081,300.9599305104133,399.84397484681375,167
2865000,5730.0000002498555,-517237.2843509731,299.3274227071585,398.7210561520708,167
2870000,5740.000000251893,-516103.30412663333,298.9110401499975,399.71404900409044,167
2875000,5750.00000025393,-516906.5074190153,299.70451016900097,399.63224661156687,167
2880000,5760.000000255967,-515098.9267200348,300.2838003278065,399.4889548598726,167
2885000,5770.000000258005,-517091.47612121236,299.6830785467422,398.9733875198588,167
2890000,5780.000000260042,-517002.3476186739,300.81390911803516,400.1423919930357,167
2895000,5790.000000262079,-516151.4967666017,299.8223954549566,400.84151876596206,167
2900000,5800.000000264116,-516303.27489260444,298.77679137726955,399.2450362230529,167
2905000,5810.000000266154,-516958.54054999026,295.5066167270137,400.22807918834906,167
2910000,5820.000000268191,-516061.3810035158,302.2026009683822,401.02893702754795,167
2915000,5830.000000270228,-516906.1440550564,300.41091280213664,400.3294240099639,167
2920000,5840.000000272265,-517511.43721129885,300.3612768922605,398.8107255384547,167
2925000,5850.000000274303,-515028.3476130045,299.25140067486205,399.51224099123164,167
2930000,5860.00000027634,-515964.67405785853,302.3178726418673,400.30524212903265,167
2935000,5870.000000278377,-514971.8742107232,301.16365592072884,399.58124346561664,167
2940000,5880.0000002804145,-517062.7730557462,304.02044798639866,402.02680649237533,167
2945000,5890.000000282452,-516063.28159778565,296.95998980424133,399.7675258753072,167
2950000,5900.000000284489,-515975.66767834686,300.07600677286285,400.174603567093,167
2955000,5910.000000286526,-516521.21650640527,299.53998894574414,400.04705169188975,167
2960000,5920.000000288564,-516320.4403363117,301.3925174648919,399.799564410102,167
2965000,5930.000000290601,-515733.7643037797,299.375626811942,400.9181817797109,167
2970000,5940.000000292638,-516188.3539866926,299.2949457313284,399.11710304084215,167
2975000,5950.000000294675,-516883.66959754797,300.2838003278065,399.1180513853725,167
2980000,5960.000000296713,-515044.65339040617,298.3612269944472,400.5202735148055,167
2985000,5970.00000029875,-516523.29200147465,297.82702733252535,400.58924590820106,167
2990000,5980.000000300787,-516208.6632532547,301.8340361559004,400.47878066962227,167
2995000,5990.000000302824,-516584.1261624475,301.42181265162736,400.30258851853677,167
3000000,6000.000000304862,-517385.83861292247,297.70159666100244,400.45614350287156,167
3005000,6010.000000306899,-517148.29175204923,299.99309843988306,401.2582823533204,167
3010000,6020.000000308936,-517260.5710423994,298.29540941431844,397.93018326171995,167
3015000,6030.0000003109735,-514376.29245833354,299.09108395862313,401.7248793057697,167
3020000,6040.000000313011,-515554.7661276036,301.30817732681953,399.69547300301326,167
3025000,6050.000000315048,-516063.02221430186,302.6246198376537,400.04998155144534,167
3030000,6060.000000317085,-517487.35687954817,297.0049439387353,399.23640892346083,167
3035000,6070.000000319123,-517178.97866320517,300.261641439469,398.70036604398496,167
3040000,6080.00000032116,-515611.5918826596,302.16791946725084,399.52505158359605,167
3045000,6090.000000323197,-516636.4972102628,299.78257763714396,401.6561349519652,167
3050000,6100.000000325234,-518046.7032591044,300.156937851191,397.8754928625105,167
3055000,6110.000000327272,-516187.90984191746,300.852476947275,399.76036044657866,167
3060000,6120.000000329309,-516293.524520495,301.62315172012194,399.4217426776501,167
3065000,6130.000000331346,-516155.96582834935,300.3767767505643,401.3094544149785,167
3070000,6140.0000003333835,-515638.96713529294,301.1485196954645,399.41209270531954,167
3075000,6150.000000335421,-517076.29940380435,299.27392319623897,400.635854685268,167
3080000,6160.000000337458,-516624.4732492808,301.2918365671121,398.05613115829226,167
3085000,6170.000000339495,-515992.0903186179,301.09006568438326,400.26377262354384,167
3090000,6180.0000003415325,-516374.68695682613,300.5114800645915,400.3574380511934,167
3095000,6190.00000034357,-515960.49148656195,300.5924793241146,400.0336886706746,167
3100000,6200.000000345607,-516289.1134340954,301.83346797927635,398.8501290002766,167
3105000,6210.000000347644,-515381.2763994299,296.0732251835706,399.63372056842326,167
3110000,6220.000000349682,-516387.8495831657,298.8093138072295,399.6924780782131,167
3115000,6230.000000351719,-516188.7379408465,302.88700380263504,400.3425661374061,167
3120000,6240.000000353756,-517961.64551702375,300.3261635768949,398.86251900690945,167
3125000,6250.000000355793,-517684.7386843357,300.32061817304424,397.81322899244066,167
3130000,6260.000000357831,-517439.5765286889,301.4585850427352,399.294773776978,167
3135000,6270.000000359868,-517558.3390173111,299.76748686600945,400.20798032365275,167
3140000,6280.000000361905,-517708.30734974565,301.53965248345315,400.1722219218147,167
3145000,6290.0000003639425,-517102.6634688084,301.3128363751366,398.90555680847575,167
3150000,6300.00000036598,-517319.2920165863,301.56337953927306,399.5366350606988,167
3155000,6310.000000368017,-516628.994633486,300.1236654280873,399.4524924743893,167
3160000,6320.000000370054,-515858.33470306545,303.46674850273985,400.9322122434231,167
3165000,6330.000000372092,-516177.7270473442,297.72464190487347,400.2396984086849,167
3170000,6340.000000374129,-517092.2143777744,300.48538939401567,399.30714900200525,167
3175000,6350.000000376166,-516364.87216252415,300.26284597391196,399.04522132578654,167
3180000,6360.000000378203,-515980.1649788865,300.6972965477174,401.04428174126616,167
3185000,6370.000000380241,-517111.7245038445,301.4342216290964,399.20460042909525,167
3190000,6380.000000382278,-517511.51567749307,299.6213063841766,398.4602701335889,167
3195000,6390.000000384315,-516623.5495622689,300.60695646449517,399.3373471142083,167
3200000,6400.000000386352,-515539.96070763934,302.69048287191237,399.6584556806638,167
3205000,6410.00000038839,-515743.3210520004,299.1668332661401,400.6823918696719,167
3210000,6420.000000390427,-515895.19432717934,299.6405334811341,399.3888685689071,167
3215000,6430.000000392464,-517613.41867744504,300.7828639472977,398.0267704540081,167
3220000,6440.0000003945015,-516621.90645280434,303.0640249116208,399.0075088221146,167
3225000,6450.000000396539,-516927.2817843612,298.90590383331624,400.3488818042198,167
3230000,6460.000000398576,-515979.1439682953,302.33269068822227,398.72824407807894,167
3235000,6470.000000400613,-516564.64566819,300.33639075612757,400.63970048035446,167
3240000,6480.000000402651,-516235.7807911318,300.7657050132517,400.3588262870827,167
3245000,6490.000000404688,-516971.9301738278,303.84719957019655,399.8546476966654,167
3250000,6500.000000406725,-517059.2936731051,303.47099846388767,400.46847534837,167
3255000,6510.000000408762,-516893.016790058,300.74768245073716,398.27128149821664,167
3260000,6520.0000004108,-517532.13558373787,303.2564549706504,399.7660624414813,167
3265000,6530.000000412837,-516924.7960545826,303.25840949823714,398.79023733705543,167
3270000,6540.000000414874,-517113.83397625247,301.0753840004181,400.661461431718,167
3275000,6550.0000004169115,-515744.94754023384,299.9790758408017,398.13648003526976,167
3280000,6560.000000418949,-516869.1950948648,300.5887520854609,398.41037987098065,167
3285000,6570.000000420986,-517990.33122051833,298.1001384721686,397.32015560301704,167
3290000,6580.000000423023,-516069.46509093326,299.8930766269871,398.60455101991585,167
3295000,6590.0000004250605,-515609.01044095587,299.10485655998986,400.75422677234917,167
3300000,6600.000000427098,-517764.7661848357,298.77263232438156,399.9982802994926,167
3305000,6610.000000429135,-516772.8842888996,298.1766377728293,399.76429291121735,167
3310000,6620.000000431172,-515785.4798146542,299.07717499486665,401.8160003772348,167
3315000,6630.00000043321,-516383.9834484407,297.7684142319895,400.6924495685962,167
3320000,6640.000000435247,-516157.7026526765,300.9232944816952,399.525967983812,167
3325000,6650.000000437284,-516453.3914756393,301.3885856826535,400.91000587142184,167
3330000,6660.000000439321,-517937.7522910652,299.87821312650226,398.92683412183675,167
3335000,6670.000000441359,-515577.032869481,299.95303062435573,401.0228237685096,167
3340000,6680.000000443396,-516812.1889597755,302.12491986034354,400.89026062597657,167
3345000,6690.000000445433,-516809.7569682379,300.1573696654253,399.81573126623255,167
3350000,6700.0000004474705,-516812.7223303756,298.5507707162267,399.07046239480474,167
3355000,6710.000000449508,-515395.71274792217,300.6647059365625,398.7631888146786,167
3360000,6720.000000451545,-517255.9647364081,301.61903812136393,398.49691511658347,167
3365000,6730.000000453582,-516670.014478161,304.5226706679195,399.8113056796578,167
3370000,6740.00000045562,-516118.05821829056,300.75443238903074,399.862593225716,167
3375000,6750.000000457657,-516862.6165402746,301.55072056408943,400.3630543296808,167
3380000,6760.000000459694,-515865.5425926973,300.5565478344103,399.18319923300487,167
3385000,6770.000000461731,-515721.85324237077,298.88890398872496,399.85280082351335,167
3390000,6780.000000463769,-518209.9229140687,301.13338347020004,398.5977757702839,167
3395000,6790.000000465806,-517319.0835731351,300.273436786184,398.4567296243754,167
3400000,6800.000000467843,-515125.5493088593,298.8897221630636,398.96964055412377,167
3405000,6810.00000046988,-516624.2232340514,300.73688709488044,400.2615184197067,167
3410000,6820.000000471918,-516300.51409646636,302.543416034546,399.58413887082014,167
3415000,6830.000000473955,-516168.53418803774,301.1046564600886,400.20212377038985,167
3420000,6840.000000475992,-516392.12261671666,300.9511805904031,400.60038464527145,167
3425000,6850.0000004780295,-516443.6210717377,300.363322328107,399.5367811468971,167
3430000,6860.000000480067,-517235.7633893029,300.51429822064677,399.74164842268226,167
3435000,6870.000000482104,-515326.04836841393,301.7137418010588,401.48026205426453,167
3440000,6880.000000484141,-516913.35227514803,300.27900491709966,399.758259030302,167
3445000,6890.000000486179,-516756.07271698536,299.75448698485144,399.5252782811789,167
3450000,6900.000000488216,-517220.475607764,300.2682550153728,398.7735846039064,167
3455000,6910.000000490253,-515763.6563268043,300.6877966345634,400.3061040269824,167
3460000,6920.00000049229,-516522.3918804643,300.71625091989534,399.7975561988822,167
3465000,6930.000000494328,-518117.4129466517,302.59234740540825,398.46764903367756,167
3470000,6940.000000496365,-516476.41473258566,301.29560925989574,401.1595708657104,167
3475000,6950.000000498402,-516000.9694287935,302.8583677007835,400.1534802158854,167
3480000,6960.0000005004395,-516043.11135322927,300.08680212871957,400.49771774874654,167
3485000,6970.000000502477,-515859.12482149946,299.12485637715605,400.4167681125828,167
3490000,6980.000000504514,-515851.0980341253,304.5556249121138,400.8819920486307,167
3495000,6990.000000506551,-516199.5048445943,300.32789083383193,398.17211762873495,167
3500000,7000.0000005085885,-516375.8502536989,297.6013703045219,398.4011052521553,167
3505000,7010.000000510626,-518030.5723661925,299.72489634627146,397.55185975316834,167
3510000,7020.000000512663,-516058.3637906397,299.3931948331573,400.4855974324185,167
3515000,7030.0000005147,-517065.49970293604,300.6560241977472,399.23915894783516,167
3520000,7040.000000516738,-515979.98124612635,301.27138220864674,399.3005640382679,167
3525000,7050.000000518775,-516883.4763881108,303.14611507026194,398.67374956834385,167
3530000,7060.000000520812,-516884.45686644176,297.8609133863831,398.6112724999584,167
3535000,7070.000000522849,-517957.6626449968,298.31213653413016,399.42739600849455,167
3540000,7080.000000524887,-517303.8648124677,299.63171537992906,397.77463732999513,167
3545000,7090.000000526924,-515649.6732765571,302.0771021156644,399.35759354412477,167
3550000,7100.000000528961,-516419.0364858997,299.48444399897807,400.38517782093624,167
3555000,7110.0000005309985,-518190.9784517749,303.0166844353058,397.94772721432395,167
3560000,7120.000000533036,-516842.86013543094,299.6133519114401,398.38971841289657,167
3565000,7130.000000535073,-515645.63058751076,300.7813866880752,400.07025965513895,167
3570000,7140.00000053711,-516127.5358884465,300.1823239827531,400.05445542029554,167
3575000,7150.000000539148,-518183.8593626213,299.8273499551183,399.00447952943256,167
3580000,7160.000000541185,-516974.06569263665,300.2531642442383,399.31359214819406,167
3585000,7170.000000543222,-517575.56027391786,298.97217595474416,398.9844890953523,167
3590000,7180.000000545259,-516723.73082985077,298.89667664494186,397.68303863622145,167
3595000,7190.000000547297,-516461.2126105558,301.2524505635337,399.6738132246876,167
3600000,7200.000000549334,-515227.96227280004,300.3881630101101,399.5120441516201,167
3605000,7210.000000551371,-515610.44742519315,298.830881791878,398.7898200370208,167
3610000,7220.000000553408,-515666.2290327032,301.6813330064236,400.3516848220098,167
3615000,7230.000000555446,-517268.3811249831,301.61151546286163,399.30314433741216,167
3620000,7240.000000557483,-515440.5994825638,295.0406664411715,401.57514816786465,167
3625000,7250.00000055952,-517369.0401895023,298.4979984713859,398.7999640333502,167
3630000,7260.0000005615575,-517094.37520101573,300.89615836613115,399.20149376218325,167
3635000,7270.000000563595,-516575.5919882315,300.69056933648875,399.24633047316235,167
3640000,7280.000000565632,-516294.48099405225,299.9648941522657,400.00471526531834,167
3645000,7290.000000567669,-515654.12096287217,300.7362052829316,400.35821912437564,167
3650000,7300.000000569707,-515665.3312773481,302.02910255446557,400.23959603218407,167
3655000,7310.000000571744,-516176.8489027079,302.54223422716797,400.3160163132322,167
3660000,7320.000000573781,-517799.6978404522,298.22477369641786,398.1691220455822,167
3665000,7330.000000575818,-517141.20149140386,300.7912502342685,400.9241246156873,167
3670000,7340.000000577856,-515926.2655907776,299.53739806033855,400.5260345506652,167
3675000,7350.000000579893,-516570.2460331535,300.77038678863374,399.019786569868,167
3680000,7360.00000058193,-515951.91553957574,296.95855799914875,400.67723666310746,167
3685000,7370.000000583967,-516176.66036805604,300.94606700078674,399.89128660683696,167
3690000,7380.000000586005,-519139.9199909074,298.5876112885294,398.275871526016,167
3695000,7390.000000588042,-516374.9497583746,300.12359724689236,399.9230952271055,167
3700000,7400.000000590079,-517109.99494062643,298.8394953494985,398.37667928642685,167
3705000,7410.0000005921165,-516805.20725908224,302.00637548950397,399.9902206937601,167
3710000,7420.000000594154,-516624.3503039619,300.1755285903296,398.46267569095266,167
3715000,7430.000000596191,-516669.40446404694,302.07064762921533,398.54377355373396,167
3720000,7440.000000598228,-517273.2443186422,300.14916519497416,400.5899226576475,167
3725000,7450.000000600266,-516369.1217220882,300.04725703568647,399.93454058296845,167
3730000,7460.000000602303,-516339.3050816003,300.44529885142344,399.76165531561014,167
3735000,7470.00000060434,-515617.2004532367,299.4323308390212,398.59275112301754,167
3740000,7480.000000606377,-515868.65579785313,299.8773040439038,401.04813202449276,167
3745000,7490.000000608415,-516097.4223012659,302.5009391501328,400.9648377190539,167
3750000,7500.000000610452,-515957.1293399567,299.1113110464389,400.44777901728,167
3755000,7510.000000612489,-516091.3096906692,298.3640451505024,399.24620134183994,167
3760000,7520.0000006145265,-514899.6015574313,299.3099455942031,400.32347603153556,167
3765000,7530.000000616564,-517985.2560535744,300.62388812789146,398.9329721333434,167
3770000,7540.000000618601,-516389.8088941565,299.0167664561988,399.6486121104444,167
3775000,7550.000000620638,-516627.49193671206,297.67336964632017,400.8155442400878,167
3780000,7560.0000006226755,-517889.772670852,298.7850867559805,400.8681171586087,167
3785000,7570.000000624713,-517238.5609032358,300.3638905047311,399.09735883854574,167
3790000,7580.00000062675,-517401.8021973646,299.8574405891274,399.46351296117604,167
3795000,7590.000000628787,-517472.92822930124,300.3713677091034,398.9076261403698,167
3800000,7600.000000630825,-516303.3461666689,301.29301837449015,399.4179285345902,167
3805000,7610.000000632862,-516086.33321027365,300.72779626889576,400.04068954743997,167
3810000,7620.000000634899,-517057.71603798727,300.5115027916565,399.590445646338,167
3815000,7630.000000636936,-516424.6857865285,300.6985692633552,399.6249009800616,167
3820000,7640.000000638974,-516014.91657351144,299.18960578523155,400.01197957146934,167
3825000,7650.000000641011,-516140.45462221885,300.405321944156,399.81595503614045,167
3830000,7660.000000643048,-517115.1815302423,301.0615659449214,399.9142458151363,167
3835000,7670.0000006450855,-516912.39417062514,300.4971620136658,400.29272755858216,167
3840000,7680.000000647123,-517255.8329890799,300.44086707375595,397.8770358261344,167
3845000,7690.00000064916,-517278.13113694964,298.21972828799636,399.31874432947586,167
3850000,7700.000000651197,-518132.5511990017,302.04662512155096,397.6990586846047,167
3855000,7710.000000653235,-515701.81057122536,302.74491419249534,399.6252107803764,167
3860000,7720.000000655272,-516123.4074210413,301.2782003281352,400.95855058088915,167
3865000,7730.000000657309,-515442.0311991549,299.86062237822205,401.488934033417,167
3870000,7740.000000659346,-516579.6018320713,300.3315726183557,400.31083631527383,167
3875000,7750.000000661384,-515276.13434747,299.2566278998032,400.4663946535619,167
3880000,7760.000000663421,-517586.31718779635,301.2518823869097,398.9490174818058,167
3885000,7770.000000665458,-515456.43505384633,301.82646804326816,400.3479089125108,167
3890000,7780.000000667495,-517867.50229439046,298.9000402505561,399.73597526234795,167
3895000,7790.000000669533,-517514.74139441224,299.53857986771646,399.81879634411746,167
3900000,7800.00000067157,-516649.15767416777,300.8597723351277,399.7542481806431,167
3905000,7810.000000673607,-516479.9333088924,300.3955265791576,399.0479182546253,167
3910000,7820.0000006756445,-516109.1956976312,299.72689632798813,399.32513717989417,167
3915000,7830.000000677682,-516248.9965909468,300.3091182781737,400.118816674095,167
3920000,7840.000000679719,-516147.4634343772,301.2758139863142,401.31233192582255,167
3925000,7850.000000681756,-515342.37195703294,299.4972620636164,402.174660735297,167
3930000,7860.000000683794,-515909.82358433725,299.29226393766294,399.2297382190514,167
3935000,7870.000000685831,-517009.0336412224,303.4397714766304,399.77644881858834,167
3940000,7880.000000687868,-515579.5981722367,300.81563637497226,400.3598067650303,167
3945000,7890.000000689905,-515085.2249538298,297.2483508044738,401.14190372212505,167
3950000,7900.000000691943,-515071.0048437016,301.39397199704945,400.0698068348744,167
3955000,7910.00000069398,-516885.04933643946,301.86569495739184,400.15686200932487,167
3960000,7920.000000696017,-516844.21395549085,301.1225653872783,399.0825083333814,167
3965000,7930.0000006980545,-516380.8671933678,301.28342755307636,401.0652097480625,167
3970000,7940.000000700092,-515955.1115662204,298.6162928445109,398.9413082955766,167
3975000,7950.000000702129,-516983.1513543278,300.64993334433746,400.36170304502286,167
3980000,7960.000000704166,-517762.5192026431,300.19730111856273,397.2042724207434,167
3985000,7970.0000007062035,-516335.4652574952,298.84238168674864,399.4469278589371,167
3990000,7980.000000708241,-516667.27176451497,298.9240854852855,400.18431535385736,167
3995000,7990.000000710278,-516490.4004358663,301.5892656662643,399.0539924892665,167
4000000,8000.000000712315,-516388.7627998451,298.33629540418434,401.7635665513175,167
4005000,8010.000000714353,-516306.6295511625,299.9762349576815,399.7027103990821,167
4010000,8020.00000071639,-516339.0533280056,300.20730102714583,399.4943023637955,167
4015000,8030.000000718427,-517166.6171951564,298.9044720282236,400.73383852439594,167
4020000,8040.000000720464,-514544.35431082733,299.894303888495,401.3691468483908,167
4025000,8050.000000722502,-516052.1784534259,301.26785951357766,399.3398570307134,167
4030000,8060.000000724539,-516162.00998797687,299.60989739756593,401.23078836178297,167
4035000,8070.000000726576,-516868.17395958025,299.3214909432035,397.4778602859003,167
4040000,8080.0000007286135,-517604.77019183757,299.95493969781256,398.9498689973052,167
4045000,8090.000000730651,-516614.7429326973,299.5582387789083,399.6128303967253,167
4050000,8100.000000732688,-516075.312371003,302.06935218651256,399.66095306569883,167
4055000,8110.000000734725,-516580.62648903206,298.23425088250684,397.34603642223794,167
4060000,8120.000000736763,-516953.86616281,298.957494270779,400.25474996498684,167
4065000,8130.0000007388,-516266.0734704593,300.02375725051616,398.7885598286355,167
4070000,8140.000000740837,-515258.07051816164,301.5394706669334,400.3937422816591,167
4075000,8150.000000742874,-514993.37226667115,298.58122498327515,400.79232313706217,167
4080000,8160.000000744912,-517860.1038198685,299.39458118412,398.44386750751875,167
4085000,8170.000000746949,-515915.04478904,299.3666496212822,401.81931041368205,167
4090000,8180.000000748986,-516171.08815560164,300.6547060279794,400.3251174210295,167
4095000,8190.000000751023,-516279.63658971945,299.25826424848043,399.2171345757005,167
4100000,8200.00000075306,-516794.25317539414,300.0313480902134,399.7995159235304,167
4105000,8210.000000755097,-516400.5669767554,299.8350771572052,398.55731578311696,167
4110000,8220.000000757134,-516113.3019530671,303.11620625277254,401.0588588568045,167
4115000,8230.000000759172,-515715.4984027655,302.59282467377244,401.26171310306376,167
4120000,8240.000000761209,-517210.9352013613,302.1291016402965,398.7046024671936,167
4125000,8250.000000763246,-517157.54154862044,300.4553669412014,398.9682424884442,167
4130000,8260.000000765283,-516674.03756950796,299.0159937359901,399.38754746534477,167
4135000,8270.00000076732,-516921.7373190862,298.1066384127476,398.8305535468137,167
4140000,8280.000000769358,-516263.8460759828,299.03444811273886,399.65836955670056,167
4145000,8290.000000771395,-515859.6413635337,300.68725118500436,399.84539292502694,167
4150000,8300.000000773432,-515622.9661728586,298.8527679554361,400.61667656987,167
4155000,8310.00000077547,-516845.2831777199,303.9418123416316,398.4319867747141,167
4160000,8320.000000777507,-516018.8580102902,298.1840467960067,399.4087121401017,167
4165000,8330.000000779544,-516276.6013819054,298.2511825459032,398.8968790634285,167
4170000,8340.000000781582,-515817.91848707106,302.5602567896825,401.1404728853965,167
4175000,8350.000000783619,-517164.7420540238,298.5615206179535,400.3293748736273,167
4180000,8360.000000785656,-515948.95053289505,298.2481598462633,398.8091079599089,167
4185000,8370.000000787693,-516070.76631055214,300.38066307867274,399.17107605421006,167
4190000,8380.00000078973,-516494.0033444301,300.4627532373139,400.14302661240527,167
4195000,8390.000000791768,-517602.87327226344,298.5659069414911,399.6712290345903,167
4200000,8400.000000793805,-516401.2659489736,303.1998191247662,397.3906205130721,167
4205000,8410.000000795842,-516410.68682680884,301.04815697659416,400.410395789449,167
4210000,8420.00000079788,-516320.19559982605,300.3681859200088,399.0678706508367,167
4215000,8430.000000799917,-514334.4028706914,298.75035980071925,401.97556643776727,167
4220000,8440.000000801954,-515660.4911156888,298.7387235434589,401.1868174776499,167
4225000,8450.000000803991,-515045.00351385167,299.61578370739096,398.96003072012735,167
4230000,8460.000000806029,-516361.2769332109,300.8024319502296,399.9908711657029,167
4235000,8470.000000808066,-516563.90412826417,299.5949202617563,399.65035357269767,167
4240000,8480.000000810103,-516331.4033508552,299.29078667844044,399.64348788239516,167
4245000,8490.00000081214,-515179.14925427176,300.0898021012945,398.6644443133411,167
4250000,8500.000000814178,-515696.32529984927,299.0636296641496,399.7850138709054,167
4255000,8510.000000816215,-515072.197744695,301.00402101643874,400.4884042355028,167
4260000,8520.000000818252,-517811.2312620189,301.7852411474279,398.38028516982826,167
4265000,8530.00000082029,-517602.9971600161,298.37304506822716,399.9174308220552,167
4270000,8540.000000822327,-517299.6887798668,300.6211608800961,398.70492683269185,167
4275000,8550.000000824364,-517831.27365553007,299.212401031388,399.5021641600971,167
4280000,8560.000000826401,-517092.8631324158,300.8401361510009,398.28532608265374,167
4285000,8570.000000828439,-515511.21771945804,298.1650469696989,399.5475243050702,167
4290000,8580.000000830476,-517491.48263404844,303.1613876579161,400.0847333121045,167
4295000,8590.000000832513,-517114.5459990022,300.1431879768893,399.52881466683493,167
4300000,8600.00000083455,-516559.24428026984,298.22018282929565,399.9245497453436,167
4305000,8610.000000836588,-516393.99893049337,301.16365592072884,400.6955559862242,167
4310000,8620.000000838625,-516020.7573515619,300.9795666945401,398.33000014796295,167
4315000,8630.000000840662,-517440.4466795982,300.90215831128097,399.88301854980836,167
4320000,8640.0000008427,-517380.6541880178,299.4776486065545,398.5904436633538,167
4325000,8650.000000844737,-516696.54800115013,298.87958589209074,400.5101718553552,167
4330000,8660.000000846774,-515455.34770146385,302.50623455626885,400.27755139244874,167
4335000,8670.000000848811,-517434.16378912143,300.86384047975577,398.1562232596481,167
4340000,8680.000000850849,-515121.84538077656,299.53103448214927,401.19092798949947,167
4345000,8690.000000852886,-517574.76061606966,301.2106554910694,398.76721514628355,167
4350000,8700.000000854923,-516315.96635431796,302.7536413854405,400.65507266491466,167
4355000,8710.00000085696,-516746.22120734304,299.45026249327583,399.43855137381547,167
4360000,8720.000000858998,-515944.9836478564,301.98808020220997,401.2652451022169,167
4365000,8730.000000861035,-516121.4600671544,298.99665300370776,401.1527630705765,167
4370000,8740.000000863072,-517009.4419290414,301.04474791684993,399.7071942828024,167
4375000,8750.00000086511,-515765.47494694265,301.72076446413195,399.2362834585784,167
4380000,8760.000000867147,-515374.93793035345,297.0526935022196,400.2089196651205,167
4385000,8770.000000869184,-516454.3322130656,300.8279771712464,399.6196075526411,167
4390000,8780.000000871221,-516288.4056379497,300.72215995678533,399.4063748330621,167
4395000,8790.000000873259,-516454.0747895492,301.45660778808355,400.83535721352166,167
4400000,8800.000000875296,-515466.9704267769,302.3732584991787,399.80252307793245,167
4405000,8810.000000877333,-517250.273830093,300.91584000438786,398.55373293298794,167
4410000,8820.00000087937,-516672.235250365,298.81981371124175,402.41417404483167,167
4415000,8830.000000881408,-517094.38476884086,301.6345379796677,398.60847237296304,167
4420000,8840.000000883445,-515889.92837202735,298.0373890458097,400.02147412788474,167
4425000,8850.000000885482,-515178.3484179401,303.18738742023214,400.5575967020105,167
4430000,8860.00000088752,-516219.99348453386,298.8887676263352,398.0158916719981,167
4435000,8870.000000889557,-515008.7043102607,298.4497489124725,400.86924045223526,167
4440000,8880.000000891594,-517040.3768562749,300.0479843017652,397.56928603901616,167
4445000,8890.000000893631,-516724.06091096625,300.0809385459595,398.5795504471169,167
4450000,8900.000000895669,-516683.27178756474,300.31648184722127,399.6941058147088,167
4455000,8910.000000897706,-514736.9090762958,298.2597051952638,400.23936285926766,167
4460000,8920.000000899743,-516037.5160267656,299.6977602307074,400.53297959835794,167
4465000,8930.00000090178,-516835.10358800506,300.62045634108233,399.87957158494834,167
4470000,8940.000000903818,-517194.17647004547,301.57156128265916,398.94263456028676,167
4475000,8950.000000905855,-516135.0081094564,300.28859573851344,399.2307193750698,167
4480000,8960.000000907892,-516211.2177217975,303.42595342113384,398.84612773465346,167
4485000,8970.00000090993,-515465.9660760686,299.5246254498301,399.73082244143575,167
4490000,8980.000000911967,-515448.3920939504,300.8040682989068,397.8556660444367,167
4495000,8990.000000914004,-517238.4195459639,299.3026047522205,396.8624672056475,167
4500000,9000.000000916041,-515986.4565445692,300.03568895962104,401.0756799367986,167
4505000,9010.000000918079,-516179.49556461815,300.5190709042887,398.55136601217333,167
4510000,9020.000000920116,-516025.1875427617,303.04557053487196,398.3022071274229,167
4515000,9030.000000922153,-516624.38880285015,301.70896911741687,398.9004490594895,167
4520000,9040.00000092419,-515853.41053737234,301.47656215111977,401.3101041572687,167
4525000,9050.000000926228,-517971.0734799281,299.09544755509575,398.9948471258459,167
4530000,9060.000000928265,-516500.49736740766,302.0328297931193,397.6467129844986,167
4535000,9070.000000930302,-516981.31817782763,298.81042743341266,400.0143220785931,167
4540000,9080.00000093234,-515998.3979153228,298.07402507452775,400.3098298273094,167
4545000,9090.000000934377,-516528.001234571,303.0844565430212,399.26651408090675,167
4550000,9100.000000936414,-516355.97701944923,299.61953367310963,399.5874820742312,167
4555000,9110.000000938451,-515796.1424134555,300.7527051320937,399.0465099637278,167
4560000,9120.000000940488,-517576.823663943,300.9192490641321,397.8114290049875,167
4565000,9130.000000942526,-516272.2244443381,300.8537269358479,400.7821307755211,167
4570000,9140.000000944563,-516694.4860497876,298.50954382038634,399.4160831672702,167
4575000,9150.0000009466,-516039.63688485976,299.28112767583184,399.77257821995255,167
4580000,9160.000000948638,-515257.45222901274,299.6736468147831,400.9318827046431,167
4585000,9170.000000950675,-516138.9220921146,299.4546715438784,400.55122705576883,168
4590000,9180.000000952712,-516586.9912712518,298.315181960835,399.4579908808222,168
4595000,9190.00000095475,-516028.74063769076,299.42630816680634,400.1280614308732,168
4600000,9200.000000956787,-516782.88973169774,300.1238699716719,398.7438478715979,168
4605000,9210.000000958824,-516494.3093443378,297.24946443065693,398.4352051159704,168
4610000,9220.000000960861,-514858.643583721,299.7494870305599,401.16205326436517,168
4615000,9230.000000962898,-516432.19764075335,302.51423448313534,400.06597212509985,168
4620000,9240.000000964936,-516526.22252136376,300.1296199191072,399.4495153119862,168
4625000,9250.000000966973,-516063.63236145116,299.5257390760132,399.17597104277485,168
4630000,9260.00000096901,-516475.9782141065,300.26875501080195,399.36786880613903,168
4635000,9270.000000971047,-516601.03540202137,297.7088465947252,398.6803550553202,168
4640000,9280.000000973085,-516893.7331975172,300.09148390410166,399.89847079055784,168
4645000,9290.000000975122,-515497.23927704385,298.66506512591843,400.2617384412507,168
4650000,9300.00000097716,-516647.8837220934,301.6228335412125,399.81548045632445,168
4655000,9310.000000979197,-517252.8743151631,298.2031148035095,399.66186976527405,168
4660000,9320.000000981234,-516822.1226416137,301.6138790776176,399.7251936557367,168
4665000,9330.000000983271,-515945.0134232873,301.6144927083716,399.4066016975274,168
4670000,9340.000000985308,-515637.6740650167,299.85705422902305,400.59916726678046,168
4675000,9350.000000987346,-515236.78651243215,300.23155080545985,400.91386494332545,168
4680000,9360.000000989383,-515504.95268194797,298.66595148145194,398.8485460571003,168
4685000,9370.00000099142,-516213.0013538427,300.7405461523393,399.4122265305818,168
4690000,9380.000000993457,-516593.3782140184,301.0761794476918,400.0353650985304,168
4695000,9390.000000995495,-515905.92967439676,300.8270226345181,398.12128832199335,168
4700000,9400.000000997532,-516097.2902469784,299.84116801061487,399.05104778136456,168
4705000,9410.00000099957,-516528.0006726063,299.4307399444738,399.2181341666311,168
4710000,9420.000001001607,-517584.7833325723,301.1681558795912,400.7604789272787,168
4715000,9430.000001003644,-516397.8479047287,302.1569195678095,398.9543772972453,168
4720000,9440.000001005681,-517612.0912157432,300.10764284728936,398.0767858280477,168
4725000,9450.000001007718,-515934.3138860804,300.28311851585767,398.9005484233347,168
4730000,9460.000001009756,-516176.79594884766,299.83244081766964,399.3063788543453,168
4735000,9470.000001011793,-517117.75244672503,302.7815956753433,400.0282051216904,168
4740000,9480.00000101383,-516820.0532587869,299.6171246042237,399.34044208396176,168
4745000,9490.000001015867,-517004.42564279446,299.726964509183,399.7477703829025,168
4750000,9500.000001017905,-516676.2542338013,298.73785991499034,399.9535886679827,168
4755000,9510.000001019942,-516667.3398035425,299.2296736007588,399.78349862234165,168
4760000,9520.00000102198,-516714.4377941317,300.9087264330549,399.7102976933352,168
4765000,9530.000001024016,-516640.1120342682,298.83285904652973,398.70250862654916,168
4770000,9540.000001026054,-516317.8316477351,298.5944975892127,399.6515005852523,168
4775000,9550.000001028091,-517279.4682024587,301.53592524479944,399.9428137167063,168
4780000,9560.000001030128,-518452.64999359567,300.77088678406295,397.580099671846,168
4785000,9570.000001032166,-516931.2723956718,300.8159318268168,400.8358697386691,168
4790000,9580.000001034203,-515872.39706074586,299.5698523091037,399.32371679592023,168
4795000,9590.00000103624,-516068.218067877,300.433117144604,400.75386056905,168
4800000,9600.000001038277,-516741.1906110607,301.10647462528556,399.9928830903924,168
4805000,9610.000001040315,-516847.6226174161,300.4475488308546,398.3926605607147,168
4810000,9620.000001042352,-518307.7521539228,300.8564996377732,398.2600553765958,168
4815000,9630.00000104439,-516753.8148936671,301.0105664111477,398.47547347576426,168
4820000,9640.000001046426,-516058.1713165124,302.19253287860425,399.6526418986477,168
4825000,9650.000001048464,-517114.740107981,301.9905574522908,398.16451237033857,168
4830000,9660.000001050501,-515394.28439584794,298.4521807084234,400.46644375600874,168
4835000,9670.000001052538,-516607.1461828379,300.74243249873103,400.94808823272575,168
4840000,9680.000001054575,-517232.7662452259,298.5230664240385,397.5921086217671,168
4845000,9690.000001056613,-517217.8764644107,302.2626458740107,400.17127430642483,168
4850000,9700.00000105865,-516237.3569079009,300.678592173254,399.4610003561422,168
4855000,9710.000001060687,-515789.10603238223,300.8246135656321,399.63238891502124,168
4860000,9720.000001062725,-516437.24319257913,302.4469396437841,398.3891290414218,168
4865000,9730.000001064762,-517571.0862520267,301.078429427123,398.29218975542125,168
4870000,9740.000001066799,-518384.6262586238,298.6624969675778,399.73612332311046,168
4875000,9750.000001068836,-515658.6237689317,300.7871820896404,399.5358381410034,168
4880000,9760.000001070874,-516164.4918325795,300.6127745931253,401.2514065237646,168
4885000,9770.00000107291,-516242.080960914,301.18974659130475,400.20717570749105,168
4890000,9780.000001074948,-515597.616392293,299.8489633938967,399.5159738726316,168
4895000,9790.000001076985,-516807.9008484599,301.2997683127837,399.8792370498575,168
4900000,9800.000001079023,-516064.5453665275,299.40203566142736,400.3477744622669,168
4905000,9810.00000108106,-516317.15716812713,301.00302102558044,398.65165609589394,168
4910000,9820.000001083097,-516184.3155981507,299.4062174413803,398.5508505689304,168
4915000,9830.000001085134,-517027.5499258288,300.7313871451597,399.26709068022706,168
4920000,9840.000001087172,-517260.4167344994,299.1067656334466,399.18527054704873,168
4925000,9850.000001089209,-516530.67062563077,301.2117236631226,400.379665602238,168
4930000,9860.000001091246,-516581.8218555548,297.40905388081705,399.6116003259514,168
4935000,9870.000001093284,-515599.74948310014,299.2896503251924,399.8897143879466,168
4940000,9880.00000109532,-516665.2844050806,301.0855657255209,398.7646645660866,168
4945000,9890.000001097358,-516856.2453803867,299.3404225883166,399.5354852948902,168
4950000,9900.000001099395,-517110.5919998195,301.02147540232926,399.20455645037543,168
4955000,9910.000001101433,-515101.65755807934,301.325040809021,399.85564760564733,168
4960000,9920.00000110347,-515771.5823311554,301.2277916980504,400.9808686555375,168
4965000,9930.000001105507,-515241.107825954,298.0751159736459,400.33545843899054,168
4970000,9940.000001107544,-515261.6424569269,300.8078182646255,401.2741607535525,168
4975000,9950.000001109582,-516298.50068191765,300.44045798658664,399.6203732050937,168
4980000,9960.000001111619,-515227.82051036647,300.6016383312941,399.9005094154673,168
4985000,9970.000001113656,-517008.5526920846,300.2708913549083,400.0458976437508,168
4990000,9980.000001115694,-516166.10598371504,303.3207725644916,399.3056161027935,168
4995000,9990.00000111773,-516440.70649969904,301.15258784009256,400.2734348224334,168
5000000,10000.000001119768,-515504.12736642826,300.32634539341456,399.9060671723119,168
5005000,10010.000001121805,-517679.08068949217,300.6539787619006,398.2708057629972,168
5010000,10020.000001123843,-515996.74885694124,303.3027727290421,399.63123750737867,168
5015000,10030.00000112588,-515324.3590516336,299.03412993382943,400.7184541749607,168
5020000,10040.000001127917,-517059.2243439299,300.3987992765121,399.62134565385816,168
5025000,10050.000001129954,-516755.1444873442,300.38225397322003,397.84537070012567,168
5030000,10060.000001131992,-516782.57795363944,299.4709895765208,396.9439129950943,168
5035000,10070.000001134029,-516979.69681845326,302.232918873041,399.77489988730616,168
5040000,10080.000001136066,-516752.27343761455,298.93276722410076,397.9156232219098,168
5045000,10090.000001138103,-516374.85070923343,303.3768629608168,399.88976250792507,168
5050000,10100.00000114014,-516863.54395002313,301.48356208712795,398.216438857043,168
