AutoDock Vina v1.2.7
#################################################################
# If you used AutoDock Vina in your work, please cite:          #
#                                                               #
# J. Eberhardt, D. Santos-Martins, A. F. Tillack, and S. Forli  #
# AutoDock Vina 1.2.0: New Docking Methods, Expanded Force      #
# Field, and Python Bindings, J. Chem. Inf. Model. (2021)       #
# DOI 10.1021/acs.jcim.1c00203                                  #
#                                                               #
# O. Trott, A. J. Olson,                                        #
# AutoDock Vina: improving the speed and accuracy of docking    #
# with a new scoring function, efficient optimization and       #
# multithreading, J. Comp. Chem. (2010)                         #
# DOI 10.1002/jcc.21334                                         #
#                                                               #
# Please see https://github.com/ccsb-scripps/AutoDock-Vina for  #
# more information.                                             #
#################################################################

Scoring function : vinardo
Rigid receptor: 03_receptors/ttbk/7JXXdry/receptor.pdbqt
Ligand: 02_ligands/pdbqt/candidates/cand_043.pdbqt
Grid center: X 178.93 Y 19.64 Z 46.21
Grid size  : X 18 Y 18 Z 18
Grid space : 0.375
Exhaustiveness: 32
CPU: 0
Verbosity: 1

Computing Vinardo grid ... done.
Performing docking (random seed: 33) ... 
0%   10   20   30   40   50   60   70   80   90   100%
|----|----|----|----|----|----|----|----|----|----|
***************************************************

mode |   affinity | dist from best mode
     | (kcal/mol) | rmsd l.b.| rmsd u.b.
-----+------------+----------+----------
   1       -5.922          0          0
   2       -5.568       3.17      5.206
   3       -5.541       3.59      5.687
   4       -5.438      2.979      3.893
   5       -5.421      2.548      7.908
   6       -5.338      2.641      3.597
   7       -5.336      2.815      4.398
   8       -5.328      3.267      5.736
   9        19.21      3.549      7.657
