
CPPTRAJ: Trajectory Analysis. V7.6.2 (AmberTools)
    ___  ___  ___  ___
     | \/ | \/ | \/ | 
    _|_/\_|_/\_|_/\_|_

| Date/time: 09/27/26 04:13:14
| Available memory: 6.050 GB

INPUT: Reading input from 'core_rmsd.cpptraj'
  [parm stripped.complex.prmtop]
	Reading 'stripped.complex.prmtop' as Amber Topology
	Radius Set: modified Bondi radii (mbondi)
  [trajin production_full_stripped.nc]
	Reading 'production_full_stripped.nc' as Amber NetCDF
  [rms fitcore :1-496@CA,C,N out prot_core_rmsd.dat mass]
    RMSD: (:1-496@CA,C,N), reference is first frame (:1-496@CA,C,N), mass-weighted.
	Best-fit RMSD will be calculated, coords will be rotated and translated.
  [rms ligcore :MOL nofit out lig_corefit_rmsd.dat mass]
    RMSD: (:MOL), reference is first frame (:MOL), mass-weighted.
	No fitting will be performed.
  [rms fadcore :FAD nofit out fad_corefit_rmsd.dat mass]
    RMSD: (:FAD), reference is first frame (:FAD), mass-weighted.
	No fitting will be performed.
  [run]
---------- RUN BEGIN -------------------------------------------------

PARAMETER FILES (1 total):
 0: stripped.complex.prmtop, 8319 atoms, 515 res, box: Truncated octahedron, 3 mol

INPUT TRAJECTORIES (1 total):
 0: 'production_full_stripped.nc' is a NetCDF (NetCDF3) AMBER trajectory with coordinates, time, box, Parm stripped.complex.prmtop (Truncated octahedron box) (reading 1000 of 1000)
  Coordinate processing will occur on 1000 frames.

BEGIN TRAJECTORY PROCESSING:
.....................................................
ACTION SETUP FOR PARM 'stripped.complex.prmtop' (3 actions):
  0: [rms fitcore :1-496@CA,C,N out prot_core_rmsd.dat mass]
	Target mask: [:1-496@CA,C,N](1488)
	Reference topology: stripped.complex.prmtop
	Reference mask: [:1-496@CA,C,N](1488)
  1: [rms ligcore :MOL nofit out lig_corefit_rmsd.dat mass]
	Target mask: [:MOL](35)
	Reference topology: stripped.complex.prmtop
	Reference mask: [:MOL](35)
  2: [rms fadcore :FAD nofit out fad_corefit_rmsd.dat mass]
	Target mask: [:FAD](84)
	Reference topology: stripped.complex.prmtop
	Reference mask: [:FAD](84)
----- production_full_stripped.nc (1-1000, 1) -----
 0% 10% 20% 30% 40% 50% 60% 70% 80% 90% 100% Complete.

Read 1000 frames and processed 1000 frames.
TIME: Avg. throughput= 256.2160 frames / second.

ACTION OUTPUT:
TIME: Analyses took 0.0000 seconds.

DATASETS (3 total):
	fitcore "fitcore" (double, rms), size is 1000 (8.000 kB)
	ligcore "ligcore" (double, rms), size is 1000 (8.000 kB)
	fadcore "fadcore" (double, rms), size is 1000 (8.000 kB)
    Total data set memory usage is at least 24.000 kB

DATAFILES (3 total):
  prot_core_rmsd.dat (Standard Data File):  fitcore
  lig_corefit_rmsd.dat (Standard Data File):  ligcore
  fad_corefit_rmsd.dat (Standard Data File):  fadcore

RUN TIMING:
TIME:		Init               : 0.0000 s (  0.00%)
TIME:		Trajectory Process : 3.9030 s ( 98.92%)
TIME:		Action Post        : 0.0000 s (  0.00%)
TIME:		Analysis           : 0.0000 s (  0.00%)
TIME:		Data File Write    : 0.0391 s (  0.99%)
TIME:		Other              : 0.0034 s (  0.00%)
TIME:	Run Total 3.9455 s
---------- RUN END ---------------------------------------------------
  [quit]
TIME: Total execution time: 4.3329 seconds.
--------------------------------------------------------------------------------
To cite CPPTRAJ use:
Daniel R. Roe and Thomas E. Cheatham, III, "PTRAJ and CPPTRAJ: Software for
  Processing and Analysis of Molecular Dynamics Trajectory Data". J. Chem.
  Theory Comput., 2013, 9 (7), pp 3084-3095.

