
CPPTRAJ: Trajectory Analysis. V7.6.2 (AmberTools)
    ___  ___  ___  ___
     | \/ | \/ | \/ | 
    _|_/\_|_/\_|_/\_|_

| Date/time: 09/27/26 04:13:10
| Available memory: 6.064 GB

INPUT: Reading input from 'rmsf.cpptraj'
  [parm stripped.complex.prmtop]
	Reading 'stripped.complex.prmtop' as Amber Topology
	Radius Set: modified Bondi radii (mbondi)
  [trajin production_full_stripped.nc]
	Reading 'production_full_stripped.nc' as Amber NetCDF
  [rms fitprot @CA,C,N mass]
    RMSD: (@CA,C,N), reference is first frame (@CA,C,N), mass-weighted.
	Best-fit RMSD will be calculated, coords will be rotated and translated.
  [atomicfluct out rmsf_byres.dat @CA byres]
    ATOMICFLUCT: calculating atomic positional fluctuations over residues.
	Output to file rmsf_byres.dat
	Atom mask: [@CA]
	Start: 1  Stop: Final frame
  [run]
---------- RUN BEGIN -------------------------------------------------

PARAMETER FILES (1 total):
 0: stripped.complex.prmtop, 8319 atoms, 515 res, box: Truncated octahedron, 3 mol

INPUT TRAJECTORIES (1 total):
 0: 'production_full_stripped.nc' is a NetCDF (NetCDF3) AMBER trajectory with coordinates, time, box, Parm stripped.complex.prmtop (Truncated octahedron box) (reading 1000 of 1000)
  Coordinate processing will occur on 1000 frames.

BEGIN TRAJECTORY PROCESSING:
.....................................................
ACTION SETUP FOR PARM 'stripped.complex.prmtop' (2 actions):
  0: [rms fitprot @CA,C,N mass]
	Target mask: [@CA,C,N](1539)
	Reference topology: stripped.complex.prmtop
	Reference mask: [@CA,C,N](1539)
  1: [atomicfluct out rmsf_byres.dat @CA byres]
	Mask [@CA] corresponds to 513 atoms.
----- production_full_stripped.nc (1-1000, 1) -----
 0% 10% 20% 30% 40% 50% 60% 70% 80% 90% 100% Complete.

Read 1000 frames and processed 1000 frames.
TIME: Avg. throughput= 330.1773 frames / second.

ACTION OUTPUT:
    ATOMICFLUCT: Calculating fluctuations for 1000 sets.
TIME: Analyses took 0.0000 seconds.

DATASETS (2 total):
	fitprot "fitprot" (double, rms), size is 1000 (8.000 kB)
	Fluct_00002 "AtomicFlx" (X-Y mesh), size is 513 (8.208 kB)
    Total data set memory usage is at least 16.208 kB

DATAFILES (1 total):
  rmsf_byres.dat (Standard Data File):  AtomicFlx

RUN TIMING:
TIME:		Init               : 0.0033 s (  0.11%)
TIME:		Trajectory Process : 3.0287 s ( 99.49%)
TIME:		Action Post        : 0.0000 s (  0.00%)
TIME:		Analysis           : 0.0000 s (  0.00%)
TIME:		Data File Write    : 0.0122 s (  0.40%)
TIME:		Other              : 0.0000 s (  0.00%)
TIME:	Run Total 3.0442 s
---------- RUN END ---------------------------------------------------
  [quit]
TIME: Total execution time: 3.6033 seconds.
--------------------------------------------------------------------------------
To cite CPPTRAJ use:
Daniel R. Roe and Thomas E. Cheatham, III, "PTRAJ and CPPTRAJ: Software for
  Processing and Analysis of Molecular Dynamics Trajectory Data". J. Chem.
  Theory Comput., 2013, 9 (7), pp 3084-3095.

