restrained 53 heavy atoms of residue FAD at k=10.0 kcal/mol/A^2
System 06_md/system_MAOB_p2_r2: 90129 atoms, 5000000 production steps
Minimizing...
Heating / equilibration (100 ps)...
#"Step","Potential Energy (kJ/mole)","Temperature (K)","Box Volume (nm^3)","Speed (ns/day)"
5000,-1150466.08449555,300.50710602150156,915.4261638390224,--
10000,-1153799.6878149947,301.73422180158013,907.3068358901573,89.4
15000,-1157303.1544005806,300.773692112185,900.9180515958432,90.6
20000,-1156155.7660339698,299.6962952243116,902.9787777630556,90.8
25000,-1155810.1174437637,300.56858824160486,903.6094192085187,90.8
30000,-1154964.5965890707,301.39357155719347,903.0338791752465,90.9
35000,-1154798.3285610313,301.0328350816951,905.7207976589668,90.8
40000,-1154456.374918905,300.6362696640005,901.9180012382482,90.9
45000,-1157948.9278692966,299.970467180958,902.1596820596733,90.9
50000,-1155124.382831078,298.72915849036804,904.6121064866911,90.8
Production run...
55000,-1153641.5072553111,299.0243139310895,901.2292679091707,90.7
60000,-1155935.509872918,301.29562823939705,901.6610920240555,88.5
65000,-1157458.8025840297,299.3143917357229,902.8493638290252,88.5
70000,-1155906.8554584133,303.175475158211,903.5190640825475,88.6
75000,-1155848.5532802762,299.9203433676864,903.1690897688779,88.7
80000,-1157472.3450395642,301.8121400646033,902.266421284145,88.8
85000,-1156062.036222728,300.00762161048647,901.6459453030097,88.8
90000,-1155763.2033849508,300.19131376262266,902.112252445917,88.8
95000,-1155508.8217044203,299.5726170601568,901.3465439484371,88.8
100000,-1156409.8960021334,299.7506402049336,902.8075340224161,88.9
105000,-1156845.2419684688,300.4095501538484,900.5702210416263,88.9
110000,-1154175.0600235201,299.5317920503237,902.9054627576211,89
115000,-1155077.4810248166,300.5100424857453,902.2971673987506,89
120000,-1154384.5390224205,298.6952260146626,903.909139076782,89
125000,-1155546.8351147026,299.51131836906876,901.4056734894637,89
130000,-1155928.7372255465,301.3323952187822,902.3580985092558,89
135000,-1156746.3712521344,301.79994558114663,902.7340093489263,89
140000,-1154123.9714951636,299.84668705623926,901.9517193865443,89
145000,-1155057.8824542332,300.67703349749524,903.0733122790018,89
150000,-1157091.2927455045,299.9522978084499,902.6880699964858,89.1
155000,-1155792.9427800486,301.0096084652116,901.2971638252798,89.1
160000,-1155741.6187226977,299.01689120202894,902.6712939687014,89
165000,-1155288.5934383385,300.32235347949955,900.4863145080433,89.1
170000,-1156843.8838690156,300.44087243911497,901.4089186143267,89
175000,-1156804.4495087788,300.5148346322542,901.2943876379343,89
180000,-1158310.2585899793,301.2134480247979,900.936452639168,89
185000,-1155900.490092977,301.01417629847964,900.3604375827585,89
190000,-1154910.473001157,302.04891288636765,903.9232715295792,89.1
195000,-1158189.0491786571,300.164885584429,901.8628990061167,89.1
200000,-1157486.107115781,299.94460998192284,900.4232369167185,89.1
205000,-1154515.2580722645,301.1889774894334,901.1938801541398,89.1
210000,-1156439.8319023177,301.29677019771407,901.7308505429924,89.1
215000,-1155350.1306295162,300.4678308122415,902.7620812335657,89.1
220000,-1157500.9492016658,300.29288687649813,900.490964693224,89.1
225000,-1154644.1793984268,300.4577775006293,902.1347148376558,89.1
230000,-1154957.4247196633,299.0878353624732,901.0859506455527,89.1
235000,-1156780.9085939638,301.9253978591153,902.511404314724,89
240000,-1154867.4522916758,300.53335067067997,902.5053999171586,89
245000,-1155790.3926414885,299.86571289748514,902.6971667799047,89.1
250000,-1157132.3039956493,300.51885187847654,903.2480892127336,89.1
255000,-1156440.7793451343,300.6052328683132,900.8687240215897,89.1
260000,-1156976.3329760665,300.25548774161604,902.0756374769973,89.1
265000,-1157322.2667076457,300.7510364748601,901.1608450043611,89
270000,-1156108.0723327827,299.8702603386404,903.633379049037,89
275000,-1155234.3386173379,301.1949523784849,901.9505518072651,89
280000,-1155197.0073256698,300.9635630745007,901.7520882462932,89.1
285000,-1156576.8071591388,299.73432651469057,904.2394000347564,89.1
290000,-1155692.114263826,301.16348734842876,904.2727622022583,89
295000,-1154083.7688191393,300.4890182174446,903.7726777889402,89
300000,-1154765.0884851608,301.26838437669124,900.7282990545062,89
305000,-1156447.7918669432,300.92339061227733,904.6442557986255,88.9
310000,-1154639.6891139345,300.30871115603384,903.3410345056564,88.9
315000,-1157110.8844463322,301.0893008420487,901.9377579793594,88.9
320000,-1156957.5528620882,299.7285351546543,903.3409639214566,88.9
325000,-1157236.7861451833,300.78323562097717,903.6435806555626,88.9
330000,-1156486.2481004214,300.2300791690626,905.7751774351573,88.8
335000,-1156915.7034066971,299.70165834997897,902.4345049102723,88.8
340000,-1155486.5627093613,301.2905709954217,901.2550151959884,88.8
345000,-1157273.5789000457,300.89261891405647,902.2246730151029,88.8
350000,-1154940.8749030698,301.64979845457265,902.739355538133,88.8
355000,-1154609.516253626,298.3351013025483,903.898395106567,88.8
360000,-1154647.9142513014,300.23531994205314,902.9510793066655,88.8
365000,-1154923.6179549797,300.00564357554447,904.5249492626336,88.8
370000,-1157906.9562705187,298.54632280696956,902.4688454095688,88.8
375000,-1155929.7959526414,300.84561509404386,902.4759425117471,88.8
380000,-1155930.5736333784,301.44045302452935,901.7544569070492,88.7
385000,-1155000.906099731,300.6191198971326,903.3477970688048,88.7
390000,-1156788.7000308568,299.3508732255288,904.5841540702114,88.7
395000,-1154919.507131477,299.9735667821042,897.8972384159975,88.7
400000,-1157795.201682359,300.1518142401218,901.09012106721,88.7
405000,-1156345.016553213,298.6370065326078,902.1227524251499,88.7
410000,-1156377.9425180117,299.1796202622029,903.8238297475493,88.7
415000,-1155464.8226558557,299.89558734274266,902.193805958219,88.7
420000,-1156932.6177007603,300.05754150263004,899.8651963936364,88.7
425000,-1155278.782632201,300.91345965334193,900.3094675055532,88.7
430000,-1157481.2923112502,299.99289850504215,902.3162040879934,88.6
435000,-1156864.0194778023,299.23255818704143,900.8860650003236,88.6
440000,-1155446.6361870058,300.41858385982044,903.3271864177119,88.5
445000,-1156477.3500095038,299.5127662090778,902.0824917020773,88.5
450000,-1155574.4221580364,301.9525397612571,903.1570284361496,88.5
455000,-1155441.5222363202,300.0153502212391,902.0895053238077,88.5
460000,-1155980.178991953,300.8207367164233,902.6197442039083,88.5
465000,-1154988.012215063,299.899910470657,900.2609177449601,88.5
470000,-1156010.6750367014,300.5844533053662,902.339785391342,88.6
475000,-1156874.111340057,300.988686157475,901.9612564662114,88.6
480000,-1156777.3277952485,298.7762846630575,903.994925367486,88.6
485000,-1155303.9441189636,301.4251181557009,903.3255149343927,88.6
490000,-1155931.6869212408,298.7013436485037,901.6850235029078,88.6
495000,-1155394.3391780565,300.65919039879196,904.1333811206364,88.6
500000,-1156805.0972459363,301.4306036340451,899.6116716843202,88.6
505000,-1154877.8283535205,299.9545205487455,903.9830133394397,88.6
510000,-1157186.9573623734,299.97509619056444,902.8360188975017,88.6
515000,-1156913.5943682361,301.1991327616097,901.0686583781714,88.7
520000,-1157243.7084140116,300.3725588612224,901.4094575097448,88.7
525000,-1156953.4144105697,299.62730870669645,901.8873268179489,88.7
530000,-1155632.198102449,300.057337581502,903.0433287198991,88.7
535000,-1155403.4948132718,301.69109248300026,902.23853180092,88.7
540000,-1155553.7298097508,302.62666222632356,901.9210316833636,88.7
545000,-1156592.2843295615,299.89558734274266,905.2623352841329,88.7
550000,-1155643.7480306057,299.3145548726253,903.0251636609104,88.7
555000,-1155061.5077235885,299.49021253231683,900.9888635382679,88.8
560000,-1156139.628659403,301.34301950955296,902.2684203752698,88.8
565000,-1156430.7069746992,302.164944008221,903.9452105440054,88.8
570000,-1155377.783550553,299.5898891797016,901.1812310728952,88.8
575000,-1155834.39506727,301.1469085607193,902.4503790921782,88.8
580000,-1156381.860982284,299.8834744277372,901.2030810902675,88.8
585000,-1155467.096199167,300.57917174815003,902.4341779000604,88.8
590000,-1156018.8724855622,301.5610927638763,903.5950665714101,88.8
595000,-1155675.308639166,299.09136319798824,900.1161412819274,88.8
600000,-1156256.2866516197,300.28703434012345,899.9453371577541,88.9
605000,-1157660.3326287381,298.88320051048754,902.9533776560281,88.9
610000,-1155288.5577385938,300.26921163353296,902.71647066536,88.9
615000,-1156953.7870855546,301.1262513504491,903.1668146563927,88.9
620000,-1156168.518234753,299.64129769607985,902.4901447287726,88.9
625000,-1155746.5411276463,301.25378362392377,904.5413310248297,88.9
630000,-1155249.1489326004,299.44453419963645,904.2438413771044,88.9
635000,-1155324.6725610914,298.487879011674,901.4865976825968,88.9
640000,-1155221.5361100696,299.45012163854466,905.1375432060315,88.9
645000,-1155091.386503511,301.9096551480308,903.9068005117682,88.9
650000,-1155619.1627226062,298.9482309582187,900.1796761791236,88.9
655000,-1156369.8826808017,299.98849380867654,903.8186975228556,88.9
660000,-1155511.5747012142,299.9557848597393,900.7280223405746,88.8
665000,-1154456.7432199614,300.20721961060957,903.2690837171233,88.8
670000,-1154873.9704970792,299.6100977634901,904.0573018805276,88.8
675000,-1157147.6759397825,300.66487979826417,902.1205127283679,88.8
680000,-1158492.5540299704,301.97052560475004,900.8068742206543,88.7
685000,-1155623.506895326,302.03088625864916,900.0447604748957,88.7
690000,-1157744.6763566658,300.45278143299237,901.4630907180768,88.7
695000,-1156355.707365552,299.7074497100152,900.5366852269327,88.7
700000,-1157564.2983673196,300.9702312953876,901.2025106520864,88.7
705000,-1155231.2041344112,298.71423146379567,903.0099610312514,88.7
710000,-1156541.739246836,302.4197638498167,900.6340208695956,88.7
715000,-1155652.6968448665,299.5458626081583,900.9798079554765,88.7
720000,-1155767.0547655802,300.61714186219064,901.1733376130422,88.7
725000,-1155432.7662218073,300.3190703493381,903.8788888625688,88.7
730000,-1159717.0830291873,299.3205297616768,899.0098026945757,88.7
735000,-1156176.7773547554,298.6731209643833,903.7382863082964,88.8
740000,-1156902.3810931789,301.24848167459476,901.2641225702698,88.7
745000,-1156785.777504961,301.3127168299266,901.6507881812854,88.7
750000,-1155547.479758001,300.32443347500555,903.5723416273705,88.8
755000,-1157498.2373596271,301.2883074709005,898.8562931861068,88.7
760000,-1157240.407699816,300.31554251382306,902.3818801769793,88.8
765000,-1156965.4805628639,300.9355647036212,902.6190354324956,88.8
770000,-1156288.637063126,302.39443684571444,902.4733937963787,88.8
775000,-1157339.5503097707,298.62456734379754,901.9345431047636,88.8
780000,-1155454.7564708693,301.9289460867432,904.380233243615,88.8
785000,-1156918.3063142095,300.0434913369083,902.6070125827749,88.8
790000,-1155935.0495522441,299.77384642930423,900.0764646085097,88.8
795000,-1155957.1855036048,298.70925578827155,901.1707112398346,88.8
800000,-1156830.6543807955,300.8571978141164,902.549176617199,88.8
805000,-1153089.9080253877,301.8678105325575,904.9981133768813,88.8
810000,-1156859.6771777058,298.1324444855046,903.23065212407,88.8
815000,-1156128.6558498163,300.39829370758076,904.3457624297971,88.8
820000,-1157499.3793677557,300.5559655237793,901.7560645700544,88.8
825000,-1154227.4735680334,300.18456397328464,902.4909903532647,88.8
830000,-1156113.2635040963,299.1508062068112,900.3751077228862,88.8
835000,-1154468.939837874,300.744184724958,902.4424455689432,88.8
840000,-1154751.3671378046,301.41740993706105,902.2907780038316,88.8
845000,-1155312.5970824566,299.41996170370794,901.3403726909413,88.8
850000,-1154132.4451347347,301.8255376827154,903.1187310049146,88.8
855000,-1157981.9485115781,301.2233585916205,900.7945502429267,88.8
860000,-1155127.3518827148,299.1165882415265,902.8094772659703,88.8
865000,-1157550.2149596903,300.2196384073071,901.9738985657286,88.8
870000,-1157600.1775754178,301.7719472102671,903.9407911807331,88.8
875000,-1155915.198078067,300.83499080327306,902.2491144180491,88.8
880000,-1157860.6707017403,301.0023488730535,901.1470802619561,88.8
885000,-1156693.7821088517,301.62400243187585,901.0991763824608,88.8
890000,-1154545.4892141102,303.1833057295276,902.9893197319735,88.8
895000,-1155827.096710125,301.98577890512723,900.0342128702763,88.8
900000,-1157740.6290768431,299.92423826123195,900.9388934577092,88.8
905000,-1158285.6784277763,300.1360511369245,902.216732960077,88.8
910000,-1156754.7690299144,298.98230617871377,901.1781263906988,88.8
915000,-1155950.6873033755,301.61566205773914,902.9092481593251,88.8
920000,-1155846.6428177375,300.72426163074874,902.8386871300173,88.8
925000,-1156207.0217929166,299.9303762871858,904.3832385956183,88.8
930000,-1155867.1310828114,300.64479356715253,902.5255764510531,88.8
935000,-1155388.064530342,299.788834632215,901.1319069842241,88.8
940000,-1155558.0455316212,300.67943976680607,902.7584158554333,88.8
945000,-1154980.153230384,301.50060975730037,900.8688916230798,88.8
950000,-1155869.7831259696,300.0329282224759,899.8380371379053,88.8
955000,-1158426.786606377,298.56178002847486,900.9751207877931,88.8
960000,-1156524.6250582207,300.4682590466104,901.887370495031,88.8
965000,-1155849.8282316905,299.93076373732913,901.6637396242309,88.8
970000,-1155797.1255021067,298.45333477258447,903.2969151363311,88.8
975000,-1156332.3413008004,300.2265921177731,903.7031970661524,88.8
980000,-1155269.9495669566,300.3745572882772,904.6777944937094,88.9
985000,-1156720.994566056,301.79649931408284,903.648688780416,88.9
990000,-1158978.6310382392,300.2683143805696,902.9431156303763,88.9
995000,-1154172.3003563546,301.90704495759195,904.142218207285,88.9
1000000,-1155500.0093328608,301.07182480137584,903.5111527659886,88.9
1005000,-1157091.111843747,299.61580755507515,901.8722917814925,88.9
1010000,-1157606.1367049338,301.10382002636493,902.7446506962788,88.9
1015000,-1154984.405411725,299.04360486980187,901.814521472083,88.9
1020000,-1158016.9091354068,298.9204976848056,900.2441371237563,88.9
1025000,-1154316.0078264335,302.1138005893092,904.0114323692172,88.9
1030000,-1154414.953828211,300.84282137458973,905.6952311042803,88.9
1035000,-1159017.2937855031,299.7468064877265,900.3588270973601,88.9
1040000,-1156732.2291044295,299.21379744326197,903.1785282365682,88.8
1045000,-1155171.0984445764,300.7399431654948,902.6130348475887,88.8
1050000,-1155135.2263623383,299.5493496594477,903.0927646876241,88.8
1055000,-1156660.080593735,300.06539246605945,901.1659256304763,88.9
1060000,-1158412.027257952,299.56233943530367,899.9233032595735,88.9
1065000,-1156157.7481502192,299.449774972627,901.3558507970603,88.9
1070000,-1155565.5234226827,300.63665711414376,902.904501016392,88.9
1075000,-1156247.79710933,299.7126496987802,902.557701651096,88.9
1080000,-1157447.243383578,301.2052096112252,902.97688870754,88.9
1085000,-1154053.7947607078,301.13367407950966,903.0499710687872,88.9
1090000,-1156428.508324869,299.62082401482485,902.9781720900331,88.9
1095000,-1156526.6158053223,299.32163093576827,901.2293920446004,88.9
1100000,-1156712.4377376102,299.29034943472726,898.3325525201631,88.9
1105000,-1157086.4855280593,300.32051818934724,900.4514745285335,88.8
1110000,-1156954.8488739152,300.1783851631051,902.3088510451558,88.9
1115000,-1155648.9687768146,300.95834269362297,901.0411328190745,88.9
1120000,-1157125.1245486718,300.69426483281444,900.0898322441026,88.9
1125000,-1156803.3606184889,300.192211015586,900.2461431046398,88.9
1130000,-1157067.5600167094,300.0091714110595,900.9510405242505,88.9
1135000,-1155838.154757089,300.79426775400395,901.0636879074982,88.9
1140000,-1158133.2536492748,300.2194140940662,899.1673506084745,88.9
1145000,-1157166.625067477,300.0769547940192,902.2866362603371,88.9
1150000,-1154975.214780544,300.59050976286886,903.9552640735307,88.9
1155000,-1157463.79295569,300.31285075493304,901.9032745006455,88.9
1160000,-1156129.7599381823,300.15256874829555,903.0817897409997,88.9
1165000,-1156549.6698382683,298.98450852689655,903.4732935162987,88.9
1170000,-1158097.3955995534,300.9352180377035,899.7168815035001,88.9
1175000,-1157764.1716916487,299.70496187225314,901.701438462847,88.9
1180000,-1156327.5515322546,299.46207141664763,901.1514920986415,88.9
1185000,-1158614.4247618,300.7308890674099,901.3774799525908,88.9
1190000,-1156228.7231699638,299.9240751243295,902.0627474050148,88.9
1195000,-1155331.629348334,301.1263940952387,905.9951431305416,88.9
1200000,-1156170.5001275642,298.84832999759317,902.7605528434217,88.9
1205000,-1156625.975995344,299.6162561815569,902.2920343623807,88.9
1210000,-1157112.2565338546,299.4756321716622,900.9673070763554,88.9
1215000,-1155593.3343550954,300.672588016904,901.531049358686,88.9
1220000,-1155574.4461946469,300.31733701974986,901.0821327823767,88.9
1225000,-1157114.033062174,301.83742628447993,902.2209822129923,88.9
1230000,-1155955.39497062,300.99317242229176,903.5201775943295,88.9
1235000,-1156649.475698186,300.83686687765106,900.4359354079094,88.9
1240000,-1155689.706788892,301.0776773377505,899.3060346829615,88.9
1245000,-1156005.47213683,301.7071818600024,903.6763108224576,88.9
1250000,-1157143.480975232,299.44512557090775,902.0138759308103,88.9
1255000,-1156819.574307506,301.2802118021174,902.0092285657406,88.9
1260000,-1157041.5245030178,300.6078634508649,901.3171978658664,88.9
1265000,-1156173.6602474246,300.1931898370006,901.9167979410578,88.9
1270000,-1155695.7876760997,300.72562790230654,901.7381011189536,88.9
1275000,-1155788.1984560639,300.705317357954,904.2659256763362,88.9
1280000,-1155520.1305161603,300.9446391938189,901.0027072294936,88.9
1285000,-1155549.720623198,298.617042654173,901.0044300604095,88.9
1290000,-1158304.491965456,299.08616320922334,900.7545492610967,88.9
1295000,-1156021.936704263,299.97699265705523,900.7663786738663,88.9
1300000,-1156757.3494187472,299.3980605745567,903.9750933997562,88.9
1305000,-1158437.503557426,300.9148259248998,900.5667190905749,88.9
1310000,-1155077.5257390318,299.37950375190525,902.687688864534,88.9
1315000,-1156662.0744263595,300.68060211723594,900.8325825564564,88.9
1320000,-1156875.8958724476,299.16781322888954,902.0131613194555,88.9
1325000,-1155834.015385745,299.8774995386857,902.2077432783648,88.9
1330000,-1156836.2455111546,300.32198642146915,902.4611565495311,88.9
1335000,-1155666.0698694019,301.55142690240734,904.741292577949,88.9
1340000,-1157051.3589855293,300.65288923593556,901.9468934176027,88.9
1345000,-1157285.280414463,300.7258318234346,899.0053982096058,88.9
1350000,-1155360.870908658,299.2477299189674,901.7520427913659,88.9
1355000,-1156169.5782127995,300.72161065608424,903.737092595117,88.9
1360000,-1155730.3791145012,300.51310130266586,902.0156872696888,88.9
1365000,-1154767.5198504385,298.7011397273757,902.8006300082297,88.9
1370000,-1154261.1554607945,299.10359846567053,903.337264120161,88.9
1375000,-1156141.7615160188,300.97916304079564,903.289936089226,88.9
1380000,-1157751.2588171344,300.3616286887596,901.045685971138,88.9
1385000,-1157503.5295026563,300.58926584398785,899.6499418187796,88.9
1390000,-1155288.765820263,300.8954126335106,900.5789625436202,88.9
1395000,-1156897.026388879,299.00504338448997,900.6049606885496,88.9
1400000,-1156034.9658740377,298.92398473609506,902.8046514063243,88.9
1405000,-1156093.4665666912,300.74683569962247,900.5018527792929,88.9
1410000,-1157128.8666154984,301.79409304477196,902.4481888159606,88.9
1415000,-1156405.054462174,301.35676379358273,902.4151334882893,88.9
1420000,-1156514.5410267022,299.92935668154564,903.125490252055,88.9
1425000,-1155890.0603102557,300.9997794668402,901.6987987555287,88.9
1430000,-1153507.7462947443,300.246657956772,901.7996517874925,88.9
1435000,-1155353.3896024618,300.62264773264764,903.3130885923044,88.9
1440000,-1155598.6602952732,300.58008939322616,902.3991672133394,88.9
1445000,-1156863.8023909032,299.37697512991764,900.8899262210006,88.9
1450000,-1154903.5382186184,300.80809360648493,904.2925669674071,88.9
1455000,-1154054.361007032,301.0498217116606,904.0555449090681,89
1460000,-1156602.4330198746,299.82711062794766,902.8007648558719,89
1465000,-1153733.7712603286,296.2343670178442,901.8364994880255,89
1470000,-1156434.8456111252,300.0570928761483,901.7611498717388,89
1475000,-1156774.7765430883,300.3932160714926,904.1251197333247,89
1480000,-1156122.4538316838,300.92653099764914,902.0120793752827,89
1485000,-1156899.6553591779,299.06993108743154,902.5743778814148,89
1490000,-1157152.7435171613,300.2999833317538,901.8783495577002,89
1495000,-1157452.818640465,300.57676547883915,901.6857765392259,89
1500000,-1155446.5078205355,300.7389643440802,904.2711345949613,89
1505000,-1154202.4720925791,301.4643525807353,904.8171393291013,89
1510000,-1156803.0947040226,302.55386238361416,903.0920000965153,89
1515000,-1155892.6164042475,299.28651571752016,902.9701071180482,88.9
1520000,-1155915.5466594892,299.96076053526343,901.6026052335034,88.9
1525000,-1156033.1759662423,299.1787637934651,903.0502138456397,88.8
1530000,-1154776.2150074393,299.55516141159677,903.906743155411,88.8
1535000,-1155418.624534998,299.6732317447305,902.0069568868436,88.8
1540000,-1156694.6174416514,300.4249258069024,901.5419480763442,88.8
1545000,-1158690.7731626155,300.93374980558167,899.7405155245656,88.8
1550000,-1158914.5431272527,299.74909040436046,900.9013037812261,88.8
1555000,-1156903.0233792895,300.45247555130027,898.2782882125786,88.7
1560000,-1158865.3778402023,300.3460491145775,899.0446209338683,88.7
1565000,-1156414.6452742936,300.8339508055201,901.8042782624723,88.7
1570000,-1156048.9117551483,299.87809090995705,902.9237263042214,88.7
1575000,-1156873.3844861314,298.67242763254797,899.8017396185197,88.7
1580000,-1158646.7669155123,300.26297164701504,900.8641325229123,88.7
1585000,-1156162.1718789348,301.39926095666567,901.1615949741142,88.7
1590000,-1156741.1782638282,298.84129471867584,902.7949949881079,88.6
1595000,-1156866.2600897085,299.7039830508386,901.2129719161953,88.6
1600000,-1155898.783735197,299.8638164309944,900.9696782128182,88.6
1605000,-1156587.845833443,299.60271581865516,900.8017644483442,88.6
1610000,-1157128.312091587,300.9046502606107,900.578466325179,88.6
1615000,-1155522.2875830801,300.98715674901473,902.773180800933,88.6
1620000,-1157273.0824497994,300.59699445474047,901.5342770707452,88.6
1625000,-1156021.7926143864,300.33960520693154,901.3773798446375,88.5
1630000,-1157192.2902988289,300.5916925054115,900.1382432034641,88.5
1635000,-1157119.7230567299,303.7526739111212,900.9294607221756,88.5
1640000,-1156046.183684025,300.35500125209836,903.187753561175,88.5
1645000,-1157231.7354743509,300.8855632430264,901.3077867122573,88.5
1650000,-1156921.1247613411,298.3566965500075,901.5361405357323,88.5
1655000,-1155773.397220442,301.16687243915413,902.5579206845848,88.5
1660000,-1157481.603235066,298.9003094931299,903.3540174461156,88.5
1665000,-1156371.2709028479,299.4294032519361,901.1901865409532,88.4
1670000,-1158298.9915832272,302.09430572946883,902.8715536254581,88.4
1675000,-1154702.0016058134,300.85931859384795,902.8989466709195,88.4
1680000,-1158382.4267676054,299.5296712705921,901.0639025457862,88.4
1685000,-1155986.721180736,299.7512315762049,901.416943890674,88.4
1690000,-1155911.9588146964,301.08420281384775,900.8305838956417,88.4
1695000,-1157159.6472794851,300.04497996114293,902.4400262471427,88.4
1700000,-1155287.0452583618,299.9876373399388,904.4880112868381,88.3
1705000,-1156396.6551741017,301.5482253406971,902.8132270907115,88.3
1710000,-1155397.7806028454,299.43580637535644,901.6579698295562,88.3
1715000,-1156913.2198317982,300.3610984938267,900.3364956991539,88.3
1720000,-1156531.8432037784,301.43356049040165,902.4428807057991,88.3
1725000,-1153169.034657604,299.2572530356468,902.821987584397,88.3
1730000,-1154220.5572216269,299.7962573612756,902.2456147271765,88.3
1735000,-1155402.536755031,301.3349850171083,903.7161778459335,88.2
1740000,-1154500.3232780518,300.7035636362529,903.2693819624752,88.2
1745000,-1155932.981223422,300.8757546367678,902.8265171513688,88.2
1750000,-1154692.1894231224,301.11579019658075,901.4928806510468,88.2
1755000,-1155517.0962787373,300.50321112795604,902.3828959675845,88.2
1760000,-1156141.2174912319,302.3723929717736,902.493675546395,88.2
1765000,-1156586.9641198665,299.31977525350305,899.5818509117361,88.2
1770000,-1155730.6095163953,299.43354285083524,901.2638425682319,88.2
1775000,-1156685.478310207,298.5056201498133,903.7929942658246,88.1
1780000,-1155336.1911497107,300.0898222171984,902.2407337396913,88.1
1785000,-1158227.5648780446,300.75641999264025,898.3450806478094,88.1
1790000,-1154478.1558517683,300.5836172287412,899.493967163578,88.1
1795000,-1155772.2557678092,299.7481115829459,900.8012105909467,88.1
1800000,-1155605.563436686,299.70594069366774,903.3889722061483,88.1
1805000,-1156782.048731247,299.47228786516234,902.3146465584693,88.1
1810000,-1155525.7749163331,300.1854408341352,902.5728412065627,88
1815000,-1156469.9839497153,300.67770643721775,901.5132305630829,88
1820000,-1155717.4403740698,301.1317368287933,904.6205565366467,88
1825000,-1156857.5408523567,299.99999496029784,903.1325996076347,88
1830000,-1157599.807278432,302.2478583388811,901.8881661020818,88
1835000,-1157126.0565361707,299.0301052911258,901.0079586254074,88
1840000,-1156370.0864132615,301.0417872192159,901.1186252497494,88
1845000,-1156233.4276493834,301.07066245094603,904.7142866890056,88
1850000,-1156254.773753236,301.9704848205244,901.148619246717,87.9
1855000,-1157258.9350527655,299.6967234586804,901.3100840811659,87.9
1860000,-1157888.2884295452,299.2901455135992,900.5561975881996,87.9
1865000,-1157467.5101644397,299.3601720289673,903.4259669640134,87.9
1870000,-1155491.9988026004,299.46910669556496,902.6941138386813,87.9
1875000,-1156221.317756134,301.6012856182125,901.989608895511,87.9
1880000,-1156669.4793431703,300.90750515640326,902.5284326106611,87.9
1885000,-1157111.5909628505,301.4588467102783,903.5395703676113,87.9
1890000,-1155020.7449598769,301.24880794839964,903.2156848238085,87.9
1895000,-1156860.2869368987,300.13044330590344,901.0737716096758,87.8
1900000,-1158378.154639232,298.9028177230048,900.9491470991555,87.8
1905000,-1154054.5411160383,301.3543167400463,902.1084485175071,87.8
1910000,-1157365.9520211015,301.09953768267616,899.8830191149392,87.8
1915000,-1154884.6093725888,301.21365194592596,904.4936869574256,87.8
1920000,-1156602.6848896528,302.69770834733185,901.811257268871,87.8
1925000,-1155776.2754062377,300.0971225935821,901.5275738565731,87.8
1930000,-1157140.205029142,300.2644806633625,901.5558161221243,87.8
1935000,-1156784.542268754,301.22262447555966,901.3368642073788,87.8
1940000,-1155090.795659244,302.22501917254084,901.8910942589682,87.7
1945000,-1156092.6327728936,298.90175733313896,901.5096436635085,87.7
1950000,-1155598.075297364,299.25637617479623,901.2472430092369,87.7
1955000,-1157239.4154702686,301.20111079655163,902.9255251229274,87.7
1960000,-1156348.8085159622,301.23751071790633,900.8619890717163,87.7
1965000,-1157022.2463587783,300.32127269752095,904.1273245675715,87.7
1970000,-1156729.5090024192,301.31626505755446,900.5201247018523,87.7
1975000,-1155765.738660926,301.0692757872754,901.747838565284,87.7
1980000,-1156682.2515492775,300.1348887864947,901.7170641847418,87.7
1985000,-1156320.923140698,300.3571424239428,901.7871327479652,87.6
1990000,-1153505.9750946304,302.0486273967884,903.7077766309402,87.6
1995000,-1156968.628913872,299.3419414801208,901.4649404276657,87.6
2000000,-1157528.8403950436,299.82242044200274,901.8890620846336,87.6
2005000,-1156255.226397234,301.2077790174385,903.6508464014993,87.6
2010000,-1157907.7791307457,299.61621539733125,900.2009041499444,87.6
2015000,-1155423.9837993793,299.4189624901805,904.2759569946497,87.6
2020000,-1157216.728299479,301.63128241614686,903.0257839718317,87.6
2025000,-1153607.8049909333,301.539721829658,903.2762791758058,87.6
2030000,-1157720.205371892,298.520710313288,901.5351781124717,87.5
2035000,-1156329.438109504,299.504017992685,901.9620494928014,87.5
2040000,-1157489.9205665775,300.09608259582916,899.8314833761046,87.5
2045000,-1156100.296804334,300.9724540356832,902.9186686527453,87.5
2050000,-1155466.7565318085,300.73276514178787,903.076992727593,87.5
2055000,-1157431.0106888954,298.8493903874589,900.7182687671452,87.5
2060000,-1157239.385435881,299.81246909095455,901.6168843743349,87.5
2065000,-1156901.2848024173,300.41105917019587,902.0740666291637,87.5
2070000,-1154887.3974425625,300.0405344805517,901.7115633912582,87.5
2075000,-1155251.3927337192,300.1142927525629,903.899353592047,87.5
2080000,-1156400.483724811,300.7849689505655,902.9753974385842,87.5
2085000,-1153515.7364113014,300.28707512434903,903.1685693918008,87.4
2090000,-1155017.2068242058,300.136724076647,905.7327684179818,87.4
2095000,-1155488.140235654,299.528121470019,903.0390879423745,87.4
2100000,-1155992.0786691392,300.9402344974533,901.9773664937729,87.4
2105000,-1160506.5230808435,299.4453906683742,900.7639640133054,87.4
2110000,-1155008.1141260406,299.3549720402023,904.5894785373027,87.4
2115000,-1155695.1742749317,299.92434022179594,903.1378197524301,87.4
2120000,-1156297.1602881253,297.73306495624314,901.1568742944012,87.4
2125000,-1156444.3949758103,301.3465677371808,905.9060510312935,87.4
2130000,-1157326.232000772,299.9486272281452,901.8400605687089,87.4
2135000,-1156941.233959604,301.41233230097293,902.7830466166247,87.3
2140000,-1157028.0059812507,299.2006649226164,899.3454871860786,87.3
2145000,-1158037.8420190448,300.5582290483005,899.8127967937705,87.3
2150000,-1155678.3166791145,299.5781229306138,901.7290247470386,87.3
2155000,-1154669.74642096,301.2612471372099,903.7015950048974,87.3
2160000,-1157999.4518348016,301.1810653496655,902.6074528307772,87.3
2165000,-1156340.3860421693,299.6825509402818,901.7291677678809,87.3
2170000,-1158720.849037447,300.3926247002213,902.1851156907242,87.3
2175000,-1156580.098684295,300.330306403493,902.2711737416968,87.3
2180000,-1155401.6080659442,302.1989784444905,904.7811137832429,87.3
2185000,-1153541.6197280865,298.80530263957723,902.7932167896724,87.3
2190000,-1155817.8417929225,300.1208386207729,900.3668700005351,87.3
2195000,-1154268.1288895383,301.48698782594744,902.938130130637,87.3
2200000,-1154602.8305748887,299.3994268461145,904.5762078579378,87.3
2205000,-1156250.7283030571,300.19172160487875,899.6236482719581,87.2
2210000,-1155195.2180736903,300.8474095999706,900.8532697718396,87.2
2215000,-1155943.881492721,300.5181993308668,904.164242580972,87.2
2220000,-1157392.151188708,300.978082258817,901.8027986711281,87.2
2225000,-1157035.0699130232,299.52718343283004,901.0188715385549,87.2
2230000,-1158977.192714654,299.6738842923403,900.3992329227871,87.2
2235000,-1157443.9744171826,300.09453279525604,900.2055995247258,87.1
2240000,-1155924.2809822448,300.64265239530806,902.6916147774556,87.1
2245000,-1156783.4314675312,301.51680109486654,900.4179364966258,87.1
2250000,-1156362.3838460837,299.312923503601,903.7919200946361,87.1
2255000,-1157239.0201047314,301.48352116677086,901.9591112989443,87.1
2260000,-1154945.0154329808,298.24835325468115,902.6809892421707,87.1
2265000,-1154216.0618465617,299.82804866513663,904.7407321148796,87.1
2270000,-1156375.1681126896,301.0747612656196,900.5760356528184,87.1
2275000,-1155642.17411331,300.4606731806474,903.2565025130177,87.1
2280000,-1156068.4311409872,301.76150644851157,901.9101173495579,87
2285000,-1158041.1724440604,301.0512899437825,901.226747369272,87
2290000,-1157283.7195657566,298.1472899436257,902.2829885158083,87
2295000,-1156710.0029294584,300.57072941344927,902.0188098869503,87
2300000,-1154498.3733704574,299.94191822303276,904.804267062573,87
2305000,-1158430.1884438982,300.3569588949275,902.4114211992118,87
2310000,-1157880.102533238,299.7874479685443,901.6530195450601,87
2315000,-1155997.162904527,300.47812882920744,901.4439455954096,87
2320000,-1156624.5387319438,300.078015183885,901.8444612018245,86.9
2325000,-1157166.3678252269,300.3090986061771,902.5034096382614,86.9
2330000,-1155626.5431198562,299.39173901958753,902.5842426872233,86.9
2335000,-1156447.4526619911,300.33208051730696,902.3621338269966,86.9
2340000,-1156741.5096881408,297.362846148291,900.7618669824054,86.9
2345000,-1155347.351274807,299.50960543159323,904.8307242452194,86.9
2350000,-1157950.58332578,299.57459509509874,899.3514573292928,86.8
2355000,-1158576.7258085068,299.7752738772005,899.0100650094624,86.8
2360000,-1157608.251346427,298.8652554512202,898.8582924302078,86.8
2365000,-1157696.315293856,301.176762613864,900.3655698548711,86.8
2370000,-1155470.798852303,299.3623743771501,903.0139455018181,86.8
2375000,-1154786.1916401181,301.6948242396433,901.0710664428519,86.8
2380000,-1155090.4034485342,299.4284244305215,901.326598214535,86.8
2385000,-1157334.510146576,299.357296741062,901.0836771209532,86.7
2390000,-1154693.0365875382,301.066094617678,901.4347351445691,86.7
2395000,-1158691.830919385,299.6359957467509,899.6849906237193,86.7
2400000,-1155060.7129254201,300.5887152569422,901.2406404983664,86.7
2405000,-1157195.39201916,300.09875396260645,899.4468602484066,86.7
2410000,-1157740.3046327848,300.6985063922776,902.3214158990398,86.7
2415000,-1157534.513303617,300.82795552435584,901.648220490791,86.7
2420000,-1157448.2859289963,299.87446111387794,898.7531478865836,86.7
2425000,-1155680.5854580952,299.7997240204522,903.3153684609467,86.7
2430000,-1156667.5549414968,299.53833791853367,900.7151402970902,86.6
2435000,-1157732.4681302933,300.98142656531684,901.3145120728051,86.6
2440000,-1156658.477896534,299.70602226211895,902.0596794641308,86.6
2445000,-1156322.36947509,302.03533173924035,901.2752760604003,86.6
2450000,-1157175.4342066487,299.6251879269648,900.7931773998298,86.6
2455000,-1155481.9800011693,301.0919926009388,902.1465209448811,86.6
2460000,-1155593.6371412827,300.1466550355824,901.803149511335,86.6
2465000,-1158224.8068863582,300.18256554622985,899.7823262354793,86.5
2470000,-1157725.8501796918,299.499654080545,901.5098458998987,86.5
2475000,-1157478.959904965,299.5551818037096,898.388809739775,86.5
2480000,-1157793.8015321419,300.8991851743793,901.0674633046452,86.5
2485000,-1156029.7869862951,298.45937083797435,903.1137057515383,86.5
2490000,-1157243.0127316415,298.72724163176446,900.3640773914098,86.4
2495000,-1157058.326892375,299.57298411818726,901.1917538036798,86.4
2500000,-1156501.9331432693,301.75734645749964,902.4092743129146,86.4
2505000,-1156913.3598962808,300.6340877079305,901.0398833999891,86.4
2510000,-1156268.985068595,301.65479452220956,900.4726672667648,86.4
2515000,-1155948.0365099674,300.284689247151,901.2048824539778,86.4
2520000,-1156632.4220009753,301.4148813150734,902.0763497942278,86.4
2525000,-1156036.497687322,300.5358181163292,900.261926012722,86.4
2530000,-1157765.0661065886,300.9762469686647,902.014586236598,86.4
2535000,-1157520.1962330034,300.30701861067115,901.5265553701735,86.4
2540000,-1156796.5713756839,300.0811963534824,903.2371967630361,86.4
2545000,-1157051.5116880238,299.8935685235751,903.8606560349408,86.3
2550000,-1158549.0760814194,300.1296887977297,902.4313196799756,86.3
2555000,-1156068.0540029733,299.0572675853804,902.4069523859854,86.3
2560000,-1156205.0414262908,299.9611275932939,901.9052709261515,86.3
2565000,-1156888.1029315852,298.51410326873963,901.451209883068,86.2
2570000,-1156403.3627378326,299.3432873595658,900.5732043451583,86.2
2575000,-1157278.631390974,298.939992544646,899.677422271871,86.2
2580000,-1157313.7622249536,299.7522307897322,902.1393065714013,86.1
2585000,-1156182.994039774,300.6660217565812,904.3714629526015,86.1
2590000,-1158409.8657117002,300.5326369467319,900.1767645803786,86.1
2595000,-1156752.319040751,300.36534005328986,901.3781058924137,86.1
2600000,-1156519.2425575182,300.37447571982597,900.8912872650839,86.1
2605000,-1156248.2189285401,299.27909298845964,902.4586842025062,86.1
2610000,-1156949.3701751642,301.5663131447541,903.75438553395,86.1
2615000,-1156613.588090484,299.7188692931853,902.9248225840693,86.1
2620000,-1156803.6411689948,300.10036493951793,900.4304432835044,86.1
2625000,-1154667.6308589028,301.3622084877013,901.5005217545321,86.1
2630000,-1158008.9008905534,300.901815756931,899.6756697807896,86.1
2635000,-1155544.1351305088,299.8297208183865,900.9338714412067,86.1
2640000,-1155636.4106921032,299.5221669730803,901.2861207460063,86.1
2645000,-1155033.5818700893,300.40379957803776,902.0328183768788,86.1
2650000,-1156093.9005197799,299.73610062850446,904.2696368876664,86.1
2655000,-1157008.1291995114,299.42713972741484,900.6370568810565,86
2660000,-1156007.3047119444,300.13968093300355,901.7043491044225,86
2665000,-1158063.4561312506,300.20271295367996,899.5830485633862,85.9
2670000,-1156804.9467880996,301.7410327672566,902.1809783507313,85.9
2675000,-1155827.522048762,300.2310987747028,901.4616221923817,85.9
2680000,-1156313.1236406798,300.52978205093933,902.0247555919508,85.8
2685000,-1156548.670599604,297.9822769668178,900.9943291164841,85.8
2690000,-1156559.786824503,299.48627685454574,900.0643045876415,85.8
2695000,-1156191.531520755,299.91695827696094,904.8288621149144,85.8
2700000,-1154975.4675136246,299.80349656132086,901.3786885327517,85.8
2705000,-1156833.4754863316,301.9843922414566,903.3869141737146,85.8
2710000,-1156596.0255138976,299.31092507654625,901.5134420405767,85.7
2715000,-1156194.4547764175,301.36616455758525,902.7620920813795,85.7
2720000,-1158777.9962334782,300.2860147344833,901.0123280352834,85.7
2725000,-1156810.1967993677,301.2112864608407,900.186875112802,85.7
2730000,-1155585.0553868366,301.4648419914426,900.2509167386684,85.7
2735000,-1155448.4781245086,301.34766891127225,901.7247116195332,85.7
2740000,-1154254.3603985133,299.63764750788795,903.9840757221564,85.7
2745000,-1155794.8285555094,300.1099696246485,900.8666110052477,85.7
2750000,-1156218.9667660017,300.7610693943595,902.242761528569,85.7
2755000,-1157335.476766007,300.51787305706193,900.4445761387349,85.7
2760000,-1156630.9752236959,300.4727453114273,904.3595172263947,85.7
2765000,-1156472.1900158608,300.8412715740166,901.0472212660576,85.7
2770000,-1157481.9672953011,301.6869120998755,902.5667992046976,85.7
2775000,-1157089.7184314933,300.7254239811785,902.7441069488749,85.7
2780000,-1157112.7008403745,299.0618150265356,904.2200030018686,85.7
2785000,-1157094.4628669173,301.31396074880763,900.6350500236716,85.7
2790000,-1155027.5099494,299.8327796353071,901.7646391262048,85.7
2795000,-1157245.551452335,300.48881429631655,902.4762914813938,85.6
2800000,-1154834.4859854681,300.7541156838934,902.7225853102957,85.6
2805000,-1156541.526511482,300.84830685293394,900.6184424618008,85.6
2810000,-1156427.7121735746,299.26439027512805,900.8212702755402,85.6
2815000,-1155417.0902556265,298.2003094369155,901.1850414923375,85.6
2820000,-1155829.8242384037,299.63746397887274,900.5396668453346,85.6
2825000,-1155918.058826765,299.06295698485263,902.037469534999,85.6
2830000,-1157001.4564104304,300.0949814217377,901.5344335696161,85.6
2835000,-1155739.25155079,299.756309212293,904.3715086335895,85.6
2840000,-1154444.1621551774,300.2165999824993,902.4525158344661,85.6
2845000,-1157622.9409727762,299.9986490808528,903.9393544570388,85.6
2850000,-1156972.8345707515,300.9025498729919,900.3925945010996,85.6
2855000,-1157395.0913742362,299.69949678602177,901.3917954579329,85.6
2860000,-1156431.829245192,300.88929499966946,902.4367357841566,85.6
2865000,-1155238.9271620996,300.06981755453785,902.7184919556225,85.5
2870000,-1157320.768479093,299.6429086729913,901.7868934476048,85.5
2875000,-1156948.4544833153,301.1253948817113,899.0594661817076,85.5
2880000,-1155396.7282964606,301.77692288579124,904.1986860874667,85.5
2885000,-1155764.1118599074,301.41900052185974,901.4039995891753,85.5
2890000,-1154303.8413142106,300.2126031283898,902.8954274253726,85.5
2895000,-1156308.9494559728,301.81782946407554,904.0037103656603,85.4
2900000,-1155237.0695262216,299.9242994375703,903.8672737195133,85.4
2905000,-1156692.4995995099,299.28378317440445,900.7780627475652,85.4
2910000,-1156886.5124798128,301.5068497438183,901.5512826972445,85.4
2915000,-1157173.7539372435,300.44829516817555,899.1076328878346,85.4
2920000,-1157669.2698968975,299.01795159189476,898.7508706322686,85.4
2925000,-1156983.281996739,301.5872762367163,903.7635907394473,85.3
2930000,-1155895.2911197022,300.23640072403174,900.9421341255068,85.3
2935000,-1157732.3819216117,300.5242557883695,900.4946168193185,85.3
2940000,-1158641.4048586888,301.041257024283,900.9961089442518,85.3
2945000,-1156541.0195951043,298.2377085717976,900.3213970526068,85.3
2950000,-1155746.8390284972,299.50622034086774,903.0845948476538,85.3
2955000,-1156663.9224655908,301.4817674450697,900.5753816248813,85.3
2960000,-1155484.1232019234,297.2232009598109,904.1495251379818,85.2
2965000,-1159041.6638262337,300.13841662200974,902.3992238295808,85.2
2970000,-1155512.244670947,301.6203318515712,900.6819288473243,85.2
2975000,-1158425.9392253365,301.406194275019,899.1044541207718,85.2
2980000,-1154621.457107963,300.05599170205693,904.052231643257,85.1
2985000,-1157215.478470507,299.4872148917347,900.9145498007607,85.1
2990000,-1156799.6845834553,300.57287058529363,902.8070168482602,85.1
2995000,-1155310.0212623663,302.18113534578714,902.9726775434182,85.1
3000000,-1156784.2521524401,300.3988646867393,902.8711373121706,85.1
3005000,-1155794.214372564,300.81698456766736,902.2466570525718,85
3010000,-1157780.9174160725,300.8308512043739,902.3686291381277,85
3015000,-1155763.9562836457,300.6142869663981,900.6982652548628,85
3020000,-1156959.3697053986,300.31827505693883,902.3334011309198,85
3025000,-1157578.6727790674,299.49969486477056,902.0832990575414,85
3030000,-1155789.1813699529,301.83854785068417,899.8685369651532,85
3035000,-1158795.31585907,301.5264669563355,902.2890855723522,85
3040000,-1157213.1946413973,300.38485530524304,901.3098167801309,84.9
3045000,-1157662.0034774225,300.53145420418923,899.2118449245883,84.9
3050000,-1157474.868621464,302.5018421038518,902.975672671567,84.9
3055000,-1157467.4699324882,300.12658919658355,900.4362147052532,84.9
3060000,-1157047.7544410238,299.6869760287603,902.1228117431651,84.9
3065000,-1157404.5329928445,301.1689524346601,902.3588548464456,84.9
3070000,-1156597.4072340783,299.198625711336,903.1947024717603,84.9
3075000,-1156118.2301837932,300.39425606924556,902.4593435103953,84.8
3080000,-1156673.5185168395,297.47518629772685,903.4264759686215,84.8
3085000,-1158074.226689592,300.17165576587985,898.3436651420163,84.8
3090000,-1156960.8618299933,300.66453313234655,900.8134530024149,84.8
3095000,-1155721.461117439,300.98999125269444,903.173572369084,84.8
3100000,-1157941.1101793246,301.18239083699785,902.8955280292164,84.8
3105000,-1156491.3369950792,297.68805956328526,900.6058322094898,84.8
3110000,-1156350.0596477734,299.40935780505,901.4594902273552,84.8
3115000,-1157653.5530557735,302.63375868157925,899.3156071805538,84.8
3120000,-1155831.3479589326,300.7758536761422,902.790015833982,84.8
3125000,-1156889.9673898574,300.16366205766076,901.4316271410582,84.8
3130000,-1156758.6360284695,300.9169059204058,900.2358767643482,84.8
3135000,-1155673.2032036232,299.73650847076055,903.575767228814,84.8
3140000,-1157440.5340979947,300.936625093487,902.365759126637,84.7
3145000,-1155178.2143129809,301.6758595747358,900.2305745694852,84.7
3150000,-1158274.5469503235,299.260658518485,900.3161160809278,84.7
3155000,-1157716.553876833,300.85878839891507,900.457637103297,84.7
3160000,-1157481.6666623699,301.7568774389051,901.1224191132493,84.7
3165000,-1158630.9880317086,300.5113271888519,902.334996991951,84.7
3170000,-1156858.4658454694,299.45030516755986,901.3313169287179,84.7
3175000,-1157215.5724196145,300.95599760065056,901.3799491711886,84.7
3180000,-1157364.656075311,299.10551532427405,900.8285292771693,84.7
3185000,-1158945.2035998404,300.6136955951268,900.3911445563532,84.7
3190000,-1156637.0573649649,301.3862915729225,901.5468768202942,84.7
3195000,-1156107.9043733794,301.34872930113806,902.4607624150301,84.6
3200000,-1156182.2592795752,300.46363003700395,902.044349465894,84.6
3205000,-1157216.0292765973,301.1430748435122,899.7858814543523,84.6
3210000,-1158703.9292004658,299.75643156496983,900.2962572512951,84.6
3215000,-1156952.9430851694,300.2605449855914,904.1590556165347,84.6
3220000,-1155721.2590319384,302.04332544745944,902.8594800852546,84.6
3225000,-1155071.7580653867,300.6493206161949,902.082808341395,84.6
3230000,-1157801.290350452,300.5924470135853,900.8012968190963,84.6
3235000,-1157424.0906452741,299.86985249638434,902.9368265430772,84.6
3240000,-1159352.5456786659,300.2096258799204,900.7429528316003,84.6
3245000,-1156446.1291597793,301.0565103246602,902.571847079958,84.5
3250000,-1155774.7644012868,300.0550128806423,902.1442790874086,84.5
3255000,-1157270.902599684,300.28585159758086,903.1257483766868,84.5
3260000,-1156879.4341372717,303.3091046734139,900.0269548264394,84.5
3265000,-1158251.6481535481,301.46471963876576,902.21599675619,84.5
3270000,-1157563.6279359441,298.9513917357033,901.583895053224,84.5
3275000,-1158686.0978741283,299.5830170376867,898.2111003134488,84.5
3280000,-1156258.9651465071,300.196574927726,902.0851563660544,84.5
3285000,-1156544.2951569986,301.0808381152351,901.1700816621164,84.5
3290000,-1156776.265581387,299.9090461371931,900.8860635216245,84.5
3295000,-1156306.0541176954,299.7339594566601,902.0682104977183,84.5
3300000,-1156528.591264775,298.9051424238644,900.2642979630908,84.5
3305000,-1154476.686211248,302.19916197350574,902.333975319208,84.5
3310000,-1156329.2346215602,299.30225842860466,903.1582145247105,84.5
3315000,-1156219.3353699353,300.53910124649065,900.6524484522008,84.5
3320000,-1153595.0472921347,298.9379329412528,905.1548184893721,84.5
3325000,-1156635.5963596357,301.188712391967,901.4480828381427,84.5
3330000,-1156302.4934697272,302.53620281392614,902.9137445390447,84.5
3335000,-1157619.2829276184,301.06381070104396,903.0936613777877,84.5
3340000,-1156824.242391008,300.58581957692405,900.2187351167552,84.5
3345000,-1157266.1597887864,299.01203787918166,901.5979220818962,84.5
3350000,-1157749.5418799687,301.1489885562253,901.6962793973114,84.5
3355000,-1155053.3698969996,301.0472930896729,903.4855713826589,84.5
3360000,-1155442.5312230065,300.11445588946526,900.4322892376946,84.5
3365000,-1156139.069650054,301.35743673330524,902.5372047992427,84.5
3370000,-1157059.5654741637,300.44405360871235,902.7766368900425,84.5
3375000,-1156495.9182719933,301.9317398061973,900.8689793351413,84.5
3380000,-1157035.7052278426,300.6133081449835,898.1337583510787,84.5
3385000,-1154946.9709631735,301.65414197459984,900.5727901669372,84.5
3390000,-1156894.2837920645,299.38464256433184,901.9146625974324,84.5
3395000,-1154398.9491578164,299.49425017065204,901.8244095396235,84.5
3400000,-1156343.752856763,297.94465351869485,902.0753492474211,84.5
3405000,-1156047.458722325,300.93211843655735,903.5861584890273,84.5
3410000,-1156811.4652879871,298.0707379521604,902.0038759230687,84.5
3415000,-1156448.2614124017,300.77550701022454,902.2813903192066,84.5
3420000,-1157173.430971494,300.19241493671404,901.5417930093,84.5
3425000,-1156084.3454535045,299.8085130210706,900.6679569208621,84.5
3430000,-1156080.2862656377,299.2186099818837,903.7990020916257,84.5
3435000,-1155655.8942234563,299.8709128862501,901.8079677215339,84.5
3440000,-1157198.5235414673,301.38959509519674,900.4117344439735,84.5
3445000,-1156052.121326821,299.87760149924975,903.173564339821,84.5
3450000,-1156531.176023811,301.24458678104924,900.9688406032203,84.5
3455000,-1156419.8831181433,301.1808818206503,901.3614057694882,84.5
3460000,-1156425.1116676582,300.16859694895925,902.8304139165688,84.5
3465000,-1156539.1279535564,301.46382238580236,904.6886528577708,84.5
3470000,-1155804.9264939455,300.1991035497137,901.006954508588,84.5
3475000,-1155393.2209835397,301.42532207682893,900.7923465782751,84.5
3480000,-1156573.5973499315,300.430166579893,902.7505923820751,84.5
3485000,-1157053.4583584098,300.41721758826264,898.9284625996004,84.5
3490000,-1156365.9139448171,300.9848932244935,903.0986542993172,84.5
3495000,-1156206.2107720533,300.364809858357,901.043511842305,84.5
3500000,-1155614.1891274955,299.81581339745435,901.0743822144393,84.5
3505000,-1157008.5830776095,301.407234272772,901.7124327100712,84.5
3510000,-1157523.2541124616,300.3379534457944,900.6018514528122,84.5
3515000,-1153921.7796468614,300.99843358739514,900.9139030318714,84.5
3520000,-1156453.5053996965,300.93591136953887,901.049137648453,84.5
3525000,-1158019.1269158637,300.85063155379356,901.4564201378661,84.5
3530000,-1159146.089411215,300.324698572472,901.2075021770692,84.5
3535000,-1156793.8620683644,299.34785519283383,901.9864626003839,84.5
3540000,-1156690.0147804152,298.91809141549476,903.7431441726147,84.5
3545000,-1154617.8564185528,299.7511296156409,901.0462817495946,84.5
3550000,-1157172.079367918,298.9404207790149,901.7430009752155,84.5
3555000,-1156885.3089327514,301.095296123213,902.0345094434447,84.5
3560000,-1160122.6951290984,300.83647942750775,899.8787789327426,84.5
3565000,-1158483.9359390568,300.7122914605329,898.5074708573846,84.5
3570000,-1156495.4273162857,300.22153487379785,899.4766979559591,84.5
3575000,-1157674.8206943655,299.5321183241286,901.8343482298437,84.5
3580000,-1157288.7408752535,300.1610314751091,904.2541743207886,84.5
3585000,-1154414.5869368315,301.1824112291106,901.8342551955259,84.5
3590000,-1156441.4415356964,301.2250919212089,901.9262109508167,84.5
3595000,-1155803.8310083495,302.0437944660539,899.2435326869195,84.5
3600000,-1157600.6621857276,302.7163467384344,901.8164435428939,84.5
3605000,-1156344.7079954222,300.56640628553487,903.0465552562333,84.5
3610000,-1156953.2814367209,298.18112045876717,903.8316548810445,84.5
3615000,-1156683.7631118363,300.35591889717455,900.9833535850343,84.5
3620000,-1155968.5358023457,299.6970089482597,900.4585918100671,84.5
3625000,-1156584.4968347987,300.29137786015065,900.5190184467797,84.5
3630000,-1157413.37160201,300.3013496033117,900.3489007328349,84.5
3635000,-1157423.8777786167,299.5033042687368,902.1743027859989,84.5
3640000,-1156091.6123605631,300.4403830284077,901.9287239339635,84.5
3645000,-1157296.1169917518,301.11658548898015,901.0523294067232,84.5
3650000,-1155063.3847540785,299.1233788150902,900.2307898498766,84.5
3655000,-1154850.0901995702,298.6457955332263,903.8251264701291,84.5
3660000,-1154628.8171194047,300.9963535918892,902.6336818480778,84.5
3665000,-1156355.2451809468,300.8557091898817,902.1512998378089,84.5
3670000,-1157391.3563895188,299.23553543551077,901.4565699444752,84.5
3675000,-1156690.8028348405,300.91388788771076,900.9016061790782,84.5
3680000,-1156195.2588924263,300.62181165602266,904.7037444841477,84.5
3685000,-1157850.4395834943,299.8766634620608,901.6710903322331,84.5
3690000,-1155489.4961407129,298.6670848989934,903.2237715314085,84.5
3695000,-1156189.5630850904,298.76982036329866,901.9956118324782,84.5
3700000,-1156615.381908183,300.1253044934769,902.2125559711616,84.5
3705000,-1156404.7140104622,299.465048665117,901.2052115132963,84.5
3710000,-1158214.1628873842,301.431031868414,899.8062683014285,84.5
3715000,-1158606.3215826154,299.8668344636893,900.7267297237125,84.5
3720000,-1154069.3319164095,299.7961961849371,902.643240583539,84.5
3725000,-1157214.5584399868,300.31150487548797,903.2663108547796,84.5
3730000,-1156882.2256491175,300.3581212453573,902.9795675647875,84.5
3735000,-1159454.7868053112,300.29504844045533,899.7806510472672,84.5
3740000,-1157903.02601548,298.7796901458957,899.5544180568185,84.5
3745000,-1158637.0136218388,300.71600282506324,900.376263354696,84.5
3750000,-1156093.539624747,300.59446583275286,902.0156339113407,84.5
3755000,-1156392.754466503,299.2232389914901,900.3359874141706,84.5
3760000,-1156029.7719451683,300.3917070551451,901.472223234424,84.5
3765000,-1158524.4975495404,299.51906737193417,902.493855362796,84.5
3770000,-1158602.2918858826,299.11220393727365,902.04826686877,84.5
3775000,-1155541.386790391,300.80848105662824,903.4239492014354,84.5
3780000,-1156696.3041781709,301.7677464350295,900.5714384822539,84.5
3785000,-1156816.0056219362,299.9691620857386,901.7811800122173,84.5
3790000,-1158143.297080649,301.2964031396836,903.0354572684677,84.5
3795000,-1156107.7175435275,301.585644867692,902.2273281169212,84.5
3800000,-1157175.1213188907,298.5265220654371,900.9089292798708,84.5
3805000,-1156700.860284308,300.6049473787339,902.0668097941792,84.5
3810000,-1155671.052057634,301.8243549401727,902.4750213561218,84.5
3815000,-1155467.894376426,297.92456728758316,900.9536274226259,84.5
3820000,-1156335.5837714057,300.01920433055903,901.0355874312984,84.4
3825000,-1157130.9356088983,300.1351946681867,901.1348474961842,84.4
3830000,-1155059.7444789605,301.8061651755518,900.5076356284148,84.4
3835000,-1154105.785187427,299.66640038694123,901.6872850988242,84.4
3840000,-1158555.2755768849,299.3706127907229,901.2782375242878,84.4
3845000,-1155536.5976564419,301.2795184702821,901.3879099437117,84.4
3850000,-1159082.2744439337,300.9658062069092,900.870048213497,84.4
3855000,-1155538.9223305676,301.81032516656376,901.7284088034088,84.4
3860000,-1156908.435612306,299.8193616250822,900.400886330826,84.4
3865000,-1157781.9497405728,301.51103012694307,899.9542747698212,84.4
3870000,-1156639.8534766678,298.3634259472327,902.4201146032763,84.4
3875000,-1157175.9663748713,298.85195979367217,900.922829585106,84.4
3880000,-1158034.3993387492,299.80190597652216,899.1320734798616,84.4
3885000,-1156834.7447363557,299.08198282609857,901.6827873278278,84.4
3890000,-1155650.19924358,299.10210984143583,901.2720896001867,84.4
3895000,-1156182.9117743,300.6743213464923,900.7413555409088,84.4
3900000,-1156869.7207770105,300.82457043363036,901.2077198510093,84.4
3905000,-1158018.4206457613,299.03185901282694,902.572070856105,84.4
3910000,-1157789.7019317467,301.30453959269227,900.6642829972433,84.4
3915000,-1157516.9297095202,301.9650605185186,901.6290418199414,84.4
3920000,-1156352.7558103334,300.1774471259161,900.3316793903101,84.3
3925000,-1155613.684057464,300.80075244587556,900.7667765267089,84.3
3930000,-1157567.6910011172,301.43924988987385,902.7618128111005,84.3
3935000,-1155705.956339066,300.57317646698573,902.0181781870269,84.3
3940000,-1156481.7006527707,300.6759934997422,903.8970906884753,84.3
3945000,-1155055.902891919,300.1642126447064,904.0486115233377,84.3
3950000,-1157340.1004245616,299.3467132345168,903.3999166371566,84.3
3955000,-1156117.9633228853,300.507473079532,901.6745749563745,84.3
3960000,-1157164.894269499,298.9041839945626,899.9162968960721,84.3
3965000,-1158603.154741251,301.7364649339886,897.444846760305,84.3
3970000,-1156748.6360860178,301.07162088024785,900.1813292299217,84.3
3975000,-1156945.4027187284,300.97691990838723,903.0023856961435,84.3
3980000,-1157093.8583988575,299.79476873704084,900.4588354897872,84.3
3985000,-1157479.9213397112,299.5112164085047,899.4442221930367,84.3
3990000,-1157177.1739364387,300.3673792645702,900.2501257348121,84.3
3995000,-1156695.3038782757,301.2867372782146,903.0114159552086,84.3
4000000,-1157678.582492929,300.62305557490373,900.4914795799621,84.3
4005000,-1156307.8056780705,301.74741549856424,900.6715863067726,84.3
4010000,-1156673.1420173785,301.09511259419776,902.8930794414093,84.3
4015000,-1155628.9138923604,300.79173913201635,900.439351568549,84.3
4020000,-1157112.6467509596,301.6256338009002,899.1459171386902,84.2
4025000,-1156724.7321586981,300.07110225764455,901.5858473879414,84.2
4030000,-1158487.5935655842,300.258403813747,900.3226075093481,84.2
4035000,-1156508.8067985289,299.04070918978374,899.9253179389021,84.2
4040000,-1158218.2786949417,300.8242645519383,899.1928541484589,84.2
4045000,-1157450.0465209074,299.686588578617,900.9659931850584,84.2
4050000,-1157189.1015627943,299.87913090771,903.1228357809235,84.2
4055000,-1157968.1182607738,298.38814118795085,899.9729478846513,84.2
4060000,-1156624.6768593695,302.51666716986017,901.1902306965486,84.2
4065000,-1156021.808606862,299.0469491763017,900.3436955190996,84.2
4070000,-1156495.7303163456,299.014077090462,900.6864343988763,84.2
4075000,-1160009.158589881,298.91790788647955,899.1979721354178,84.2
4080000,-1156635.0619017016,299.78141190315444,901.861570485927,84.2
4085000,-1158380.383569695,301.59626915846275,899.7596935404451,84.2
4090000,-1154525.201663415,300.4941162456456,901.0319563783654,84.2
4095000,-1156125.658118613,301.8940143975103,903.0735660076581,84.2
4100000,-1158298.0726787373,298.64848729211633,901.6969357441828,84.2
4105000,-1153867.9771743715,302.3542235992654,904.1373286139503,84.2
4110000,-1156663.379387334,301.4574600466076,901.4930977604629,84.2
4115000,-1156788.1025877167,298.42829325806144,901.5835945522462,84.2
4120000,-1156568.9456040906,300.73351964996164,901.3096718985547,84.2
4125000,-1155590.7681578398,301.6210455755193,902.3139553203875,84.2
4130000,-1156025.4083859734,302.4284916740967,901.4799102789472,84.2
4135000,-1158310.283137463,301.38001080217896,899.519387674532,84.2
4140000,-1158622.1967978338,299.09519691519534,897.5586519443815,84.2
4145000,-1157189.6170804063,299.69199248851,901.8662052577084,84.2
4150000,-1157010.0936242715,299.71450538104534,900.861408988422,84.2
4155000,-1157345.413563246,300.47378530918024,902.7453137346331,84.2
4160000,-1157763.306222001,300.4264348232499,899.8082055407726,84.2
4165000,-1155348.703000158,300.5892454518751,902.0504778150247,84.2
4170000,-1158003.0209121779,302.0011953424069,902.0867604907517,84.2
4175000,-1154240.8783715563,300.8692495527834,903.4228596093591,84.2
4180000,-1155448.6847457,301.9185665013261,901.2719199872482,84.2
4185000,-1154600.911032034,300.30277705120795,902.3908059810561,84.2
4190000,-1158775.64170413,298.8484931344956,897.9489039537998,84.1
4195000,-1157084.8475422636,300.69145072124746,900.2117454019361,84.1
4200000,-1156281.6037167786,299.5921934884484,901.4410947737875,84.1
4205000,-1156950.1200233344,301.44667261893443,900.4964042294557,84.1
4210000,-1157402.0991478292,299.55817944429174,899.7449372655394,84.1
4215000,-1157620.227402878,301.27213652544714,902.1787180901969,84.1
4220000,-1158277.0177716473,298.86696838869574,902.0601458196761,84.1
4225000,-1156875.8754925393,302.12929859504004,901.410179520273,84.1
4230000,-1156423.0957078654,299.3893327502767,901.468175300759,84.1
4235000,-1154422.660852326,302.00800630808334,902.4916123191368,84.1
4240000,-1155832.6866238788,301.01448218017174,902.6091590454732,84.1
4245000,-1156629.1016654773,301.2740125998251,899.4874514853265,84.1
4250000,-1156789.5836041449,300.28821708266605,901.1155220860841,84.1
4255000,-1154769.5597962337,299.00712337999596,902.185731656914,84.1
4260000,-1154686.393598807,301.5580135548429,900.5750235444775,84.1
4265000,-1157060.724254666,298.2770041731704,903.2589609079089,84.1
4270000,-1156910.4167549182,300.78690620128185,900.814591767872,84.1
4275000,-1158924.1400579829,300.6020109144902,899.8911428638429,84.1
4280000,-1155782.3289551055,299.26820360022236,902.076832521042,84.1
4285000,-1156403.9273500536,299.5982295538383,901.7706094367313,84.1
4290000,-1156598.927199456,299.67284429458726,902.1574271258112,84.1
4295000,-1159190.544516459,300.3653808375155,900.0584601994212,84.1
4300000,-1156627.258249632,299.87393091894506,901.3102378707009,84.1
4305000,-1155062.785793296,300.5801301774518,901.537185021821,84.1
4310000,-1155489.7414322635,300.557250226886,899.125886196297,84.1
4315000,-1156960.624498777,298.5645941400417,901.0517878140276,84.1
4320000,-1157107.8710897593,300.9118894606561,901.976271615641,84.1
4325000,-1156896.146270359,298.83746100146874,900.9556922664149,84.1
4330000,-1156857.9561994644,299.79533971619935,901.5491697864575,84.1
4335000,-1157468.33532767,298.6052560129724,898.6054891699868,84.1
4340000,-1157299.1958939591,299.01287395580664,900.2697026647536,84.1
4345000,-1154806.1520773694,299.0562275876274,904.1368700487645,84.1
4350000,-1156704.2283899058,299.5209842305377,902.0772710522783,84.1
4355000,-1155392.4628575677,300.8415774557087,902.9372475982328,84.1
4360000,-1159244.2871961612,301.64115219874384,899.4608144274307,84.1
4365000,-1159238.1907297755,300.9385011678649,900.7822145257361,84.1
4370000,-1159516.6918126699,301.52663009323794,899.1046516424398,84.1
4375000,-1156341.7293632468,301.21891311102934,899.4039138069058,84
4380000,-1156432.0379654616,299.9024798768703,901.3692602150387,84
4385000,-1155901.6708901245,301.9552111280344,900.7558382272516,84
4390000,-1155180.3558229944,301.5683115718088,900.2820538563428,84
4395000,-1155232.908329417,298.7446157118733,903.519338800026,84
4400000,-1156240.2135419697,300.4009446822452,900.8087327319477,84
4405000,-1156769.1324301232,301.27945729394366,900.0341282683693,84
4410000,-1157444.242360374,302.0910022071946,901.7661119430732,84
4415000,-1158095.477114575,299.98908517994784,900.8595452151997,84
4420000,-1156102.0254198806,298.64693749154327,902.196805545598,84
4425000,-1157763.6902794326,302.3707208185237,899.7851685884483,84
4430000,-1157428.9787005363,298.85995350189125,900.0759592679915,84
4435000,-1155488.5589858685,300.7709391769565,901.7343026152056,84
4440000,-1157142.9399348171,299.7583484235734,900.4776867886865,84
4445000,-1156762.5289206933,299.69195170428435,903.1745418742896,84
4450000,-1156686.620506836,301.6703537042788,900.1144772384893,84
4455000,-1155305.1865112083,300.8187178972557,902.9807590683033,84
4460000,-1155160.7873386545,300.4563704448458,901.3211449884044,84
4465000,-1155471.7572469665,301.1344897640218,903.5900449257003,84
4470000,-1157665.0190546503,299.2144092066461,902.0711407821473,84
4475000,-1153792.4845827883,299.329971309905,902.00155644397,84
4480000,-1156942.500695413,300.1906000386745,902.439746613601,84
4485000,-1157554.2691129846,300.4856127346064,902.0528774209203,84
4490000,-1156800.8890770385,300.14506445078376,903.3757644690701,84
4495000,-1157309.2650355138,300.3802670798622,900.139103616557,84
4500000,-1157058.2040141588,300.969354434537,902.4680070810105,84
4505000,-1157171.9412143482,299.0363452776437,901.5143717069703,84
4510000,-1156394.8350601802,300.1416385758327,901.797460193124,84
4515000,-1157890.3392450707,300.2319348513277,901.5003177583575,84
4520000,-1156591.0392649109,300.228162310459,900.15598919161,84
4525000,-1155760.8315328192,299.2665110548597,899.4383622648213,84
4530000,-1156580.6508535724,300.570341963306,900.4900123709128,84
4535000,-1156915.725935908,299.9389001903378,900.3097691505137,84
4540000,-1156468.1001417711,297.8436921682035,902.748401612991,84
4545000,-1157672.8397196596,299.2655526255579,901.8414872373091,84
4550000,-1155952.9126771512,299.7134042069539,902.3516666008386,84
4555000,-1154544.9258603286,298.2480677651019,901.9609519837196,84
4560000,-1158529.26470487,301.15002855397825,900.1491212955337,84
4565000,-1156329.7777297143,298.98371323449726,899.9249906868014,84
4570000,-1156062.1812201021,301.1517414914538,902.6158704049642,84
4575000,-1158733.9568185946,301.21932095328543,899.9596599816637,84
4580000,-1156202.0960445693,300.1997153130978,900.5704302860702,84
4585000,-1156248.0464805868,301.31854897418845,902.2961324287614,84
4590000,-1157395.3633950315,299.22480918417597,901.8991348567581,84
4595000,-1157618.3766886294,301.71729634795304,902.9561629593439,84
4600000,-1157704.128494016,298.7468792363945,899.4365930399651,84
4605000,-1157713.0979023986,299.0096723940964,901.5843001033722,84
4610000,-1155644.2613568483,298.91433926673886,902.0711234914302,83.9
4615000,-1156783.9362618793,299.7345712200442,900.4260171533008,83.9
4620000,-1156246.2379799178,299.84844077794037,904.3706055163395,83.9
4625000,-1154808.4318907699,302.32426758555675,902.845174172208,83.9
4630000,-1155415.9417705657,301.3003999937932,902.4268310460709,83.9
4635000,-1156847.8865671027,301.4281973647343,901.2362601855662,83.9
4640000,-1157060.8251651432,300.0008922132612,901.2631336166548,83.9
4645000,-1157950.0850731852,300.1840949546901,902.6822700607746,83.9
4650000,-1157642.4102162058,300.99590496540753,903.3170584144073,83.9
4655000,-1156128.1484475965,301.2194433059622,901.8550043117336,83.9
4660000,-1158853.5992999254,300.23795052460486,900.824145199977,83.9
4665000,-1156584.8716026694,299.72621045379464,901.4983866310121,83.9
4670000,-1153591.52351786,300.9350752929139,904.4125727495463,83.9
4675000,-1156957.7157386197,300.8359084483493,903.9497970897179,83.9
4680000,-1157628.1589386808,300.0044608330019,901.2611079974624,83.9
4685000,-1156076.6538434792,300.25844459797264,901.7476698378097,83.9
4690000,-1155778.659641615,299.1101239417677,902.6621690413697,83.9
4695000,-1157271.2382446863,299.30050470690355,902.6603279586684,83.9
4700000,-1157089.6372045605,300.76631016735007,901.0381261685147,83.9
4705000,-1155666.3144304883,300.7099871517861,903.6351653670908,83.9
4710000,-1157234.6981877787,299.4689843428882,901.2557896431073,83.9
4715000,-1156709.7756372737,301.4632106224183,901.7705143811579,83.9
4720000,-1156666.40921414,299.13651133573575,901.0571420091359,83.9
4725000,-1158096.4603333985,299.39773430075184,902.183058984718,83.9
4730000,-1157235.5152405724,299.78306366429155,900.8637970515997,83.9
4735000,-1155395.4475510549,299.99073694108495,902.9324795169882,83.9
4740000,-1156944.4181295726,300.4788425531556,903.0307430361594,83.9
4745000,-1156842.266566556,300.0045831856787,903.27677316496,83.9
4750000,-1157009.3922609044,299.9492185994165,901.2342278763444,83.9
4755000,-1156145.2736731693,301.94112017808703,902.6290371139687,83.9
4760000,-1158287.7255543973,300.8379272675169,900.7053493959888,83.9
4765000,-1154816.8019761806,301.94050841470295,902.6595524300344,83.9
4770000,-1157523.058178639,302.06314658110466,901.3573986716877,83.9
4775000,-1156813.233799789,302.21627095614804,898.9351799414839,83.9
4780000,-1158314.5131156873,300.555374152508,900.8277057591552,83.9
4785000,-1155716.3956971057,300.43540735288354,899.3801583770706,83.9
4790000,-1157318.8493869845,299.7785977915875,901.9036003705515,83.9
4795000,-1155281.5718314145,300.2459646249367,903.0104741590163,83.9
4800000,-1157650.041421868,299.06258992682217,902.5414646294844,83.9
4805000,-1156578.6785460133,301.4320922582798,899.676208785489,83.9
4810000,-1156935.0493290918,301.6668462608765,903.6510410811564,83.9
4815000,-1160500.7419100031,299.4142723042357,901.3879517419788,83.9
4820000,-1155651.528475577,300.4310842249692,902.4903677339028,83.9
4825000,-1157314.9338528141,301.3730774838257,901.102204619383,83.9
4830000,-1154649.9427717207,299.5200461933487,903.0659697697112,83.9
4835000,-1157501.93343791,297.63479536464183,899.5893789183019,83.9
4840000,-1158143.858844799,300.9149890618022,902.0052003622569,83.9
4845000,-1156983.9621783532,300.2018360928294,900.9305091158702,83.9
4850000,-1157692.8348768344,300.98801321775244,902.6539965659857,83.9
4855000,-1159137.7482745862,299.8229506369357,900.1621423331411,83.9
4860000,-1156672.094881284,297.5918495750771,902.3035614910223,83.8
4865000,-1157934.4628695063,299.6997007071498,900.9045611850756,83.8
4870000,-1158414.843907225,301.2032111841704,903.4369304500116,83.8
4875000,-1157182.9728531865,301.0742514627995,900.922442831814,83.8
4880000,-1158372.0404899996,299.90643594675424,900.1663600930597,83.8
4885000,-1154718.2988537736,299.60873149193225,902.3446776087436,83.8
4890000,-1157061.678737538,300.96949717932665,901.6027158373412,83.8
4895000,-1156929.6931953225,300.12793507602856,900.6843814354546,83.8
4900000,-1156743.0600582138,300.02980822921694,901.569999263049,83.8
4905000,-1157663.5369822849,299.6991705122169,902.9006832654898,83.8
4910000,-1156787.4990526075,301.2128362614138,903.4837615262054,83.8
4915000,-1155838.6907667099,300.4294528559449,902.7559505300352,83.8
4920000,-1155536.220475698,300.7884356097421,902.238667537827,83.8
4925000,-1157810.3023355184,300.0072749445688,900.5963663576345,83.8
4930000,-1156970.7997531854,301.813832609966,902.4789054587775,83.8
4935000,-1156336.1577953193,297.5714574622734,901.8853805228632,83.8
4940000,-1157311.1095262263,299.67013214358434,901.9438684061749,83.8
4945000,-1155889.447589729,300.8939036171631,903.4555111824127,83.8
4950000,-1157834.7811802821,299.211921368884,902.374448895215,83.8
4955000,-1158862.8709599832,298.9168067123881,899.2153115895646,83.8
4960000,-1156801.692316384,299.71234381708814,900.0327618779627,83.8
4965000,-1156890.5395846944,300.51367228182437,900.3002116027909,83.8
4970000,-1156303.4916042732,299.8181788825396,903.4535810152076,83.8
4975000,-1157982.3218602408,300.5144063978853,901.3488721953316,83.8
4980000,-1155556.2293302268,300.09502220596335,899.1768440901881,83.8
4985000,-1155285.411015044,298.46269475236136,902.9220681414281,83.8
4990000,-1159860.5056086667,301.8555548727625,902.2327802103453,83.8
4995000,-1156978.9501718245,300.34451970611724,902.9356236551455,83.8
5000000,-1159242.1859600693,300.05729679727636,901.018455565948,83.8
5005000,-1153527.474190604,300.6511966905729,903.1786805022468,83.8
5010000,-1156188.2943940647,299.93535196270994,901.847728086454,83.8
5015000,-1158339.5312335482,300.9355647036212,903.5881893151238,83.8
5020000,-1157133.834997096,298.813744974278,899.7804535482277,83.8
5025000,-1155562.2304566698,296.77594074968624,904.0226731403899,83.8
5030000,-1154767.5107199783,300.54128320256063,903.4583692781268,83.8
5035000,-1155660.3327886527,298.66945038407863,901.2937294476192,83.8
5040000,-1157947.5330703184,300.22210585295636,899.7097391935885,83.8
5045000,-1158702.209012894,301.14209602209763,900.2196410684606,83.8
5050000,-1155619.8887475794,301.60169346046854,902.0077585651818,83.8
Done.
