#"Step","Time (ps)","Potential Energy (kJ/mole)","Temperature (K)","Box Volume (nm^3)","Speed (ns/day)"
55000,109.99999999992504,-1154685.6727217548,300.2856680685656,901.5830331941443,--
60000,119.99999999990173,-1154287.084057482,300.33744364297434,901.8305691279083,83.9
65000,129.99999999989262,-1153752.555611127,300.1649671528802,904.7434547680809,83.2
70000,139.99999999994037,-1154488.809573627,302.075687730479,904.3597577688611,82.6
75000,149.99999999998812,-1155825.7620856687,300.33275345702947,904.3545239258519,82.3
80000,160.00000000003587,-1156445.0713851638,301.08187811298814,902.3406897229273,82.3
85000,170.00000000008362,-1157484.8559929337,300.3638922132808,901.1732704965123,82.3
90000,180.00000000013137,-1157017.2676163698,300.06410776295286,902.8593635127341,82.4
95000,190.0000000001791,-1156624.9139303975,299.12182901451706,904.5315985092999,82.1
100000,200.00000000022686,-1158056.7041438967,299.74415551306197,901.2090470201764,81.9
105000,210.0000000002746,-1156130.5998020694,299.52451206605275,902.0872340686122,81.9
110000,220.00000000032236,-1154644.275032442,301.19684884497565,902.4125016077578,81.9
115000,230.0000000003701,-1155284.5004631737,300.52609107852186,902.100443509599,81.9
120000,240.00000000041786,-1156766.784731917,299.0016582937646,901.1598963626761,81.8
125000,250.0000000004656,-1155999.66915368,299.845259608343,901.5341616760034,81.7
130000,260.00000000051335,-1157252.454059219,297.74899119634284,899.6606683965092,81.6
135000,270.0000000005611,-1156360.6767829377,300.6567025610299,904.388756569769,81.6
140000,280.00000000060885,-1156084.741224829,299.7218057574291,899.5438227958234,81.7
145000,290.0000000006566,-1157085.7234430201,301.05306405759643,900.8941612605717,81.6
150000,300.00000000070435,-1155794.0114858719,299.5976177904542,903.6177655819018,81.6
155000,310.0000000007521,-1156867.9567239955,300.2360540581141,900.7727641264814,81.6
160000,320.00000000079984,-1154910.5445386954,299.17272772807524,903.6056752359261,81.5
165000,330.0000000008476,-1156796.0532298582,300.3212930896338,903.4619827691691,81.6
170000,340.00000000089534,-1155784.0626129126,300.8866848092306,902.4433706138193,81.6
175000,350.0000000009431,-1156753.5909215184,299.12917017512643,902.8736592693679,81.5
180000,360.00000000099084,-1156534.4467935795,301.9942620240536,902.2316354304526,81.5
185000,370.0000000010386,-1157540.5462094136,298.710764804619,902.5065534798125,81.5
190000,380.00000000108633,-1155337.111388347,301.67225017076953,901.721113146346,81.4
195000,390.0000000011341,-1156249.5210945923,301.17042066678204,904.6462206678161,81.5
200000,400.00000000118183,-1156921.1448792964,300.36289299975346,900.8384340115553,81.5
205000,410.0000000012296,-1156802.8107328834,298.6780966399074,901.53048900707,81.6
210000,420.00000000127733,-1155674.9685838325,302.0344752705026,904.9711447310798,81.6
215000,430.0000000013251,-1156062.8830447607,300.9655615015555,901.4849016943685,81.6
220000,440.0000000013728,-1155096.8278275197,302.9968606421629,903.480118971159,81.5
225000,450.0000000014206,-1155790.5520390915,299.63089771854993,904.0437724679884,81.5
230000,460.0000000014683,-1155912.6660984866,301.2240315313431,901.2782530843003,81.6
235000,470.00000000151607,-1156101.7402770566,299.53848066332336,900.3504372102801,81.6
240000,480.0000000015638,-1155947.55676339,298.99258380356684,903.0157009136138,81.5
245000,490.00000000161157,-1156035.539167515,301.7617307617524,899.7123395916531,81.5
250000,500.0000000016593,-1154766.619790662,299.5155599285319,901.9558617979197,81.5
255000,510.00000000170706,-1155775.3014374292,298.93634235645413,901.9320184057883,81.5
260000,520.0000000015274,-1155683.6599438349,300.60356071506334,904.1191151539405,81.5
265000,530.0000000012909,-1156666.976597906,298.5096170039228,903.003617165026,81.5
270000,540.0000000010544,-1157254.3184917402,299.94848448335557,900.401462968578,81.5
275000,550.000000000818,-1155451.4797288477,301.546369658432,900.4048207900391,81.5
280000,560.0000000005815,-1155510.6093408577,298.9676646417207,901.8173429961427,81.5
285000,570.000000000345,-1155822.5527975662,299.168282247484,900.8593250728644,81.5
290000,580.0000000001086,-1157827.5484538255,299.56874255872407,903.9165806156901,81.5
295000,589.9999999998721,-1155790.682746497,299.32709602199964,903.2628731066329,81.5
300000,599.9999999996356,-1155839.1328795059,300.88052639116387,903.1983831009051,81.5
305000,609.9999999993992,-1156344.0056866864,302.00525337285484,903.4798047450737,81.5
310000,619.9999999991627,-1156346.544344726,299.28260043186185,904.6687545943495,81.5
315000,629.9999999989262,-1156863.3426377987,300.0038694617306,902.0353170169903,81.5
320000,639.9999999986898,-1156677.157274831,300.44727556253537,903.3470288840097,81.5
325000,649.9999999984533,-1157047.2924251677,300.1793843766324,901.5779485034672,81.5
330000,659.9999999982168,-1154268.2365850797,300.19047768599773,905.7329947305301,81.5
335000,669.9999999979804,-1154123.1154344538,300.6790931008884,900.2530444356723,81.5
340000,679.9999999977439,-1155960.4574413607,301.9639185602016,901.8843743339644,81.5
345000,689.9999999975074,-1156858.9107956681,301.258433025643,899.2672767907864,81.5
350000,699.999999997271,-1157707.3279357655,299.231355052386,900.4270330565989,81.5
355000,709.9999999970345,-1156259.4319534032,298.7136197004115,901.1694822862985,81.5
360000,719.999999996798,-1156000.6124254027,300.4494167343797,902.6981900748409,81.5
365000,729.9999999965615,-1159294.7636393858,299.9647777814858,901.0026604983383,81.5
370000,739.9999999963251,-1156647.907081657,298.87587974199096,904.8435891531112,81.5
375000,749.9999999960886,-1157166.5751987323,299.4186973927141,901.3854105614721,81.5
380000,759.9999999958521,-1157646.6621403564,300.58241409408583,902.5539005767387,81.5
385000,769.9999999956157,-1156442.487154862,301.7722123077335,902.2997778203776,81.5
390000,779.9999999953792,-1156206.3448780635,301.6987191331888,902.5575667750154,81.5
395000,789.9999999951427,-1157520.7455282835,299.5387661529026,901.9422103121269,81.5
400000,799.9999999949063,-1157957.5775428126,299.75498372496077,900.9683772004655,81.5
405000,809.9999999946698,-1156440.214384267,300.4619986679797,903.4559250104609,81.5
410000,819.9999999944333,-1152454.7628588881,299.20482491362833,904.3697952305595,81.5
415000,829.9999999941969,-1155439.972258049,300.0136168916507,901.2133744684943,81.5
420000,839.9999999939604,-1154916.6804390708,299.08267615793386,903.4380218887453,81.5
425000,849.9999999937239,-1153580.6772641698,302.957259159098,902.4036788737341,81.6
430000,859.9999999934874,-1157356.6273800265,300.0243431429855,900.5164248500836,81.6
435000,869.999999993251,-1156750.608446571,300.00166711354774,902.3851853310713,81.6
440000,879.9999999930145,-1155663.222719361,300.87763071114574,901.6202113399409,81.6
445000,889.999999992778,-1155321.147980622,300.96301248745505,902.7877712948634,81.6
450000,899.9999999925416,-1155632.3101530373,301.0556742480353,902.6530114672064,81.6
455000,909.9999999923051,-1155949.033649385,299.25494872689995,903.3663091791572,81.6
460000,919.9999999920686,-1156054.7172133122,300.31652133523767,903.0788019576256,81.6
465000,929.9999999918322,-1156570.151912433,301.75259509521635,902.9328827705721,81.6
470000,939.9999999915957,-1157487.5737766633,302.4756790231246,900.2505016203683,81.6
475000,949.9999999913592,-1157940.9086233545,300.5525396488283,902.1201788066119,81.6
480000,959.9999999911228,-1156951.270492915,298.9420113638136,900.6199338199642,81.6
485000,969.9999999908863,-1156792.143877116,301.18314534517157,903.4677681654117,81.6
490000,979.9999999906498,-1156628.7165320143,300.6109630520111,902.6653743743383,81.6
495000,989.9999999904134,-1156064.5861434443,301.3306618891939,900.1448477466948,81.6
500000,999.9999999901769,-1156449.4707387257,298.9542058472702,901.9848025329206,81.7
505000,1009.9999999899404,-1155237.8930116585,300.88554285091357,900.192017767131,81.7
510000,1019.999999989704,-1155836.271864066,300.2850359130687,902.2097116135969,81.7
515000,1029.9999999894676,-1155994.2757061422,299.4611741636843,901.8964555648653,81.7
520000,1039.9999999892311,-1158014.3977177562,300.5526212172795,900.2980518599489,81.7
525000,1049.9999999889947,-1156137.1465247972,300.11961509400464,903.6954329412047,81.7
530000,1059.9999999887582,-1154185.3262451142,301.3912672484467,904.5241663750409,81.7
535000,1069.9999999885217,-1157561.695163669,300.96229876350696,901.2603593626733,81.7
540000,1079.9999999882853,-1156898.2797628148,300.2762265203375,900.1099218530142,81.7
545000,1089.9999999880488,-1157063.574188169,299.63970711128115,899.9596326620983,81.7
550000,1099.9999999878123,-1157106.0289875353,301.0054484741996,902.1886102155223,81.7
555000,1109.9999999875758,-1155533.3783510542,299.2929800172789,903.1843091541774,81.7
560000,1119.9999999873394,-1155904.3654742371,302.2915994208451,900.4530785929054,81.7
565000,1129.999999987103,-1157141.5916038202,300.29829078639114,902.0001449188194,81.7
570000,1139.9999999868664,-1153605.838929588,299.14026348449164,904.6850932816469,81.7
575000,1149.99999998663,-1156581.4617995927,300.0819712537689,901.2901865803091,81.7
580000,1159.9999999863935,-1155716.263590428,298.19307023687014,903.154427228239,81.8
585000,1169.999999986157,-1157337.6151988339,299.27175182785027,900.5652047570244,81.8
590000,1179.9999999859206,-1156007.0758369025,301.1185839160349,901.013280660737,81.8
595000,1189.999999985684,-1154811.8271099785,301.18059633107106,903.0899367977609,81.8
600000,1199.9999999854476,-1156610.159522173,301.455033385184,902.1341779027998,81.8
605000,1209.9999999852112,-1155597.0886949198,300.14481974543014,902.3374895002426,81.8
610000,1219.9999999849747,-1157831.7946976088,299.90818966845535,902.9868392239669,81.8
615000,1229.9999999847382,-1157397.8203582913,299.319265450683,903.0455137170329,81.8
620000,1239.9999999845018,-1154595.4365569772,302.34453734568365,901.961106028229,81.8
625000,1249.9999999842653,-1156547.0341910198,299.5863409520737,901.6450746682842,81.8
630000,1259.9999999840288,-1155046.8702298645,301.31292075105466,903.805212016614,81.8
635000,1269.9999999837923,-1156674.0587367509,301.0699283348851,901.9721282647313,81.8
640000,1279.9999999835559,-1155636.9441687195,301.247421284729,903.727822301819,81.8
645000,1289.9999999833194,-1156045.2862415705,298.360489482989,902.0031905132739,81.8
650000,1299.999999983083,-1156895.3947151322,299.06450678542575,903.1021500154493,81.8
655000,1309.9999999828465,-1155505.2320359638,301.89605360879074,903.831445957999,81.8
660000,1319.99999998261,-1155571.6069501769,299.8432203970626,903.3445977200657,81.8
665000,1329.9999999823735,-1156239.417635479,300.21674272728893,902.5760623181335,81.8
670000,1339.999999982137,-1155587.6129806451,300.00978317444367,900.6001667534211,81.8
675000,1349.9999999819006,-1156922.6646584338,300.72978789331853,903.3825272726593,81.8
680000,1359.9999999816641,-1155351.2689643186,300.5980344524935,901.8439082448975,81.8
685000,1369.9999999814277,-1156042.2335258685,299.5872993813755,901.2099158330634,81.8
690000,1379.9999999811912,-1157263.4995022658,297.7248265426704,901.4044485591753,81.8
695000,1389.9999999809547,-1156724.0471986085,297.86936583822336,900.7585773205922,81.8
700000,1399.9999999807183,-1153998.8686550297,301.0300005780154,902.009020743663,81.8
705000,1409.9999999804818,-1153834.2247250136,300.6280720346534,903.0363560604434,81.8
710000,1419.9999999802453,-1155026.3728350084,300.70552127908206,902.6630078010775,81.8
715000,1429.9999999800089,-1157069.5837069955,300.9961088865355,902.3317605284517,81.8
720000,1439.9999999797724,-1156624.129555055,299.21247195592974,900.7344556687483,81.8
725000,1449.999999979536,-1154513.4503129013,300.2718422160847,901.1326354656778,81.8
730000,1459.9999999792994,-1155811.3718884503,303.0696197006467,901.7601335978301,81.8
735000,1469.999999979063,-1157547.0919555891,299.7095704897468,898.9482278489102,81.8
740000,1479.9999999788265,-1155506.4114801353,299.5817119424673,902.5929088576411,81.8
745000,1489.99999997859,-1155573.6696285205,300.0306035216163,903.2683984651057,81.8
750000,1499.9999999783536,-1157143.1009318484,300.0557062124777,900.1180017198568,81.8
755000,1509.999999978117,-1158146.4898772584,299.47226747304956,902.3718405648607,81.8
760000,1519.9999999778806,-1155521.5896208705,300.3807157063439,904.4617515531752,81.8
765000,1529.9999999776442,-1155822.7606812026,300.5480533840115,901.891067404645,81.8
770000,1539.9999999774077,-1156331.6937354729,302.5746419465612,900.9021520784426,81.8
775000,1549.9999999771712,-1157361.682523557,301.0114641474768,901.4715715945097,81.8
780000,1559.9999999769348,-1156599.3469399465,300.09037280424405,903.7200742486242,81.8
785000,1569.9999999766983,-1154815.7420534212,299.77906681018203,900.2791945114568,81.8
790000,1579.9999999764618,-1157046.9492796985,299.2772984825329,901.5449180686276,81.8
795000,1589.9999999762254,-1154016.3646798488,302.0908186781794,901.815950058182,81.8
800000,1599.9999999759889,-1155613.8781858683,300.23576856853487,902.0452680412678,81.8
805000,1609.9999999757524,-1155402.7569407327,298.21715332209135,901.0547812516604,81.8
810000,1619.999999975516,-1156087.7709586862,299.3884354973133,902.6606966102415,81.8
815000,1629.9999999752795,-1158806.917045448,300.63155908594285,901.5785939094982,81.8
820000,1639.999999975043,-1154759.9922975209,299.02439549954073,904.8881378671404,81.8
825000,1649.9999999748065,-1156335.8635313949,299.73175710847727,900.9582658350151,81.8
830000,1659.99999997457,-1155446.1583165443,301.56407001234567,902.2250673244343,81.9
835000,1669.9999999743336,-1154138.374904438,300.75801057743894,903.7483503533559,81.8
840000,1679.9999999740971,-1155781.6734066121,299.22122017232255,902.3406204948842,81.9
845000,1689.9999999738607,-1158580.5955434786,302.02480940903365,900.5986782005992,81.9
850000,1699.9999999736242,-1156308.7009782158,300.8297500302825,903.1857303280063,81.9
855000,1709.9999999733877,-1156079.4621129464,300.80425988927783,900.744944885677,81.9
860000,1719.9999999731513,-1157569.7838303857,302.331302864474,902.0577250231624,81.9
865000,1729.9999999729148,-1157184.2557437392,300.33248835956306,901.5599435517972,81.9
870000,1739.9999999726783,-1154242.1773759546,299.49588153967625,900.8629122018302,81.9
875000,1749.9999999724419,-1156456.8483617855,300.1613781410267,900.9534980443148,81.9
880000,1759.9999999722054,-1154827.9907678878,300.6887589623574,902.6062932259791,81.9
885000,1769.999999971969,-1155516.0648380714,300.11260020720016,901.6286930164317,81.9
890000,1779.9999999717324,-1156020.6030677473,301.0561024824042,903.1078525572561,81.9
895000,1789.999999971496,-1156749.087493023,300.0821547827842,903.3782481373428,81.9
900000,1799.9999999712595,-1157593.0581733389,301.16232499799895,900.1285240764889,81.9
905000,1809.999999971023,-1156652.612028744,300.8207775006489,901.3281287878124,81.9
910000,1819.9999999707866,-1155844.7590422053,302.05450032527585,903.9450158339173,81.9
915000,1829.99999997055,-1155059.6150046065,301.1036976736881,904.275016976542,81.9
920000,1839.9999999703136,-1155875.1938886438,301.36045476600015,903.3686588800847,81.9
925000,1849.9999999700772,-1155533.8725645905,299.75184333958896,902.3017427627656,81.9
930000,1859.9999999698407,-1155049.357222626,299.32350701014616,904.1951331855832,81.9
935000,1869.9999999696042,-1155683.6029515099,300.6927762085797,904.1372109227805,81.9
940000,1879.9999999693678,-1157806.2882064013,300.34417304019956,903.5924522973431,81.9
945000,1889.9999999691313,-1158129.7439781595,300.1997153130978,900.5241423888076,81.9
950000,1899.9999999688948,-1155969.9779237388,298.37400945377783,903.5678924419675,81.9
955000,1909.9999999686584,-1156583.8184863627,300.10709433674316,902.5751085647236,81.9
960000,1919.999999968422,-1156129.000005234,299.9748718773236,902.5636313071708,81.9
965000,1929.9999999681854,-1155807.3809715193,300.76282311606064,904.7569061940951,81.9
970000,1939.999999967949,-1155323.4178148229,299.7392206217634,901.8868138347227,81.9
975000,1949.9999999677125,-1155244.9275436904,300.90444633948266,902.6954360746143,81.9
980000,1959.999999967476,-1156507.8315948471,298.0164949321025,899.8823329622377,81.9
985000,1969.9999999672395,-1157871.1802966418,299.981275000744,900.885965376983,81.9
990000,1979.999999967003,-1154258.3980445769,299.9850679337255,903.6171989019405,81.9
995000,1989.9999999667666,-1157272.5846906183,298.7703913424572,899.9990866235669,81.9
1000000,1999.9999999665301,-1156562.1817786274,301.7410735514822,903.3078940099772,81.9
1005000,2009.9999999662937,-1156871.8366022632,300.32651347051154,904.1680832706973,81.9
1010000,2019.9999999660572,-1157558.889997135,299.71436263625566,900.6964860289596,81.9
1015000,2029.9999999658207,-1156257.9507632153,300.1709828261573,903.0582706018919,81.9
1020000,2039.9999999655843,-1156708.33871264,298.40653487369985,901.3451599178339,81.9
1025000,2049.999999965348,-1155435.2963327654,299.83881570069695,902.5312919215887,81.9
1030000,2059.9999999651113,-1157643.9274303382,300.55333494122766,900.5582022990093,81.9
1035000,2069.999999964875,-1157250.7858964307,300.45327084369967,902.4008444175795,81.9
1040000,2079.9999999646384,-1155247.513012495,301.0160523728576,901.8565766569426,81.9
1045000,2089.999999964402,-1156094.4031451587,301.31145251893275,900.3195265406389,81.9
1050000,2099.9999999641655,-1156440.28209214,300.110642564371,903.422651428647,81.9
1055000,2109.999999963929,-1157345.188653429,298.99443948583206,901.3524591150777,81.9
1060000,2119.9999999636925,-1157516.6216546549,298.0701669730019,902.5275886491428,81.9
1065000,2129.999999963456,-1155071.2363554612,300.453964175535,903.7303047657408,81.9
1070000,2139.9999999632196,-1155595.401121134,302.21317135500186,901.6345239257248,81.9
1075000,2149.999999962983,-1155678.7595449034,301.2892455080895,902.3034708253939,81.9
1080000,2159.9999999627466,-1156639.6019295389,299.2762177005543,901.8861467032106,81.9
1085000,2169.99999996251,-1155690.6720099868,299.719317919667,901.540201488165,81.9
1090000,2179.9999999622737,-1158548.5768611962,301.1347344693754,902.3121712337198,81.9
1095000,2189.9999999620372,-1156103.4420554107,299.7614276326068,899.7843163268908,81.9
1100000,2199.9999999618008,-1157384.4071277408,300.1634581365327,899.5230522981578,81.9
1105000,2209.9999999615643,-1155348.5958421724,300.69718090494536,901.359373049567,81.9
1110000,2219.999999961328,-1156229.4816499325,300.7534631362837,900.9722240479282,81.9
1115000,2229.9999999610914,-1156595.9863723991,300.52794676078696,903.4785905181853,81.9
1120000,2239.999999960855,-1157998.601041356,300.09963082345695,901.127589695455,81.9
1125000,2249.9999999606184,-1156139.8636527555,300.3346091392946,902.1740767384849,81.9
1130000,2259.999999960382,-1156791.1211983878,301.2648361490634,902.5718695503531,81.9
1135000,2269.9999999601455,-1156918.578843264,299.6440710234212,902.6543176752009,81.9
1140000,2279.999999959909,-1156310.776677439,301.19440179143925,901.6062026799225,81.9
1145000,2289.9999999596726,-1155581.1366496729,300.1542001173198,900.2785982199732,81.9
1150000,2299.999999959436,-1156544.0653686794,301.2930996174094,903.5215824865362,81.9
1155000,2309.9999999591996,-1156045.5807169126,299.4056872247453,902.9878889854175,81.9
1160000,2319.999999958963,-1155340.434163618,301.5364386994966,901.8490341380522,81.9
1165000,2329.9999999587267,-1157601.639703175,299.7628958647286,904.6507431226969,81.9
1170000,2339.99999995849,-1154450.6502981111,301.1297180096257,904.520046985563,81.9
1175000,2349.9999999582537,-1157136.5385307511,300.0535854327461,899.9345055999322,81.9
1180000,2359.9999999580173,-1155472.3182365447,300.34299029765697,902.3064019315501,81.9
1185000,2369.999999957781,-1155986.8316343129,300.2274485865109,899.5203156464087,81.9
1190000,2379.9999999575443,-1155344.8206846006,302.09389788721273,904.8916534401314,81.9
1195000,2389.999999957308,-1155903.5486988015,301.5544653272151,901.241840765682,82
1200000,2399.9999999570714,-1155797.7255155575,300.82102220600257,903.0675145842355,82
1205000,2409.999999956835,-1155933.1440123664,298.31809428046995,901.8633243091841,82
1210000,2419.9999999565985,-1157003.2788994433,299.65712197561555,902.0425696091263,82
1215000,2429.999999956362,-1157407.9164054254,302.0781143919026,902.8351252357805,82
1220000,2439.9999999561255,-1155297.1353679132,302.03643291333174,901.3146221060922,82
1225000,2449.999999955889,-1157904.2113939552,298.76957565794504,901.6660402992296,82
1230000,2459.9999999556526,-1156970.741519142,301.21146998985597,900.0998317738878,82
1235000,2469.999999955416,-1157391.914335154,300.88743931740436,901.1398108375525,81.9
1240000,2479.9999999551796,-1155239.485666344,300.5309851855947,901.8448053956951,82
1245000,2489.999999954943,-1157838.0196807543,301.11811489744036,902.2412615960733,82
1250000,2499.9999999547067,-1156482.9168770043,298.6362520244341,904.3032565538143,82
1255000,2509.9999999544702,-1154691.6163315913,301.21100097126146,904.2428626075978,82
1260000,2519.9999999542338,-1156484.349121525,299.9438350816363,902.2552015692495,82
1265000,2529.9999999539973,-1155286.0197250554,300.45386221497097,903.4841796657856,82
1270000,2539.999999953761,-1156827.216906636,300.1994298235185,899.3097861598876,82
1275000,2549.9999999535244,-1156792.2259744117,300.7157989039352,902.7223275028416,82
1280000,2559.999999953288,-1155094.5686611105,301.64237572551207,905.2855897523151,82
1285000,2569.9999999530514,-1156933.1209143847,301.18708102294266,900.6130616209474,82
1290000,2579.999999952815,-1157020.5364556443,302.04138819674307,901.146708271711,82
1295000,2589.9999999525785,-1155368.2791592656,300.3299801296881,903.4827529975577,82
1300000,2599.999999952342,-1156399.449117709,300.7329282786903,903.1405587253605,82
1305000,2609.9999999521056,-1156892.124910403,300.250817947784,902.0127881915962,82
1310000,2619.999999951869,-1157559.0746554332,300.18491063920226,901.4195961275533,82
1315000,2629.9999999516326,-1155477.5163071854,301.3254211162033,899.7714220430194,82
1320000,2639.999999951396,-1155812.2075262247,300.94733095270897,902.4651196300442,82
1325000,2649.9999999511597,-1155649.9551846385,301.7941134368848,903.2677475920598,82
1330000,2659.999999950923,-1154241.1848323522,302.4503520190223,902.063226987947,82
1335000,2669.9999999506867,-1154692.1636533337,300.00050476311793,903.7909561861293,82
1340000,2679.9999999504503,-1155912.8789178208,299.88596226549924,902.7416981301274,82
1345000,2689.999999950214,-1157300.8236632347,300.75817371434135,901.7779912455048,82
1350000,2699.9999999499773,-1156844.311246206,297.45950476298077,899.5842728558973,82
1355000,2709.999999949741,-1156147.8706478085,299.7421570860072,902.1359163944885,82
1360000,2719.9999999495044,-1156926.6307242867,299.0285147063271,902.8393335844637,82
1365000,2729.999999949268,-1157567.7068931665,301.6545090326303,900.7698028319588,82
1370000,2739.9999999490315,-1159104.8595075551,298.4384689223505,902.1882490712353,82
1375000,2749.999999948795,-1155768.6906785509,300.90214203073583,901.1252702239757,82
1380000,2759.9999999485585,-1156862.118346407,300.13643858706774,901.551810981885,82
1385000,2769.999999948322,-1156141.2681637052,301.24395462555236,899.9393196874206,82
1390000,2779.9999999480856,-1158561.4961476047,298.9859359747928,901.6625709092971,82
1395000,2789.999999947849,-1156409.466255162,299.8432407891754,901.1178968722309,82
1400000,2799.9999999476127,-1156144.0951271923,300.7194694842398,902.1144397016758,82
1405000,2809.999999947376,-1155511.5568454554,300.3566530132355,902.7101187142387,82
1410000,2819.9999999471397,-1158878.3071289891,300.3928286213493,902.283332466381,82
1415000,2829.9999999469032,-1155070.4888728429,300.2063631418718,902.0079751988726,82
1420000,2839.999999946667,-1155774.956227716,299.2339040664865,903.7449111264208,82
1425000,2849.9999999464303,-1155623.0192225408,300.04732505411533,904.3102394210597,82
1430000,2859.999999946194,-1156997.5075137634,298.83756296203273,899.3329660973741,82
1435000,2869.9999999459574,-1157067.4299308043,300.81932966063977,904.348624155011,82
1440000,2879.999999945721,-1155457.1461369954,298.714924795631,901.2459881032611,82
1445000,2889.9999999454844,-1156117.1276671095,298.3847560972254,902.7171183462558,82
1450000,2899.999999945248,-1157651.0489291921,301.2148550805814,901.3964205102288,82
1455000,2909.9999999450115,-1157585.3090064079,298.9955406599234,902.1063402358689,82
1460000,2919.999999944775,-1155822.048842974,302.61459009554375,902.6659217978338,82
1465000,2929.9999999445386,-1157013.9302504426,299.71870615628285,901.2584888265891,82
1470000,2939.999999944302,-1155874.41767063,299.8999920391082,903.2498009255337,82
1475000,2949.9999999440656,-1156559.4317035982,300.2797339637398,901.2306440217659,82
1480000,2959.999999943829,-1156812.2681963202,301.07335420983617,902.9825815291214,82
1485000,2969.9999999435927,-1156899.7833038215,298.81150184186953,900.706650469458,82
1490000,2979.999999943356,-1154813.874621991,299.8518666528914,903.9328416915204,82
1495000,2989.9999999431197,-1156764.0016410267,299.0750495077453,904.6088995779246,82
1500000,2999.9999999428833,-1158325.3109875172,300.2898280595776,901.9217489770629,82
1505000,3009.999999942647,-1155575.4179717572,300.6301520301594,903.6827324629272,82
1510000,3019.9999999424103,-1156109.828049602,301.6469231666673,903.7105209995061,82
1515000,3029.999999942174,-1155314.229367,299.36616731013163,904.8012248113862,82
1520000,3039.9999999419374,-1156901.6672504004,300.90210124651026,898.8638636529871,82
1525000,3049.999999941701,-1154730.7125534862,299.2622491032837,900.5617286580174,82
1530000,3059.9999999414645,-1156363.203655772,300.06667716916616,900.1700130277724,82
1535000,3069.999999941228,-1156604.4345235769,300.57747920278734,901.8295572147222,82
1540000,3079.9999999409915,-1156691.9424636886,299.7986228463608,901.1867075055426,82
1545000,3089.999999940755,-1153986.639453316,301.6290392837384,901.904626400261,82
1550000,3099.9999999405186,-1155305.964111966,299.57500293735484,901.8580590412234,82
1555000,3109.999999940282,-1157184.0308622262,299.7055736356373,901.1034771319731,82
1560000,3119.9999999400457,-1156776.241539782,300.9957010442795,903.5351113047757,82
1565000,3129.999999939809,-1157964.739225519,302.6747468283148,899.9108414580497,82
1570000,3139.9999999395727,-1154984.9508515764,299.623515773715,900.5693558913318,82
1575000,3149.9999999393362,-1158425.0366703225,300.34319421878496,900.6286555330886,82
1580000,3159.9999999391,-1155638.2918329109,300.25769008979887,903.7952039855389,82
1585000,3169.9999999388633,-1156317.9335993743,298.9953979151338,900.8026640133188,82
1590000,3179.999999938627,-1157687.8209023122,300.9845057743502,902.4592115251373,82
1595000,3189.9999999383904,-1156953.4791349443,298.454313593999,900.2459435738098,82
1600000,3199.999999938154,-1155279.4553838158,300.4339799049873,898.0304250351276,82
1605000,3209.9999999379174,-1156227.9138263213,301.53857987134097,903.2633711696155,82
1610000,3219.999999937681,-1154996.1283523291,300.3708459237469,902.175394287421,82
1615000,3229.9999999374445,-1157097.5447583832,300.3468647990897,899.8778969317399,82
1620000,3239.999999937208,-1156831.5441698963,301.0248005892504,901.7118209941474,82
1625000,3249.9999999369716,-1156394.1389283687,300.81706613611857,901.5875338413153,82
1630000,3259.999999936735,-1155912.8583934829,301.3018070495766,901.0312966621395,82
1635000,3269.9999999364986,-1155063.0362753551,300.4969915335509,901.4924135878019,82
1640000,3279.999999936262,-1156460.4618508723,299.7302888763554,902.5487566979417,82
1645000,3289.9999999360257,-1156139.1424727412,299.6595894212648,902.2015381371313,82
1650000,3299.999999935789,-1152472.0185688538,299.67934937857166,904.2606303191241,82
1655000,3309.9999999355528,-1156291.3730109222,301.7213747705138,903.6842157967498,82
1660000,3319.9999999353163,-1155670.817780626,299.94722017236177,902.34830414852,82
1665000,3329.99999993508,-1156316.9635752635,300.1701671416452,900.5868125343459,82
1670000,3339.9999999348433,-1155516.232462925,302.0642273630833,902.494952968249,82
1675000,3349.999999934607,-1154977.704158674,302.10062728443796,904.0296118981669,82
1680000,3359.9999999343704,-1157195.8478776896,299.82760003865496,903.3890803451047,82
1685000,3369.999999934134,-1156531.5970251374,300.67452526762037,904.7691628784885,82
1690000,3379.9999999338975,-1157307.7627834473,300.479005690058,902.9698279833566,82
1695000,3389.999999933661,-1156542.6439692052,299.5845872303726,902.5914248428236,82
1700000,3399.9999999334245,-1158072.8311125105,300.69563110437224,903.0037613004548,82
1705000,3409.999999933188,-1156737.841804577,300.4795766692165,903.0393230253848,82
1710000,3419.9999999329516,-1156468.5324715022,300.32092603160334,902.2617185821724,82
1715000,3429.999999932715,-1155471.552357953,298.40879839822105,904.3152799729587,82
1720000,3439.9999999324787,-1155610.2859011395,300.03135802979006,902.0197279751101,82
1725000,3449.999999932242,-1153789.431926297,299.8251122008929,905.0288643300831,82
1730000,3459.9999999320057,-1158571.0492696287,300.17149262897743,900.1175476305048,82
1735000,3469.9999999317693,-1157402.4018906495,298.779343479978,897.2698700610381,82
1740000,3479.999999931533,-1156992.2959278831,300.04185996788397,899.5408926042454,82
1745000,3489.9999999312963,-1153920.127704326,301.79083030672336,905.2665435705637,82
1750000,3499.99999993106,-1155722.311523268,301.2033539289601,903.126524883628,82
1755000,3509.9999999308234,-1155422.4985186867,298.19190788644033,902.3451995352001,82.1
1760000,3519.999999930587,-1157447.7334453017,298.13436134410813,902.3934355043406,82.1
1765000,3529.9999999303504,-1156129.0628367877,301.9556189702905,902.2748127908495,82.1
1770000,3539.999999930114,-1156085.9922920074,302.22750701030293,901.2309316582681,82
1775000,3549.9999999298775,-1158484.9079842018,299.39332960438617,900.6151219534983,82.1
1780000,3559.999999929641,-1154713.9508768301,298.9615877921052,903.0783192686332,82.1
1785000,3569.9999999294046,-1154161.598662923,300.6787464349707,902.0927058443543,82.1
1790000,3579.999999929168,-1155700.5405331766,299.51741561079706,903.5672850651127,82.1
1795000,3589.9999999289316,-1158051.0331613412,301.229761715041,901.1895176143836,82.1
1800000,3599.999999928695,-1155627.1573095657,299.4729811969977,901.662419435207,82.1
1805000,3609.9999999284587,-1155969.5715436358,299.90721084704074,902.9444317149182,82.1
1810000,3619.999999928222,-1158154.1975474656,301.71452302061175,900.4202150219346,82.1
1815000,3629.9999999279858,-1157006.6449632803,301.66545959720594,900.5853831607207,82.1
1820000,3639.9999999277493,-1156392.0102933394,301.03787193355765,901.7740029111218,82.1
1825000,3649.999999927513,-1156045.7325397218,299.62594243513865,901.9106129558446,82.1
1830000,3659.9999999272763,-1156177.6897722874,299.6086703155938,903.2942856812219,82.1
1835000,3669.99999992704,-1158200.851816385,299.80506675400676,902.0875192887851,82.1
1840000,3679.9999999268034,-1157114.7937502163,300.4878150827892,902.1975756682093,82.1
1845000,3689.999999926567,-1155944.4317624941,300.6514210038137,901.1859666949937,82.1
1850000,3699.9999999263305,-1157416.3945028465,300.4547390758215,901.5355207069379,82.1
1855000,3709.999999926094,-1158027.3165432094,300.29731196497653,901.2920592586108,82.1
1860000,3719.9999999258575,-1156305.694398285,301.1254764501625,903.8377332338339,82.1
1865000,3729.999999925621,-1156647.6225017142,300.8416590241599,900.4062582819271,82.1
1870000,3739.9999999253846,-1157572.1591690527,299.9589660293367,899.1423020737005,82.1
1875000,3749.999999925148,-1158057.1459826594,299.57371823424825,900.4895704788584,82.1
1880000,3759.9999999249117,-1155331.174880038,299.8338400251729,901.147626997971,82.1
1885000,3769.999999924675,-1157226.8182211071,300.6529708043868,899.0190385346285,82.1
1890000,3779.9999999244387,-1157897.103401279,302.21282468908424,898.1524778673095,82.1
1895000,3789.9999999242023,-1156753.540092512,301.1784551592267,902.8760261563835,82.1
1900000,3799.999999923966,-1155597.854950456,299.8166086898537,903.9304977247555,82.1
1905000,3809.9999999237293,-1157361.47114712,302.44949555028455,903.0610925832722,82.1
1910000,3819.999999923493,-1157448.2644205512,299.6482717986587,900.9020960574866,82.1
1915000,3829.9999999232564,-1156988.5014330195,301.18110613389115,903.3109459264056,82.1
1920000,3839.99999992302,-1157132.6578623531,301.1828598555923,904.4354264424511,82.1
1925000,3849.9999999227834,-1158481.5685910909,301.0869149648506,901.3628867557057,82.1
1930000,3859.999999922547,-1155180.5963956937,299.53648223626857,903.6764229470875,82.1
1935000,3869.9999999223105,-1156386.8221137002,300.37881923985316,900.8987074228706,82.1
1940000,3879.999999922074,-1157144.5657140724,301.9804769557983,900.9607572146515,82.1
1945000,3889.9999999218376,-1157388.2113976907,299.51362267781553,901.9137990033919,82.1
1950000,3899.999999921601,-1156664.0171263814,299.1309035047147,904.211146134576,82.1
1955000,3909.9999999213646,-1156128.8758453485,300.62929556142166,901.1761606727924,82.1
1960000,3919.999999921128,-1155483.7394892732,298.9400741130972,900.658051839258,82.1
1965000,3929.9999999208917,-1156564.3598992657,299.7142402835789,899.7485973669567,82.1
1970000,3939.9999999206552,-1157698.5052904245,302.5127926684274,902.2086765670747,82.1
1975000,3949.9999999204188,-1156915.8193935445,301.8715422892006,900.2546786982317,82.1
1980000,3959.9999999201823,-1156027.544296816,301.63580946518925,902.5646106971863,82.1
1985000,3969.999999919946,-1157362.5905720638,299.3894551029535,902.4479926289491,82.1
1990000,3979.9999999197094,-1155586.0575596886,300.0034208352489,901.444514992473,82.1
1995000,3989.999999919473,-1156662.8454549806,299.85512939094,902.6235089965153,82.1
2000000,3999.9999999192364,-1155964.3151889388,300.3590592825463,903.1159369025012,82.1
2005000,4009.999999919,-1156150.522693688,300.716023217176,901.8227467900208,82.1
2010000,4019.9999999187635,-1155430.6455590073,301.56623157630287,900.452080106742,82.1
2015000,4029.999999918527,-1155548.5621146336,300.8249374916608,901.1933894949389,82.1
2020000,4039.9999999182905,-1157393.3749959273,301.0022673046023,902.3426198053451,82.1
2025000,4049.999999918054,-1156512.703946122,301.3425708830713,903.1551762652872,82.1
2030000,4059.9999999178176,-1156185.946769799,301.46469924665297,902.657743917655,82.1
2035000,4069.999999917581,-1156563.5197369503,301.0690310819217,902.3938535101335,82.1
2040000,4079.9999999173447,-1157886.8615298606,300.2852398341968,900.9979254993009,82.1
2045000,4089.999999917108,-1157586.4814890157,300.71628831464244,901.1579159934423,82.1
2050000,4099.999999917781,-1153253.6121881828,299.7365492549862,901.4227665092169,82.1
2055000,4109.999999919818,-1156085.5787883885,300.23907209080903,901.5530619794149,82.1
2060000,4119.999999921855,-1155775.9900054606,300.1574628553684,902.5191606711118,82.1
2065000,4129.999999923893,-1156081.2790496824,299.6661352894748,900.3135249097079,82.1
2070000,4139.99999992593,-1156647.8217668068,302.21572036910237,903.6860587580506,82.1
2075000,4149.999999927967,-1154964.97463487,299.02635314236994,902.1125822548771,82.1
2080000,4159.999999930004,-1155616.8064674484,299.27735965887126,901.3229692321852,82.1
2085000,4169.999999932042,-1155986.3131316416,299.9061912414006,901.7272054389005,82.1
2090000,4179.999999934079,-1155247.6638205806,299.0549021002951,902.6238028522217,82.1
2095000,4189.999999936116,-1156446.0715560373,300.57609253911664,900.0549883977769,82.1
2100000,4199.999999938153,-1157630.3940850338,301.067134615431,900.6747374580066,82.1
2105000,4209.999999940191,-1156791.257061013,301.75610253861856,901.8527647242086,82.1
2110000,4219.999999942228,-1156481.4929923415,301.0758828318238,902.5134049007709,82.1
2115000,4229.999999944265,-1157121.6858390654,298.6478143523938,903.6038004584613,82.1
2120000,4239.9999999463025,-1157366.4829503372,301.8026169479239,903.3568478728096,82.1
2125000,4249.99999994834,-1156132.0375836343,300.0815022351744,901.7787188372874,82.1
2130000,4259.999999950377,-1155682.426189824,301.06678794951335,901.5889815362207,82.1
2135000,4269.999999952414,-1157386.7773597501,302.0060486652542,902.9847377073751,82.1
2140000,4279.999999954452,-1156605.4582959833,300.2405607150437,902.3123790356468,82.1
2145000,4289.999999956489,-1155761.8672583215,299.9575385814404,903.4463940691348,82.1
2150000,4299.999999958526,-1155650.6263129804,298.0069922075359,903.4178551835413,82.1
2155000,4309.999999960563,-1157504.303736141,300.18758200597955,901.8875226277197,82.1
2160000,4319.999999962601,-1157818.026170725,300.4385069540297,900.797556298925,82.1
2165000,4329.999999964638,-1156003.502985646,299.97597305141505,901.6591876752138,82.1
2170000,4339.999999966675,-1156522.2420785995,298.6889044596934,901.8202969574513,82.1
2175000,4349.9999999687125,-1156337.436859494,300.3496993027694,901.6579688281166,82.1
2180000,4359.99999997075,-1156808.4447666882,300.8235916122158,902.1053069082526,82.1
2185000,4369.999999972787,-1156454.4657829162,301.2698933930387,901.5806663570881,82.1
2190000,4379.999999974824,-1155561.237536938,300.5622259024101,902.9636108076322,82.1
2195000,4389.999999976862,-1157509.8756590271,299.87729561755765,902.3260218318113,82.1
2200000,4399.999999978899,-1157521.6731282547,299.05053818815514,899.5399771862527,82.1
2205000,4409.999999980936,-1156371.5666170064,298.894579309432,902.6844664472892,82.1
2210000,4419.999999982973,-1157087.9349566633,300.6220767534891,899.6969205910833,82.1
2215000,4429.999999985011,-1155041.6749526495,300.0608246327914,902.2278602060371,82.1
2220000,4439.999999987048,-1158036.6036685118,299.7795970051149,902.5055458203267,82.1
2225000,4449.999999989085,-1156974.4609084083,300.15958363510003,901.3432302950625,82.1
2230000,4459.999999991122,-1156348.2620296916,301.5851554569847,904.7180767790892,82.1
2235000,4469.99999999316,-1156004.9995008372,302.69212090842365,902.2260433088551,82.1
2240000,4479.999999995197,-1156946.5141815254,300.7453470753878,903.5783607993501,82.1
2245000,4489.999999997234,-1156315.2139466638,301.84780586989706,902.6427690411602,82.1
2250000,4499.9999999992715,-1156026.7353310073,299.45613731182175,899.9307659007053,82.1
2255000,4510.000000001309,-1155950.9328162922,301.0332021397256,901.7338903686842,82.1
2260000,4520.000000003346,-1156057.8035186166,300.2953339300346,901.360451821027,82.1
2265000,4530.000000005383,-1155135.7756744707,299.92189316825943,903.7970580795027,82.1
2270000,4540.000000007421,-1156482.292760401,302.0013584793093,902.3096553107961,82.1
2275000,4550.000000009458,-1156376.2228109548,299.3935131334015,900.32548953537,82.1
2280000,4560.000000011495,-1157845.126272181,301.0910749558626,899.9799516860423,82.1
2285000,4570.000000013532,-1157022.1539171748,301.0577746356541,904.2762231906137,82.1
2290000,4580.00000001557,-1155720.2140027732,299.7309822081907,903.9346856824998,82.1
2295000,4590.000000017607,-1155634.860556228,299.6515957130457,902.3589395643623,82.1
2300000,4600.000000019644,-1155170.253980591,300.2551410756984,903.6649927721184,82.1
2305000,4610.000000021681,-1157761.4837434692,299.75163941846097,902.1023752732083,82.1
2310000,4620.000000023719,-1157921.6549638081,300.85862526201265,901.3228427952704,82.1
2315000,4630.000000025756,-1154690.3768177908,299.5850970331927,904.18684054715,82.1
2320000,4640.000000027793,-1156921.524830618,300.5872266327075,901.5800097697457,82.1
2325000,4650.0000000298305,-1158495.4009706592,301.30170508901256,900.37147548783,82.1
2330000,4660.000000031868,-1157600.0083017545,300.8833405027308,901.0839546202106,82.1
2335000,4670.000000033905,-1155896.364729588,300.31892760454855,899.3520196061108,82.1
2340000,4680.000000035942,-1157185.3415106833,301.7962138245036,901.5023291485367,82.1
2345000,4690.00000003798,-1157605.8259839192,301.41031348180536,903.3386495368526,82.1
2350000,4700.000000040017,-1155760.951874082,301.0800020386102,901.9364266456907,82.1
2355000,4710.000000042054,-1155035.5250231968,299.5746358793244,901.3341685643428,82.1
2360000,4720.000000044091,-1155682.669806676,300.07830067346424,903.0954077739816,82.1
2365000,4730.000000046129,-1156297.3019744316,302.1099260878765,903.3068487789566,82.1
2370000,4740.000000048166,-1156701.3283285527,300.36901063359454,901.2667723012501,82.1
2375000,4750.000000050203,-1155404.5516154272,299.2578444069181,902.5222422579641,82.1
2380000,4760.0000000522405,-1157810.800065224,299.9118398566472,900.6935639104391,82.1
2385000,4770.000000054278,-1155438.5337977596,299.54247751743287,903.3981781716568,82.1
2390000,4780.000000056315,-1157238.4605345652,301.24138521933907,900.4505347423842,82.1
2395000,4790.000000058352,-1156250.7588832406,301.68350661703727,902.7291537571368,82.1
2400000,4800.0000000603895,-1156091.924656449,299.1745222340019,903.1176936291486,82.1
2405000,4810.000000062427,-1155347.5036338381,300.6654711695355,904.8200574611037,82.1
2410000,4820.000000064464,-1154792.9193804124,297.67684390124316,903.5023080337852,82.1
2415000,4830.000000066501,-1155273.3411413254,301.62010753833033,900.2009776246849,82.1
2420000,4840.000000068539,-1155820.7116492447,300.2160901796792,901.6848291252968,82.1
2425000,4850.000000070576,-1156871.1129188333,299.45621888027296,902.8290452644546,82.1
2430000,4860.000000072613,-1156701.029442262,300.99776064767264,902.8298533731512,82.1
2435000,4870.00000007465,-1157697.6936238771,300.53002675629295,900.2653513814294,82.1
2440000,4880.000000076688,-1155967.5761697255,300.73588513504683,901.2271272018783,82.1
2445000,4890.000000078725,-1158068.768246823,299.51278660119056,899.2330386935313,82.1
2450000,4900.000000080762,-1157137.974832954,300.8057689056253,901.1759603684237,82.1
2455000,4910.0000000827995,-1156960.6149998447,299.9993016284625,901.1184382875185,82.1
2460000,4920.000000084837,-1156192.087212461,300.6268892921108,903.3215987420845,82.1
2465000,4930.000000086874,-1157243.8445053576,299.9085567264858,901.377212810988,82.1
2470000,4940.000000088911,-1156475.8660874637,301.49604192403234,905.5584018916405,82.1
2475000,4950.000000090949,-1157146.1657715887,299.0099170994501,900.6397791213429,82.1
2480000,4960.000000092986,-1158024.4459647937,301.5276496988781,899.7392048152764,82.1
2485000,4970.000000095023,-1157727.3735295236,300.8443915672756,900.0108436651223,82.1
2490000,4980.00000009706,-1157712.263035139,300.4090607431411,900.839462954568,82.1
2495000,4990.000000099098,-1157582.3523091152,302.76891760524256,902.0326815408878,82.1
2500000,5000.000000101135,-1155344.1319804406,302.0656140267539,904.0689303836841,82.1
2505000,5010.000000103172,-1157599.3271426586,302.38644313749535,900.6577939786805,82.1
2510000,5020.000000105209,-1156308.5693540517,301.11674862588256,902.774281714923,82.1
2515000,5030.000000107247,-1157551.9748673495,300.8171680966826,900.435473467528,82.1
2520000,5040.000000109284,-1158455.2686227635,298.2796347557221,901.0301106553496,82.1
2525000,5050.000000111321,-1156993.5774725527,302.2766112179344,902.2726054516322,82.1
2530000,5060.0000001133585,-1155510.496233088,300.982242249829,901.3608428583739,82.1
2535000,5070.000000115396,-1155053.1783477347,300.7140655743468,903.1023802313333,82.1
2540000,5080.000000117433,-1155692.1270165574,301.40246251837596,901.6916930210361,82.1
2545000,5090.00000011947,-1156253.0762318028,300.6998930559482,903.4082993770108,82.1
2550000,5100.000000121508,-1156909.795776979,299.8086353737474,901.5697969148285,82.1
2555000,5110.000000123545,-1157563.6292323545,300.47729275258246,901.560171135586,82.1
2560000,5120.000000125582,-1158029.503056325,300.03971879603955,899.6293078083129,82.1
2565000,5130.000000127619,-1155525.0241411235,298.93375255812805,901.823117253513,82.1
2570000,5140.000000129657,-1155467.1091526588,300.2100337221765,903.8405844218356,82.1
2575000,5150.000000131694,-1155848.5277799116,298.7085012800978,901.5519198106679,82.1
2580000,5160.000000133731,-1156759.2938745096,300.5143860057725,903.5094734650669,82.1
2585000,5170.0000001357685,-1156326.1134792054,299.1825567264466,900.1348809927833,82.1
2590000,5180.000000137806,-1156318.1203417117,300.417278764601,902.7878158610964,82.1
2595000,5190.000000139843,-1157495.1398459272,301.64690277455446,902.0882639042861,82.1
2600000,5200.00000014188,-1156830.2626772383,299.58342487994275,901.3707146865967,82.1
2605000,5210.0000001439175,-1155879.6049755272,300.7903524683457,901.2892148426595,82.1
2610000,5220.000000145955,-1158184.4580530226,301.8416066676047,901.3901080875406,82.1
2615000,5230.000000147992,-1156476.16396588,300.0557062124777,901.7184889255414,82.1
2620000,5240.000000150029,-1158032.4662656495,299.41082603717183,899.7502202687295,82.1
2625000,5250.000000152067,-1156132.330516708,300.9318329469781,902.6163303183737,82.1
2630000,5260.000000154104,-1155916.1382915806,302.0012769108581,901.8530030858154,82.1
2635000,5270.000000156141,-1153991.931821487,300.51126601251354,902.0024436704866,82.1
2640000,5280.000000158178,-1157249.477941649,300.3877305931484,899.9934170994841,82.1
2645000,5290.000000160216,-1157524.6843420323,299.2981596139311,902.6560820391996,82.1
2650000,5300.000000162253,-1155799.7504879162,301.0885667259878,902.2329633625344,82.1
2655000,5310.00000016429,-1157118.5967075014,300.7291353457088,902.8043604053751,82.1
2660000,5320.0000001663275,-1156158.6816615518,300.8989608611385,901.6199235526833,82.1
2665000,5330.000000168365,-1157136.898170068,300.57566430474776,900.8866844969723,82.1
2670000,5340.000000170402,-1156075.5803186279,300.6799903538518,901.7428577595009,82.1
2675000,5350.000000172439,-1156064.157200262,298.3288613160304,902.0049772145161,82.1
2680000,5360.000000174477,-1156042.1198916314,300.584473697479,902.1690130155572,82.1
2685000,5370.000000176514,-1155663.9920343347,300.8162096673808,901.2098111161038,82.1
2690000,5380.000000178551,-1156908.26170702,301.46106945057386,902.6532486045253,82.1
2695000,5390.000000180588,-1157566.9545342717,300.6790727087756,902.6400624619749,82.1
2700000,5400.000000182626,-1158875.0142421173,303.243217756945,900.4125444684855,82.1
2705000,5410.000000184663,-1154848.3970514657,300.7652701695971,902.7949893051449,82.1
2710000,5420.0000001867,-1157138.7744115377,299.02031707697995,901.1931849628911,82.1
2715000,5430.000000188737,-1157293.950239189,301.7010642261613,901.8825164932048,82.1
2720000,5440.000000190775,-1156981.3695584992,301.13758936516797,902.2220760723982,82.1
2725000,5450.000000192812,-1155195.0120148947,299.17258498328556,904.0805893050539,82.1
2730000,5460.000000194849,-1155840.5464260234,301.0823267394698,901.1933990655767,82.1
2735000,5470.0000001968865,-1157386.1352413343,300.52378676977503,901.886424641586,82.1
2740000,5480.000000198924,-1158845.8224508371,301.08138870228083,899.1008822716371,82.1
2745000,5490.000000200961,-1158244.213499126,300.2944978534096,899.7447767863713,82.1
2750000,5500.000000202998,-1157081.9243867276,300.71959183691666,900.4418824463476,82.1
2755000,5510.000000205036,-1156080.3917875579,301.8459297955191,903.3907098319213,82.1
2760000,5520.000000207073,-1154062.7175284736,299.0944831912472,902.4948487699206,82.1
2765000,5530.00000020911,-1157356.4252201235,299.92768452829574,901.1099669243074,82.1
2770000,5540.000000211147,-1156768.138595432,299.43694833367346,904.3004397064279,82.1
2775000,5550.000000213185,-1155360.527641178,300.006010633575,904.9106269937199,82.1
2780000,5560.000000215222,-1157246.4005836342,298.27451633540835,899.2541765471234,82.1
2785000,5570.000000217259,-1156374.8255522288,300.31595035607916,903.6364375060823,82.1
2790000,5580.000000219296,-1155420.7226828542,300.2827723885475,901.1980293230041,82.1
2795000,5590.000000221334,-1155600.9173457138,299.2495040327813,901.8545111245481,82.1
2800000,5600.000000223371,-1155676.1161694797,299.9262366882867,904.2245445951357,82.1
2805000,5610.000000225408,-1157123.8327527922,297.95915231089833,903.1664068695884,82.1
2810000,5620.0000002274455,-1158945.8257051697,299.55907669725514,902.0249154479711,82.1
2815000,5630.000000229483,-1156045.6389208958,300.79508343851614,902.6122318816024,82.1
2820000,5640.00000023152,-1153331.5008161496,300.0417580073199,903.4256085420282,82.1
2825000,5650.000000233557,-1155100.1544458838,298.4510100717248,902.8994616634699,82.1
2830000,5660.000000235595,-1155642.41891805,299.90541634111406,903.7298697491937,82.1
2835000,5670.000000237632,-1154114.506083061,302.1903321886617,904.7272712159255,82.1
2840000,5680.000000239669,-1156051.1750980783,301.4811556816856,901.2451569440915,82.1
2845000,5690.000000241706,-1156635.0811493201,299.27044673263083,902.3539476097828,82.1
2850000,5700.000000243744,-1155223.3548803553,301.21899467948055,902.0511365350653,82.1
2855000,5710.000000245781,-1155819.414619442,300.8147822194846,900.2878888128548,82.1
2860000,5720.000000247818,-1156401.7206926476,300.7254239811785,902.231565824196,82.1
2865000,5730.0000002498555,-1155035.337889051,300.326880528542,901.5528680114078,82.1
2870000,5740.000000251893,-1156636.710434638,301.3221787702675,899.5542943196411,82.1
2875000,5750.00000025393,-1156088.7275594473,302.98085283361195,902.8376879610373,82.1
2880000,5760.000000255967,-1155936.9691939708,300.65427589960626,901.5760351206376,82.1
2885000,5770.000000258005,-1156841.6380440835,301.10526786637405,904.8174452841539,82.1
2890000,5780.000000260042,-1156993.18935477,301.20598451151176,901.1742457047042,82.1
2895000,5790.000000262079,-1157560.0079671955,300.95043055385514,901.4625659812581,82.1
2900000,5800.000000264116,-1156796.4993360396,300.37665767589596,900.778102352022,82.1
2905000,5810.000000266154,-1157381.0230945535,300.45341358848924,901.7873750992688,82.1
2910000,5820.000000268191,-1156475.3761404809,301.7595080214568,902.0502870758835,82.1
2915000,5830.000000270228,-1155528.0527035622,300.70185069877743,902.1985817060221,82.1
2920000,5840.000000272265,-1156053.7906000623,301.2704031958588,901.9424820709802,82.1
2925000,5850.000000274303,-1157263.4801944187,299.12521410524243,899.6046234047917,82.1
2930000,5860.00000027634,-1156867.7096397318,299.3329893425999,899.4355548885643,82.1
2935000,5870.000000278377,-1155677.2305167867,297.8413062910054,902.1470321699766,82.1
2940000,5880.0000002804145,-1158148.2166479938,298.5376357669152,900.6626584673177,82.1
2945000,5890.000000282452,-1156960.522213663,300.1285468394127,902.5980098039918,82.1
2950000,5900.000000284489,-1155572.3360345066,299.8914681359563,901.0029347604967,82.1
2955000,5910.000000286526,-1156795.313049986,300.025648238205,900.1453824604146,82.1
2960000,5920.000000288564,-1155148.3235545456,299.0803310649614,902.2231228509842,82.1
2965000,5930.000000290601,-1156458.8852415439,298.9922167455364,903.2027488859306,82.1
2970000,5940.000000292638,-1155852.3601979762,301.23881581312577,900.4726478316223,82.1
2975000,5950.000000294675,-1157101.3318652017,300.38948431484954,904.1404042822145,82.1
2980000,5960.000000296713,-1154127.3920340985,300.1134566759379,905.0058740759938,82.1
2985000,5970.00000029875,-1157464.1450049048,298.11423432877086,901.5430913828594,82.1
2990000,5980.000000300787,-1156069.2079137377,300.7821752311114,901.5371480651729,82.1
2995000,5990.000000302824,-1156717.7512031281,301.08481457723184,902.8500442687204,82.1
3000000,6000.000000304862,-1155588.4199004546,300.5607168860626,902.0590005138664,82.1
3005000,6010.000000306899,-1157848.9679084243,300.1395381882139,901.8074596172867,82.1
3010000,6020.000000308936,-1156592.345169413,301.0511675911057,900.4391128090014,82.1
3015000,6030.0000003109735,-1157272.2422471438,300.2224729109868,904.8283016604084,82.1
3020000,6040.000000313011,-1156586.3541966192,301.66199293802924,902.2638620157124,82.1
3025000,6050.000000315048,-1157485.4616814544,300.08637595013454,902.029737857886,82.1
3030000,6060.000000317085,-1156317.7143960884,301.412434261537,902.9747767965777,82.1
3035000,6070.000000319123,-1156484.2462456692,300.4201132682808,905.3760651991527,82.1
3040000,6080.00000032116,-1155863.5574066555,300.7253424127273,901.4486544069753,82.1
3045000,6090.000000323197,-1155177.4926121756,299.6948881685281,902.8377743778925,82.1
3050000,6100.000000325234,-1155429.705803493,299.7520676528298,902.7082710250934,82.1
3055000,6110.000000327272,-1157453.8137442926,300.69636522043317,902.989862756484,82.1
3060000,6120.000000329309,-1156881.7485677348,299.5383787027593,903.6652206970851,82.1
3065000,6130.000000331346,-1158456.3959883414,300.3108931121038,901.5441196634229,82.1
3070000,6140.0000003333835,-1157498.223793202,300.3345479629562,901.712419064043,82.1
3075000,6150.000000335421,-1155641.6675360594,299.6371784892935,901.7944506573969,82.1
3080000,6160.000000337458,-1158415.5637570163,300.8812197229992,898.5105547616303,82.1
3085000,6170.000000339495,-1158314.1671325807,300.0948998532865,899.4460236234441,82.1
3090000,6180.0000003415325,-1156951.3376148585,300.95609956121456,902.9378742578308,82.1
3095000,6190.00000034357,-1155970.625164125,301.5588496314679,902.8755670021545,82.1
3100000,6200.000000345607,-1156390.9135109764,297.25387069746773,900.3285285584356,82.1
3105000,6210.000000347644,-1156202.4968966264,299.85439527487904,900.8019569514768,82.1
3110000,6220.000000349682,-1157134.209150807,298.54856593937797,899.6358908485132,82.1
3115000,6230.000000351719,-1156086.0636645658,300.6300704617082,904.3094244251337,82.1
3120000,6240.000000353756,-1155751.9021862363,300.71143499179516,902.8225259228989,82.1
3125000,6250.000000355793,-1155271.3747391803,299.17183047511185,903.2716409411454,82.1
3130000,6260.000000357831,-1157530.4482996175,300.2332807307728,900.1702306812173,82.1
3135000,6270.000000359868,-1158052.4084718768,301.1045949266515,900.9403471788825,82.1
3140000,6280.000000361905,-1155075.2487898227,299.9203637597992,903.5635547947066,82.1
3145000,6290.0000003639425,-1155381.2468303274,301.4155134705703,901.5277593815044,82.1
3150000,6300.00000036598,-1156635.7708582003,299.99656908534683,902.2687721476079,82.1
3155000,6310.000000368017,-1155787.6007664287,301.18812102069563,902.2673249555496,82.1
3160000,6320.000000370054,-1156886.8375178147,300.6716703718279,903.5170512426157,82.1
3165000,6330.000000372092,-1156783.330682139,300.1691067517794,902.2191026819764,82.1
3170000,6340.000000374129,-1158207.0033332063,299.44887771966364,900.4716839704604,82.1
3175000,6350.000000376166,-1157175.1088413754,300.4358559793652,902.170090212679,82.1
3180000,6360.000000378203,-1156250.8483656356,300.5447498617373,903.3937313229394,82.1
3185000,6370.000000380241,-1154445.165213598,299.1852077011111,902.5899871932892,82.1
3190000,6380.000000382278,-1155286.8620730983,300.7196530132551,903.1891304418701,82.1
3195000,6390.000000384315,-1157617.3458915874,300.97424854160994,902.9348541451901,82.1
3200000,6400.000000386352,-1155744.3621642152,301.723740255599,901.3445698784259,82.1
3205000,6410.00000038839,-1155989.7661901638,299.7398527772604,900.7485594625907,82.1
3210000,6420.000000390427,-1156962.3921809401,299.62371969484303,902.5987693763348,82.1
3215000,6430.000000392464,-1155361.9570828117,302.21525135050786,902.0357304155166,82.1
3220000,6440.0000003945015,-1155733.9044841975,299.1154870674351,900.0835804406066,82.1
3225000,6450.000000396539,-1154525.1418947,300.9860351828105,902.7656883562114,82.1
3230000,6460.000000398576,-1155566.0907260086,301.3110650687895,902.8795880056028,82.1
3235000,6470.000000400613,-1155634.7036323529,299.647517290485,900.745632444354,82.1
3240000,6480.000000402651,-1157659.7777506495,300.075935188379,900.3371836564855,82.1
3245000,6490.000000404688,-1156751.8109068125,299.2848843484959,900.180300605763,82.1
3250000,6500.000000406725,-1156396.1977909598,299.509319942014,901.2993490235355,82.1
3255000,6510.000000408762,-1155927.4427576484,300.75909135941754,902.3453614698387,82.1
3260000,6520.0000004108,-1156574.3449032325,300.0976323964022,900.7889857830484,82.1
3265000,6530.000000412837,-1156814.077140944,300.2984947075192,902.8639421563217,82.1
3270000,6540.000000414874,-1155789.4734092783,300.52511225710725,900.6070518881457,82.1
3275000,6550.0000004169115,-1157318.1483457247,302.0973645463894,903.2751580275093,82.1
3280000,6560.000000418949,-1156706.4195399266,299.7205414464352,903.790656509181,82.1
3285000,6570.000000420986,-1157111.2134259911,301.15200658892024,900.6631426703256,82.1
3290000,6580.000000423023,-1156509.6324231327,299.1300674280898,901.8733110641086,82.1
3295000,6590.0000004250605,-1158295.6958859693,299.8730132738689,900.2339276063151,82.1
3300000,6600.000000427098,-1156970.7268015202,301.29893176167127,901.4807839689264,82.1
3305000,6610.000000429135,-1155930.0723892553,298.5347808711226,902.5515286035428,82.1
3310000,6620.000000431172,-1155742.8467410374,301.3137772197924,902.4782990299219,82.1
3315000,6630.00000043321,-1154451.894503571,300.58378036564363,901.3408784127679,82.1
3320000,6640.000000435247,-1154660.5471252752,299.01154846847436,904.4344489356814,82.1
3325000,6650.000000437284,-1157592.1034880877,298.72724163176446,900.7524650001013,82.1
3330000,6660.000000439321,-1156157.7629783638,298.5851086055223,903.6299486687125,82.1
3335000,6670.000000441359,-1155863.4413875425,299.7083265708658,903.527336076188,82.1
3340000,6680.000000443396,-1158067.735285257,300.86127623667716,901.2654903185697,82.1
3345000,6690.000000445433,-1156574.3222846007,300.01259728601053,899.9517127383311,82.1
3350000,6700.0000004474705,-1156371.471829189,301.1959108077867,900.3972069048897,82.1
3355000,6710.000000449508,-1158374.3693606975,301.35676379358273,900.0935423420018,82.1
3360000,6720.000000451545,-1156794.2764021745,300.6855981848728,901.3445434703792,82.1
3365000,6730.000000453582,-1154657.3405644726,300.57574587319897,900.452712983854,82.1
3370000,6740.00000045562,-1156340.5027901102,299.9303762871858,903.8945204150751,82.1
3375000,6750.000000457657,-1155780.86887814,301.5971256272005,903.7811806735466,82.1
3380000,6760.000000459694,-1157973.530481048,301.0703361771412,901.23400196033,82.1
3385000,6770.000000461731,-1157759.060046791,302.5825744784418,903.2229686483472,82.1
3390000,6780.000000463769,-1155642.1214337451,298.4500720345358,901.2749813131236,82.1
3395000,6790.000000465806,-1158059.7113363221,301.06962245319306,900.4234243980214,82.1
3400000,6800.000000467843,-1155153.5953926072,300.71035420981656,902.8222541016361,82.1
3405000,6810.00000046988,-1157334.4857699703,301.05096366997765,901.099095736443,82.1
3410000,6820.000000471918,-1156457.4561057957,302.9920481035412,903.3213408732754,82.1
3415000,6830.000000473955,-1158657.8511732062,301.88814146902286,900.3431693344639,82.1
3420000,6840.000000475992,-1155357.2889438923,299.9334962804448,901.8562008798476,82.1
3425000,6850.0000004780295,-1157931.2042982401,300.278143378941,901.4724100189184,82.1
3430000,6860.000000480067,-1157109.8203192968,300.4347548052738,901.5049316129612,82.1
3435000,6870.000000482104,-1156580.0556771858,299.9466084089776,902.1374668051191,82.1
3440000,6880.000000484141,-1154520.4016538216,300.03254077233265,902.0776505468274,82.1
3445000,6890.000000486179,-1155974.3384964298,300.0163494347665,899.8953621300735,82.1
3450000,6900.000000488216,-1157015.1758171776,300.8865216723282,903.0012567444618,82.1
3455000,6910.000000490253,-1156957.575892548,299.847441564413,901.5605564024241,82.1
3460000,6920.00000049229,-1155412.5119518908,299.06210051611487,901.635481281247,82.1
3465000,6930.000000494328,-1157678.4092814066,299.34383794661153,900.7840059099901,82.1
3470000,6940.000000496365,-1158014.9270811286,301.9007641868484,901.6512050070972,82.1
3475000,6950.000000498402,-1158877.6916707642,299.7616723379604,899.3082998027279,82.1
3480000,6960.0000005004395,-1157705.8693432705,298.29460256652004,903.3374094396928,82.1
3485000,6970.000000502477,-1155253.226919449,298.98911714439026,901.9903473169566,82.1
3490000,6980.000000504514,-1158808.6519312747,300.98990968424323,901.1011304289234,82.1
3495000,6990.000000506551,-1154705.9473830871,300.99101085833456,902.0542687779301,82.1
3500000,7000.0000005085885,-1156039.6015557898,301.3785425700571,901.3473423780334,82.1
3505000,7010.000000510626,-1154010.122050834,301.78338718555,904.8246107126778,82.1
3510000,7020.000000512663,-1156633.7487710323,301.1033306156577,902.6251310158608,82.1
3515000,7030.0000005147,-1156695.8596599242,299.3836433508044,901.1850605927764,82.1
3520000,7040.000000516738,-1157430.8797825854,301.085936143436,902.4662408576796,82.1
3525000,7050.000000518775,-1157389.188220772,299.36796181605837,900.8524724501572,82.1
3530000,7060.000000520812,-1156743.4084238904,302.302101358939,898.5805306127496,82.1
3535000,7070.000000522849,-1155649.7269799383,300.54258829778007,904.4249523672527,82.1
3540000,7080.000000524887,-1155641.2530125333,299.91909944880535,900.8756196507609,82.1
3545000,7090.000000526924,-1156650.585079223,299.4222864045675,901.4697754348338,82.1
3550000,7100.000000528961,-1157947.637309745,300.0793202791044,900.9024134383474,82.1
3555000,7110.0000005309985,-1157898.8928478416,300.76898153412736,899.5006004470407,82.1
3560000,7120.000000533036,-1156954.423701927,299.7324504403126,902.1985960894086,82.1
3565000,7130.000000535073,-1157189.4870810714,302.1219370423179,901.658641451916,82.1
3570000,7140.00000053711,-1156283.9621135062,299.5600759107825,901.7488954992564,82.1
3575000,7150.000000539148,-1157524.6875939528,299.7210920334809,900.7051837633286,82.1
3580000,7160.000000541185,-1155864.6238477603,299.96840757756485,900.9367428138036,82.1
3585000,7170.000000543222,-1158937.2473990778,299.69768188798224,902.103850002299,82.1
3590000,7180.000000545259,-1157382.1424977966,301.9557209308545,901.2935615912122,82.1
3595000,7190.000000547297,-1155768.5160950115,300.718001252118,901.9314577750907,82.1
3600000,7200.000000549334,-1156494.1611290742,300.1078284528041,902.2729494639026,82.1
3605000,7210.000000551371,-1156036.0625046706,299.0895482999487,901.9686166891271,82.1
3610000,7220.000000553408,-1156753.397290931,301.13742622826555,902.9117514916703,82.1
3615000,7230.000000555446,-1157398.7257462824,301.2236440811998,903.085185186689,82.1
3620000,7240.000000557483,-1154832.9333540825,299.82378671356065,902.9334438190253,82.1
3625000,7250.00000055952,-1156641.195854852,301.5465531874472,902.7994166699373,82.1
3630000,7260.0000005615575,-1157851.9285538932,299.9770742255064,902.2879957134355,82.1
3635000,7270.000000563595,-1155995.880128921,298.69781581298867,902.3011910238182,82.1
3640000,7280.000000565632,-1156601.7176038204,301.42040757764323,902.4612415836434,82.1
3645000,7290.000000567669,-1157641.730456626,300.04379721860033,899.7715261775558,82.1
3650000,7300.000000569707,-1156819.739607701,300.10403551982256,903.048270956937,82.1
3655000,7310.000000571744,-1156801.617374151,300.4040646755042,900.7415706891924,82.1
3660000,7320.000000573781,-1155927.3058217438,300.2148462607982,901.7936260792077,82.1
3665000,7330.000000575818,-1157967.4343680376,297.84426314736197,900.6727928982591,82.1
3670000,7340.000000577856,-1156145.525446808,300.43189990948133,903.0145307679064,82.1
3675000,7350.000000579893,-1158104.1888727173,300.24327286604665,898.9904459936591,82.1
3680000,7360.00000058193,-1157557.5288180588,299.7345304358186,903.824366040567,82.1
3685000,7370.000000583967,-1157841.191643727,298.5105550411118,900.9541558407562,82.1
3690000,7380.000000586005,-1154604.1115141371,299.4822800004362,902.1372934993535,82.1
3695000,7390.000000588042,-1156514.7753189374,299.82715141217324,903.4425763062824,82.1
3700000,7400.000000590079,-1155528.235081667,301.14692895283207,902.9067518867372,82.1
3705000,7410.0000005921165,-1155177.1476087058,300.9316698100757,902.0287972999498,82.1
3710000,7420.000000594154,-1156506.2394516263,300.52884401375036,902.8299935254671,82.1
3715000,7430.000000596191,-1155272.069195589,298.1855863314712,902.338663120556,82.1
3720000,7440.000000598228,-1157732.7770769838,298.71282440801224,902.8201830248611,82.1
3725000,7450.000000600266,-1158292.6830900516,299.8432203970626,900.6882483851649,82.1
3730000,7460.000000602303,-1155390.2280479576,300.958546614751,903.4119228587143,82.1
3735000,7470.00000060434,-1154849.888973482,298.28691473999305,904.1394460997318,82.1
3740000,7480.000000606377,-1156124.776685847,299.57999900499175,901.3227482374792,82.1
3745000,7490.000000608415,-1156409.434588653,300.4942182062096,900.7173773457431,82.1
3750000,7500.000000610452,-1155926.261779813,300.0332544962808,903.4836090246122,82.1
3755000,7510.000000612489,-1155356.227945799,298.3151986004519,901.9254333136558,82.1
3760000,7520.0000006145265,-1157623.086889078,298.9938073303351,901.688323202989,82.1
3765000,7530.000000616564,-1156420.6213280112,300.5248063754152,902.8112597481651,82.1
3770000,7540.000000618601,-1155842.604795334,299.54939044367336,903.2935500190433,82.1
3775000,7550.000000620638,-1155294.473947796,300.36582946399716,901.3577297369292,82.1
3780000,7560.0000006226755,-1156440.5005319538,300.41481131895176,902.0026851410009,82.1
3785000,7570.000000624713,-1157580.605595775,300.0984684730272,901.8432151115229,82.1
3790000,7580.00000062675,-1157923.7965237666,300.1580542266397,899.6673041801401,82.1
3795000,7590.000000628787,-1153910.6299534636,299.59561936339946,902.5658321105724,82.1
3800000,7600.000000630825,-1156808.3072705064,299.3144733041741,903.3420690633712,82.1
3805000,7610.000000632862,-1154489.8627087334,299.79790912241265,902.0240481854188,82.1
3810000,7620.000000634899,-1157026.9949584017,299.7528629452292,902.1106960419312,82.1
3815000,7630.000000636936,-1154623.0758028356,301.88126932700806,902.1556351733112,82.1
3820000,7640.000000638974,-1157327.5515452353,299.3871915784323,900.8330861658957,82.1
3825000,7650.000000641011,-1153845.580572893,301.59889974101446,904.1429662950208,82.1
3830000,7660.000000643048,-1155769.7083777832,300.8324417891726,902.4909247535292,82.1
3835000,7670.0000006450855,-1156635.587715786,300.3600381039609,903.0051241452364,82.1
3840000,7680.000000647123,-1157512.8368772548,300.16390676301444,901.9072514828108,82.1
3845000,7690.00000064916,-1156446.681052697,300.4021070326751,903.4615559119719,82.1
3850000,7700.000000651197,-1155236.1542220078,301.06413697484885,903.2270370173228,82.1
3855000,7710.000000653235,-1155616.1632467257,301.59845111453274,900.8127702426252,82.1
3860000,7720.000000655272,-1156428.5008955775,299.8537427272693,900.6387273676048,82.1
3865000,7730.000000657309,-1157939.2873841338,300.96790659452796,901.360528504828,82.1
3870000,7740.000000659346,-1156341.6969901705,299.4851756804543,902.8776981110323,82.1
3875000,7750.000000661384,-1158337.2889712593,301.26279693778304,900.995325959437,82.1
3880000,7760.000000663421,-1156967.6129214661,298.45994181713286,902.1347254988842,82.1
3885000,7770.000000665458,-1157292.962078399,300.6531951176276,901.480648188114,82.1
3890000,7780.000000667495,-1156857.7293126415,300.4845727368534,899.5040345275927,82.1
3895000,7790.000000669533,-1157079.6185928062,299.71711557148416,902.1279809521457,82.1
3900000,7800.00000067157,-1155984.8699254952,299.93792136892324,901.9982311948078,82.1
3905000,7810.000000673607,-1157074.3490493633,299.94359037628266,902.0614371235688,82.1
3910000,7820.0000006756445,-1154569.092892792,300.1434534738722,902.8013974597811,82.1
3915000,7830.000000677682,-1155439.1151949968,298.5980983813783,903.618031756607,82.1
3920000,7840.000000679719,-1157348.1030806499,299.4493263461453,902.1845060225857,82.1
3925000,7850.000000681756,-1157238.0513721192,300.29086805733056,900.8994767466901,82.1
3930000,7860.000000683794,-1156438.8791505303,299.27134398559417,901.2244451761865,82.1
3935000,7870.000000685831,-1154972.4182453398,299.5548759220175,903.919142862728,82.1
3940000,7880.000000687868,-1154736.86518671,299.7278214307061,905.6226338017857,82.1
3945000,7890.000000689905,-1156231.3237808663,299.8105318402382,902.57902575756,82.1
3950000,7900.000000691943,-1155131.5150708351,299.21555116496313,903.8601440494982,82.1
3955000,7910.00000069398,-1158756.7527323822,299.7004756074363,903.196209269927,82.1
3960000,7920.000000696017,-1157293.3167203823,300.30114568218363,903.125149336532,82.1
3965000,7930.0000006980545,-1156807.9131394988,300.58047684336947,902.7884314801943,82.1
3970000,7940.000000700092,-1155718.179831814,301.27996709676376,903.1045168633559,82.1
3975000,7950.000000702129,-1156452.3876853408,299.4080119256049,903.8717381726102,82.1
3980000,7960.000000704166,-1157341.833306986,301.00699827477274,901.0861866457872,82.1
3985000,7970.0000007062035,-1156086.7851885306,299.6293479179769,905.0019340546174,82.1
3990000,7980.000000708241,-1156926.0669937693,299.1447089650829,901.9708837905068,82.1
3995000,7990.000000710278,-1157935.576464112,300.79604186781796,899.3718016362914,82.1
4000000,8000.000000712315,-1157603.2702704528,300.2682328121184,903.8327536094138,82.1
4005000,8010.000000714353,-1156887.8970344942,302.3596479012712,902.8421794835508,82.1
4010000,8020.00000071639,-1155715.5853163442,301.5151493337295,899.4436496183553,82.1
4015000,8030.000000718427,-1156396.4895034218,299.0929741748998,901.2525115819782,82.1
4020000,8040.000000720464,-1157472.473511912,299.78708091051385,901.3231083376766,82.1
4025000,8050.000000722502,-1156873.9263973795,301.29895215378406,902.312476865339,82.1
4030000,8060.000000724539,-1154586.0946674244,299.2286429013831,903.5602789123828,82.1
4035000,8070.000000726576,-1156360.9704412073,300.50643308177905,900.6855702645033,82.1
4040000,8080.0000007286135,-1156277.7263947874,300.7508733379576,901.8308996898213,82.1
4045000,8090.000000730651,-1153545.168424964,300.27679749949596,903.3134555471469,82.1
4050000,8100.000000732688,-1155528.0165459542,299.1535591420397,901.7971892671349,82.1
4055000,8110.000000734725,-1155751.2570701623,301.2283342671447,901.6962272141801,82.1
4060000,8120.000000736763,-1154970.360389918,300.17414360364194,901.1961174378234,82.1
4065000,8130.0000007388,-1155586.4126381632,299.9777063810034,902.1554998001395,82.1
4070000,8140.000000740837,-1156746.3236182043,299.8173631980274,904.0215793981934,82.1
4075000,8150.000000742874,-1155047.4738311097,301.1642214644897,903.1285607660589,82.1
4080000,8160.000000744912,-1155791.7590427715,300.69434640126565,902.8913340994933,82.1
4085000,8170.000000746949,-1156845.0759450858,301.5109689506047,900.37335661873,82.1
4090000,8180.000000748986,-1156748.4436808135,301.98127224819757,901.0190568616639,82.1
4095000,8190.000000751023,-1155299.8853637408,301.53291086398156,902.3628576327757,82.1
4100000,8200.00000075306,-1157381.4700340582,301.11428118023326,902.6907908404447,82.1
4105000,8210.000000755097,-1155271.7454923773,300.95662975614744,901.0547405813992,82.1
4110000,8220.000000757134,-1155645.6246653367,300.773794072749,900.6236504837316,82.1
4115000,8230.000000759172,-1156410.627334401,300.97416697315873,902.3399101815985,82.1
4120000,8240.000000761209,-1157231.6107890718,299.4476541928954,901.7935839210222,82.1
4125000,8250.000000763246,-1154434.3335193126,301.2089209757555,904.4413649144697,82.1
4130000,8260.000000765283,-1156904.5174664604,299.6577337389997,901.9018177376016,82.1
4135000,8270.00000076732,-1155003.756259365,302.2387022802322,905.1616395142298,82.1
4140000,8280.000000769358,-1155693.179632457,300.64503827250616,902.5748412731965,82.1
4145000,8290.000000771395,-1156612.6082966188,301.58521663332317,903.889193463949,82.1
4150000,8300.000000773432,-1156399.0177183794,301.9809051901671,903.8349133583565,82.1
4155000,8310.00000077547,-1158173.5016636709,300.09343162116465,901.8641726358519,82.1
4160000,8320.000000777507,-1158011.4686464677,300.85262998084835,900.3994449846109,82.1
4165000,8330.000000779544,-1155525.7008656552,298.8075865562113,901.999573199985,82.1
4170000,8340.000000781582,-1155717.0912445001,300.3172962355242,901.8353718339813,82.1
4175000,8350.000000783619,-1156001.447639387,300.48194215430175,901.8081592993285,82.1
4180000,8360.000000785656,-1155423.851709839,298.86160526302837,902.2453855789887,82.1
4185000,8370.000000787693,-1157064.3414113587,300.61571441429436,902.3441504039575,82.1
4190000,8380.00000078973,-1156851.3860050393,300.46424180038804,901.9763785838294,82.1
4195000,8390.000000791768,-1156959.8795966683,299.4734094313666,900.127771004196,82.1
4200000,8400.000000793805,-1157451.5450892895,301.18491945898546,898.727811479321,82.1
4205000,8410.000000795842,-1155312.8104747236,301.0475377950266,902.1550014302111,82.1
4210000,8420.00000079788,-1155878.0676531605,300.4752535413021,902.4991917011805,82.1
4215000,8430.000000799917,-1156058.5025273953,300.72485300202,904.6075808327761,82.1
4220000,8440.000000801954,-1156360.5679581622,299.4095209419524,902.5297969686428,82.1
4225000,8450.000000803991,-1155788.399675115,299.2832733715844,902.1462638429097,82.1
4230000,8460.000000806029,-1156979.5935730664,298.1474530805281,902.3703402325973,82.1
4235000,8470.000000808066,-1156367.1514136,300.8213076955818,903.1583923422234,82.1
4240000,8480.000000810103,-1157367.6035399567,299.97931735791485,901.9583109795992,82.1
4245000,8490.00000081214,-1156470.938395382,300.195331008845,901.844865057132,82.1
4250000,8500.000000814178,-1155721.1503882688,300.491159389289,902.1267208285703,82.1
4255000,8510.000000816215,-1157791.1957190093,299.371428475235,900.2075621727755,82.1
4260000,8520.000000818252,-1157085.1979361102,301.65822039716056,902.1348646393708,82.1
4265000,8530.00000082029,-1157405.7073082458,298.9551846686848,900.6100582223319,82.1
4270000,8540.000000822327,-1155847.2088378463,299.8716062180854,901.4170378436291,82.1
4275000,8550.000000824364,-1156249.3662660904,300.27451358286197,901.6803682179199,82.1
4280000,8560.000000826401,-1157499.4478034982,299.56415433334325,902.6911983219478,82.1
4285000,8570.000000828439,-1157053.7648179922,300.5568219925171,902.4057922504458,82.1
4290000,8580.000000830476,-1157091.2535488028,299.8578619340557,904.358184816012,82.1
4295000,8590.000000832513,-1155015.0837995345,301.53652026794776,902.90954136145,82.1
4300000,8600.00000083455,-1158261.214474924,300.75115882753687,900.091578719759,82.1
4305000,8610.000000836588,-1156166.451196215,301.3427136278609,903.2783879185797,82.1
4310000,8620.000000838625,-1157456.3346386114,299.1487058191924,900.3239480444932,82.1
4315000,8630.000000840662,-1156671.0085844481,298.9696630687755,900.8718453772906,82.1
4320000,8640.0000008427,-1156026.478598713,300.8197171107831,901.3388040407393,82.1
4325000,8650.000000844737,-1155870.7509286935,300.7460404072231,904.1479290114526,82.1
4330000,8660.000000846774,-1156608.6267637685,301.07580126337257,901.3905843805178,82.1
4335000,8670.000000848811,-1156769.6797824,299.95827269750134,901.621383114645,82.1
4340000,8680.000000850849,-1157446.2599601476,300.5748486202356,903.6510874396505,82.1
4345000,8690.000000852886,-1154858.575602823,298.6857436822088,901.8489114567406,82.1
4350000,8700.000000854923,-1158238.5019916706,299.52226893364434,902.1826675739563,82.1
4355000,8710.00000085696,-1155359.31476006,299.58281311655867,903.9016957239414,82.1
4360000,8720.000000858998,-1156840.8643303756,300.7458976624335,901.290746283954,82.1
4365000,8730.000000861035,-1157781.4883616958,299.2427542434433,898.0400882776286,82.1
4370000,8740.000000863072,-1156615.5786567861,301.12759722989415,903.2608933929998,82.1
4375000,8750.00000086511,-1154567.224275468,301.31720309474343,901.2783158018982,82.1
4380000,8760.000000867147,-1158237.0685211113,299.2512373623697,901.1142653153327,82.1
4385000,8770.000000869184,-1158260.052531953,300.79577677035144,898.7185147240505,82.1
4390000,8780.000000871221,-1157669.1330335345,300.02509765115923,900.9042311014666,82.1
4395000,8790.000000873259,-1158264.0674957,301.4869674338347,900.9798745638822,82.1
4400000,8800.000000875296,-1156147.3928350564,299.21234960325296,902.4012119707893,82.1
4405000,8810.000000877333,-1157271.2252619322,300.8991443901537,901.3816380307761,82.1
4410000,8820.00000087937,-1158475.0263138646,300.86184721583567,899.8947284760297,82.1
4415000,8830.000000881408,-1156616.883726471,300.9912963479138,902.9745711184058,82.1
4420000,8840.000000883445,-1156548.53351726,300.98207911292656,900.4061292204142,82.1
4425000,8850.000000885482,-1157073.5317991376,299.61813225593477,901.6019018252676,82.1
4430000,8860.00000088752,-1157148.549579747,298.8632978083911,901.9246454910736,82.1
4435000,8870.000000889557,-1157732.594758045,299.2152656753839,900.8571275159668,82.1
4440000,8880.000000891594,-1155779.0743769417,300.3573055608452,903.1363877104471,82.1
4445000,8890.000000893631,-1155798.2606871407,300.43532578443234,901.071844355997,82.1
4450000,8900.000000895669,-1156991.7619083067,299.8229506369357,900.9588623634478,82.1
4455000,8910.000000897706,-1157626.2799253846,300.3437855900563,901.9652846358533,82.1
4460000,8920.000000899743,-1157517.3490310516,298.5932654506438,902.78100692575,82.1
4465000,8930.00000090178,-1155850.750574896,300.76969525807544,902.5570607512245,82.1
4470000,8940.000000903818,-1155703.3862777427,300.53284086785993,903.6337513760516,82.1
4475000,8950.000000905855,-1156230.826342674,300.5991152344721,902.0183425072803,82.1
4480000,8960.000000907892,-1155138.3579536472,299.32913523328006,904.4394379519138,82.1
4485000,8970.00000090993,-1157099.4756106157,300.2644194870241,903.3857142086987,82.1
4490000,8980.000000911967,-1153955.3830276793,300.0386584061738,904.9242690623083,82.1
4495000,8990.000000914004,-1154968.236232847,300.4905680180177,903.3669816124809,82.1
4500000,9000.000000916041,-1155248.527592998,301.1760488899158,902.3031053547534,82.1
4505000,9010.000000918079,-1157120.6496527456,299.4963913424964,902.9344040622482,82.1
4510000,9020.000000920116,-1156228.7450216478,300.05060818427677,901.1917296518482,82.1
4515000,9030.000000922153,-1155444.0647702096,300.097652788515,901.7187208123793,82.1
4520000,9040.00000092419,-1156839.1752599664,300.0000969208619,900.3719342131193,82.1
4525000,9050.000000926228,-1154885.2682808675,300.93843999152654,902.9023277980161,82.1
4530000,9060.000000928265,-1156088.3098319415,299.5060572039653,901.6388597299967,82.1
4535000,9070.000000930302,-1157262.0354147647,302.00250043762634,902.7339942321063,82.1
4540000,9080.00000093234,-1156346.9231068557,301.80224988989346,902.3872165610544,82.1
4545000,9090.000000934377,-1154834.4134018049,301.5463084820936,902.9382273982372,82.1
4550000,9100.000000936414,-1156790.1588254375,299.1588610913687,902.1071920010006,82.1
4555000,9110.000000938451,-1155807.1366589228,301.54324966517305,902.7246066356722,82.1
4560000,9120.000000940488,-1155446.7322330447,299.3510771466568,905.2921880863798,82.1
4565000,9130.000000942526,-1156734.5848690262,300.0510160265328,901.7056905106659,82.1
4570000,9140.000000944563,-1157029.541998946,299.85886114758307,900.2834257392335,82.1
4575000,9150.0000009466,-1156119.6659490187,301.2930996174094,901.8182306947517,82.1
4580000,9160.000000948638,-1157409.5270942906,301.0566122852243,901.1416523484788,82.1
4585000,9170.000000950675,-1157613.5435255636,299.92028219134795,903.3169833058005,82.1
4590000,9180.000000952712,-1154716.9802053273,299.15147914653375,903.1335001258104,82.1
4595000,9190.00000095475,-1157846.735079798,301.6970265878261,902.0544746636879,82.1
4600000,9200.000000956787,-1157371.042105753,302.56454785072333,900.1080692353377,82.1
4605000,9210.000000958824,-1155905.910550342,301.4123526930857,902.790591840236,82.1
4610000,9220.000000960861,-1156867.2334595183,297.8874944265059,902.3044593743007,82.1
4615000,9230.000000962898,-1156775.116958932,299.00965200198357,901.2392106668167,82.1
4620000,9240.000000964936,-1156490.6777396426,299.25808911227176,899.5193770422924,82.1
4625000,9250.000000966973,-1156007.3559583249,299.7142198914661,902.909734486085,82.1
4630000,9260.00000096901,-1156150.5833024103,300.0035024037001,902.0708773065926,82.1
4635000,9270.000000971047,-1157543.8774925433,300.9579756355925,900.4401251003308,82.1
4640000,9280.000000973085,-1157357.9953885516,301.28657414131214,901.4944525949164,82.1
4645000,9290.000000975122,-1157446.8713703752,299.06791226826397,900.1184518609574,82.1
4650000,9300.00000097716,-1157094.1376242507,299.0217445248762,902.5458104321424,82.1
4655000,9310.000000979197,-1156856.8103484055,301.29175373796437,901.693497594158,82.1
4660000,9320.000000981234,-1155253.3168497328,300.4164630800889,903.8209750944717,82.1
4665000,9330.000000983271,-1156057.1399299782,301.05595973761456,903.7112057596277,82.1
4670000,9340.000000985308,-1155918.5813889867,298.18089614552633,900.0154088611931,82.1
4675000,9350.000000987346,-1156829.6476495406,301.06342325090077,901.335701626541,82.1
4680000,9360.000000989383,-1156589.6313079856,300.2980460810375,900.4207766890482,82.1
4685000,9370.00000099142,-1157495.5263824658,300.1050959096884,900.2200828972146,82.1
4690000,9380.000000993457,-1155057.7842654148,301.1795155490925,906.6141257872808,82.1
4695000,9390.000000995495,-1156098.301523297,302.6329022128415,900.3201220393971,82.1
4700000,9400.000000997532,-1157231.4810498366,300.34678323063844,902.6602347259144,82.1
4705000,9410.00000099957,-1157773.6962314248,300.1290770343456,900.8941413902393,82.1
4710000,9420.000001001607,-1157202.5717118708,298.97500580233003,904.1975534668634,82.1
4715000,9430.000001003644,-1155778.149482849,299.15892226770706,900.6586633115122,82.1
4720000,9440.000001005681,-1156105.1104922732,300.1812400588976,903.8847224399033,82.1
4725000,9450.000001007718,-1155928.322876459,299.6291847810744,901.8934678683945,82.1
4730000,9460.000001009756,-1156036.442785699,301.56635392897965,902.1998416384517,82.1
4735000,9470.000001011793,-1156839.130055843,300.09852964936556,902.2794033070123,82.1
4740000,9480.00000101383,-1156022.002606798,300.352962040818,903.0646018911066,82.1
4745000,9490.000001015867,-1158204.1618644716,302.7457317729847,901.3700138850892,82.1
4750000,9500.000001017905,-1156220.28801475,300.15326208013084,901.9157922418981,82.1
4755000,9510.000001019942,-1156324.3011679826,299.5609527716331,900.224572176078,82.1
4760000,9520.00000102198,-1156759.585606113,300.2113388173959,899.9784338820338,82.1
4765000,9530.000001024016,-1155443.4929039367,301.73909551654026,900.1090047887008,82.1
4770000,9540.000001026054,-1156350.3867835505,299.7819624902001,901.3849603421178,82.1
4775000,9550.000001028091,-1157502.2672316423,298.5493612317773,901.7706037363881,82.1
4780000,9560.000001030128,-1155235.7730946364,302.26019556712737,905.215413888636,82.1
4785000,9570.000001032166,-1155426.2528790422,300.73965767591557,900.6431253319195,82.1
4790000,9580.000001034203,-1157720.2800385114,301.14727561874975,902.1142410586082,82.1
4795000,9590.00000103624,-1157238.397929796,301.32018034321277,902.4994564612476,82.1
4800000,9600.000001038277,-1156942.040386497,297.83049847121947,900.6592084632875,82.1
4805000,9610.000001040315,-1156033.9134139596,299.26294243511904,899.2879527086822,82.1
4810000,9620.000001042352,-1157537.7116294727,300.5147326716901,901.7819227292658,82.1
4815000,9630.00000104439,-1154134.689750257,299.2004202172627,902.5986645854294,82.1
4820000,9640.000001046426,-1154738.805492933,301.0531864102732,901.5465705174571,82.1
4825000,9650.000001048464,-1157096.2077989494,299.98853459290217,901.2772682758546,82.1
4830000,9660.000001050501,-1156663.3583212951,298.54354947962827,902.1142172703335,82.1
4835000,9670.000001052538,-1156648.4740304947,300.9217388511403,901.0849966620913,82.1
4840000,9680.000001054575,-1158033.0725825913,300.5737066619186,902.6694140812615,82.1
4845000,9690.000001056613,-1156801.689589575,300.17018753375794,904.742685595537,82.1
4850000,9700.00000105865,-1155617.3369797096,300.92139218522254,902.2317016138904,82.1
4855000,9710.000001060687,-1157296.2739757039,300.433592454844,902.31425617453,82.1
4860000,9720.000001062725,-1155802.2998978142,299.5009183915388,899.819700811545,82.1
4865000,9730.000001064762,-1158439.3031777674,299.67278311824884,902.047153538856,82.1
4870000,9740.000001066799,-1155835.5796078248,301.6740242845834,899.6149018321053,82.1
4875000,9750.000001068836,-1157373.976405059,300.902957715248,901.1974692849532,82.1
4880000,9760.000001070874,-1154659.494606264,299.14682974481445,902.6304763992481,82.1
4885000,9770.00000107291,-1157103.3123845318,299.16175677138676,901.9921848153793,82.1
4890000,9780.000001074948,-1155836.0719501078,299.89766733824865,903.1273103439801,82.1
4895000,9790.000001076985,-1157084.6630805396,298.2753931962589,903.3355216935621,82.1
4900000,9800.000001079023,-1156430.8677736707,300.23817483784563,901.910836710665,82.1
4905000,9810.00000108106,-1155880.0750967069,299.58244605852826,904.3716105814103,82.1
4910000,9820.000001083097,-1154901.669083139,300.9891347839567,904.1987799293826,82.1
4915000,9830.000001085134,-1156498.919345335,300.41305759725066,902.0520180131282,82.1
4920000,9840.000001087172,-1155836.9145733407,299.94126567542304,901.611319794334,82.1
4925000,9850.000001089209,-1154309.5189037528,299.69395013133914,903.9961532126805,82.1
4930000,9860.000001091246,-1154860.7953020642,301.11825764223,902.7325015283417,82.1
4935000,9870.000001093284,-1156448.9407212948,299.0905067292505,902.4735491069772,82.1
4940000,9880.00000109532,-1157705.9814983075,299.15213169414346,902.0821023713016,82.1
4945000,9890.000001097358,-1157603.4024692457,300.5491545581029,900.299684611838,82.1
4950000,9900.000001099395,-1154773.5694369944,301.66896704060815,904.2937553055024,82.1
4955000,9910.000001101433,-1154826.0206269566,300.1388652484914,903.6193372822715,82.1
4960000,9920.00000110347,-1153269.5288972287,301.02565705798816,902.038448140359,82.1
4965000,9930.000001105507,-1155495.1683426294,299.2540922581622,905.098502883379,82.1
4970000,9940.000001107544,-1156578.295635296,301.4336012746273,899.2406392598087,82.1
4975000,9950.000001109582,-1155579.017932983,300.1729608610993,900.0266900372591,82.1
4980000,9960.000001111619,-1154393.022416073,299.28015337832534,906.7854848218373,82.1
4985000,9970.000001113656,-1156311.191464249,301.1414638666007,904.1102011046073,82.1
4990000,9980.000001115694,-1156275.9332823325,298.8929071561821,902.2407420157916,82.1
4995000,9990.00000111773,-1156639.881084024,299.9783589286131,903.2571020807038,82.1
5000000,10000.000001119768,-1156511.0867643058,299.52995676017133,899.161337479666,82.1
5005000,10010.000001121805,-1158149.3393726945,299.7295547602945,899.2422796525486,82.1
5010000,10020.000001123843,-1156442.660292631,299.5486359354996,901.8855928336444,82.1
5015000,10030.00000112588,-1158513.704122385,299.77498838762125,901.231972853352,82.1
5020000,10040.000001127917,-1154724.729520713,300.42737286043894,902.8839939141683,82.1
5025000,10050.000001129954,-1155181.3577641938,299.2536436316805,902.7849965104058,82.1
5030000,10060.000001131992,-1157972.7066702992,301.15594226669134,901.6902860113506,82.1
5035000,10070.000001134029,-1156059.5708978074,299.8884704953741,901.4078135369701,82.1
5040000,10080.000001136066,-1157570.0642330972,300.89679929718125,902.1226310745818,82.1
5045000,10090.000001138103,-1156016.0079147778,300.16941263347144,900.6852219998659,82.1
5050000,10100.00000114014,-1155679.9583208775,299.4272620800917,902.2988242539338,82.1
