restrained 53 heavy atoms of residue FAD at k=10.0 kcal/mol/A^2
System 06_md/system_MAOB_p3: 90129 atoms, 5000000 production steps
Minimizing...
Heating / equilibration (100 ps)...
#"Step","Potential Energy (kJ/mole)","Temperature (K)","Box Volume (nm^3)","Speed (ns/day)"
5000,-1150077.3614302427,299.1150588330662,914.3782969648399,0
10000,-1152244.3915263647,301.0459064260023,905.6156642390005,81.1
15000,-1153890.294292936,299.583710369522,904.5136155612547,80.6
20000,-1154799.0462023169,299.03185901282694,904.7312573806983,81
25000,-1155138.7786882166,299.79238285984286,904.1851373360894,81.8
30000,-1154158.8104673661,300.0050522042732,903.4207235665903,81.9
35000,-1154765.5102500608,297.83529061772833,903.9134942373305,81.8
40000,-1153695.7751505096,299.8864108919809,901.8712284416483,81.7
45000,-1157387.0440453747,299.19069317945537,903.3954475932494,81.9
50000,-1155181.1813804125,299.3651477044914,901.7853028949131,81.9
Production run...
55000,-1154685.6727217548,300.2856680685656,901.5830331941443,82
60000,-1154287.084057482,300.33744364297434,901.8305691279083,81.4
65000,-1153752.555611127,300.1649671528802,904.7434547680809,81.5
70000,-1154488.809573627,302.075687730479,904.3597577688611,81.5
75000,-1155825.7620856687,300.33275345702947,904.3545239258519,81.5
80000,-1156445.0713851638,301.08187811298814,902.3406897229273,81.6
85000,-1157484.8559929337,300.3638922132808,901.1732704965123,81.6
90000,-1157017.2676163698,300.06410776295286,902.8593635127341,81.7
95000,-1156624.9139303975,299.12182901451706,904.5315985092999,81.6
100000,-1158056.7041438967,299.74415551306197,901.2090470201764,81.5
105000,-1156130.5998020694,299.52451206605275,902.0872340686122,81.5
110000,-1154644.275032442,301.19684884497565,902.4125016077578,81.5
115000,-1155284.5004631737,300.52609107852186,902.100443509599,81.6
120000,-1156766.784731917,299.0016582937646,901.1598963626761,81.5
125000,-1155999.66915368,299.845259608343,901.5341616760034,81.5
130000,-1157252.454059219,297.74899119634284,899.6606683965092,81.5
135000,-1156360.6767829377,300.6567025610299,904.388756569769,81.4
140000,-1156084.741224829,299.7218057574291,899.5438227958234,81.5
145000,-1157085.7234430201,301.05306405759643,900.8941612605717,81.5
150000,-1155794.0114858719,299.5976177904542,903.6177655819018,81.5
155000,-1156867.9567239955,300.2360540581141,900.7727641264814,81.5
160000,-1154910.5445386954,299.17272772807524,903.6056752359261,81.4
165000,-1156796.0532298582,300.3212930896338,903.4619827691691,81.5
170000,-1155784.0626129126,300.8866848092306,902.4433706138193,81.5
175000,-1156753.5909215184,299.12917017512643,902.8736592693679,81.4
180000,-1156534.4467935795,301.9942620240536,902.2316354304526,81.4
185000,-1157540.5462094136,298.710764804619,902.5065534798125,81.4
190000,-1155337.111388347,301.67225017076953,901.721113146346,81.4
195000,-1156249.5210945923,301.17042066678204,904.6462206678161,81.4
200000,-1156921.1448792964,300.36289299975346,900.8384340115553,81.4
205000,-1156802.8107328834,298.6780966399074,901.53048900707,81.5
210000,-1155674.9685838325,302.0344752705026,904.9711447310798,81.5
215000,-1156062.8830447607,300.9655615015555,901.4849016943685,81.5
220000,-1155096.8278275197,302.9968606421629,903.480118971159,81.5
225000,-1155790.5520390915,299.63089771854993,904.0437724679884,81.5
230000,-1155912.6660984866,301.2240315313431,901.2782530843003,81.5
235000,-1156101.7402770566,299.53848066332336,900.3504372102801,81.5
240000,-1155947.55676339,298.99258380356684,903.0157009136138,81.5
245000,-1156035.539167515,301.7617307617524,899.7123395916531,81.4
250000,-1154766.619790662,299.5155599285319,901.9558617979197,81.4
255000,-1155775.3014374292,298.93634235645413,901.9320184057883,81.4
260000,-1155683.6599438349,300.60356071506334,904.1191151539405,81.4
265000,-1156666.976597906,298.5096170039228,903.003617165026,81.4
270000,-1157254.3184917402,299.94848448335557,900.401462968578,81.4
275000,-1155451.4797288477,301.546369658432,900.4048207900391,81.4
280000,-1155510.6093408577,298.9676646417207,901.8173429961427,81.4
285000,-1155822.5527975662,299.168282247484,900.8593250728644,81.5
290000,-1157827.5484538255,299.56874255872407,903.9165806156901,81.4
295000,-1155790.682746497,299.32709602199964,903.2628731066329,81.4
300000,-1155839.1328795059,300.88052639116387,903.1983831009051,81.4
305000,-1156344.0056866864,302.00525337285484,903.4798047450737,81.4
310000,-1156346.544344726,299.28260043186185,904.6687545943495,81.4
315000,-1156863.3426377987,300.0038694617306,902.0353170169903,81.5
320000,-1156677.157274831,300.44727556253537,903.3470288840097,81.5
325000,-1157047.2924251677,300.1793843766324,901.5779485034672,81.5
330000,-1154268.2365850797,300.19047768599773,905.7329947305301,81.5
335000,-1154123.1154344538,300.6790931008884,900.2530444356723,81.5
340000,-1155960.4574413607,301.9639185602016,901.8843743339644,81.5
345000,-1156858.9107956681,301.258433025643,899.2672767907864,81.5
350000,-1157707.3279357655,299.231355052386,900.4270330565989,81.5
355000,-1156259.4319534032,298.7136197004115,901.1694822862985,81.5
360000,-1156000.6124254027,300.4494167343797,902.6981900748409,81.5
365000,-1159294.7636393858,299.9647777814858,901.0026604983383,81.5
370000,-1156647.907081657,298.87587974199096,904.8435891531112,81.5
375000,-1157166.5751987323,299.4186973927141,901.3854105614721,81.5
380000,-1157646.6621403564,300.58241409408583,902.5539005767387,81.5
385000,-1156442.487154862,301.7722123077335,902.2997778203776,81.5
390000,-1156206.3448780635,301.6987191331888,902.5575667750154,81.5
395000,-1157520.7455282835,299.5387661529026,901.9422103121269,81.5
400000,-1157957.5775428126,299.75498372496077,900.9683772004655,81.5
405000,-1156440.214384267,300.4619986679797,903.4559250104609,81.5
410000,-1152454.7628588881,299.20482491362833,904.3697952305595,81.5
415000,-1155439.972258049,300.0136168916507,901.2133744684943,81.5
420000,-1154916.6804390708,299.08267615793386,903.4380218887453,81.5
425000,-1153580.6772641698,302.957259159098,902.4036788737341,81.5
430000,-1157356.6273800265,300.0243431429855,900.5164248500836,81.5
435000,-1156750.608446571,300.00166711354774,902.3851853310713,81.5
440000,-1155663.222719361,300.87763071114574,901.6202113399409,81.5
445000,-1155321.147980622,300.96301248745505,902.7877712948634,81.5
450000,-1155632.3101530373,301.0556742480353,902.6530114672064,81.5
455000,-1155949.033649385,299.25494872689995,903.3663091791572,81.6
460000,-1156054.7172133122,300.31652133523767,903.0788019576256,81.6
465000,-1156570.151912433,301.75259509521635,902.9328827705721,81.6
470000,-1157487.5737766633,302.4756790231246,900.2505016203683,81.6
475000,-1157940.9086233545,300.5525396488283,902.1201788066119,81.6
480000,-1156951.270492915,298.9420113638136,900.6199338199642,81.6
485000,-1156792.143877116,301.18314534517157,903.4677681654117,81.6
490000,-1156628.7165320143,300.6109630520111,902.6653743743383,81.6
495000,-1156064.5861434443,301.3306618891939,900.1448477466948,81.6
500000,-1156449.4707387257,298.9542058472702,901.9848025329206,81.6
505000,-1155237.8930116585,300.88554285091357,900.192017767131,81.6
510000,-1155836.271864066,300.2850359130687,902.2097116135969,81.6
515000,-1155994.2757061422,299.4611741636843,901.8964555648653,81.6
520000,-1158014.3977177562,300.5526212172795,900.2980518599489,81.6
525000,-1156137.1465247972,300.11961509400464,903.6954329412047,81.6
530000,-1154185.3262451142,301.3912672484467,904.5241663750409,81.6
535000,-1157561.695163669,300.96229876350696,901.2603593626733,81.6
540000,-1156898.2797628148,300.2762265203375,900.1099218530142,81.7
545000,-1157063.574188169,299.63970711128115,899.9596326620983,81.7
550000,-1157106.0289875353,301.0054484741996,902.1886102155223,81.7
555000,-1155533.3783510542,299.2929800172789,903.1843091541774,81.7
560000,-1155904.3654742371,302.2915994208451,900.4530785929054,81.7
565000,-1157141.5916038202,300.29829078639114,902.0001449188194,81.7
570000,-1153605.838929588,299.14026348449164,904.6850932816469,81.7
575000,-1156581.4617995927,300.0819712537689,901.2901865803091,81.7
580000,-1155716.263590428,298.19307023687014,903.154427228239,81.7
585000,-1157337.6151988339,299.27175182785027,900.5652047570244,81.7
590000,-1156007.0758369025,301.1185839160349,901.013280660737,81.7
595000,-1154811.8271099785,301.18059633107106,903.0899367977609,81.7
600000,-1156610.159522173,301.455033385184,902.1341779027998,81.7
605000,-1155597.0886949198,300.14481974543014,902.3374895002426,81.7
610000,-1157831.7946976088,299.90818966845535,902.9868392239669,81.7
615000,-1157397.8203582913,299.319265450683,903.0455137170329,81.7
620000,-1154595.4365569772,302.34453734568365,901.961106028229,81.7
625000,-1156547.0341910198,299.5863409520737,901.6450746682842,81.7
630000,-1155046.8702298645,301.31292075105466,903.805212016614,81.7
635000,-1156674.0587367509,301.0699283348851,901.9721282647313,81.7
640000,-1155636.9441687195,301.247421284729,903.727822301819,81.7
645000,-1156045.2862415705,298.360489482989,902.0031905132739,81.7
650000,-1156895.3947151322,299.06450678542575,903.1021500154493,81.7
655000,-1155505.2320359638,301.89605360879074,903.831445957999,81.7
660000,-1155571.6069501769,299.8432203970626,903.3445977200657,81.8
665000,-1156239.417635479,300.21674272728893,902.5760623181335,81.8
670000,-1155587.6129806451,300.00978317444367,900.6001667534211,81.8
675000,-1156922.6646584338,300.72978789331853,903.3825272726593,81.8
680000,-1155351.2689643186,300.5980344524935,901.8439082448975,81.8
685000,-1156042.2335258685,299.5872993813755,901.2099158330634,81.8
690000,-1157263.4995022658,297.7248265426704,901.4044485591753,81.8
695000,-1156724.0471986085,297.86936583822336,900.7585773205922,81.8
700000,-1153998.8686550297,301.0300005780154,902.009020743663,81.8
705000,-1153834.2247250136,300.6280720346534,903.0363560604434,81.8
710000,-1155026.3728350084,300.70552127908206,902.6630078010775,81.8
715000,-1157069.5837069955,300.9961088865355,902.3317605284517,81.8
720000,-1156624.129555055,299.21247195592974,900.7344556687483,81.8
725000,-1154513.4503129013,300.2718422160847,901.1326354656778,81.8
730000,-1155811.3718884503,303.0696197006467,901.7601335978301,81.8
735000,-1157547.0919555891,299.7095704897468,898.9482278489102,81.8
740000,-1155506.4114801353,299.5817119424673,902.5929088576411,81.8
745000,-1155573.6696285205,300.0306035216163,903.2683984651057,81.8
750000,-1157143.1009318484,300.0557062124777,900.1180017198568,81.8
755000,-1158146.4898772584,299.47226747304956,902.3718405648607,81.8
760000,-1155521.5896208705,300.3807157063439,904.4617515531752,81.8
765000,-1155822.7606812026,300.5480533840115,901.891067404645,81.8
770000,-1156331.6937354729,302.5746419465612,900.9021520784426,81.8
775000,-1157361.682523557,301.0114641474768,901.4715715945097,81.8
780000,-1156599.3469399465,300.09037280424405,903.7200742486242,81.8
785000,-1154815.7420534212,299.77906681018203,900.2791945114568,81.8
790000,-1157046.9492796985,299.2772984825329,901.5449180686276,81.8
795000,-1154016.3646798488,302.0908186781794,901.815950058182,81.8
800000,-1155613.8781858683,300.23576856853487,902.0452680412678,81.8
805000,-1155402.7569407327,298.21715332209135,901.0547812516604,81.8
810000,-1156087.7709586862,299.3884354973133,902.6606966102415,81.8
815000,-1158806.917045448,300.63155908594285,901.5785939094982,81.8
820000,-1154759.9922975209,299.02439549954073,904.8881378671404,81.8
825000,-1156335.8635313949,299.73175710847727,900.9582658350151,81.8
830000,-1155446.1583165443,301.56407001234567,902.2250673244343,81.8
835000,-1154138.374904438,300.75801057743894,903.7483503533559,81.8
840000,-1155781.6734066121,299.22122017232255,902.3406204948842,81.8
845000,-1158580.5955434786,302.02480940903365,900.5986782005992,81.8
850000,-1156308.7009782158,300.8297500302825,903.1857303280063,81.8
855000,-1156079.4621129464,300.80425988927783,900.744944885677,81.8
860000,-1157569.7838303857,302.331302864474,902.0577250231624,81.8
865000,-1157184.2557437392,300.33248835956306,901.5599435517972,81.8
870000,-1154242.1773759546,299.49588153967625,900.8629122018302,81.8
875000,-1156456.8483617855,300.1613781410267,900.9534980443148,81.8
880000,-1154827.9907678878,300.6887589623574,902.6062932259791,81.8
885000,-1155516.0648380714,300.11260020720016,901.6286930164317,81.8
890000,-1156020.6030677473,301.0561024824042,903.1078525572561,81.8
895000,-1156749.087493023,300.0821547827842,903.3782481373428,81.8
900000,-1157593.0581733389,301.16232499799895,900.1285240764889,81.8
905000,-1156652.612028744,300.8207775006489,901.3281287878124,81.8
910000,-1155844.7590422053,302.05450032527585,903.9450158339173,81.8
915000,-1155059.6150046065,301.1036976736881,904.275016976542,81.8
920000,-1155875.1938886438,301.36045476600015,903.3686588800847,81.8
925000,-1155533.8725645905,299.75184333958896,902.3017427627656,81.8
930000,-1155049.357222626,299.32350701014616,904.1951331855832,81.8
935000,-1155683.6029515099,300.6927762085797,904.1372109227805,81.8
940000,-1157806.2882064013,300.34417304019956,903.5924522973431,81.8
945000,-1158129.7439781595,300.1997153130978,900.5241423888076,81.8
950000,-1155969.9779237388,298.37400945377783,903.5678924419675,81.8
955000,-1156583.8184863627,300.10709433674316,902.5751085647236,81.8
960000,-1156129.000005234,299.9748718773236,902.5636313071708,81.8
965000,-1155807.3809715193,300.76282311606064,904.7569061940951,81.8
970000,-1155323.4178148229,299.7392206217634,901.8868138347227,81.8
975000,-1155244.9275436904,300.90444633948266,902.6954360746143,81.8
980000,-1156507.8315948471,298.0164949321025,899.8823329622377,81.8
985000,-1157871.1802966418,299.981275000744,900.885965376983,81.8
990000,-1154258.3980445769,299.9850679337255,903.6171989019405,81.9
995000,-1157272.5846906183,298.7703913424572,899.9990866235669,81.9
1000000,-1156562.1817786274,301.7410735514822,903.3078940099772,81.9
1005000,-1156871.8366022632,300.32651347051154,904.1680832706973,81.9
1010000,-1157558.889997135,299.71436263625566,900.6964860289596,81.9
1015000,-1156257.9507632153,300.1709828261573,903.0582706018919,81.9
1020000,-1156708.33871264,298.40653487369985,901.3451599178339,81.9
1025000,-1155435.2963327654,299.83881570069695,902.5312919215887,81.9
1030000,-1157643.9274303382,300.55333494122766,900.5582022990093,81.9
1035000,-1157250.7858964307,300.45327084369967,902.4008444175795,81.9
1040000,-1155247.513012495,301.0160523728576,901.8565766569426,81.9
1045000,-1156094.4031451587,301.31145251893275,900.3195265406389,81.9
1050000,-1156440.28209214,300.110642564371,903.422651428647,81.9
1055000,-1157345.188653429,298.99443948583206,901.3524591150777,81.9
1060000,-1157516.6216546549,298.0701669730019,902.5275886491428,81.9
1065000,-1155071.2363554612,300.453964175535,903.7303047657408,81.9
1070000,-1155595.401121134,302.21317135500186,901.6345239257248,81.9
1075000,-1155678.7595449034,301.2892455080895,902.3034708253939,81.9
1080000,-1156639.6019295389,299.2762177005543,901.8861467032106,81.9
1085000,-1155690.6720099868,299.719317919667,901.540201488165,81.9
1090000,-1158548.5768611962,301.1347344693754,902.3121712337198,81.9
1095000,-1156103.4420554107,299.7614276326068,899.7843163268908,81.9
1100000,-1157384.4071277408,300.1634581365327,899.5230522981578,81.9
1105000,-1155348.5958421724,300.69718090494536,901.359373049567,81.9
1110000,-1156229.4816499325,300.7534631362837,900.9722240479282,81.9
1115000,-1156595.9863723991,300.52794676078696,903.4785905181853,81.9
1120000,-1157998.601041356,300.09963082345695,901.127589695455,81.9
1125000,-1156139.8636527555,300.3346091392946,902.1740767384849,81.9
1130000,-1156791.1211983878,301.2648361490634,902.5718695503531,81.9
1135000,-1156918.578843264,299.6440710234212,902.6543176752009,81.9
1140000,-1156310.776677439,301.19440179143925,901.6062026799225,81.9
1145000,-1155581.1366496729,300.1542001173198,900.2785982199732,81.9
1150000,-1156544.0653686794,301.2930996174094,903.5215824865362,81.9
1155000,-1156045.5807169126,299.4056872247453,902.9878889854175,81.9
1160000,-1155340.434163618,301.5364386994966,901.8490341380522,81.9
1165000,-1157601.639703175,299.7628958647286,904.6507431226969,81.9
1170000,-1154450.6502981111,301.1297180096257,904.520046985563,81.9
1175000,-1157136.5385307511,300.0535854327461,899.9345055999322,81.9
1180000,-1155472.3182365447,300.34299029765697,902.3064019315501,81.9
1185000,-1155986.8316343129,300.2274485865109,899.5203156464087,81.9
1190000,-1155344.8206846006,302.09389788721273,904.8916534401314,81.9
1195000,-1155903.5486988015,301.5544653272151,901.241840765682,81.9
1200000,-1155797.7255155575,300.82102220600257,903.0675145842355,81.9
1205000,-1155933.1440123664,298.31809428046995,901.8633243091841,81.9
1210000,-1157003.2788994433,299.65712197561555,902.0425696091263,81.9
1215000,-1157407.9164054254,302.0781143919026,902.8351252357805,81.9
1220000,-1155297.1353679132,302.03643291333174,901.3146221060922,81.9
1225000,-1157904.2113939552,298.76957565794504,901.6660402992296,81.9
1230000,-1156970.741519142,301.21146998985597,900.0998317738878,81.9
1235000,-1157391.914335154,300.88743931740436,901.1398108375525,81.9
1240000,-1155239.485666344,300.5309851855947,901.8448053956951,81.9
1245000,-1157838.0196807543,301.11811489744036,902.2412615960733,81.9
1250000,-1156482.9168770043,298.6362520244341,904.3032565538143,81.9
1255000,-1154691.6163315913,301.21100097126146,904.2428626075978,81.9
1260000,-1156484.349121525,299.9438350816363,902.2552015692495,81.9
1265000,-1155286.0197250554,300.45386221497097,903.4841796657856,81.9
1270000,-1156827.216906636,300.1994298235185,899.3097861598876,81.9
1275000,-1156792.2259744117,300.7157989039352,902.7223275028416,81.9
1280000,-1155094.5686611105,301.64237572551207,905.2855897523151,81.9
1285000,-1156933.1209143847,301.18708102294266,900.6130616209474,81.9
1290000,-1157020.5364556443,302.04138819674307,901.146708271711,81.9
1295000,-1155368.2791592656,300.3299801296881,903.4827529975577,81.9
1300000,-1156399.449117709,300.7329282786903,903.1405587253605,81.9
1305000,-1156892.124910403,300.250817947784,902.0127881915962,81.9
1310000,-1157559.0746554332,300.18491063920226,901.4195961275533,82
1315000,-1155477.5163071854,301.3254211162033,899.7714220430194,82
1320000,-1155812.2075262247,300.94733095270897,902.4651196300442,82
1325000,-1155649.9551846385,301.7941134368848,903.2677475920598,82
1330000,-1154241.1848323522,302.4503520190223,902.063226987947,82
1335000,-1154692.1636533337,300.00050476311793,903.7909561861293,82
1340000,-1155912.8789178208,299.88596226549924,902.7416981301274,82
1345000,-1157300.8236632347,300.75817371434135,901.7779912455048,82
1350000,-1156844.311246206,297.45950476298077,899.5842728558973,82
1355000,-1156147.8706478085,299.7421570860072,902.1359163944885,82
1360000,-1156926.6307242867,299.0285147063271,902.8393335844637,82
1365000,-1157567.7068931665,301.6545090326303,900.7698028319588,82
1370000,-1159104.8595075551,298.4384689223505,902.1882490712353,82
1375000,-1155768.6906785509,300.90214203073583,901.1252702239757,82
1380000,-1156862.118346407,300.13643858706774,901.551810981885,82
1385000,-1156141.2681637052,301.24395462555236,899.9393196874206,82
1390000,-1158561.4961476047,298.9859359747928,901.6625709092971,82
1395000,-1156409.466255162,299.8432407891754,901.1178968722309,82
1400000,-1156144.0951271923,300.7194694842398,902.1144397016758,82
1405000,-1155511.5568454554,300.3566530132355,902.7101187142387,82
1410000,-1158878.3071289891,300.3928286213493,902.283332466381,82
1415000,-1155070.4888728429,300.2063631418718,902.0079751988726,82
1420000,-1155774.956227716,299.2339040664865,903.7449111264208,82
1425000,-1155623.0192225408,300.04732505411533,904.3102394210597,82
1430000,-1156997.5075137634,298.83756296203273,899.3329660973741,82
1435000,-1157067.4299308043,300.81932966063977,904.348624155011,82
1440000,-1155457.1461369954,298.714924795631,901.2459881032611,82
1445000,-1156117.1276671095,298.3847560972254,902.7171183462558,82
1450000,-1157651.0489291921,301.2148550805814,901.3964205102288,82
1455000,-1157585.3090064079,298.9955406599234,902.1063402358689,82
1460000,-1155822.048842974,302.61459009554375,902.6659217978338,82
1465000,-1157013.9302504426,299.71870615628285,901.2584888265891,82
1470000,-1155874.41767063,299.8999920391082,903.2498009255337,82
1475000,-1156559.4317035982,300.2797339637398,901.2306440217659,82
1480000,-1156812.2681963202,301.07335420983617,902.9825815291214,82
1485000,-1156899.7833038215,298.81150184186953,900.706650469458,82
1490000,-1154813.874621991,299.8518666528914,903.9328416915204,82
1495000,-1156764.0016410267,299.0750495077453,904.6088995779246,82
1500000,-1158325.3109875172,300.2898280595776,901.9217489770629,82
1505000,-1155575.4179717572,300.6301520301594,903.6827324629272,82
1510000,-1156109.828049602,301.6469231666673,903.7105209995061,82
1515000,-1155314.229367,299.36616731013163,904.8012248113862,82
1520000,-1156901.6672504004,300.90210124651026,898.8638636529871,82
1525000,-1154730.7125534862,299.2622491032837,900.5617286580174,82
1530000,-1156363.203655772,300.06667716916616,900.1700130277724,82
1535000,-1156604.4345235769,300.57747920278734,901.8295572147222,82
1540000,-1156691.9424636886,299.7986228463608,901.1867075055426,82
1545000,-1153986.639453316,301.6290392837384,901.904626400261,82
1550000,-1155305.964111966,299.57500293735484,901.8580590412234,82
1555000,-1157184.0308622262,299.7055736356373,901.1034771319731,82
1560000,-1156776.241539782,300.9957010442795,903.5351113047757,82
1565000,-1157964.739225519,302.6747468283148,899.9108414580497,82
1570000,-1154984.9508515764,299.623515773715,900.5693558913318,82
1575000,-1158425.0366703225,300.34319421878496,900.6286555330886,82
1580000,-1155638.2918329109,300.25769008979887,903.7952039855389,82
1585000,-1156317.9335993743,298.9953979151338,900.8026640133188,82
1590000,-1157687.8209023122,300.9845057743502,902.4592115251373,82
1595000,-1156953.4791349443,298.454313593999,900.2459435738098,82
1600000,-1155279.4553838158,300.4339799049873,898.0304250351276,82
1605000,-1156227.9138263213,301.53857987134097,903.2633711696155,82
1610000,-1154996.1283523291,300.3708459237469,902.175394287421,82
1615000,-1157097.5447583832,300.3468647990897,899.8778969317399,82
1620000,-1156831.5441698963,301.0248005892504,901.7118209941474,82
1625000,-1156394.1389283687,300.81706613611857,901.5875338413153,82
1630000,-1155912.8583934829,301.3018070495766,901.0312966621395,82
1635000,-1155063.0362753551,300.4969915335509,901.4924135878019,82
1640000,-1156460.4618508723,299.7302888763554,902.5487566979417,82
1645000,-1156139.1424727412,299.6595894212648,902.2015381371313,82
1650000,-1152472.0185688538,299.67934937857166,904.2606303191241,82
1655000,-1156291.3730109222,301.7213747705138,903.6842157967498,82
1660000,-1155670.817780626,299.94722017236177,902.34830414852,82
1665000,-1156316.9635752635,300.1701671416452,900.5868125343459,82
1670000,-1155516.232462925,302.0642273630833,902.494952968249,82
1675000,-1154977.704158674,302.10062728443796,904.0296118981669,82
1680000,-1157195.8478776896,299.82760003865496,903.3890803451047,82
1685000,-1156531.5970251374,300.67452526762037,904.7691628784885,82
1690000,-1157307.7627834473,300.479005690058,902.9698279833566,82
1695000,-1156542.6439692052,299.5845872303726,902.5914248428236,82
1700000,-1158072.8311125105,300.69563110437224,903.0037613004548,82
1705000,-1156737.841804577,300.4795766692165,903.0393230253848,82
1710000,-1156468.5324715022,300.32092603160334,902.2617185821724,82
1715000,-1155471.552357953,298.40879839822105,904.3152799729587,82
1720000,-1155610.2859011395,300.03135802979006,902.0197279751101,82
1725000,-1153789.431926297,299.8251122008929,905.0288643300831,82
1730000,-1158571.0492696287,300.17149262897743,900.1175476305048,82
1735000,-1157402.4018906495,298.779343479978,897.2698700610381,82
1740000,-1156992.2959278831,300.04185996788397,899.5408926042454,82
1745000,-1153920.127704326,301.79083030672336,905.2665435705637,82
1750000,-1155722.311523268,301.2033539289601,903.126524883628,82
1755000,-1155422.4985186867,298.19190788644033,902.3451995352001,82
1760000,-1157447.7334453017,298.13436134410813,902.3934355043406,82
1765000,-1156129.0628367877,301.9556189702905,902.2748127908495,82
1770000,-1156085.9922920074,302.22750701030293,901.2309316582681,82
1775000,-1158484.9079842018,299.39332960438617,900.6151219534983,82
1780000,-1154713.9508768301,298.9615877921052,903.0783192686332,82
1785000,-1154161.598662923,300.6787464349707,902.0927058443543,82
1790000,-1155700.5405331766,299.51741561079706,903.5672850651127,82
1795000,-1158051.0331613412,301.229761715041,901.1895176143836,82
1800000,-1155627.1573095657,299.4729811969977,901.662419435207,82
1805000,-1155969.5715436358,299.90721084704074,902.9444317149182,82
1810000,-1158154.1975474656,301.71452302061175,900.4202150219346,82
1815000,-1157006.6449632803,301.66545959720594,900.5853831607207,82
1820000,-1156392.0102933394,301.03787193355765,901.7740029111218,82
1825000,-1156045.7325397218,299.62594243513865,901.9106129558446,82
1830000,-1156177.6897722874,299.6086703155938,903.2942856812219,82
1835000,-1158200.851816385,299.80506675400676,902.0875192887851,82
1840000,-1157114.7937502163,300.4878150827892,902.1975756682093,82
1845000,-1155944.4317624941,300.6514210038137,901.1859666949937,82
1850000,-1157416.3945028465,300.4547390758215,901.5355207069379,82
1855000,-1158027.3165432094,300.29731196497653,901.2920592586108,82
1860000,-1156305.694398285,301.1254764501625,903.8377332338339,82
1865000,-1156647.6225017142,300.8416590241599,900.4062582819271,82
1870000,-1157572.1591690527,299.9589660293367,899.1423020737005,82
1875000,-1158057.1459826594,299.57371823424825,900.4895704788584,82
1880000,-1155331.174880038,299.8338400251729,901.147626997971,82
1885000,-1157226.8182211071,300.6529708043868,899.0190385346285,82
1890000,-1157897.103401279,302.21282468908424,898.1524778673095,82
1895000,-1156753.540092512,301.1784551592267,902.8760261563835,82
1900000,-1155597.854950456,299.8166086898537,903.9304977247555,82
1905000,-1157361.47114712,302.44949555028455,903.0610925832722,82
1910000,-1157448.2644205512,299.6482717986587,900.9020960574866,82
1915000,-1156988.5014330195,301.18110613389115,903.3109459264056,82
1920000,-1157132.6578623531,301.1828598555923,904.4354264424511,82
1925000,-1158481.5685910909,301.0869149648506,901.3628867557057,82
1930000,-1155180.5963956937,299.53648223626857,903.6764229470875,82
1935000,-1156386.8221137002,300.37881923985316,900.8987074228706,82
1940000,-1157144.5657140724,301.9804769557983,900.9607572146515,82
1945000,-1157388.2113976907,299.51362267781553,901.9137990033919,82
1950000,-1156664.0171263814,299.1309035047147,904.211146134576,82
1955000,-1156128.8758453485,300.62929556142166,901.1761606727924,82
1960000,-1155483.7394892732,298.9400741130972,900.658051839258,82
1965000,-1156564.3598992657,299.7142402835789,899.7485973669567,82
1970000,-1157698.5052904245,302.5127926684274,902.2086765670747,82
1975000,-1156915.8193935445,301.8715422892006,900.2546786982317,82
1980000,-1156027.544296816,301.63580946518925,902.5646106971863,82
1985000,-1157362.5905720638,299.3894551029535,902.4479926289491,82
1990000,-1155586.0575596886,300.0034208352489,901.444514992473,82
1995000,-1156662.8454549806,299.85512939094,902.6235089965153,82
2000000,-1155964.3151889388,300.3590592825463,903.1159369025012,82
2005000,-1156150.522693688,300.716023217176,901.8227467900208,82
2010000,-1155430.6455590073,301.56623157630287,900.452080106742,82
2015000,-1155548.5621146336,300.8249374916608,901.1933894949389,82
2020000,-1157393.3749959273,301.0022673046023,902.3426198053451,82
2025000,-1156512.703946122,301.3425708830713,903.1551762652872,82
2030000,-1156185.946769799,301.46469924665297,902.657743917655,82
2035000,-1156563.5197369503,301.0690310819217,902.3938535101335,82
2040000,-1157886.8615298606,300.2852398341968,900.9979254993009,82
2045000,-1157586.4814890157,300.71628831464244,901.1579159934423,82
2050000,-1153253.6121881828,299.7365492549862,901.4227665092169,82
2055000,-1156085.5787883885,300.23907209080903,901.5530619794149,82
2060000,-1155775.9900054606,300.1574628553684,902.5191606711118,82
2065000,-1156081.2790496824,299.6661352894748,900.3135249097079,82
2070000,-1156647.8217668068,302.21572036910237,903.6860587580506,82
2075000,-1154964.97463487,299.02635314236994,902.1125822548771,82
2080000,-1155616.8064674484,299.27735965887126,901.3229692321852,82
2085000,-1155986.3131316416,299.9061912414006,901.7272054389005,82
2090000,-1155247.6638205806,299.0549021002951,902.6238028522217,82
2095000,-1156446.0715560373,300.57609253911664,900.0549883977769,82
2100000,-1157630.3940850338,301.067134615431,900.6747374580066,82
2105000,-1156791.257061013,301.75610253861856,901.8527647242086,82
2110000,-1156481.4929923415,301.0758828318238,902.5134049007709,82
2115000,-1157121.6858390654,298.6478143523938,903.6038004584613,82
2120000,-1157366.4829503372,301.8026169479239,903.3568478728096,82
2125000,-1156132.0375836343,300.0815022351744,901.7787188372874,82
2130000,-1155682.426189824,301.06678794951335,901.5889815362207,82
2135000,-1157386.7773597501,302.0060486652542,902.9847377073751,82
2140000,-1156605.4582959833,300.2405607150437,902.3123790356468,82
2145000,-1155761.8672583215,299.9575385814404,903.4463940691348,82
2150000,-1155650.6263129804,298.0069922075359,903.4178551835413,82
2155000,-1157504.303736141,300.18758200597955,901.8875226277197,82
2160000,-1157818.026170725,300.4385069540297,900.797556298925,82
2165000,-1156003.502985646,299.97597305141505,901.6591876752138,82
2170000,-1156522.2420785995,298.6889044596934,901.8202969574513,82
2175000,-1156337.436859494,300.3496993027694,901.6579688281166,82
2180000,-1156808.4447666882,300.8235916122158,902.1053069082526,82.1
2185000,-1156454.4657829162,301.2698933930387,901.5806663570881,82.1
2190000,-1155561.237536938,300.5622259024101,902.9636108076322,82.1
2195000,-1157509.8756590271,299.87729561755765,902.3260218318113,82.1
2200000,-1157521.6731282547,299.05053818815514,899.5399771862527,82.1
2205000,-1156371.5666170064,298.894579309432,902.6844664472892,82.1
2210000,-1157087.9349566633,300.6220767534891,899.6969205910833,82.1
2215000,-1155041.6749526495,300.0608246327914,902.2278602060371,82.1
2220000,-1158036.6036685118,299.7795970051149,902.5055458203267,82.1
2225000,-1156974.4609084083,300.15958363510003,901.3432302950625,82.1
2230000,-1156348.2620296916,301.5851554569847,904.7180767790892,82.1
2235000,-1156004.9995008372,302.69212090842365,902.2260433088551,82.1
2240000,-1156946.5141815254,300.7453470753878,903.5783607993501,82.1
2245000,-1156315.2139466638,301.84780586989706,902.6427690411602,82.1
2250000,-1156026.7353310073,299.45613731182175,899.9307659007053,82.1
2255000,-1155950.9328162922,301.0332021397256,901.7338903686842,82.1
2260000,-1156057.8035186166,300.2953339300346,901.360451821027,82.1
2265000,-1155135.7756744707,299.92189316825943,903.7970580795027,82.1
2270000,-1156482.292760401,302.0013584793093,902.3096553107961,82.1
2275000,-1156376.2228109548,299.3935131334015,900.32548953537,82.1
2280000,-1157845.126272181,301.0910749558626,899.9799516860423,82.1
2285000,-1157022.1539171748,301.0577746356541,904.2762231906137,82.1
2290000,-1155720.2140027732,299.7309822081907,903.9346856824998,82.1
2295000,-1155634.860556228,299.6515957130457,902.3589395643623,82.1
2300000,-1155170.253980591,300.2551410756984,903.6649927721184,82.1
2305000,-1157761.4837434692,299.75163941846097,902.1023752732083,82.1
2310000,-1157921.6549638081,300.85862526201265,901.3228427952704,82.1
2315000,-1154690.3768177908,299.5850970331927,904.18684054715,82.1
2320000,-1156921.524830618,300.5872266327075,901.5800097697457,82.1
2325000,-1158495.4009706592,301.30170508901256,900.37147548783,82.1
2330000,-1157600.0083017545,300.8833405027308,901.0839546202106,82.1
2335000,-1155896.364729588,300.31892760454855,899.3520196061108,82.1
2340000,-1157185.3415106833,301.7962138245036,901.5023291485367,82.1
2345000,-1157605.8259839192,301.41031348180536,903.3386495368526,82.1
2350000,-1155760.951874082,301.0800020386102,901.9364266456907,82.1
2355000,-1155035.5250231968,299.5746358793244,901.3341685643428,82.1
2360000,-1155682.669806676,300.07830067346424,903.0954077739816,82.1
2365000,-1156297.3019744316,302.1099260878765,903.3068487789566,82.1
2370000,-1156701.3283285527,300.36901063359454,901.2667723012501,82.1
2375000,-1155404.5516154272,299.2578444069181,902.5222422579641,82.1
2380000,-1157810.800065224,299.9118398566472,900.6935639104391,82.1
2385000,-1155438.5337977596,299.54247751743287,903.3981781716568,82.1
2390000,-1157238.4605345652,301.24138521933907,900.4505347423842,82.1
2395000,-1156250.7588832406,301.68350661703727,902.7291537571368,82.1
2400000,-1156091.924656449,299.1745222340019,903.1176936291486,82.1
2405000,-1155347.5036338381,300.6654711695355,904.8200574611037,82.1
2410000,-1154792.9193804124,297.67684390124316,903.5023080337852,82.1
2415000,-1155273.3411413254,301.62010753833033,900.2009776246849,82.1
2420000,-1155820.7116492447,300.2160901796792,901.6848291252968,82.1
2425000,-1156871.1129188333,299.45621888027296,902.8290452644546,82.1
2430000,-1156701.029442262,300.99776064767264,902.8298533731512,82.1
2435000,-1157697.6936238771,300.53002675629295,900.2653513814294,82.1
2440000,-1155967.5761697255,300.73588513504683,901.2271272018783,82.1
2445000,-1158068.768246823,299.51278660119056,899.2330386935313,82.1
2450000,-1157137.974832954,300.8057689056253,901.1759603684237,82.1
2455000,-1156960.6149998447,299.9993016284625,901.1184382875185,82.1
2460000,-1156192.087212461,300.6268892921108,903.3215987420845,82.1
2465000,-1157243.8445053576,299.9085567264858,901.377212810988,82.1
2470000,-1156475.8660874637,301.49604192403234,905.5584018916405,82.1
2475000,-1157146.1657715887,299.0099170994501,900.6397791213429,82.1
2480000,-1158024.4459647937,301.5276496988781,899.7392048152764,82.1
2485000,-1157727.3735295236,300.8443915672756,900.0108436651223,82.1
2490000,-1157712.263035139,300.4090607431411,900.839462954568,82.1
2495000,-1157582.3523091152,302.76891760524256,902.0326815408878,82.1
2500000,-1155344.1319804406,302.0656140267539,904.0689303836841,82.1
2505000,-1157599.3271426586,302.38644313749535,900.6577939786805,82.1
2510000,-1156308.5693540517,301.11674862588256,902.774281714923,82.1
2515000,-1157551.9748673495,300.8171680966826,900.435473467528,82.1
2520000,-1158455.2686227635,298.2796347557221,901.0301106553496,82.1
2525000,-1156993.5774725527,302.2766112179344,902.2726054516322,82.1
2530000,-1155510.496233088,300.982242249829,901.3608428583739,82.1
2535000,-1155053.1783477347,300.7140655743468,903.1023802313333,82.1
2540000,-1155692.1270165574,301.40246251837596,901.6916930210361,82.1
2545000,-1156253.0762318028,300.6998930559482,903.4082993770108,82.1
2550000,-1156909.795776979,299.8086353737474,901.5697969148285,82.1
2555000,-1157563.6292323545,300.47729275258246,901.560171135586,82.1
2560000,-1158029.503056325,300.03971879603955,899.6293078083129,82.1
2565000,-1155525.0241411235,298.93375255812805,901.823117253513,82.1
2570000,-1155467.1091526588,300.2100337221765,903.8405844218356,82.1
2575000,-1155848.5277799116,298.7085012800978,901.5519198106679,82.1
2580000,-1156759.2938745096,300.5143860057725,903.5094734650669,82.1
2585000,-1156326.1134792054,299.1825567264466,900.1348809927833,82.1
2590000,-1156318.1203417117,300.417278764601,902.7878158610964,82.1
2595000,-1157495.1398459272,301.64690277455446,902.0882639042861,82.1
2600000,-1156830.2626772383,299.58342487994275,901.3707146865967,82.1
2605000,-1155879.6049755272,300.7903524683457,901.2892148426595,82.1
2610000,-1158184.4580530226,301.8416066676047,901.3901080875406,82.1
2615000,-1156476.16396588,300.0557062124777,901.7184889255414,82.1
2620000,-1158032.4662656495,299.41082603717183,899.7502202687295,82.1
2625000,-1156132.330516708,300.9318329469781,902.6163303183737,82.1
2630000,-1155916.1382915806,302.0012769108581,901.8530030858154,82.1
2635000,-1153991.931821487,300.51126601251354,902.0024436704866,82.1
2640000,-1157249.477941649,300.3877305931484,899.9934170994841,82.1
2645000,-1157524.6843420323,299.2981596139311,902.6560820391996,82.1
2650000,-1155799.7504879162,301.0885667259878,902.2329633625344,82.1
2655000,-1157118.5967075014,300.7291353457088,902.8043604053751,82.1
2660000,-1156158.6816615518,300.8989608611385,901.6199235526833,82.1
2665000,-1157136.898170068,300.57566430474776,900.8866844969723,82.1
2670000,-1156075.5803186279,300.6799903538518,901.7428577595009,82.1
2675000,-1156064.157200262,298.3288613160304,902.0049772145161,82.1
2680000,-1156042.1198916314,300.584473697479,902.1690130155572,82.1
2685000,-1155663.9920343347,300.8162096673808,901.2098111161038,82.1
2690000,-1156908.26170702,301.46106945057386,902.6532486045253,82.1
2695000,-1157566.9545342717,300.6790727087756,902.6400624619749,82.1
2700000,-1158875.0142421173,303.243217756945,900.4125444684855,82.1
2705000,-1154848.3970514657,300.7652701695971,902.7949893051449,82.1
2710000,-1157138.7744115377,299.02031707697995,901.1931849628911,82.1
2715000,-1157293.950239189,301.7010642261613,901.8825164932048,82.1
2720000,-1156981.3695584992,301.13758936516797,902.2220760723982,82.1
2725000,-1155195.0120148947,299.17258498328556,904.0805893050539,82.1
2730000,-1155840.5464260234,301.0823267394698,901.1933990655767,82.1
2735000,-1157386.1352413343,300.52378676977503,901.886424641586,82.1
2740000,-1158845.8224508371,301.08138870228083,899.1008822716371,82.1
2745000,-1158244.213499126,300.2944978534096,899.7447767863713,82.1
2750000,-1157081.9243867276,300.71959183691666,900.4418824463476,82.1
2755000,-1156080.3917875579,301.8459297955191,903.3907098319213,82.1
2760000,-1154062.7175284736,299.0944831912472,902.4948487699206,82.1
2765000,-1157356.4252201235,299.92768452829574,901.1099669243074,82.1
2770000,-1156768.138595432,299.43694833367346,904.3004397064279,82.1
2775000,-1155360.527641178,300.006010633575,904.9106269937199,82.1
2780000,-1157246.4005836342,298.27451633540835,899.2541765471234,82.1
2785000,-1156374.8255522288,300.31595035607916,903.6364375060823,82.1
2790000,-1155420.7226828542,300.2827723885475,901.1980293230041,82.1
2795000,-1155600.9173457138,299.2495040327813,901.8545111245481,82.1
2800000,-1155676.1161694797,299.9262366882867,904.2245445951357,82.1
2805000,-1157123.8327527922,297.95915231089833,903.1664068695884,82.1
2810000,-1158945.8257051697,299.55907669725514,902.0249154479711,82.1
2815000,-1156045.6389208958,300.79508343851614,902.6122318816024,82.1
2820000,-1153331.5008161496,300.0417580073199,903.4256085420282,82.1
2825000,-1155100.1544458838,298.4510100717248,902.8994616634699,82.1
2830000,-1155642.41891805,299.90541634111406,903.7298697491937,82.1
2835000,-1154114.506083061,302.1903321886617,904.7272712159255,82.1
2840000,-1156051.1750980783,301.4811556816856,901.2451569440915,82.1
2845000,-1156635.0811493201,299.27044673263083,902.3539476097828,82.1
2850000,-1155223.3548803553,301.21899467948055,902.0511365350653,82.1
2855000,-1155819.414619442,300.8147822194846,900.2878888128548,82.1
2860000,-1156401.7206926476,300.7254239811785,902.231565824196,82.1
2865000,-1155035.337889051,300.326880528542,901.5528680114078,82.1
2870000,-1156636.710434638,301.3221787702675,899.5542943196411,82.1
2875000,-1156088.7275594473,302.98085283361195,902.8376879610373,82.1
2880000,-1155936.9691939708,300.65427589960626,901.5760351206376,82.1
2885000,-1156841.6380440835,301.10526786637405,904.8174452841539,82.1
2890000,-1156993.18935477,301.20598451151176,901.1742457047042,82.1
2895000,-1157560.0079671955,300.95043055385514,901.4625659812581,82.1
2900000,-1156796.4993360396,300.37665767589596,900.778102352022,82.1
2905000,-1157381.0230945535,300.45341358848924,901.7873750992688,82.1
2910000,-1156475.3761404809,301.7595080214568,902.0502870758835,82.1
2915000,-1155528.0527035622,300.70185069877743,902.1985817060221,82.1
2920000,-1156053.7906000623,301.2704031958588,901.9424820709802,82.1
2925000,-1157263.4801944187,299.12521410524243,899.6046234047917,82.1
2930000,-1156867.7096397318,299.3329893425999,899.4355548885643,82.1
2935000,-1155677.2305167867,297.8413062910054,902.1470321699766,82.1
2940000,-1158148.2166479938,298.5376357669152,900.6626584673177,82.1
2945000,-1156960.522213663,300.1285468394127,902.5980098039918,82.1
2950000,-1155572.3360345066,299.8914681359563,901.0029347604967,82.1
2955000,-1156795.313049986,300.025648238205,900.1453824604146,82.1
2960000,-1155148.3235545456,299.0803310649614,902.2231228509842,82.1
2965000,-1156458.8852415439,298.9922167455364,903.2027488859306,82.1
2970000,-1155852.3601979762,301.23881581312577,900.4726478316223,82.1
2975000,-1157101.3318652017,300.38948431484954,904.1404042822145,82.1
2980000,-1154127.3920340985,300.1134566759379,905.0058740759938,82.1
2985000,-1157464.1450049048,298.11423432877086,901.5430913828594,82.1
2990000,-1156069.2079137377,300.7821752311114,901.5371480651729,82.1
2995000,-1156717.7512031281,301.08481457723184,902.8500442687204,82.1
3000000,-1155588.4199004546,300.5607168860626,902.0590005138664,82.1
3005000,-1157848.9679084243,300.1395381882139,901.8074596172867,82.1
3010000,-1156592.345169413,301.0511675911057,900.4391128090014,82.1
3015000,-1157272.2422471438,300.2224729109868,904.8283016604084,82.1
3020000,-1156586.3541966192,301.66199293802924,902.2638620157124,82.1
3025000,-1157485.4616814544,300.08637595013454,902.029737857886,82.1
3030000,-1156317.7143960884,301.412434261537,902.9747767965777,82.1
3035000,-1156484.2462456692,300.4201132682808,905.3760651991527,82.1
3040000,-1155863.5574066555,300.7253424127273,901.4486544069753,82.1
3045000,-1155177.4926121756,299.6948881685281,902.8377743778925,82.1
3050000,-1155429.705803493,299.7520676528298,902.7082710250934,82.1
3055000,-1157453.8137442926,300.69636522043317,902.989862756484,82.1
3060000,-1156881.7485677348,299.5383787027593,903.6652206970851,82.1
3065000,-1158456.3959883414,300.3108931121038,901.5441196634229,82.1
3070000,-1157498.223793202,300.3345479629562,901.712419064043,82.1
3075000,-1155641.6675360594,299.6371784892935,901.7944506573969,82.1
3080000,-1158415.5637570163,300.8812197229992,898.5105547616303,82.1
3085000,-1158314.1671325807,300.0948998532865,899.4460236234441,82.1
3090000,-1156951.3376148585,300.95609956121456,902.9378742578308,82.1
3095000,-1155970.625164125,301.5588496314679,902.8755670021545,82.1
3100000,-1156390.9135109764,297.25387069746773,900.3285285584356,82.1
3105000,-1156202.4968966264,299.85439527487904,900.8019569514768,82.1
3110000,-1157134.209150807,298.54856593937797,899.6358908485132,82.1
3115000,-1156086.0636645658,300.6300704617082,904.3094244251337,82.1
3120000,-1155751.9021862363,300.71143499179516,902.8225259228989,82.1
3125000,-1155271.3747391803,299.17183047511185,903.2716409411454,82.1
3130000,-1157530.4482996175,300.2332807307728,900.1702306812173,82.1
3135000,-1158052.4084718768,301.1045949266515,900.9403471788825,82.1
3140000,-1155075.2487898227,299.9203637597992,903.5635547947066,82.1
3145000,-1155381.2468303274,301.4155134705703,901.5277593815044,82.1
3150000,-1156635.7708582003,299.99656908534683,902.2687721476079,82.1
3155000,-1155787.6007664287,301.18812102069563,902.2673249555496,82.1
3160000,-1156886.8375178147,300.6716703718279,903.5170512426157,82.1
3165000,-1156783.330682139,300.1691067517794,902.2191026819764,82.1
3170000,-1158207.0033332063,299.44887771966364,900.4716839704604,82.1
3175000,-1157175.1088413754,300.4358559793652,902.170090212679,82.1
3180000,-1156250.8483656356,300.5447498617373,903.3937313229394,82.1
3185000,-1154445.165213598,299.1852077011111,902.5899871932892,82.1
3190000,-1155286.8620730983,300.7196530132551,903.1891304418701,82.1
3195000,-1157617.3458915874,300.97424854160994,902.9348541451901,82.1
3200000,-1155744.3621642152,301.723740255599,901.3445698784259,82.1
3205000,-1155989.7661901638,299.7398527772604,900.7485594625907,82.1
3210000,-1156962.3921809401,299.62371969484303,902.5987693763348,82.1
3215000,-1155361.9570828117,302.21525135050786,902.0357304155166,82.1
3220000,-1155733.9044841975,299.1154870674351,900.0835804406066,82.1
3225000,-1154525.1418947,300.9860351828105,902.7656883562114,82.1
3230000,-1155566.0907260086,301.3110650687895,902.8795880056028,82.1
3235000,-1155634.7036323529,299.647517290485,900.745632444354,82.1
3240000,-1157659.7777506495,300.075935188379,900.3371836564855,82.1
3245000,-1156751.8109068125,299.2848843484959,900.180300605763,82.1
3250000,-1156396.1977909598,299.509319942014,901.2993490235355,82.1
3255000,-1155927.4427576484,300.75909135941754,902.3453614698387,82.1
3260000,-1156574.3449032325,300.0976323964022,900.7889857830484,82.1
3265000,-1156814.077140944,300.2984947075192,902.8639421563217,82.1
3270000,-1155789.4734092783,300.52511225710725,900.6070518881457,82.1
3275000,-1157318.1483457247,302.0973645463894,903.2751580275093,82.1
3280000,-1156706.4195399266,299.7205414464352,903.790656509181,82.1
3285000,-1157111.2134259911,301.15200658892024,900.6631426703256,82.1
3290000,-1156509.6324231327,299.1300674280898,901.8733110641086,82.1
3295000,-1158295.6958859693,299.8730132738689,900.2339276063151,82.1
3300000,-1156970.7268015202,301.29893176167127,901.4807839689264,82.1
3305000,-1155930.0723892553,298.5347808711226,902.5515286035428,82.1
3310000,-1155742.8467410374,301.3137772197924,902.4782990299219,82.1
3315000,-1154451.894503571,300.58378036564363,901.3408784127679,82.1
3320000,-1154660.5471252752,299.01154846847436,904.4344489356814,82.1
3325000,-1157592.1034880877,298.72724163176446,900.7524650001013,82.1
3330000,-1156157.7629783638,298.5851086055223,903.6299486687125,82.1
3335000,-1155863.4413875425,299.7083265708658,903.527336076188,82.1
3340000,-1158067.735285257,300.86127623667716,901.2654903185697,82.1
3345000,-1156574.3222846007,300.01259728601053,899.9517127383311,82.1
3350000,-1156371.471829189,301.1959108077867,900.3972069048897,82.1
3355000,-1158374.3693606975,301.35676379358273,900.0935423420018,82.1
3360000,-1156794.2764021745,300.6855981848728,901.3445434703792,82.1
3365000,-1154657.3405644726,300.57574587319897,900.452712983854,82.1
3370000,-1156340.5027901102,299.9303762871858,903.8945204150751,82.1
3375000,-1155780.86887814,301.5971256272005,903.7811806735466,82.1
3380000,-1157973.530481048,301.0703361771412,901.23400196033,82.1
3385000,-1157759.060046791,302.5825744784418,903.2229686483472,82.1
3390000,-1155642.1214337451,298.4500720345358,901.2749813131236,82.1
3395000,-1158059.7113363221,301.06962245319306,900.4234243980214,82.1
3400000,-1155153.5953926072,300.71035420981656,902.8222541016361,82.1
3405000,-1157334.4857699703,301.05096366997765,901.099095736443,82.1
3410000,-1156457.4561057957,302.9920481035412,903.3213408732754,82.1
3415000,-1158657.8511732062,301.88814146902286,900.3431693344639,82.1
3420000,-1155357.2889438923,299.9334962804448,901.8562008798476,82.1
3425000,-1157931.2042982401,300.278143378941,901.4724100189184,82.1
3430000,-1157109.8203192968,300.4347548052738,901.5049316129612,82.1
3435000,-1156580.0556771858,299.9466084089776,902.1374668051191,82.1
3440000,-1154520.4016538216,300.03254077233265,902.0776505468274,82.1
3445000,-1155974.3384964298,300.0163494347665,899.8953621300735,82.1
3450000,-1157015.1758171776,300.8865216723282,903.0012567444618,82.1
3455000,-1156957.575892548,299.847441564413,901.5605564024241,82.1
3460000,-1155412.5119518908,299.06210051611487,901.635481281247,82.1
3465000,-1157678.4092814066,299.34383794661153,900.7840059099901,82.1
3470000,-1158014.9270811286,301.9007641868484,901.6512050070972,82.1
3475000,-1158877.6916707642,299.7616723379604,899.3082998027279,82.1
3480000,-1157705.8693432705,298.29460256652004,903.3374094396928,82.1
3485000,-1155253.226919449,298.98911714439026,901.9903473169566,82.1
3490000,-1158808.6519312747,300.98990968424323,901.1011304289234,82.1
3495000,-1154705.9473830871,300.99101085833456,902.0542687779301,82.1
3500000,-1156039.6015557898,301.3785425700571,901.3473423780334,82.1
3505000,-1154010.122050834,301.78338718555,904.8246107126778,82.1
3510000,-1156633.7487710323,301.1033306156577,902.6251310158608,82.1
3515000,-1156695.8596599242,299.3836433508044,901.1850605927764,82.1
3520000,-1157430.8797825854,301.085936143436,902.4662408576796,82.1
3525000,-1157389.188220772,299.36796181605837,900.8524724501572,82.1
3530000,-1156743.4084238904,302.302101358939,898.5805306127496,82.1
3535000,-1155649.7269799383,300.54258829778007,904.4249523672527,82.1
3540000,-1155641.2530125333,299.91909944880535,900.8756196507609,82.1
3545000,-1156650.585079223,299.4222864045675,901.4697754348338,82.1
3550000,-1157947.637309745,300.0793202791044,900.9024134383474,82.1
3555000,-1157898.8928478416,300.76898153412736,899.5006004470407,82.1
3560000,-1156954.423701927,299.7324504403126,902.1985960894086,82.1
3565000,-1157189.4870810714,302.1219370423179,901.658641451916,82.1
3570000,-1156283.9621135062,299.5600759107825,901.7488954992564,82.1
3575000,-1157524.6875939528,299.7210920334809,900.7051837633286,82.1
3580000,-1155864.6238477603,299.96840757756485,900.9367428138036,82.1
3585000,-1158937.2473990778,299.69768188798224,902.103850002299,82.1
3590000,-1157382.1424977966,301.9557209308545,901.2935615912122,82.1
3595000,-1155768.5160950115,300.718001252118,901.9314577750907,82.1
3600000,-1156494.1611290742,300.1078284528041,902.2729494639026,82.1
3605000,-1156036.0625046706,299.0895482999487,901.9686166891271,82.1
3610000,-1156753.397290931,301.13742622826555,902.9117514916703,82.1
3615000,-1157398.7257462824,301.2236440811998,903.085185186689,82.1
3620000,-1154832.9333540825,299.82378671356065,902.9334438190253,82.1
3625000,-1156641.195854852,301.5465531874472,902.7994166699373,82.1
3630000,-1157851.9285538932,299.9770742255064,902.2879957134355,82.1
3635000,-1155995.880128921,298.69781581298867,902.3011910238182,82.1
3640000,-1156601.7176038204,301.42040757764323,902.4612415836434,82.1
3645000,-1157641.730456626,300.04379721860033,899.7715261775558,82.1
3650000,-1156819.739607701,300.10403551982256,903.048270956937,82.1
3655000,-1156801.617374151,300.4040646755042,900.7415706891924,82.1
3660000,-1155927.3058217438,300.2148462607982,901.7936260792077,82.1
3665000,-1157967.4343680376,297.84426314736197,900.6727928982591,82.1
3670000,-1156145.525446808,300.43189990948133,903.0145307679064,82.1
3675000,-1158104.1888727173,300.24327286604665,898.9904459936591,82.1
3680000,-1157557.5288180588,299.7345304358186,903.824366040567,82.1
3685000,-1157841.191643727,298.5105550411118,900.9541558407562,82.1
3690000,-1154604.1115141371,299.4822800004362,902.1372934993535,82.1
3695000,-1156514.7753189374,299.82715141217324,903.4425763062824,82.1
3700000,-1155528.235081667,301.14692895283207,902.9067518867372,82.1
3705000,-1155177.1476087058,300.9316698100757,902.0287972999498,82.1
3710000,-1156506.2394516263,300.52884401375036,902.8299935254671,82.1
3715000,-1155272.069195589,298.1855863314712,902.338663120556,82.1
3720000,-1157732.7770769838,298.71282440801224,902.8201830248611,82.1
3725000,-1158292.6830900516,299.8432203970626,900.6882483851649,82.1
3730000,-1155390.2280479576,300.958546614751,903.4119228587143,82.1
3735000,-1154849.888973482,298.28691473999305,904.1394460997318,82.1
3740000,-1156124.776685847,299.57999900499175,901.3227482374792,82.1
3745000,-1156409.434588653,300.4942182062096,900.7173773457431,82.1
3750000,-1155926.261779813,300.0332544962808,903.4836090246122,82.1
3755000,-1155356.227945799,298.3151986004519,901.9254333136558,82.1
3760000,-1157623.086889078,298.9938073303351,901.688323202989,82.1
3765000,-1156420.6213280112,300.5248063754152,902.8112597481651,82.1
3770000,-1155842.604795334,299.54939044367336,903.2935500190433,82.1
3775000,-1155294.473947796,300.36582946399716,901.3577297369292,82.1
3780000,-1156440.5005319538,300.41481131895176,902.0026851410009,82.1
3785000,-1157580.605595775,300.0984684730272,901.8432151115229,82.1
3790000,-1157923.7965237666,300.1580542266397,899.6673041801401,82.1
3795000,-1153910.6299534636,299.59561936339946,902.5658321105724,82.1
3800000,-1156808.3072705064,299.3144733041741,903.3420690633712,82.1
3805000,-1154489.8627087334,299.79790912241265,902.0240481854188,82.1
3810000,-1157026.9949584017,299.7528629452292,902.1106960419312,82.1
3815000,-1154623.0758028356,301.88126932700806,902.1556351733112,82.1
3820000,-1157327.5515452353,299.3871915784323,900.8330861658957,82.1
3825000,-1153845.580572893,301.59889974101446,904.1429662950208,82.1
3830000,-1155769.7083777832,300.8324417891726,902.4909247535292,82.1
3835000,-1156635.587715786,300.3600381039609,903.0051241452364,82.1
3840000,-1157512.8368772548,300.16390676301444,901.9072514828108,82.1
3845000,-1156446.681052697,300.4021070326751,903.4615559119719,82.1
3850000,-1155236.1542220078,301.06413697484885,903.2270370173228,82.1
3855000,-1155616.1632467257,301.59845111453274,900.8127702426252,82.1
3860000,-1156428.5008955775,299.8537427272693,900.6387273676048,82.1
3865000,-1157939.2873841338,300.96790659452796,901.360528504828,82.1
3870000,-1156341.6969901705,299.4851756804543,902.8776981110323,82.1
3875000,-1158337.2889712593,301.26279693778304,900.995325959437,82.1
3880000,-1156967.6129214661,298.45994181713286,902.1347254988842,82.1
3885000,-1157292.962078399,300.6531951176276,901.480648188114,82.1
3890000,-1156857.7293126415,300.4845727368534,899.5040345275927,82.1
3895000,-1157079.6185928062,299.71711557148416,902.1279809521457,82.1
3900000,-1155984.8699254952,299.93792136892324,901.9982311948078,82.1
3905000,-1157074.3490493633,299.94359037628266,902.0614371235688,82.1
3910000,-1154569.092892792,300.1434534738722,902.8013974597811,82.1
3915000,-1155439.1151949968,298.5980983813783,903.618031756607,82.1
3920000,-1157348.1030806499,299.4493263461453,902.1845060225857,82.1
3925000,-1157238.0513721192,300.29086805733056,900.8994767466901,82.1
3930000,-1156438.8791505303,299.27134398559417,901.2244451761865,82.1
3935000,-1154972.4182453398,299.5548759220175,903.919142862728,82.1
3940000,-1154736.86518671,299.7278214307061,905.6226338017857,82.1
3945000,-1156231.3237808663,299.8105318402382,902.57902575756,82.1
3950000,-1155131.5150708351,299.21555116496313,903.8601440494982,82.1
3955000,-1158756.7527323822,299.7004756074363,903.196209269927,82.1
3960000,-1157293.3167203823,300.30114568218363,903.125149336532,82.1
3965000,-1156807.9131394988,300.58047684336947,902.7884314801943,82.1
3970000,-1155718.179831814,301.27996709676376,903.1045168633559,82.1
3975000,-1156452.3876853408,299.4080119256049,903.8717381726102,82.1
3980000,-1157341.833306986,301.00699827477274,901.0861866457872,82.1
3985000,-1156086.7851885306,299.6293479179769,905.0019340546174,82.1
3990000,-1156926.0669937693,299.1447089650829,901.9708837905068,82.1
3995000,-1157935.576464112,300.79604186781796,899.3718016362914,82.1
4000000,-1157603.2702704528,300.2682328121184,903.8327536094138,82.1
4005000,-1156887.8970344942,302.3596479012712,902.8421794835508,82.1
4010000,-1155715.5853163442,301.5151493337295,899.4436496183553,82.1
4015000,-1156396.4895034218,299.0929741748998,901.2525115819782,82.1
4020000,-1157472.473511912,299.78708091051385,901.3231083376766,82.1
4025000,-1156873.9263973795,301.29895215378406,902.312476865339,82.1
4030000,-1154586.0946674244,299.2286429013831,903.5602789123828,82.1
4035000,-1156360.9704412073,300.50643308177905,900.6855702645033,82.1
4040000,-1156277.7263947874,300.7508733379576,901.8308996898213,82.1
4045000,-1153545.168424964,300.27679749949596,903.3134555471469,82.1
4050000,-1155528.0165459542,299.1535591420397,901.7971892671349,82.1
4055000,-1155751.2570701623,301.2283342671447,901.6962272141801,82.1
4060000,-1154970.360389918,300.17414360364194,901.1961174378234,82.1
4065000,-1155586.4126381632,299.9777063810034,902.1554998001395,82.1
4070000,-1156746.3236182043,299.8173631980274,904.0215793981934,82.1
4075000,-1155047.4738311097,301.1642214644897,903.1285607660589,82.1
4080000,-1155791.7590427715,300.69434640126565,902.8913340994933,82.1
4085000,-1156845.0759450858,301.5109689506047,900.37335661873,82.1
4090000,-1156748.4436808135,301.98127224819757,901.0190568616639,82.1
4095000,-1155299.8853637408,301.53291086398156,902.3628576327757,82.1
4100000,-1157381.4700340582,301.11428118023326,902.6907908404447,82.1
4105000,-1155271.7454923773,300.95662975614744,901.0547405813992,82.1
4110000,-1155645.6246653367,300.773794072749,900.6236504837316,82.1
4115000,-1156410.627334401,300.97416697315873,902.3399101815985,82.1
4120000,-1157231.6107890718,299.4476541928954,901.7935839210222,82.1
4125000,-1154434.3335193126,301.2089209757555,904.4413649144697,82.1
4130000,-1156904.5174664604,299.6577337389997,901.9018177376016,82.1
4135000,-1155003.756259365,302.2387022802322,905.1616395142298,82.1
4140000,-1155693.179632457,300.64503827250616,902.5748412731965,82.1
4145000,-1156612.6082966188,301.58521663332317,903.889193463949,82.1
4150000,-1156399.0177183794,301.9809051901671,903.8349133583565,82.1
4155000,-1158173.5016636709,300.09343162116465,901.8641726358519,82.1
4160000,-1158011.4686464677,300.85262998084835,900.3994449846109,82.1
4165000,-1155525.7008656552,298.8075865562113,901.999573199985,82.1
4170000,-1155717.0912445001,300.3172962355242,901.8353718339813,82.1
4175000,-1156001.447639387,300.48194215430175,901.8081592993285,82.1
4180000,-1155423.851709839,298.86160526302837,902.2453855789887,82.1
4185000,-1157064.3414113587,300.61571441429436,902.3441504039575,82.1
4190000,-1156851.3860050393,300.46424180038804,901.9763785838294,82.1
4195000,-1156959.8795966683,299.4734094313666,900.127771004196,82.1
4200000,-1157451.5450892895,301.18491945898546,898.727811479321,82.1
4205000,-1155312.8104747236,301.0475377950266,902.1550014302111,82.1
4210000,-1155878.0676531605,300.4752535413021,902.4991917011805,82.1
4215000,-1156058.5025273953,300.72485300202,904.6075808327761,82.1
4220000,-1156360.5679581622,299.4095209419524,902.5297969686428,82.1
4225000,-1155788.399675115,299.2832733715844,902.1462638429097,82.1
4230000,-1156979.5935730664,298.1474530805281,902.3703402325973,82.1
4235000,-1156367.1514136,300.8213076955818,903.1583923422234,82.1
4240000,-1157367.6035399567,299.97931735791485,901.9583109795992,82.1
4245000,-1156470.938395382,300.195331008845,901.844865057132,82.1
4250000,-1155721.1503882688,300.491159389289,902.1267208285703,82.1
4255000,-1157791.1957190093,299.371428475235,900.2075621727755,82.1
4260000,-1157085.1979361102,301.65822039716056,902.1348646393708,82.1
4265000,-1157405.7073082458,298.9551846686848,900.6100582223319,82.1
4270000,-1155847.2088378463,299.8716062180854,901.4170378436291,82.1
4275000,-1156249.3662660904,300.27451358286197,901.6803682179199,82.1
4280000,-1157499.4478034982,299.56415433334325,902.6911983219478,82.1
4285000,-1157053.7648179922,300.5568219925171,902.4057922504458,82.1
4290000,-1157091.2535488028,299.8578619340557,904.358184816012,82.1
4295000,-1155015.0837995345,301.53652026794776,902.90954136145,82.1
4300000,-1158261.214474924,300.75115882753687,900.091578719759,82.1
4305000,-1156166.451196215,301.3427136278609,903.2783879185797,82.1
4310000,-1157456.3346386114,299.1487058191924,900.3239480444932,82.1
4315000,-1156671.0085844481,298.9696630687755,900.8718453772906,82.1
4320000,-1156026.478598713,300.8197171107831,901.3388040407393,82.1
4325000,-1155870.7509286935,300.7460404072231,904.1479290114526,82.1
4330000,-1156608.6267637685,301.07580126337257,901.3905843805178,82.1
4335000,-1156769.6797824,299.95827269750134,901.621383114645,82.1
4340000,-1157446.2599601476,300.5748486202356,903.6510874396505,82.1
4345000,-1154858.575602823,298.6857436822088,901.8489114567406,82.1
4350000,-1158238.5019916706,299.52226893364434,902.1826675739563,82.1
4355000,-1155359.31476006,299.58281311655867,903.9016957239414,82.1
4360000,-1156840.8643303756,300.7458976624335,901.290746283954,82.1
4365000,-1157781.4883616958,299.2427542434433,898.0400882776286,82.1
4370000,-1156615.5786567861,301.12759722989415,903.2608933929998,82.1
4375000,-1154567.224275468,301.31720309474343,901.2783158018982,82.1
4380000,-1158237.0685211113,299.2512373623697,901.1142653153327,82.1
4385000,-1158260.052531953,300.79577677035144,898.7185147240505,82.1
4390000,-1157669.1330335345,300.02509765115923,900.9042311014666,82.1
4395000,-1158264.0674957,301.4869674338347,900.9798745638822,82.1
4400000,-1156147.3928350564,299.21234960325296,902.4012119707893,82.1
4405000,-1157271.2252619322,300.8991443901537,901.3816380307761,82.1
4410000,-1158475.0263138646,300.86184721583567,899.8947284760297,82.1
4415000,-1156616.883726471,300.9912963479138,902.9745711184058,82.1
4420000,-1156548.53351726,300.98207911292656,900.4061292204142,82.1
4425000,-1157073.5317991376,299.61813225593477,901.6019018252676,82.1
4430000,-1157148.549579747,298.8632978083911,901.9246454910736,82.1
4435000,-1157732.594758045,299.2152656753839,900.8571275159668,82.1
4440000,-1155779.0743769417,300.3573055608452,903.1363877104471,82.1
4445000,-1155798.2606871407,300.43532578443234,901.071844355997,82.1
4450000,-1156991.7619083067,299.8229506369357,900.9588623634478,82.1
4455000,-1157626.2799253846,300.3437855900563,901.9652846358533,82.1
4460000,-1157517.3490310516,298.5932654506438,902.78100692575,82.1
4465000,-1155850.750574896,300.76969525807544,902.5570607512245,82.1
4470000,-1155703.3862777427,300.53284086785993,903.6337513760516,82.1
4475000,-1156230.826342674,300.5991152344721,902.0183425072803,82.1
4480000,-1155138.3579536472,299.32913523328006,904.4394379519138,82.1
4485000,-1157099.4756106157,300.2644194870241,903.3857142086987,82.1
4490000,-1153955.3830276793,300.0386584061738,904.9242690623083,82.1
4495000,-1154968.236232847,300.4905680180177,903.3669816124809,82.1
4500000,-1155248.527592998,301.1760488899158,902.3031053547534,82.1
4505000,-1157120.6496527456,299.4963913424964,902.9344040622482,82.1
4510000,-1156228.7450216478,300.05060818427677,901.1917296518482,82.1
4515000,-1155444.0647702096,300.097652788515,901.7187208123793,82.1
4520000,-1156839.1752599664,300.0000969208619,900.3719342131193,82.1
4525000,-1154885.2682808675,300.93843999152654,902.9023277980161,82.1
4530000,-1156088.3098319415,299.5060572039653,901.6388597299967,82.1
4535000,-1157262.0354147647,302.00250043762634,902.7339942321063,82.1
4540000,-1156346.9231068557,301.80224988989346,902.3872165610544,82.1
4545000,-1154834.4134018049,301.5463084820936,902.9382273982372,82.1
4550000,-1156790.1588254375,299.1588610913687,902.1071920010006,82.1
4555000,-1155807.1366589228,301.54324966517305,902.7246066356722,82.1
4560000,-1155446.7322330447,299.3510771466568,905.2921880863798,82.1
4565000,-1156734.5848690262,300.0510160265328,901.7056905106659,82.1
4570000,-1157029.541998946,299.85886114758307,900.2834257392335,82.1
4575000,-1156119.6659490187,301.2930996174094,901.8182306947517,82.1
4580000,-1157409.5270942906,301.0566122852243,901.1416523484788,82.1
4585000,-1157613.5435255636,299.92028219134795,903.3169833058005,82.1
4590000,-1154716.9802053273,299.15147914653375,903.1335001258104,82.1
4595000,-1157846.735079798,301.6970265878261,902.0544746636879,82.1
4600000,-1157371.042105753,302.56454785072333,900.1080692353377,82.1
4605000,-1155905.910550342,301.4123526930857,902.790591840236,82.1
4610000,-1156867.2334595183,297.8874944265059,902.3044593743007,82.1
4615000,-1156775.116958932,299.00965200198357,901.2392106668167,82.1
4620000,-1156490.6777396426,299.25808911227176,899.5193770422924,82.1
4625000,-1156007.3559583249,299.7142198914661,902.909734486085,82.1
4630000,-1156150.5833024103,300.0035024037001,902.0708773065926,82.1
4635000,-1157543.8774925433,300.9579756355925,900.4401251003308,82.1
4640000,-1157357.9953885516,301.28657414131214,901.4944525949164,82.1
4645000,-1157446.8713703752,299.06791226826397,900.1184518609574,82.1
4650000,-1157094.1376242507,299.0217445248762,902.5458104321424,82.1
4655000,-1156856.8103484055,301.29175373796437,901.693497594158,82.1
4660000,-1155253.3168497328,300.4164630800889,903.8209750944717,82.1
4665000,-1156057.1399299782,301.05595973761456,903.7112057596277,82.1
4670000,-1155918.5813889867,298.18089614552633,900.0154088611931,82.1
4675000,-1156829.6476495406,301.06342325090077,901.335701626541,82.1
4680000,-1156589.6313079856,300.2980460810375,900.4207766890482,82.1
4685000,-1157495.5263824658,300.1050959096884,900.2200828972146,82.1
4690000,-1155057.7842654148,301.1795155490925,906.6141257872808,82.1
4695000,-1156098.301523297,302.6329022128415,900.3201220393971,82.1
4700000,-1157231.4810498366,300.34678323063844,902.6602347259144,82.1
4705000,-1157773.6962314248,300.1290770343456,900.8941413902393,82.1
4710000,-1157202.5717118708,298.97500580233003,904.1975534668634,82.1
4715000,-1155778.149482849,299.15892226770706,900.6586633115122,82.1
4720000,-1156105.1104922732,300.1812400588976,903.8847224399033,82.1
4725000,-1155928.322876459,299.6291847810744,901.8934678683945,82.1
4730000,-1156036.442785699,301.56635392897965,902.1998416384517,82.1
4735000,-1156839.130055843,300.09852964936556,902.2794033070123,82.1
4740000,-1156022.002606798,300.352962040818,903.0646018911066,82.1
4745000,-1158204.1618644716,302.7457317729847,901.3700138850892,82.1
4750000,-1156220.28801475,300.15326208013084,901.9157922418981,82.1
4755000,-1156324.3011679826,299.5609527716331,900.224572176078,82.1
4760000,-1156759.585606113,300.2113388173959,899.9784338820338,82.1
4765000,-1155443.4929039367,301.73909551654026,900.1090047887008,82.1
4770000,-1156350.3867835505,299.7819624902001,901.3849603421178,82.1
4775000,-1157502.2672316423,298.5493612317773,901.7706037363881,82.1
4780000,-1155235.7730946364,302.26019556712737,905.215413888636,82.1
4785000,-1155426.2528790422,300.73965767591557,900.6431253319195,82.1
4790000,-1157720.2800385114,301.14727561874975,902.1142410586082,82.1
4795000,-1157238.397929796,301.32018034321277,902.4994564612476,82.1
4800000,-1156942.040386497,297.83049847121947,900.6592084632875,82.1
4805000,-1156033.9134139596,299.26294243511904,899.2879527086822,82.1
4810000,-1157537.7116294727,300.5147326716901,901.7819227292658,82.1
4815000,-1154134.689750257,299.2004202172627,902.5986645854294,82.1
4820000,-1154738.805492933,301.0531864102732,901.5465705174571,82.1
4825000,-1157096.2077989494,299.98853459290217,901.2772682758546,82.1
4830000,-1156663.3583212951,298.54354947962827,902.1142172703335,82.1
4835000,-1156648.4740304947,300.9217388511403,901.0849966620913,82.1
4840000,-1158033.0725825913,300.5737066619186,902.6694140812615,82.1
4845000,-1156801.689589575,300.17018753375794,904.742685595537,82.1
4850000,-1155617.3369797096,300.92139218522254,902.2317016138904,82.1
4855000,-1157296.2739757039,300.433592454844,902.31425617453,82.1
4860000,-1155802.2998978142,299.5009183915388,899.819700811545,82.1
4865000,-1158439.3031777674,299.67278311824884,902.047153538856,82.1
4870000,-1155835.5796078248,301.6740242845834,899.6149018321053,82.1
4875000,-1157373.976405059,300.902957715248,901.1974692849532,82.1
4880000,-1154659.494606264,299.14682974481445,902.6304763992481,82.1
4885000,-1157103.3123845318,299.16175677138676,901.9921848153793,82.1
4890000,-1155836.0719501078,299.89766733824865,903.1273103439801,82.1
4895000,-1157084.6630805396,298.2753931962589,903.3355216935621,82.1
4900000,-1156430.8677736707,300.23817483784563,901.910836710665,82.1
4905000,-1155880.0750967069,299.58244605852826,904.3716105814103,82.1
4910000,-1154901.669083139,300.9891347839567,904.1987799293826,82.1
4915000,-1156498.919345335,300.41305759725066,902.0520180131282,82.1
4920000,-1155836.9145733407,299.94126567542304,901.611319794334,82.1
4925000,-1154309.5189037528,299.69395013133914,903.9961532126805,82.1
4930000,-1154860.7953020642,301.11825764223,902.7325015283417,82.1
4935000,-1156448.9407212948,299.0905067292505,902.4735491069772,82.1
4940000,-1157705.9814983075,299.15213169414346,902.0821023713016,82.1
4945000,-1157603.4024692457,300.5491545581029,900.299684611838,82.1
4950000,-1154773.5694369944,301.66896704060815,904.2937553055024,82.1
4955000,-1154826.0206269566,300.1388652484914,903.6193372822715,82.1
4960000,-1153269.5288972287,301.02565705798816,902.038448140359,82.1
4965000,-1155495.1683426294,299.2540922581622,905.098502883379,82.1
4970000,-1156578.295635296,301.4336012746273,899.2406392598087,82.1
4975000,-1155579.017932983,300.1729608610993,900.0266900372591,82.1
4980000,-1154393.022416073,299.28015337832534,906.7854848218373,82.1
4985000,-1156311.191464249,301.1414638666007,904.1102011046073,82.1
4990000,-1156275.9332823325,298.8929071561821,902.2407420157916,82.1
4995000,-1156639.881084024,299.9783589286131,903.2571020807038,82.1
5000000,-1156511.0867643058,299.52995676017133,899.161337479666,82.1
5005000,-1158149.3393726945,299.7295547602945,899.2422796525486,82.1
5010000,-1156442.660292631,299.5486359354996,901.8855928336444,82.1
5015000,-1158513.704122385,299.77498838762125,901.231972853352,82.1
5020000,-1154724.729520713,300.42737286043894,902.8839939141683,82.1
5025000,-1155181.3577641938,299.2536436316805,902.7849965104058,82.1
5030000,-1157972.7066702992,301.15594226669134,901.6902860113506,82.1
5035000,-1156059.5708978074,299.8884704953741,901.4078135369701,82.1
5040000,-1157570.0642330972,300.89679929718125,902.1226310745818,82.1
5045000,-1156016.0079147778,300.16941263347144,900.6852219998659,82.1
5050000,-1155679.9583208775,299.4272620800917,902.2988242539338,82.1
Done.
