AutoDock Vina v1.2.7
#################################################################
# If you used AutoDock Vina in your work, please cite:          #
#                                                               #
# J. Eberhardt, D. Santos-Martins, A. F. Tillack, and S. Forli  #
# AutoDock Vina 1.2.0: New Docking Methods, Expanded Force      #
# Field, and Python Bindings, J. Chem. Inf. Model. (2021)       #
# DOI 10.1021/acs.jcim.1c00203                                  #
#                                                               #
# O. Trott, A. J. Olson,                                        #
# AutoDock Vina: improving the speed and accuracy of docking    #
# with a new scoring function, efficient optimization and       #
# multithreading, J. Comp. Chem. (2010)                         #
# DOI 10.1002/jcc.21334                                         #
#                                                               #
# Please see https://github.com/ccsb-scripps/AutoDock-Vina for  #
# more information.                                             #
#################################################################

Scoring function : vinardo
Rigid receptor: 03_receptors/mao/2V5Zdry/receptor.pdbqt
Ligand: 02_ligands/pdbqt/candidates/cand_035.pdbqt
Grid center: X 51.89 Y 156.45 Z 28.56
Grid size  : X 18 Y 18.9 Z 18
Grid space : 0.375
Exhaustiveness: 32
CPU: 0
Verbosity: 1

Computing Vinardo grid ... done.
Performing docking (random seed: 22) ... 
0%   10   20   30   40   50   60   70   80   90   100%
|----|----|----|----|----|----|----|----|----|----|
***************************************************

mode |   affinity | dist from best mode
     | (kcal/mol) | rmsd l.b.| rmsd u.b.
-----+------------+----------+----------
   1       -8.118          0          0
   2       -7.592      3.166      7.511
   3       -7.563      3.212      7.334
   4       -7.248      3.205      7.579
   5       -5.851      1.191      2.416
   6       -5.585      1.167       2.09
   7        -5.21      1.321      2.496
   8       -4.454      1.525      3.065
   9       -4.191      3.243      7.548
