#"Step","Time (ps)","Potential Energy (kJ/mole)","Temperature (K)","Box Volume (nm^3)","Speed (ns/day)"
55000,109.99999999992504,-621820.0840916494,302.05146244735766,480.8385712704084,0
60000,119.99999999990173,-621976.0061289379,302.01778041148606,479.33369867044985,126
65000,129.99999999989262,-622882.1837679162,300.35161568398223,479.3644823489218,129
70000,139.99999999994037,-622901.0945931925,303.25530453873847,478.7660919180511,129
75000,149.99999999998812,-621451.1101692519,298.2902255282036,479.46420382585717,130
80000,160.00000000003587,-622164.4199697431,301.56813381036847,479.9106715576234,130
85000,170.00000000008362,-621719.7944955905,300.11612735848274,479.6664376465795,130
90000,180.00000000013137,-621355.2009301214,299.5433230698913,482.0791038427567,130
95000,190.0000000001791,-622016.1181956343,300.4658715543921,478.85989176864456,130
100000,200.00000000022686,-621326.4187885332,298.1805635291265,479.32556645294665,130
105000,210.0000000002746,-621442.535695998,298.3841234957777,479.9457669167641,130
110000,220.00000000032236,-621848.6818954321,298.5378180375053,481.88307571726585,130
115000,230.0000000003701,-621469.1328376122,301.2545306105047,480.78852996813487,130
120000,240.00000000041786,-621585.9659631047,300.18879058470935,478.10687794930334,130
125000,250.0000000004656,-622438.8325615823,301.6303130978688,480.5238947378842,130
130000,260.00000000051335,-621870.784694918,298.11933732696497,479.85713987813443,130
135000,270.0000000005611,-623817.4418957257,301.36891991286194,478.8154901929416,130
140000,280.00000000060885,-622320.2287024562,300.4624404471726,480.5826152587059,130
145000,290.0000000006566,-621021.4882707116,298.66385404270216,478.94528973592236,130
150000,300.00000000070435,-621566.1242475864,298.88424549643577,479.94019204551387,130
155000,310.0000000007521,-622911.8241700511,299.9190864955486,481.0105336452101,130
160000,320.00000000079984,-622087.9809630583,301.4798399845862,478.2082626641614,130
165000,330.0000000008476,-621736.7336881314,301.07817169942155,480.4293086870586,130
170000,340.00000000089534,-622225.8058901704,300.3975162738966,479.0978878398513,129
175000,350.0000000009431,-621365.8130873446,301.3439109535731,482.0109307636121,130
180000,360.00000000099084,-621804.1023335648,299.4907508826056,481.72698920513807,130
185000,370.0000000010386,-621487.7868567291,301.90148493845123,479.7896852573239,130
190000,380.00000000108633,-621816.9327337011,302.04008260841294,479.97047885646117,130
195000,390.0000000011341,-621929.6436742544,300.4393757819747,482.0361532644506,130
200000,400.00000000118183,-620451.2519200454,299.444011577593,480.84611545256354,130
205000,410.0000000012296,-621281.3656886327,298.7574279612611,479.025617953192,130
210000,420.00000000127733,-623066.0028759264,301.691234312722,479.25051550741034,130
215000,430.0000000013251,-622603.1274818163,297.66906168952374,480.9432787042535,131
220000,440.0000000013728,-621181.4646188878,302.5319890134509,479.200960964173,131
225000,450.0000000014206,-622909.8438578448,301.13630990508557,479.86829504307264,131
230000,460.0000000014683,-621483.6750652054,300.2709846643236,481.24442404323185,131
235000,470.00000000151607,-622597.1755648185,300.5606082370643,481.4423955920774,131
240000,480.0000000015638,-622579.7411478553,300.41047823450367,480.68167179440223,131
245000,490.00000000161157,-621087.3360832194,300.63269961208766,480.9175728905274,131
250000,500.0000000016593,-622387.2579917419,299.58245675390054,480.62395388376456,131
255000,510.00000000170706,-621947.4051510235,301.0842905072964,478.99942732689544,132
260000,520.0000000015274,-622619.4483687361,300.10053488234075,479.2795230147307,132
265000,530.0000000012909,-622675.8962233285,300.78988244615505,478.3821596599608,132
270000,540.0000000010544,-621090.0974087855,300.23432900219507,479.09120685041546,132
275000,550.000000000818,-622305.8201187318,302.44508669226326,479.35533397533595,132
280000,560.0000000005815,-620888.554207427,299.35280131067424,481.0531672197966,132
285000,570.000000000345,-622161.9045149335,300.4772895167503,479.6775728644938,132
290000,580.0000000001086,-622925.7107486832,300.17239751688277,482.5405368643726,132
295000,589.9999999998721,-622017.275116134,300.7048100488178,478.79580528519443,132
300000,599.9999999996356,-620077.987171812,301.85707116166526,480.6377326473488,132
305000,609.9999999993992,-622363.2850064761,301.18642313219726,478.73812637069364,132
310000,619.9999999991627,-621785.7540168092,300.4525855447698,479.3319967965729,132
315000,629.9999999989262,-622696.4176808079,299.95648556424135,481.18958601560166,133
320000,639.9999999986898,-621516.2193853538,302.0545504438552,479.9892874861851,133
325000,649.9999999984533,-622392.1239374848,300.3129585426423,480.75860611191786,133
330000,659.9999999982168,-621322.4307572339,300.3498810686657,480.44984798807616,133
335000,669.9999999979804,-621241.6827543634,300.54663600599815,481.63256805329445,133
340000,679.9999999977439,-623114.7047606637,297.6257916151443,478.2610481502632,133
345000,689.9999999975074,-621026.2597507061,300.13173889633157,479.6554352449003,133
350000,699.999999997271,-621447.9571153694,298.7930542912237,480.5661552543405,133
355000,709.9999999970345,-620679.8745111525,299.81704917918154,480.89219652767696,133
360000,719.999999996798,-621816.890167844,301.38426458681596,480.07106158911705,133
365000,729.9999999965615,-621955.4905489595,299.805574031703,481.2126800622476,133
370000,739.9999999963251,-621910.2967436486,303.0387635497734,480.16304139717334,133
375000,749.9999999960886,-622272.7672764589,300.8142051840001,479.9170645255818,133
380000,759.9999999958521,-621677.3691134444,300.04230136814283,480.8478507786286,133
385000,769.9999999956157,-621047.5146439341,303.4256208887739,480.46575185066746,133
390000,779.9999999953792,-622117.0416485886,300.2053170844834,479.53127218171954,133
395000,789.9999999951427,-621493.0917080585,299.25236517767627,480.68326603232657,133
400000,799.9999999949063,-622771.676065064,300.20596518251375,480.24609512317704,133
405000,809.9999999946698,-620782.7446865477,300.7459070886249,478.36943972540854,133
410000,819.9999999944333,-622561.0404440672,301.5124355031716,479.93728260615217,134
415000,829.9999999941969,-621442.6903550616,299.7016496063652,480.7727786075839,134
420000,839.9999999939604,-621673.8503381019,300.4118506773915,480.5487187696549,134
425000,849.9999999937239,-623058.5874760495,300.25236137680434,480.52576841831285,134
430000,859.9999999934874,-620741.0541236796,301.24149240307054,482.78841737440973,134
435000,869.999999993251,-621915.2635161853,300.9190255095563,480.489610310292,134
440000,879.9999999930145,-622652.707518382,299.6851040448844,479.5353226976881,135
445000,889.999999992778,-623001.2239982132,302.27444629321263,479.9897598421428,135
450000,899.9999999925416,-623401.3265519999,299.6744104273836,477.779936534711,135
455000,909.9999999923051,-620783.3643946564,300.6510369740053,480.53161099655586,135
460000,919.9999999920686,-621387.2099588639,298.5665821530289,481.6502984941681,135
465000,929.9999999918322,-622350.669654388,298.8033857362958,478.8253571099988,135
470000,939.9999999915957,-622669.3153910269,298.0001254127935,480.5952225736402,135
475000,949.9999999913592,-623087.1791497669,300.57703942830443,479.35078347677654,135
480000,959.9999999911228,-621654.9675011584,297.15898947792914,480.1023313637357,136
485000,969.9999999908863,-621640.7181240674,302.0412263108194,480.99672057008365,136
490000,979.9999999906498,-623357.2229156876,299.2340278157586,479.0101394499226,136
495000,989.9999999904134,-622301.6534060342,304.1884894556198,481.79462483870634,136
500000,999.9999999901769,-622510.5485995845,300.9859892854572,479.23660038685443,136
505000,1009.9999999899404,-621576.9885477573,297.7132657875352,480.2847790811734,136
510000,1019.999999989704,-620898.4035045062,302.83137218006044,480.8656162332151,136
515000,1029.9999999894676,-623442.6189946197,301.20802004597346,479.95048070911145,137
520000,1039.9999999892311,-622831.2021637289,301.16837169588126,478.6846135554886,137
525000,1049.9999999889947,-621318.6992915208,300.8381466877096,479.8902036549312,137
530000,1059.9999999887582,-623286.3694973513,298.19939649542033,480.46815414737364,137
535000,1069.9999999885217,-622190.7774759182,298.30299687174295,481.53025522054213,137
540000,1079.9999999882853,-621381.0772241387,300.4458377005715,481.1128976971315,137
545000,1089.9999999880488,-622962.9889156972,299.89426815332746,480.6088538676007,137
550000,1099.9999999878123,-622896.8085941751,301.9221097051819,479.05440428081494,137
555000,1109.9999999875758,-621203.890588487,300.23707388797067,481.96014437033773,137
560000,1119.9999999873394,-623015.0862018839,299.8265800325691,479.63869446206047,138
565000,1129.999999987103,-621271.4617290893,300.1208927851765,480.28585623312057,138
570000,1139.9999999868664,-622941.3846392077,302.17898526568297,479.0429346800232,138
575000,1149.99999998663,-621798.0237459312,300.79030180370415,480.6207547012946,138
580000,1159.9999999863935,-623275.255226037,299.67404825495487,479.0740287791835,138
585000,1169.999999986157,-622121.5145870196,301.3433009789563,480.2656304023672,138
590000,1179.9999999859206,-622689.2424344663,301.83068975948856,478.9283146276984,138
595000,1189.999999985684,-621064.102819467,300.2438026704623,481.76874202883516,138
600000,1199.9999999854476,-621411.9633963257,300.1902773978378,480.1277474983922,138
605000,1209.9999999852112,-622340.6875958107,299.39006694741954,477.7916915796449,138
610000,1219.9999999849747,-621666.3940925468,302.24568217768905,480.38074770859913,139
615000,1229.9999999847382,-623277.9632934956,298.9545450710223,479.43549271816136,139
620000,1239.9999999845018,-623503.0792994625,302.39024616187135,480.888766444866,139
625000,1249.9999999842653,-620812.7558411476,298.6756532391959,480.0288891756142,139
630000,1259.9999999840288,-622602.6959477048,302.38279303452225,481.9769060366869,139
635000,1269.9999999837923,-621737.6749278042,299.6892213735478,481.0691519343199,139
640000,1279.9999999835559,-620633.0716792303,300.05840851036777,480.713704443018,139
645000,1289.9999999833194,-620676.6147489315,301.31377439516166,479.24066227233016,139
650000,1299.999999983083,-622111.9667107132,301.5337274296394,478.71976035210764,139
655000,1309.9999999828465,-623435.9407423493,301.427401229248,479.7214769745392,139
660000,1319.99999998261,-621547.2669384023,300.57814500729734,480.4735020002894,139
665000,1329.9999999823735,-621816.906330476,299.4815250165264,480.35554615603894,139
670000,1339.999999982137,-621719.9900226188,300.62591364447576,480.12583397193714,140
675000,1349.9999999819006,-623080.5232817614,299.0843552941607,479.8083979029269,140
680000,1359.9999999816641,-621691.0458727521,302.096943679723,482.13477616090887,140
685000,1369.9999999814277,-622796.4347086069,304.189823775094,479.98604503191467,140
690000,1379.9999999811912,-621089.2372407,299.9075541629497,478.7348152031171,140
695000,1389.9999999809547,-621581.3555125934,303.4570345815393,481.2904010573267,140
700000,1399.9999999807183,-621082.985855421,301.10830825783296,480.83663170649305,140
705000,1409.9999999804818,-622626.7872671396,301.58986415609206,479.85416678552644,140
710000,1419.9999999802453,-621119.435288094,300.3935514388874,479.5463688870666,140
715000,1429.9999999800089,-620780.0115446355,300.0055694591872,480.5586788366298,140
720000,1439.9999999797724,-620058.2525908714,300.7830583551296,482.57451073520184,140
725000,1449.999999979536,-620700.2081361245,297.9504124815241,480.8022566495444,140
730000,1459.9999999792994,-620956.4931215742,296.20941149322124,481.5214305486841,140
735000,1469.999999979063,-623513.4621285358,301.0789341676925,479.8041656167117,141
740000,1479.9999999788265,-621729.3835673761,300.2463188157566,480.22639852865694,141
745000,1489.99999997859,-622994.6078928444,298.99705267713074,477.08471702400493,140
750000,1499.9999999783536,-621862.7756866957,300.00217647538125,480.5600543623192,140
755000,1509.999999978117,-621672.79190413,298.5230452147546,479.5859199605403,140
760000,1519.9999999778806,-623116.3690440408,299.70885493152616,479.9882422015923,140
765000,1529.9999999776442,-620891.1193963583,301.06808805653753,481.1509678224692,140
770000,1539.9999999774077,-621391.1537458408,300.9303672250875,478.4833254872147,140
775000,1549.9999999771712,-622185.3265193906,301.45536475308705,479.074459003563,140
780000,1559.9999999769348,-621762.145342248,300.18000313788605,480.3262736049232,140
785000,1569.9999999766983,-622315.0192442201,298.1032873698603,480.68503040319996,140
790000,1579.9999999764618,-621770.6296702786,299.9904725874213,481.2726108816028,140
795000,1589.9999999762254,-620916.983763882,299.3624274725957,480.1074297081443,140
800000,1599.9999999759889,-623314.9437059206,299.7449387424514,479.75185934028974,140
805000,1609.9999999757524,-621978.8484018818,300.14757917466164,481.1703080147304,140
810000,1619.999999975516,-622305.322871075,298.29924171550823,478.70331106746,140
815000,1629.9999999752795,-623553.0598978982,301.85564153365715,477.5011336134527,140
820000,1639.999999975043,-621908.3022161098,302.3072324288658,479.66270791810166,140
825000,1649.9999999748065,-623040.3275564285,301.7303489350245,479.3326718739499,140
830000,1659.99999997457,-621245.330963484,299.84705230564555,480.34589775401736,140
835000,1669.9999999743336,-621355.2757247128,298.78314220370066,479.9901969689886,140
840000,1679.9999999740971,-620561.2343188683,301.34030829099254,480.2934876406932,140
845000,1689.9999999738607,-623367.5132138389,298.1018768035589,479.63304273729824,140
850000,1699.9999999736242,-621352.6773582902,299.34980862271055,479.8504993313961,140
855000,1709.9999999733877,-623059.5922823488,302.6391348672337,480.99105448153296,140
860000,1719.9999999731513,-622707.9560512272,298.18216471249565,479.60720940316435,140
865000,1729.9999999729148,-621381.6711040088,300.5034803018594,479.9670059828204,140
870000,1739.9999999726783,-621709.1791433515,298.86350635946445,480.74464525136983,140
875000,1749.9999999724419,-621671.560877399,301.5892351197685,480.80757904276345,140
880000,1759.9999999722054,-621393.2418500166,300.56461119548703,479.3096352023909,140
885000,1769.999999971969,-621389.365185645,299.35266787872683,479.2382985213405,139
890000,1779.9999999717324,-621811.2617646991,300.9130973187493,481.0554061492191,139
895000,1789.999999971496,-622639.3055844461,300.7799322352185,480.2393657953113,139
900000,1799.9999999712595,-621884.5480819112,300.7902636802906,480.94086233335713,139
905000,1809.999999971023,-621651.0039555943,299.30573795664657,480.08079372819316,139
910000,1819.9999999707866,-621886.4384326111,303.268056820571,479.56403779142636,139
915000,1829.99999997055,-620888.2889086884,299.5225076860929,482.5845383483409,139
920000,1839.9999999703136,-622985.7259424417,299.84743353978104,479.48167508486017,139
925000,1849.9999999700772,-622635.5582817933,298.1769036814257,479.98769732890844,139
930000,1859.9999999698407,-621697.0257312949,298.2084317444317,482.4973332637398,139
935000,1869.9999999696042,-622069.0379831316,301.0925251646232,481.5223100487353,139
940000,1879.9999999693678,-621532.7760535963,302.03830986968285,482.26780558511285,139
945000,1889.9999999691313,-620770.2920570909,301.5856705806015,480.60098859015176,139
950000,1899.9999999688948,-621537.1474992824,300.8041406028228,480.0619029323995,139
955000,1909.9999999686584,-622619.6867880938,298.9242369572499,479.28180256294996,139
960000,1919.999999968422,-621905.2880834946,300.05143192568806,480.51255920414997,139
965000,1929.9999999681854,-621022.9414891191,299.93464084827707,480.43930529873074,139
970000,1939.999999967949,-622981.3783290288,300.3110714336716,480.15214283966657,139
975000,1949.9999999677125,-621620.3079295475,301.82659149253186,481.4781450504955,139
980000,1959.999999967476,-622076.6079172296,303.0923078841047,479.85065892582554,139
985000,1969.9999999672395,-622765.5984560899,301.1397219505983,480.2682454649706,139
990000,1979.999999967003,-622473.0366143016,298.91777503865313,480.3062557011958,139
995000,1989.9999999667666,-621049.3412800669,299.15345398122037,481.2487421934241,139
1000000,1999.9999999665301,-621671.4641819187,303.6640637788235,479.05249118294336,139
1005000,2009.9999999662937,-622809.2711541862,300.07091299001223,481.4885402243783,139
1010000,2019.9999999660572,-622913.5707043498,302.0138536998904,479.381418417338,139
1015000,2029.9999999658207,-621443.8403197573,299.54084504801057,479.7826635872046,139
1020000,2039.9999999655843,-622256.5258467938,301.5565061692356,481.0394168847049,139
1025000,2049.999999965348,-621743.8246842069,300.70732619411217,480.77747173834496,139
1030000,2059.9999999651113,-621432.8671235056,299.58922365980567,481.3286869886652,139
1035000,2069.999999964875,-621920.248323441,300.1583299772828,479.7654083990578,139
1040000,2079.9999999646384,-622347.5381410974,299.52098274955085,479.4946674888641,139
1045000,2089.999999964402,-622533.2371655162,298.8474564023598,479.08444047141825,139
1050000,2099.9999999641655,-621823.831444161,301.3372584179086,479.9828363274445,139
1055000,2109.999999963929,-621121.1090775244,300.33844404460064,479.03807749216435,139
1060000,2119.9999999636925,-621362.3016148959,298.5195569224147,479.68784891794064,139
1065000,2129.999999963456,-621287.1539577115,300.33137215138703,481.7259925893223,139
1070000,2139.9999999632196,-621600.4511419628,298.7564939376291,480.2037145723586,139
1075000,2149.999999962983,-622253.1552963122,300.6636748855972,479.6771697006321,139
1080000,2159.9999999627466,-622312.6995272501,299.0296291340094,479.53506122882624,139
1085000,2169.99999996251,-620727.5890055182,301.7067314803301,482.5823087997617,139
1090000,2179.9999999622737,-621098.2637188383,299.6276329989575,480.60605003551285,139
1095000,2189.9999999620372,-621558.6187446099,300.66403705802594,480.136247392336,139
1100000,2199.9999999618008,-622147.8181890347,301.582582584104,481.74136053221906,139
1105000,2209.9999999615643,-621204.8635632973,299.2121068529673,478.20256984544636,139
1110000,2219.999999961328,-620820.8289590413,299.6989619057099,479.15023006793166,139
1115000,2229.9999999610914,-622820.2802792662,298.31668317720744,479.1838279889663,139
1120000,2239.999999960855,-622386.292996659,299.60918126679917,480.68700798529113,138
1125000,2249.9999999606184,-621686.6563925855,301.90525915639273,480.2236028229447,138
1130000,2259.999999960382,-621422.3443373968,300.3587066389025,480.9261911379522,138
1135000,2269.9999999601455,-621073.9704707195,300.51888216093363,481.4702476146206,138
1140000,2279.999999959909,-621220.8481950611,300.7512634282287,481.212936598378,138
1145000,2289.9999999596726,-621487.8739764323,301.83246249821866,481.6865997000932,138
1150000,2299.999999959436,-621402.4165680306,300.29027511157994,480.78642680046056,138
1155000,2309.9999999591996,-621662.1227800925,303.23511819126367,480.3792782624095,138
1160000,2319.999999958963,-620462.3385778484,301.0437462569857,480.53283000722894,138
1165000,2329.9999999587267,-623040.6334278514,300.72156528907317,478.26463287293836,138
1170000,2339.99999995849,-621069.0709382114,299.1577047418312,480.5938234634065,138
1175000,2349.9999999582537,-620175.2746214275,300.7766917450667,481.81697692543133,138
1180000,2359.9999999580173,-621316.3626104831,299.71998696828285,480.96111558119026,138
1185000,2369.999999957781,-623813.9126415835,301.72910992408407,479.6265628902982,138
1190000,2379.9999999575443,-621773.3241414875,301.20741007135666,480.4127538388025,138
1195000,2389.999999957308,-620898.622428243,299.0007506482451,480.5070156290672,138
1200000,2399.9999999570714,-621406.5973645742,299.5234607714316,481.7018814108167,138
1205000,2409.999999956835,-622039.7316816277,303.4097234253235,480.8190213807558,138
1210000,2419.9999999565985,-620848.3160480978,298.44676026424065,480.3888224957175,138
1215000,2429.999999956362,-621122.3637855379,297.6297373884467,481.15730515297207,138
1220000,2439.9999999561255,-621685.5976719996,301.802173446153,479.28112048632255,138
1225000,2449.999999955889,-621055.0783008789,298.8200837914308,481.49629893479516,138
1230000,2459.9999999556526,-622249.055105404,299.85709782511606,479.7826721574548,138
1235000,2469.999999955416,-621337.9349880954,298.56801178103706,480.76489531719415,138
1240000,2479.9999999551796,-622017.6755071818,297.9861150583138,481.44414466123993,138
1245000,2489.999999954943,-622469.5956548164,300.29793791770356,479.8095345299642,138
1250000,2499.9999999547067,-620806.5961037297,299.26403094222263,479.6366589904452,138
1255000,2509.9999999544702,-622494.1396552282,301.88057424611895,479.68293134980615,138
1260000,2519.9999999542338,-622089.2510259193,300.12209367270333,479.878246432849,138
1265000,2529.9999999539973,-621765.5685166535,300.6572129670004,479.828520832539,138
1270000,2539.999999953761,-622076.5828764206,298.4138978817604,480.74704270704365,138
1275000,2549.9999999535244,-622330.276960691,300.5696244243689,479.2806042182287,138
1280000,2559.999999953288,-621678.6701210956,297.7484346365352,480.6352260247544,138
1285000,2569.9999999530514,-622674.9134718203,300.3119292104764,478.3856449152599,138
1290000,2579.999999952815,-622045.4541263399,300.15474637640904,478.1832903143391,138
1295000,2589.9999999525785,-622133.4785968219,297.65646190134544,480.548236570797,138
1300000,2599.999999952342,-620922.4180564517,299.14352283199054,481.3707104132244,138
1305000,2609.9999999521056,-621120.569503082,299.410367665135,479.7177542846151,138
1310000,2619.999999951869,-622736.8672926272,298.8783173056287,478.9685275346345,138
1315000,2629.9999999516326,-620495.3126263772,300.4628979281352,479.7827151578445,138
1320000,2639.999999951396,-621904.5895173545,299.1890040643559,479.7473498272704,138
1325000,2649.9999999511597,-622159.3279432822,300.56632674909685,480.2481844386095,138
1330000,2659.999999950923,-622282.2767396108,301.92758041502634,480.1801359539956,138
1335000,2669.9999999506867,-621316.4499888034,299.5755754777547,481.10077301402043,138
1340000,2679.9999999504503,-621487.5693759597,301.6272060396645,481.71591673309103,138
1345000,2689.999999950214,-620523.0091235014,302.2426513663118,482.62367026207085,138
1350000,2699.9999999499773,-622140.9037097264,299.11100356023223,478.72126798603404,138
1355000,2709.999999949741,-622279.3496452235,301.228149208328,478.9751413453777,138
1360000,2719.9999999495044,-621794.7626876989,300.19893141271376,481.06019282940196,138
1365000,2729.999999949268,-622427.3021162981,299.4030289080266,479.0450173818656,138
1370000,2739.9999999490315,-621818.3971152767,299.29925697634303,479.4179118862024,138
1375000,2749.999999948795,-622334.3512945352,299.71686084837165,479.7951613946751,138
1380000,2759.9999999485585,-621360.8035055897,298.80125082513706,480.4923625710249,138
1385000,2769.999999948322,-621777.3935771333,300.67555032891806,479.74571414030595,138
1390000,2779.9999999480856,-622576.0269267266,300.42000908789123,479.20874886784947,138
1395000,2789.999999947849,-621216.2819301626,301.17041129850617,478.5739916852019,138
1400000,2799.9999999476127,-621142.5469120671,301.2721055041513,480.4098485055596,138
1405000,2809.999999947376,-621973.0524798846,300.76555970831004,480.73823908314984,138
1410000,2819.9999999471397,-621749.2966087759,299.5460488939601,481.00477469270805,138
1415000,2829.9999999469032,-622892.6039637164,300.2657617566672,480.5785299487722,138
1420000,2839.999999946667,-621978.7891957979,301.2842668730738,481.10521257673724,138
1425000,2849.9999999464303,-622118.2956598876,298.51654517274426,481.17320672201413,138
1430000,2859.999999946194,-621667.515487094,300.68895070878096,480.7599154812614,138
1435000,2869.9999999459574,-621703.8315393548,300.300530309825,480.1394352074766,138
1440000,2879.999999945721,-621208.9052291969,300.62530366985897,480.26938056904197,138
1445000,2889.9999999454844,-621908.4445867348,299.01769650556815,480.3342969145471,138
1450000,2899.999999945248,-620816.5290367622,301.64720177007155,479.7798913103235,138
1455000,2909.9999999450115,-621881.0085588559,300.4061893504793,480.9831983528186,138
1460000,2919.999999944775,-621233.2343562739,300.21521011029967,479.1515048361328,138
1465000,2929.9999999445386,-622414.7225884693,298.98216548413944,478.5944535847863,138
1470000,2939.999999944302,-621843.3909053113,301.43937198110274,480.96908085210316,138
1475000,2949.9999999440656,-623237.5690680109,301.58681428300804,479.6927629453473,138
1480000,2959.999999943829,-621719.7908032974,299.6275567521304,479.77902001232206,138
1485000,2969.9999999435927,-621806.0103525664,300.39172151503703,481.8423436367484,138
1490000,2979.999999943356,-622006.5085897311,300.19050613831917,480.6059419506012,138
1495000,2989.9999999431197,-620875.4545247867,300.1947378372232,482.496883914584,138
1500000,2999.9999999428833,-621645.467140073,300.8774138036663,479.7040482800598,138
1505000,3009.999999942647,-623224.779077928,300.1251244840806,481.37684596677684,138
1510000,3019.9999999424103,-622871.139873703,298.8135075025934,478.6229351324582,138
1515000,3029.999999942174,-622434.7159283552,298.7792917389321,480.87488814624237,138
1520000,3039.9999999419374,-622555.6353887557,300.28383225468997,478.1272630506814,138
1525000,3049.999999941701,-622322.5832111975,299.55338765106853,479.54126427905936,138
1530000,3059.9999999414645,-621062.6670814129,300.98072825438726,480.068240798447,138
1535000,3069.999999941228,-622722.727888152,300.216963787323,481.5524235178002,138
1540000,3079.9999999409915,-622564.379785663,298.9220067375572,479.76820016528944,138
1545000,3089.999999940755,-622606.5388738108,299.23364658162313,479.6689941596691,138
1550000,3099.9999999405186,-622988.7056894694,302.4426849172096,481.22944541777434,138
1555000,3109.999999940282,-620527.2379038474,299.1501944293618,481.013188464345,138
1560000,3119.9999999400457,-622407.1632164195,300.68267940725195,481.0778400229131,138
1565000,3129.999999939809,-622311.146091355,297.7808014146393,480.1356699268188,138
1570000,3139.9999999395727,-623323.3075179234,301.6284831740184,479.80738116108444,138
1575000,3149.9999999393362,-621564.8007888943,299.1195050814539,479.79368023406124,138
1580000,3159.9999999391,-621818.9956743103,303.747077511829,480.92228791914846,138
1585000,3169.9999999388633,-622082.9182838812,300.15078154139985,479.9901997675277,138
1590000,3179.999999938627,-622398.5138732675,302.4072682660215,479.79278735545944,138
1595000,3189.9999999383904,-621456.3387432965,300.71134821424175,480.7473308427611,138
1600000,3199.999999938154,-622206.8245567428,300.7850407726342,480.2192447335761,138
1605000,3209.9999999379174,-621584.125936206,299.7475501962796,480.4807808410424,138
1610000,3219.999999937681,-623113.3021502965,300.01715897690644,478.92183443214765,138
1615000,3229.9999999374445,-621753.789064033,300.98739985175854,481.00212900191724,138
1620000,3239.999999937208,-621745.0839182734,299.88185898221684,480.0375478868487,138
1625000,3249.9999999369716,-620646.8353399681,298.93069887584664,481.04681319340085,138
1630000,3259.999999936735,-622807.1770465174,300.7572869275696,479.1352260373486,138
1635000,3269.9999999364986,-621160.556647988,299.04518348673787,481.3298361851011,138
1640000,3279.999999936262,-621283.4616557383,299.5125955985699,480.7574746017058,138
1645000,3289.9999999360257,-622509.7146443981,299.8772460491773,481.4203477010091,138
1650000,3299.999999935789,-620629.9886348108,299.69829474597276,481.4983035883151,138
1655000,3309.9999999355528,-622615.1972614457,299.4815822016468,479.80578249760407,138
1660000,3319.9999999353163,-623095.9262000588,301.17214591382276,479.25001478553077,138
1665000,3329.99999993508,-622463.3169314726,301.44865503230216,479.6012300866729,138
1670000,3339.9999999348433,-623057.4209350641,301.9748725095353,480.61920491834024,138
1675000,3349.999999934607,-621353.2103622975,301.472062808222,480.31117577244703,138
1680000,3359.9999999343704,-622326.2828549072,301.35755913562406,480.6538109374802,138
1685000,3369.999999934134,-622520.905795142,299.63929876350386,480.3019190519953,138
1690000,3379.9999999338975,-621626.345111907,297.22675384551457,481.5039568797084,138
1695000,3389.999999933661,-622244.5838475255,300.70440975297555,480.99867490089304,138
1700000,3399.9999999334245,-621151.2504031905,300.2080429085522,478.54135789119937,138
1705000,3409.999999933188,-621598.8891267921,299.2774122603788,479.3138313797781,138
1710000,3419.9999999329516,-621236.4457274186,300.93658134149615,479.94780333142376,138
1715000,3429.999999932715,-622321.383404681,301.28281818335887,479.8716818810024,138
1720000,3439.9999999324787,-621132.0691794716,298.01160056027214,481.1320522240512,138
1725000,3449.999999932242,-620300.3406370366,299.56331880029836,480.7268039947239,138
1730000,3459.9999999320057,-621002.3448924222,299.6151857044334,479.5539332236403,138
1735000,3469.9999999317693,-621856.9385115895,298.399353799491,479.91168229782164,138
1740000,3479.999999931533,-620084.7408844908,300.82499411003477,480.25152528477946,138
1745000,3489.9999999312963,-620774.2582714316,300.75858312363033,480.2362555518798,138
1750000,3499.99999993106,-622511.4865983203,300.54402455216996,480.99224455872366,138
1755000,3509.9999999308234,-623266.7361437767,299.29045046781295,478.8307967914263,138
1760000,3519.999999930587,-622041.5049014045,299.80500218049974,482.2302097854841,138
1765000,3529.9999999303504,-623514.2118159342,300.42212493734326,480.226957511178,138
1770000,3539.999999930114,-621489.153303151,300.9129257633883,482.00011715398307,138
1775000,3549.9999999298775,-623076.3801867082,299.7661353603853,480.3620106583958,138
1780000,3559.999999929641,-622135.392232514,301.22477528622875,480.77759186802996,138
1785000,3569.9999999294046,-620979.6573697864,299.8132749612401,481.3647572971631,138
1790000,3579.999999929168,-621676.7615686562,299.92324194762557,481.01489217043775,138
1795000,3589.9999999289316,-621887.2431307035,298.722430667622,481.3346264220255,138
1800000,3599.999999928695,-620406.6822759728,299.1838192801131,480.6175262950159,138
1805000,3609.9999999284587,-623832.5169837512,301.36928208529076,478.5647198784081,138
1810000,3619.999999928222,-621866.4700110243,300.3179336481106,480.97791056510545,138
1815000,3629.9999999279858,-621177.356739413,300.4227730353736,481.01989382054614,139
1820000,3639.9999999277493,-621946.4380063829,301.034062909944,481.1491922508995,139
1825000,3649.999999927513,-621806.809668941,298.0876186468912,479.91570833423725,139
1830000,3659.9999999272763,-621224.5398191479,299.832946642632,480.8477346495573,139
1835000,3669.99999992704,-621606.9550753222,299.6700262348253,479.9331628762521,139
1840000,3679.9999999268034,-622394.6798841781,300.69018971972133,479.63323413433693,139
1845000,3689.999999926567,-623228.3426536866,297.4196011329581,478.4633492966701,139
1850000,3699.9999999263305,-622555.9642107286,297.8587637953495,480.3178250211291,139
1855000,3709.999999926094,-621121.2490623533,300.57763034121444,479.70567711257667,139
1860000,3719.9999999258575,-623450.9939596262,300.52482941344743,479.66956892779535,139
1865000,3729.999999925621,-622207.4340881808,301.06307482765567,479.1784398447021,139
1870000,3739.9999999253846,-623747.0388597772,301.7460176579936,479.06190181488995,139
1875000,3749.999999925148,-623087.3677064446,298.55489732677574,478.3923561756032,139
1880000,3759.9999999249117,-622095.074598073,301.5456981814942,479.37365504051786,139
1885000,3769.999999924675,-620832.4751321105,300.9846930893965,478.7480670058204,139
1890000,3779.9999999244387,-621309.6168055544,300.27599789320544,481.89392346307227,139
1895000,3789.9999999242023,-621353.5708742505,303.67498613680567,481.0990658806978,139
1900000,3799.999999923966,-620992.809175434,298.2629101023949,480.9377707439247,139
1905000,3809.9999999237293,-622050.1456247424,299.5762998226122,480.0621797502825,139
1910000,3819.999999923493,-622861.3910587542,300.29900537328297,479.8587368760271,139
1915000,3829.9999999232564,-622029.2583348132,300.67343447946604,481.0715546385209,139
1920000,3839.99999992302,-622440.7350324169,297.827273855757,481.14047808848284,139
1925000,3849.9999999227834,-621886.8586951713,299.4653988125947,479.4149408026349,139
1930000,3859.999999922547,-622119.250687833,299.1002336959043,478.90212861833356,139
1935000,3869.9999999223105,-621573.0473836879,302.08161806747586,480.6750809577087,139
1940000,3879.999999922074,-622023.3295609993,301.5771309359663,479.85224915877035,139
1945000,3889.9999999218376,-621144.0443545571,301.4345684309954,481.22759153811796,139
1950000,3899.999999921601,-623759.3285034047,300.91161050562084,478.7515303800012,139
1955000,3909.9999999213646,-622030.5364240701,297.89776404741133,480.72528761956164,139
1960000,3919.999999921128,-621853.7087768055,299.71693709519883,478.7754261949199,139
1965000,3929.9999999208917,-622774.9040491418,301.2414352179502,479.9061033721109,138
1970000,3939.9999999206552,-622485.3060537889,299.7197582278015,479.3145597887029,139
1975000,3949.9999999204188,-622562.7871619901,302.0532542477945,480.1794617934431,138
1980000,3959.9999999201823,-622640.7932664733,302.52545084802705,479.80746665760336,138
1985000,3969.999999919946,-621935.3984971126,300.79708777131606,478.87495457285223,139
1990000,3979.9999999197094,-620531.7779538725,300.8526717082722,481.82752178316275,139
1995000,3989.999999919473,-621724.8728194805,302.0600592771132,480.0225757192726,139
2000000,3999.9999999192364,-623239.3612800511,301.0511231375077,479.46490331511967,139
2005000,4009.999999919,-622032.3439381616,300.7433337582103,479.3561404645878,139
2010000,4019.9999999187635,-621547.5396172088,300.2001132385338,480.1179314032255,139
2015000,4029.999999918527,-622532.1167294118,302.59100405762655,479.7928846333376,138
2020000,4039.9999999182905,-622593.7951916466,299.63823130792446,479.5508958993151,138
2025000,4049.999999918054,-622634.4415693553,297.3718896809001,481.2973410699974,138
2030000,4059.9999999178176,-620992.4643077841,298.42954754302275,479.6975541704101,138
2035000,4069.999999917581,-622535.1955187274,300.1054909261022,478.38495523178455,138
2040000,4079.9999999173447,-621910.3037975249,298.6630153276041,481.2818427972473,138
2045000,4089.999999917108,-622078.398527117,301.01574460973313,481.02672924319916,138
2050000,4099.999999917781,-621620.3964079246,300.06262114756504,479.4416044710643,138
2055000,4109.999999919818,-620365.9412908517,299.41347472333933,481.93719127358304,138
2060000,4119.999999921855,-622801.9162079222,298.80580657305626,480.7994987153427,138
2065000,4129.999999923893,-619849.3342392831,298.8164048820232,482.9832346490761,138
2070000,4139.99999992593,-622233.5501007694,301.94982542683283,479.6103319140351,138
2075000,4149.999999927967,-622145.9435099326,301.4311373237759,480.32435006675144,138
2080000,4159.999999930004,-621846.3356526927,302.6969871472961,480.22886114089084,138
2085000,4169.999999932042,-621379.4983582012,299.47647366423104,479.79766887661975,138
2090000,4179.999999934079,-621780.9117737245,300.4530620874392,477.1731564908577,138
2095000,4189.999999936116,-622178.0132365427,301.45418292726697,479.9003664186039,138
2100000,4199.999999938153,-621954.8290547812,298.50682370228895,480.0002010099602,138
2105000,4209.999999940191,-621178.4159210152,300.2936299719724,480.4976916382333,138
2110000,4219.999999942228,-622327.1069694846,300.7475273337008,479.9113218680338,138
2115000,4229.999999944265,-622112.0015912428,301.02430331607513,479.9698286944892,138
2120000,4239.9999999463025,-622766.3917493741,298.77993983696246,480.4951997425162,138
2125000,4249.99999994834,-621824.8894649511,299.431392727708,480.48542487663866,139
2130000,4259.999999950377,-622095.7519043302,299.81512394679726,479.651121262674,139
2135000,4269.999999952414,-621507.7316994821,300.1641628595559,480.34064899883407,139
2140000,4279.999999954452,-619615.556236445,299.6959692177462,482.90422939943807,139
2145000,4289.999999956489,-621820.9548571352,301.3368581220663,479.3633901950323,139
2150000,4299.999999958526,-621062.1395207336,297.8067062741467,479.5010248231424,139
2155000,4309.999999960563,-621697.3745001415,301.0696511164931,480.5434094762858,139
2160000,4319.999999962601,-621708.9434685451,299.6997815591012,481.3709972231631,139
2165000,4329.999999964638,-622321.5781252962,300.1660499685267,481.1281179200983,138
2170000,4339.999999966675,-621793.0522067058,299.7480839240693,479.7856925202815,138
2175000,4349.9999999687125,-620898.1326152161,298.36292687784385,480.5667749554842,138
2180000,4359.99999997075,-622749.1060179258,302.4329634467543,480.43519209802173,138
2185000,4369.999999972787,-622284.2994782776,297.8673415633982,478.9187825119234,138
2190000,4379.999999974824,-622669.4649372469,301.98975970252667,480.29202202338536,138
2195000,4389.999999976862,-622573.7708067494,298.7291213267001,478.9074958972758,138
2200000,4399.999999978899,-623485.4711000305,302.02073497603624,478.87691400447335,138
2205000,4409.999999980936,-621556.2628431208,301.0472917344459,481.37722651749584,138
2210000,4419.999999982973,-620615.4021548778,299.00421987887813,480.4055493455293,138
2215000,4429.999999985011,-620484.0028579985,298.31700722622264,480.88938522772094,138
2220000,4439.999999987048,-621524.3328676536,299.3633043111073,480.2191710839,138
2225000,4449.999999989085,-619662.1437708847,301.66096432236316,483.52847589254014,138
2230000,4459.999999991122,-621603.5220188797,299.0347186097183,479.38139741084683,138
2235000,4469.99999999316,-621599.1775722592,302.04343746880534,479.71650679959026,138
2240000,4479.999999995197,-619817.2071910347,300.2745682651973,480.77115286902034,138
2245000,4489.999999997234,-622732.4157908736,301.1736327269512,479.9014882590837,138
2250000,4499.9999999992715,-621419.0132018779,299.28640938597664,481.30207363349,138
2255000,4510.000000001309,-622970.0701852595,299.6571023976318,479.5008808804338,138
2260000,4520.000000003346,-623381.0714138877,299.48752945416055,478.01907071516064,138
2265000,4530.000000005383,-621070.8265281739,299.44515527999954,480.9606738395804,138
2270000,4540.000000007421,-622713.4013001933,298.0182340342298,480.47269498712274,138
2275000,4550.000000009458,-621727.3027012493,298.52085311847543,479.47612189535016,138
2280000,4560.000000011495,-621487.4455282837,298.2727078196773,483.12429039826327,138
2285000,4570.000000013532,-622306.642687432,300.21620131905195,480.242079931624,138
2290000,4580.00000001557,-619758.6073540826,300.4967896427813,480.99403191965274,138
2295000,4590.000000017607,-620782.9762221272,297.2034795015422,480.57691237733405,138
2300000,4600.000000019644,-621057.8199299551,300.82998827720985,480.1180698419917,138
2305000,4610.000000021681,-621930.34749733,301.3672996677861,480.15496637138455,138
2310000,4620.000000023719,-622921.000913972,299.0229765983449,479.9878046825335,138
2315000,4630.000000025756,-622569.93040998,300.0562545375022,480.04377617993293,138
2320000,4640.000000027793,-621051.9505352401,302.5891360103626,480.91103153610834,138
2325000,4650.0000000298305,-621320.5408703741,301.5836500396834,479.5515326747313,138
2330000,4660.000000031868,-623346.24035729,300.86612927325547,479.1632648028808,138
2335000,4670.000000033905,-621327.8904586099,302.4464781968578,480.0479450784977,138
2340000,4680.000000035942,-621701.6305424757,298.54275501956,478.7484771652839,138
2345000,4690.00000003798,-622128.8145053345,300.4188653854847,479.51150138378443,138
2350000,4700.000000040017,-620897.5578688434,300.78439267460385,480.5437317780163,138
2355000,4710.000000042054,-621225.5190757606,301.50713634868816,480.2164758853662,138
2360000,4720.000000044091,-622094.8904305948,301.41083660606046,481.50854049936373,138
2365000,4730.000000046129,-622577.875250807,300.54074593860463,479.1009005121622,138
2370000,4740.000000048166,-622379.9608285944,298.0565671265545,480.548842715843,138
2375000,4750.000000050203,-621415.1965308492,299.9379957086695,479.36432859968863,138
2380000,4760.0000000522405,-621210.4934739186,301.8647530294956,480.9530090023802,138
2385000,4770.000000054278,-621874.836155992,298.66240535298726,481.08550267497907,138
2390000,4780.000000056315,-620881.4735248922,300.77535742559246,480.0137627945675,138
2395000,4790.000000058352,-621597.8597304993,300.799298929302,479.57189423158644,138
2400000,4800.0000000603895,-621614.5786795793,301.3359240984343,480.05591411135515,138
2405000,4810.000000062427,-621317.1458414127,299.94125526052807,480.46830202374815,138
2410000,4820.000000064464,-621356.9557141615,301.03623594451636,481.1790171098046,138
2415000,4830.000000066501,-622888.5430224468,301.6899762400748,479.3466704710746,138
2420000,4840.000000068539,-620836.81708682,301.90207585136125,479.9797659351327,138
2425000,4850.000000070576,-620872.3037318145,301.94582246841014,479.61584226468676,138
2430000,4860.000000072613,-624208.5677864398,301.9369015896394,477.3151443520048,138
2435000,4870.00000007465,-622944.9919271991,302.4125483587982,480.29813707908124,138
2440000,4880.000000076688,-621704.8738637301,297.5592090733789,479.00661159953034,138
2445000,4890.000000078725,-621616.9864662224,298.64078937750435,481.980759530172,138
2450000,4900.000000080762,-621622.655975786,302.19940035363913,479.93723871947896,138
2455000,4910.0000000827995,-622188.0952612888,301.421129927719,479.4563303026882,138
2460000,4920.000000084837,-621702.4049158785,300.0150621891612,478.8559312577022,138
2465000,4930.000000086874,-620476.7946930756,300.00699908719537,481.6774799907609,138
2470000,4940.000000088911,-621630.1138380705,298.3974666905203,480.44674609585496,138
2475000,4950.000000090949,-622392.5545902071,302.4663214336107,480.7842086926853,138
2480000,4960.000000092986,-621826.7140518036,303.1910665869064,480.8685100790678,138
2485000,4970.000000095023,-622692.2059105188,298.8050250430785,478.4570498533744,138
2490000,4980.00000009706,-623442.7408833737,300.7933516767882,478.6686053131692,138
2495000,4990.000000099098,-622113.2779709022,300.05162254275587,479.9460422989863,138
2500000,5000.000000101135,-621377.6851966255,300.0103920710013,482.3946093983464,138
2505000,5010.000000103172,-623129.1708238195,298.2769204568746,479.3344682140695,138
2510000,5020.000000105209,-622032.0888052471,301.5605853744855,479.6515550947335,138
2515000,5030.000000107247,-622329.224020971,300.77977974156425,479.8237324729452,138
2520000,5040.000000109284,-621063.1578786424,301.39234675048857,481.02997607572087,138
2525000,5050.000000111321,-622026.8241930841,298.31843685423075,480.4231448272427,138
2530000,5060.0000001133585,-622971.3202769943,301.6193907398867,478.7490095318725,138
2535000,5070.000000115396,-621244.1073031151,298.72155382911035,480.6500182543042,138
2540000,5080.000000117433,-621385.4623400015,298.2519305592924,480.78485442182296,138
2545000,5090.00000011947,-622821.9580781683,300.6070044313548,478.29090762413557,138
2550000,5100.000000121508,-622753.5835440508,302.96188768634954,477.19340491364136,138
2555000,5110.000000123545,-622738.6793576167,300.677170573994,480.7851110183493,138
2560000,5120.000000125582,-620612.0230757212,301.3819009351758,481.3148141524958,138
2565000,5130.000000127619,-622721.5735441782,301.1470035225864,478.70292543847614,138
2570000,5140.000000129657,-623020.0745436,299.99230251127176,481.39126589204517,138
2575000,5150.000000131694,-623282.2520567426,301.27725216498055,477.94973540448945,138
2580000,5160.000000133731,-621650.4307194352,299.5949802952518,480.8066071859225,138
2585000,5170.0000001357685,-622867.6419926961,301.8861212027905,479.25648652143906,138
2590000,5180.000000137806,-621829.1175061204,299.1931976398464,479.49822546827227,138
2595000,5190.000000139843,-622430.9658851167,303.1376366228158,479.3258213700583,138
2600000,5200.00000014188,-621755.5445712511,301.96842965264534,479.8277313375148,138
2605000,5210.0000001439175,-621952.5338469278,300.5938137302665,480.90447410794775,138
2610000,5220.000000145955,-621584.1789507433,302.8157225187981,480.42931606541333,138
2615000,5230.000000147992,-622696.8439460946,300.3763959027898,479.32393304715936,138
2620000,5240.000000150029,-622267.0343471682,299.8688017130759,481.0167272913105,138
2625000,5250.000000152067,-622370.7908261088,300.4112788261882,478.63116699705523,138
2630000,5260.000000154104,-622559.0041089375,298.0782021637443,479.68103068671326,138
2635000,5270.000000156141,-620554.8931024508,298.6684097906214,481.57866348812786,138
2640000,5280.000000158178,-622481.293033544,301.1580783742227,479.9547739628111,138
2645000,5290.000000160216,-622793.6812745989,304.0645692998749,480.75329633393864,138
2650000,5300.000000162253,-621314.3983393637,298.44536875964604,480.0421669539116,138
2655000,5310.00000016429,-621399.0786886564,299.2586936643256,481.7374756392407,138
2660000,5320.0000001663275,-622766.852672901,298.12400744512485,482.98427455051313,138
2665000,5330.000000168365,-622463.3454145347,301.2866495864207,480.1114207854153,138
2670000,5340.000000170402,-622086.9389876686,301.5666851206535,480.25111285358594,138
2675000,5350.000000172439,-622692.3859261638,302.90090928637596,482.02945537464615,138
2680000,5360.000000174477,-622614.2439095811,302.45114831501775,481.08122457310964,138
2685000,5370.000000176514,-622226.3361727847,297.84328568944807,479.96945223169286,138
2690000,5380.000000178551,-621102.6461884454,300.5038805977016,480.4930983226496,138
2695000,5390.000000180588,-623679.6291055521,302.6589209188662,480.1860771802692,138
2700000,5400.000000182626,-621717.4834222319,298.8824536959989,479.9217726400811,138
2705000,5410.000000184663,-620561.593613626,301.3602087128658,480.13390095501114,138
2710000,5420.0000001867,-621762.6365111535,301.96507479225295,481.4075867481782,138
2715000,5430.000000188737,-623076.1001835768,302.95302399269906,480.81911599324803,138
2720000,5440.000000190775,-620792.4412411745,298.2936185120096,481.6734054121825,138
2725000,5450.000000192812,-620901.0649052337,300.1177285418519,480.0409321125137,138
2730000,5460.000000194849,-621830.4421362695,298.5791819412072,480.0723284404918,138
2735000,5470.0000001968865,-622210.267965022,301.2651289194716,480.04036494758884,138
2740000,5480.000000198924,-620977.7915250454,300.4103066791427,480.4132447643401,138
2745000,5490.000000200961,-622365.6398429014,300.1682039413923,480.0832240932205,138
2750000,5500.000000202998,-622103.4170305762,298.6555050151347,481.888484357932,138
2755000,5510.000000205036,-619903.3684080844,299.881935229044,480.44404796780645,138
2760000,5520.000000207073,-622328.0814791857,301.23154219213393,480.3397575456936,138
2765000,5530.00000020911,-621775.5322697111,301.3078652660614,480.83322773389483,138
2770000,5540.000000211147,-622394.2974885833,300.2074519956422,479.4935781276918,138
2775000,5550.000000213185,-621915.7164393589,301.6918442873388,480.78945453363826,138
2780000,5560.000000215222,-621374.1993152448,301.0227783795331,480.96244937695616,138
2785000,5570.000000217259,-622263.5953166857,299.5618510488767,479.0372289943019,138
2790000,5580.000000219296,-620463.8322841874,300.4300164839481,481.46292270061264,138
2795000,5590.000000221334,-621786.3545812238,300.6917527796769,479.6051806433742,138
2800000,5600.000000223371,-623326.821064035,300.33916838945805,480.5539175914104,138
2805000,5610.000000225408,-621669.1442758441,299.368165046335,480.141996928338,138
2810000,5620.0000002274455,-621853.1666549877,299.8300111397886,481.99057003118,138
2815000,5630.000000229483,-623113.0119494637,300.67413976261673,477.18019800831235,138
2820000,5640.00000023152,-620940.1167881731,301.5103959005467,480.57316358884066,138
2825000,5650.000000233557,-621950.0747279194,298.6144079753276,479.2465521382665,138
2830000,5660.000000235595,-622144.5208852007,300.85991515684674,481.2826693077493,138
2835000,5670.000000237632,-622063.6431972873,300.55039116223287,479.3877123472331,138
2840000,5680.000000239669,-621405.782614057,300.4625166939997,480.64893135986887,138
2845000,5690.000000241706,-622165.0487643094,299.9459063169812,481.0777240146311,138
2850000,5700.000000243744,-621959.739941834,299.70862619104486,479.9977863432196,138
2855000,5710.000000245781,-621488.1515044896,299.54008257973953,480.4463748190145,138
2860000,5720.000000247818,-623863.1829390256,299.41118731852634,480.3380401903752,138
2865000,5730.0000002498555,-621516.9413692909,298.3251656367223,479.1925991815663,138
2870000,5740.000000251893,-622637.0433884067,300.6277816917397,481.2361399807642,138
2875000,5750.00000025393,-622185.9995442335,299.81049195205094,480.3388770407633,138
2880000,5760.000000255967,-621258.5553934514,298.4354376104162,480.0250333027203,138
2885000,5770.000000258005,-622304.2398951724,300.9100474456652,479.8156280261565,138
2890000,5780.000000260042,-621046.0711060194,298.5161258151952,479.34426104704676,138
2895000,5790.000000262079,-621932.9515707497,297.9149386452156,481.28252117305993,138
2900000,5800.000000264116,-623336.1981908656,301.1925228783653,479.20395303166595,138
2905000,5810.000000266154,-621833.8071494242,300.4932822887347,480.7361014074636,138
2910000,5820.000000268191,-620753.8709863843,299.60174720115697,482.13900668548223,138
2915000,5830.000000270228,-622599.1077025831,301.9357388255261,480.2088634039341,138
2920000,5840.000000272265,-622192.796678869,299.1927401588838,480.2043163195034,138
2925000,5850.000000274303,-621244.1118016788,299.8386079695442,481.6050850482428,138
2930000,5860.00000027634,-622537.871181393,298.00569143117184,480.57540383167463,138
2935000,5870.000000278377,-622698.8880471159,299.16239392169786,479.3134152732287,138
2940000,5880.0000002804145,-621695.8236015365,302.1530232210553,480.3565156400187,138
2945000,5890.000000282452,-622515.0310814851,299.8155623660531,480.32150987332943,138
2950000,5900.000000284489,-620843.3736506496,300.5242385005374,481.5171269754787,138
2955000,5910.000000286526,-621043.2239458454,299.2600089220931,481.2699239804491,138
2960000,5920.000000288564,-622308.4725596495,298.7005478282442,479.0271348471666,138
2965000,5930.000000290601,-622766.6955406829,300.36274772073887,480.1234610045542,138
2970000,5940.000000292638,-623146.7324442263,299.6637549332963,479.72857622363296,138
2975000,5950.000000294675,-621506.8640586608,300.47605050581,480.67793278840975,138
2980000,5960.000000296713,-621074.5030576829,300.0025767712236,481.1514213709012,138
2985000,5970.00000029875,-621889.4203360449,300.78904373105695,480.25444667722616,138
2990000,5980.000000300787,-621835.0544162779,301.0502653607028,481.3890342369201,138
2995000,5990.000000302824,-622727.8727955283,301.28876543587273,481.17074567786517,138
3000000,6000.000000304862,-619922.4865540108,300.9329405555021,481.75466240732476,138
3005000,6010.000000306899,-621161.0876322445,298.2493953522914,480.5208326953423,138
3010000,6020.000000308936,-621784.2122368761,299.32426593563196,478.69661304231784,138
3015000,6030.0000003109735,-620778.1021512765,300.1177666652654,480.9545598840956,138
3020000,6040.000000313011,-621381.9021176365,297.7277336229775,480.84296105031973,138
3025000,6050.000000315048,-622932.555523823,300.1776776096595,480.46230505741016,138
3030000,6060.000000317085,-622425.7134838025,298.47262700033446,480.8720669764665,138
3035000,6070.000000319123,-620874.5285934615,301.1184872092508,482.24094034640115,138
3040000,6080.00000032116,-622453.2071251804,301.87247302073956,479.7475758829257,138
3045000,6090.000000323197,-622612.4666565931,300.13065237904533,479.9395251447159,138
3050000,6100.000000325234,-621643.8597358395,302.1809676831876,480.90769985685944,138
3055000,6110.000000327272,-622955.6912942715,300.20289624772295,480.5858390364185,138
3060000,6120.000000329309,-622497.177268642,301.1844597763995,480.90753290954535,138
3065000,6130.000000331346,-620119.4442877877,301.182629852549,482.0012847948537,138
3070000,6140.0000003333835,-621873.2981489617,302.66071271930304,479.95891992516977,138
3075000,6150.000000335421,-622271.1414440675,300.4323801355883,478.9474644641959,138
3080000,6160.000000337458,-621241.4249462867,298.84821887063083,478.8007650212922,138
3085000,6170.000000339495,-623141.0265444047,297.944484290717,479.8854327210749,138
3090000,6180.0000003415325,-620825.8624734399,299.1004624363856,481.02454564707483,138
3095000,6190.00000034357,-622484.6870461013,298.8165573756774,479.46352457104314,138
3100000,6200.000000345607,-623378.2882465129,298.268666737841,478.57163153243283,138
3105000,6210.000000347644,-622228.2690212117,300.0866198363949,481.0143663985305,138
3110000,6220.000000349682,-621909.0723271924,302.1942346311031,479.55697064255907,138
3115000,6230.000000351719,-621708.2937040473,302.5574363919956,479.51542943578676,138
3120000,6240.000000353756,-623187.3655812214,300.20941535144004,478.1828138711801,138
3125000,6250.000000355793,-622793.1148477462,300.53891601475425,479.127711780468,138
3130000,6260.000000357831,-622217.766719895,300.06222085172277,480.13891229158577,138
3135000,6270.000000359868,-620930.9027705286,299.79394639057017,481.1689065425542,138
3140000,6280.000000361905,-622312.4169117534,300.29580300654476,480.05182589519495,138
3145000,6290.0000003639425,-621856.8732965486,300.5932037556497,482.63898762174824,138
3150000,6300.00000036598,-622108.3193099713,298.0826244797161,480.9918541512749,138
3155000,6310.000000368017,-622262.99775672,297.6453489262955,480.4064308320716,138
3160000,6320.000000370054,-621784.7738334676,301.71555705056704,481.47247522475385,138
3165000,6330.000000372092,-622369.3920760844,299.9636718276956,481.2067153613012,138
3170000,6340.000000374129,-620950.4003054611,300.7460023971588,480.67025320905515,138
3175000,6350.000000376166,-620990.8676547152,301.4093879163455,480.4597595340037,138
3180000,6360.000000378203,-622201.2071639961,300.03622068368156,481.1446120322709,138
3185000,6370.000000380241,-622403.3355156556,298.28162869844806,478.98324807407545,138
3190000,6380.000000382278,-622044.5012392853,299.3443950979864,481.07231722801384,138
3195000,6390.000000384315,-622075.2981166453,301.04881667098795,481.88234765179254,138
3200000,6400.000000386352,-621113.9700945639,299.81834537524225,479.9811095381601,138
3205000,6410.00000038839,-622093.8225484989,300.7388923805317,479.02851495704664,138
3210000,6420.000000390427,-622236.7615113617,299.69036507595433,481.79045610095767,138
3215000,6430.000000392464,-622830.5865142439,300.03000656727284,480.6765166854038,138
3220000,6440.0000003945015,-622906.618009029,297.3423440353987,479.52807878042626,138
3225000,6450.000000396539,-622089.4350104779,299.4087855434727,480.29269252968857,138
3230000,6460.000000398576,-622249.0210948866,299.7868935590634,479.4919994680108,138
3235000,6470.000000400613,-621997.9791738517,301.2168646779171,479.5888324254782,138
3240000,6480.000000402651,-620233.9349271841,301.93156431174236,480.0846423529932,138
3245000,6490.000000404688,-621942.9920777297,300.5222560830328,480.1315889638565,138
3250000,6500.000000406725,-622103.8658805662,299.77734364396906,480.3941615338966,138
3255000,6510.000000408762,-620964.915151672,299.67816558361824,480.6269992980832,138
3260000,6520.0000004108,-622189.3758142251,299.50476123708523,479.29854018197494,138
3265000,6530.000000412837,-620878.3551686271,300.02161941629186,482.1137263518726,138
3270000,6540.000000414874,-623071.3689384526,300.3471552445968,478.35551659562594,138
3275000,6550.0000004169115,-623133.2046343442,298.8777073310119,479.34243029716197,138
3280000,6560.000000418949,-622501.8939152397,298.4831490624743,477.4554765682529,138
3285000,6570.000000420986,-622503.087824476,300.9427954579049,478.71373443554694,138
3290000,6580.000000423023,-622243.1691957968,299.90084444216484,479.6402800446118,138
3295000,6590.0000004250605,-622650.1597470199,300.49703744496935,480.35359713998236,138
3300000,6600.000000427098,-622279.6067810827,300.03524853663606,480.7197859068262,138
3305000,6610.000000429135,-620879.8879991039,301.18628970024986,481.8288748230629,138
3310000,6620.000000431172,-624422.0889218096,301.98196346445565,479.594246752722,138
3315000,6630.00000043321,-620969.584397526,299.93923471960994,479.7976538565027,138
3320000,6640.000000435247,-622215.0095018465,301.17845533876533,479.4517009939796,138
3325000,6650.000000437284,-621965.8824471836,300.42605164893894,480.9011504430157,138
3330000,6660.000000439321,-622030.9428003468,300.00171899441864,478.22530339172874,138
3335000,6670.000000441359,-621588.6613364713,300.4836370651065,480.17785238187156,138
3340000,6680.000000443396,-622557.8104984527,301.0533342954936,480.05167696300555,138
3345000,6690.000000445433,-621883.3826650814,301.57410012458905,480.32699277417953,138
3350000,6700.0000004474705,-621865.671799487,301.49053360208705,481.0380477317698,138
3355000,6710.000000449508,-622707.3212643755,300.9003259752099,479.7010786205063,138
3360000,6720.000000451545,-623233.9190225136,299.761160254917,479.17318509296837,138
3365000,6730.000000453582,-622232.6497467598,301.07626552874405,479.2708683317618,138
3370000,6740.00000045562,-621684.6237099613,301.72314360986354,481.2117589319724,138
3375000,6750.000000457657,-621325.376608693,299.8030197629951,480.25571341073277,138
3380000,6760.000000459694,-620552.8973597656,299.24843846608064,481.1297263544507,138
3385000,6770.000000461731,-622406.9243772794,298.0778781147291,479.43316982100913,138
3390000,6780.000000463769,-621928.147963868,298.87669706055283,480.3729552433078,138
3395000,6790.000000465806,-620841.981497732,299.5690754357444,480.8016892663341,138
3400000,6800.000000467843,-622204.0459900224,300.37264074655513,481.02166130139926,138
3405000,6810.00000046988,-621438.5606511249,300.34580186341583,479.78473504032456,138
3410000,6820.000000471918,-622496.7698077234,301.001429267945,478.5396569014155,138
3415000,6830.000000473955,-622170.52579964,300.1275643825478,479.108346351175,138
3420000,6840.000000475992,-620734.4439855884,298.1391233785975,481.0602436527408,138
3425000,6850.0000004780295,-622050.3642727635,300.2439551641165,479.03616480104955,137
3430000,6860.000000480067,-621393.3807629049,297.8405026802589,479.82798198406095,137
3435000,6870.000000482104,-621290.7630345477,301.00588970733037,481.02654744167165,137
3440000,6880.000000484141,-622378.1100049089,298.43926901347805,479.5491159836843,137
3445000,6890.000000486179,-621960.3997454229,300.6039545582708,480.41023824502884,137
3450000,6900.000000488216,-622766.9124144856,298.60022606548694,482.40179259262027,137
3455000,6910.000000490253,-621281.7662323499,300.8448564084945,480.8792999069669,137
3460000,6920.00000049229,-622633.4426459167,300.15741501535757,480.4177583296511,137
3465000,6930.000000494328,-621132.9028110928,301.0246464267971,480.39909800488556,137
3470000,6940.000000496365,-621090.8124726242,300.33320207523747,480.60981906574,137
3475000,6950.000000498402,-621760.3239696263,302.0470782547994,479.4916910512633,137
3480000,6960.0000005004395,-622389.5187142221,298.61734347817094,480.8013840876254,137
3485000,6970.000000502477,-622347.7758000363,299.60264310137535,478.3843526150971,137
3490000,6980.000000504514,-621608.8087817603,299.17838669368217,480.2253278178543,137
3495000,6990.000000506551,-620880.3456733199,300.7017220523203,482.3974739570832,137
3500000,7000.0000005085885,-621448.4676472885,298.51999534167055,480.6611510979053,137
3505000,7010.000000510626,-622177.1462625512,302.575621260259,479.7988999451592,137
3510000,7020.000000512663,-621698.0552448034,301.05798535194674,480.7279958306367,137
3515000,7030.0000005147,-622508.8142153355,299.14401843636665,480.78104732103117,137
3520000,7040.000000516738,-621599.7099426761,300.3384631063074,480.4296430975922,137
3525000,7050.000000518775,-622449.897116499,301.12552097905086,478.9727567567173,137
3530000,7060.000000520812,-621782.0403113742,302.44176995528437,479.34074330005893,137
3535000,7070.000000522849,-620686.7460238268,298.96186476642396,481.9150938158281,137
3540000,7080.000000524887,-622158.4995695092,299.09045504032866,479.24927743744206,137
3545000,7090.000000526924,-621225.0611139764,298.4295856664363,480.8648360273575,137
3550000,7100.000000528961,-621355.5054024914,300.7888149905757,480.70790121019405,137
3555000,7110.0000005309985,-622026.2682823208,299.1924351715754,479.96592330147536,137
3560000,7120.000000533036,-620858.9329364919,299.76464854725685,482.2930364786589,137
3565000,7130.000000535073,-622360.8394933627,302.3341856822458,478.81819593074005,137
3570000,7140.00000053711,-622376.1129167187,303.5222065570033,480.3157642280654,137
3575000,7150.000000539148,-621037.9722033977,300.35009074744016,480.92113504445683,137
3580000,7160.000000541185,-622161.612017944,299.6787755582351,479.92614232380845,137
3585000,7170.000000543222,-622434.5593581093,300.7256063709095,480.94121740547894,137
3590000,7180.000000545259,-620664.8130945396,300.77751139845805,478.90329045402734,137
3595000,7190.000000547297,-622011.5773989479,301.84174554941814,480.30051558897304,137
3600000,7200.000000549334,-621697.9212768497,299.76342859802327,480.6451740651659,137
3605000,7210.000000551371,-622535.0831288351,302.07204909067474,480.8332161970422,137
3610000,7220.000000553408,-621907.4531491841,303.3956749474302,480.5332171009734,137
3615000,7230.000000555446,-621192.4281170582,302.5823309810439,480.59125788673384,137
3620000,7240.000000557483,-622655.5819340246,303.3386804441727,480.34084532933525,137
3625000,7250.00000055952,-623247.8460651101,301.3684243084858,479.6202542720931,137
3630000,7260.0000005615575,-621266.1618788745,297.73562516958236,481.13597432097595,137
3635000,7270.000000563595,-622854.8559595863,299.2883727417744,480.07236376275023,137
3640000,7280.000000565632,-621601.7044635261,300.3297328446044,480.64893513928587,137
3645000,7290.000000567669,-623409.2737424644,299.717089588853,478.33768760277025,137
3650000,7300.000000569707,-622352.8376778816,299.73241520110014,478.86208002682366,137
3655000,7310.000000571744,-622231.0062119681,300.3468121338749,480.2460849586591,137
3660000,7320.000000573781,-622911.0420269012,297.2606836835742,481.8879036623982,137
3665000,7330.000000575818,-623262.3409279776,299.4590512642386,479.2910253982761,137
3670000,7340.000000577856,-620070.5395711227,299.1265579129607,480.90623076212256,137
3675000,7350.000000579893,-622914.9928782042,299.5090119976961,478.1707446945475,137
3680000,7360.00000058193,-622228.3102727286,299.61535725979434,480.4682474675828,137
3685000,7370.000000583967,-621741.5294881775,302.11059186177397,480.41242527711586,137
3690000,7380.000000586005,-622036.2245655479,298.5955750090338,481.2762093590298,137
3695000,7390.000000588042,-621101.6566601163,300.69026596654845,482.63663146523464,137
3700000,7400.000000590079,-622740.6340628024,301.0939929160449,480.9307243272173,137
3705000,7410.0000005921165,-622223.6117829611,302.1487533987377,480.28590600866204,137
3710000,7420.000000594154,-620792.0284529887,300.39019657849497,480.5272768439221,137
3715000,7430.000000596191,-622221.3082260219,300.8948362036587,478.44032313527237,137
3720000,7440.000000598228,-621950.2243906008,301.9856995589836,479.47068264252107,137
3725000,7450.000000600266,-622161.9370273687,301.0502081755825,479.54985406525043,137
3730000,7460.000000602303,-622279.052641313,299.6769075109711,480.6581102168438,137
3735000,7470.00000060434,-622598.9848246682,300.53489399462467,481.8621233520156,137
3740000,7480.000000606377,-621300.482000838,301.8854540430534,482.0038117588717,137
3745000,7490.000000608415,-621671.6056036111,300.0180548771249,480.8622955909428,137
3750000,7500.000000610452,-622964.9505221103,299.4138368957681,479.48973591787075,137
3755000,7510.000000612489,-620912.156210653,300.0664334889201,480.69569332483553,137
3760000,7520.0000006145265,-622181.9120552186,297.5221721771149,482.47670673951205,137
3765000,7530.000000616564,-622534.1204182864,302.93844178701613,477.84495074094787,137
3770000,7540.000000618601,-622436.5787733407,303.3572656082784,480.1173405941043,137
3775000,7550.000000620638,-621940.0420066407,299.3985494069344,480.079212437341,137
3780000,7560.0000006226755,-620384.6181355836,299.89367724041745,480.72504574629,137
3785000,7570.000000624713,-621922.8538988316,301.6710289035404,480.3335554654355,137
3790000,7580.00000062675,-621533.5355913793,301.8066338855384,479.91666753873983,137
3795000,7590.000000628787,-622702.4586168146,300.73868270175717,480.61883110564935,137
3800000,7600.000000630825,-621892.6376204072,299.4380452633725,480.3938349346793,137
3805000,7610.000000632862,-622171.570039365,299.01558065611613,480.21875781665983,137
3810000,7620.000000634899,-621601.398139589,300.30664911769975,482.66210113445874,137
3815000,7630.000000636936,-622341.8965683193,301.4176225736723,480.0490617388738,137
3820000,7640.000000638974,-622930.9787934255,301.0265907208882,478.1842548372211,137
3825000,7650.000000641011,-621930.3602654473,300.1577390643728,481.16449148195414,137
3830000,7660.000000643048,-622506.5636793431,301.29999278116327,479.9499967944701,137
3835000,7670.0000006450855,-622721.2921609012,301.30557786124837,479.3232182379943,137
3840000,7680.000000647123,-622177.0053800838,298.8274797336595,480.8285309008673,137
3845000,7690.00000064916,-622546.9205130916,299.63962281251906,479.9284629630793,137
3850000,7700.000000651197,-622747.6972439056,301.8167747135427,479.0630240883342,137
3855000,7710.000000653235,-621680.9441967625,301.6306562085908,481.7632854266774,137
3860000,7720.000000655272,-622263.8849296565,299.54740227514117,480.020787680904,137
3865000,7730.000000657309,-620989.8654034552,299.24855283632127,481.18748976350275,137
3870000,7740.000000659346,-624017.994158871,299.2548813229706,478.25899511685054,137
3875000,7750.000000661384,-621006.6991776028,301.5741573097094,480.0787879839375,137
3880000,7760.000000663421,-622600.3406573492,298.8549667148292,477.57826324348713,137
3885000,7770.000000665458,-620583.1730232197,297.40953655178095,480.1654492691341,137
3890000,7780.000000667495,-622470.1948548546,302.55147007777504,479.5794978713759,137
3895000,7790.000000669533,-621671.8959461707,299.9807892403796,481.20816973062404,137
3900000,7800.00000067157,-622629.9511201219,300.7896537056738,480.2929095923443,137
3905000,7810.000000673607,-622205.1654071738,299.42102315922233,479.2340694244258,137
3910000,7820.0000006756445,-622433.7775887991,299.56655929045013,481.10722375363395,137
3915000,7830.000000677682,-622116.087805084,297.34594669797923,480.6540611860059,137
3920000,7840.000000679719,-624087.0007864735,300.12752625913424,478.5092047949235,137
3925000,7850.000000681756,-621102.5774910972,301.8408687109064,480.0707992572762,137
3930000,7860.000000683794,-621199.0229463824,301.3978365220398,482.3492024314025,137
3935000,7870.000000685831,-621146.143746383,302.90721871131854,481.2641445395532,137
3940000,7880.000000687868,-623313.4814491989,299.6048161359477,478.7376735535634,137
3945000,7890.000000689905,-621753.0375129902,299.78923814899673,480.2045162947989,137
3950000,7900.000000691943,-621335.3268554071,298.931690084599,481.6947670026297,137
3955000,7910.00000069398,-621443.1654442628,302.967529951555,481.0757717794646,137
3960000,7920.000000696017,-621718.4095705417,300.4151483526636,480.03214519908437,137
3965000,7930.0000006980545,-621835.0038817041,299.46959238808523,480.0978235141233,137
3970000,7940.000000700092,-621211.1936656516,301.1813336564883,481.5676667199165,137
3975000,7950.000000702129,-621129.4651277987,301.1347659068368,480.50890479167896,137
3980000,7960.000000704166,-621832.2724188543,301.628521297432,479.36695867660586,137
3985000,7970.0000007062035,-623253.8507866855,302.0889568245843,479.9269351551074,137
3990000,7980.000000708241,-621716.9574515447,299.08687143945497,479.7820956313426,137
3995000,7990.000000710278,-620825.9096728596,301.28535339036,480.8212980052985,137
4000000,8000.000000712315,-620877.8870899626,298.83213079011267,480.73698948359566,137
4005000,8010.000000714353,-622682.6591935498,299.11786577467126,480.34848110935036,137
4010000,8020.00000071639,-621533.1271440308,299.99336996685116,482.1284892295485,137
4015000,8030.000000718427,-622511.4154946674,300.0170827300794,479.7502589857676,137
4020000,8040.000000720464,-622834.5228156345,297.8480129927283,480.3091616238447,137
4025000,8050.000000722502,-623462.8528962247,300.60738566549037,479.31772738104235,137
4030000,8060.000000724539,-620930.281734583,299.39711977892637,480.844591934813,137
4035000,8070.000000726576,-620559.3440268235,299.164586017977,480.7945679833239,137
4040000,8080.0000007286135,-622817.4059008784,298.5446802519443,479.5757399457973,137
4045000,8090.000000730651,-622340.9790365109,300.5502386685787,480.44039602134126,137
4050000,8100.000000732688,-622096.1718598278,301.3342466682381,478.9814655287237,137
4055000,8110.000000734725,-621754.4165217257,299.9847159519753,479.91146865585483,137
4060000,8120.000000736763,-622028.6980735818,299.0495867410029,479.46707887219293,137
4065000,8130.0000007388,-622121.9899310931,300.92053138439155,479.834639842284,137
4070000,8140.000000740837,-620689.095790999,300.43032147125655,481.11130261951763,137
4075000,8150.000000742874,-623025.572607168,299.0195073677118,480.13036827595766,137
4080000,8160.000000744912,-622399.3931164094,302.00377005700636,480.2561602640676,137
4085000,8170.000000746949,-621139.0017633191,298.7345157897174,481.2020322815461,137
4090000,8180.000000748986,-622048.8306638873,297.0104797204444,479.5813590078707,137
4095000,8190.000000751023,-621325.1671455782,299.175775239854,480.40044416123357,137
4100000,8200.00000075306,-623626.5709884809,301.03219486268,477.73847223748356,137
4105000,8210.000000755097,-621816.6397755225,301.40542308133627,481.26531360734236,137
4110000,8220.000000757134,-620935.5658691744,299.0136744854386,481.53935070500876,137
4115000,8230.000000759172,-621820.2723932383,299.50792548040994,480.14846095991874,137
4120000,8240.000000761209,-620453.2011989905,301.83680856736333,481.1136291214527,137
4125000,8250.000000763246,-620562.6585515356,299.32300786298475,482.2271048036841,137
4130000,8260.000000765283,-622103.6340627237,300.35378871855454,479.79263264575303,137
4135000,8270.00000076732,-621718.339992052,297.1920615391839,479.22504793892267,137
4140000,8280.000000769358,-621834.8972124946,301.1446970560666,480.34447718617065,137
4145000,8290.000000771395,-622758.6023422554,300.3371859719535,479.67432250214955,137
4150000,8300.000000773432,-622362.837700543,300.76944829649216,481.1643620310934,137
4155000,8310.00000077547,-622223.7674982785,301.43033673209135,481.7335052119182,137
4160000,8320.000000777507,-622574.587083966,300.8005951253627,480.0826508247957,137
4165000,8330.000000779544,-622106.9747006022,299.70969364662426,479.3098596113937,137
4170000,8340.000000781582,-620700.720619672,301.0081008653163,478.41335408948555,137
4175000,8350.000000783619,-622116.8060998907,303.0903635900136,479.6699099155438,137
4180000,8360.000000785656,-621366.3623063941,300.1580631133879,481.1149364882992,137
4185000,8370.000000787693,-621048.3819368687,299.0567920661639,479.9289677183133,137
4190000,8380.00000078973,-622407.0242497614,298.4655741688277,480.4157995951195,137
4195000,8390.000000791768,-622317.5175363217,301.6678074750954,481.4246752000389,137
4200000,8400.000000793805,-622519.834265057,300.21059717726007,478.4422333778517,137
4205000,8410.000000795842,-622799.0370067637,298.7170743280182,480.6144555468909,137
4210000,8420.00000079788,-621917.2445066203,299.4052781894261,478.8559684325479,137
4215000,8430.000000799917,-621283.2605043096,301.6882225630515,481.1057021444929,137
4220000,8440.000000801954,-621658.1345995879,301.3928614165715,481.21854758865055,137
4225000,8450.000000803991,-621067.524382812,300.6862439464189,479.9416711279641,137
4230000,8460.000000806029,-622350.4829266039,300.8218679901237,478.40266959890386,137
4235000,8470.000000808066,-622153.3286069734,300.91807242421754,479.6758061949737,137
4240000,8480.000000810103,-622819.8491627425,299.0227478578635,479.4848145404872,137
4245000,8490.00000081214,-622131.4103280935,300.8067711183578,480.12491181349355,137
4250000,8500.000000814178,-621651.5984155461,298.8056350176953,480.9994106969112,137
4255000,8510.000000816215,-621977.8439006247,298.1514753645877,480.40896519117314,137
4260000,8520.000000818252,-622885.8116201912,299.02352938784134,480.24020563998414,137
4265000,8530.00000082029,-620830.332839679,300.68347999893655,480.7181252476919,137
4270000,8540.000000822327,-622693.1731722006,300.1037372490789,481.09432212960655,137
4275000,8550.000000824364,-621153.7946631471,300.2603101085295,480.73100892426584,137
4280000,8560.000000826401,-621180.6995156999,299.80820454723795,479.86452070029145,137
4285000,8570.000000828439,-622419.5871523684,298.3070760769928,478.89745872065896,137
4290000,8580.000000830476,-623051.5814491413,301.80697699626035,479.5127458898185,137
4295000,8590.000000832513,-622082.6056468445,298.9212442692862,479.53105141970553,137
4300000,8600.00000083455,-621583.8430529777,297.92126713186497,479.4186827577897,137
4305000,8610.000000836588,-621461.410134621,300.5936993600258,480.7795688723688,137
4310000,8620.000000838625,-621548.8813945581,301.2660057579833,479.85353475438274,137
4315000,8630.000000840662,-621327.5055496404,299.3266867723924,480.99435733063615,137
4320000,8640.0000008427,-622434.072250078,300.605212630918,480.9804160067275,137
4325000,8650.000000844737,-621889.8030222286,302.7419155901649,479.75388435560893,137
4330000,8660.000000846774,-620930.0095599247,301.6235652536704,481.14321361620927,137
4335000,8670.000000848811,-622987.6072277753,301.1209842928384,478.47496393382534,137
4340000,8680.000000850849,-621389.8859458137,300.9426239025439,480.0737041393737,137
4345000,8690.000000852886,-622838.7582787154,298.80735057130505,479.64787814116204,137
4350000,8700.000000854923,-623285.8145648944,300.050173853041,478.8319010701193,137
4355000,8710.00000085696,-623160.6434604144,299.5525108125569,481.08888010150747,137
4360000,8720.000000858998,-622568.2035739692,300.2231588420249,478.04090119285877,137
4365000,8730.000000861035,-621036.7051384351,300.6056701118806,480.1116577339801,137
4370000,8740.000000863072,-622351.0550262164,299.7563185813961,480.0749821579749,137
4375000,8750.00000086511,-622321.8353421832,299.40767996447977,479.27948552554983,137
4380000,8760.000000867147,-620997.658265199,301.0741687409988,480.022821355229,137
4385000,8770.000000869184,-621927.1516721854,299.75647107505034,480.396666987886,137
4390000,8780.000000871221,-622559.7865699488,299.47395751893674,481.4566580898636,137
4395000,8790.000000873259,-622484.6816533483,301.59308558453705,479.03774468610044,137
4400000,8800.000000875296,-622123.8817997673,302.9321514237804,480.248884545646,137
4405000,8810.000000877333,-621600.1252016481,300.8253372207567,481.40201524521984,137
4410000,8820.00000087937,-623274.185520303,297.75072204134824,480.25566643374106,137
4415000,8830.000000881408,-622295.0773965791,300.2736151798585,482.599197627786,137
4420000,8840.000000883445,-622203.6906418814,297.8329351826692,481.5431571145312,137
4425000,8850.000000885482,-622871.7093353854,301.442059681758,480.5892391699401,137
4430000,8860.00000088752,-622200.664052966,299.8875965559562,479.7372217462398,137
4435000,8870.000000889557,-621841.7738282643,301.56920126594787,478.8487905180973,137
4440000,8880.000000891594,-621926.4159480226,299.7450149892785,481.6426144979796,137
4445000,8890.000000893631,-621512.5081760315,301.76281102166246,478.9739447047991,137
4450000,8900.000000895669,-621610.5028424789,300.46934078502517,480.6539168656424,137
4455000,8910.000000897706,-622061.8723663012,300.0828074950399,481.36328466895793,137
4460000,8920.000000899743,-622342.4185143793,298.2203262494594,478.58289735525096,137
4465000,8930.00000090178,-621323.9443880161,301.473587744764,479.95607316544834,137
4470000,8940.000000903818,-621341.0229586256,301.26440457461416,480.18358024704656,137
4475000,8950.000000905855,-620437.5376714664,301.6641857508081,481.3767299963362,137
4480000,8960.000000907892,-621916.1739209094,301.49314505591525,480.50488768350044,137
4485000,8970.00000090993,-621747.5979917711,302.82693080238187,482.41169045583644,137
4490000,8980.000000911967,-622196.7216903744,299.4432109859085,481.82426967518586,137
4495000,8990.000000914004,-621220.631256497,298.10061873091183,480.8492347581368,137
4500000,9000.000000916041,-620883.6194712655,299.9547509489248,479.5071439776871,137
4505000,9010.000000918079,-621869.7725259312,301.51887836006165,481.07987725544507,137
4510000,9020.000000920116,-622377.5311065814,301.7941675293075,478.0921872973002,137
4515000,9030.000000922153,-622790.8458702671,300.594957432673,478.5150269298716,137
4520000,9040.00000092419,-622466.2602615245,301.2319424879762,480.37454466855917,137
4525000,9050.000000926228,-622618.4354983368,300.23825571379075,479.5152571569888,137
4530000,9060.000000928265,-621474.0901973164,300.06698627841655,478.80173806784126,137
4535000,9070.000000930302,-622899.1949253492,300.6531147000438,478.4575152421028,137
4540000,9080.00000093234,-622891.1927312189,300.2776753234016,480.05435827727456,137
4545000,9090.000000934377,-620575.5129858339,301.17431894839507,481.9381482441957,137
4550000,9100.000000936414,-621575.7098985133,300.0510506915526,479.23729452062923,137
4555000,9110.000000938451,-622696.6490773023,300.5188630992268,479.10256691754586,137
4560000,9120.000000940488,-621854.6594556626,301.9451362469662,480.4472209636637,137
4565000,9130.000000942526,-622501.7704041922,297.5344479162781,480.83296012733217,137
4570000,9140.000000944563,-621837.2073364048,301.2692081247215,479.6286116655204,137
4575000,9150.0000009466,-622681.5598118845,302.12164765170354,480.0269763346046,137
4580000,9160.000000948638,-621811.6051223101,301.0729869151787,482.87328686510773,137
4585000,9170.000000950675,-620781.9434513166,298.33507772424537,478.9521647484772,137
4590000,9180.000000952712,-623401.6160197086,299.5144064607135,479.7780086128718,137
4595000,9190.00000095475,-621351.0424342132,298.0580730013898,481.7167282001848,137
4600000,9200.000000956787,-622371.5052728327,299.61632940683984,479.57059389455367,137
4605000,9210.000000958824,-622382.0839549857,298.2091751509959,480.19274821256874,137
4610000,9220.000000960861,-621902.9711744809,300.99237495722684,480.5137894482647,137
4615000,9230.000000962898,-622154.949738685,300.023468401849,479.04973251963526,137
4620000,9240.000000964936,-622722.8255089577,299.80511655074037,476.67162912973487,137
4625000,9250.000000966973,-622528.9620787804,298.3386994485327,478.8185506528487,137
4630000,9260.00000096901,-621939.6507746847,301.06116865697817,480.7740124229907,137
4635000,9270.000000971047,-622600.6432156186,299.84026633803364,480.61347874348786,137
4640000,9280.000000973085,-621759.6706689582,302.0700666731702,481.6273969753174,137
4645000,9290.000000975122,-622612.9168146146,302.38580478419277,481.3981561160941,137
4650000,9300.00000097716,-621391.6554409214,300.2757119676038,479.1286358271627,137
4655000,9310.000000979197,-623087.682586363,301.1701253729046,479.35804195355854,137
4660000,9320.000000981234,-622369.084656897,299.28732434790186,478.5739928065026,137
4665000,9330.000000983271,-620605.4597874358,300.87188590870153,480.9823213566001,137
4670000,9340.000000985308,-622820.510238721,301.10569680400476,480.2215336735673,137
4675000,9350.000000987346,-622353.5625025146,300.2463569391702,479.5305017212527,137
4680000,9360.000000989383,-623177.0648948285,302.11642474404715,479.4219668742965,137
4685000,9370.00000099142,-623260.7417734498,300.3800938739042,478.65069675703904,137
4690000,9380.000000993457,-621540.7295554313,299.32622929142974,481.5643651580211,137
4695000,9390.000000995495,-621609.1670921785,298.03226345041634,480.03622559592657,137
4700000,9400.000000997532,-622105.2143275063,300.91269702290697,480.39231168468206,137
4705000,9410.00000099957,-621758.8596071908,297.99154764474474,482.4510282235066,137
4710000,9420.000001001607,-621046.0693335314,300.94241422376933,480.5348104809865,137
4715000,9430.000001003644,-620912.1800839338,300.4587424760582,480.3101659752774,137
4720000,9440.000001005681,-622068.5826646411,302.8192298728447,479.838823931955,137
4725000,9450.000001007718,-621699.0154694323,301.5104340239603,481.59414816549395,137
4730000,9460.000001009756,-621276.7651072359,300.4207143710419,480.0794352585882,137
4735000,9470.000001011793,-622541.7196780941,301.63118993638045,478.87396596335435,137
4740000,9480.00000101383,-620304.7876247424,299.9121289725757,480.6880925126874,137
4745000,9490.000001015867,-621050.258334822,298.4877810572207,480.16005940469546,137
4750000,9500.000001017905,-622541.379408814,300.9100474456652,481.868217944037,137
4755000,9510.000001019942,-622181.4418804157,301.762086676805,480.6742185908621,137
4760000,9520.00000102198,-622548.8588043386,299.62528840902417,480.2517057023183,137
4765000,9530.000001024016,-623364.1521454472,301.99381984606975,480.40526190471047,137
4770000,9540.000001026054,-622623.7729828884,300.3027986529312,477.89578996948705,137
4775000,9550.000001028091,-622835.9671273921,300.5114671569981,478.69732887310704,137
4780000,9560.000001030128,-620366.5481478376,301.8373994802734,481.3580648916412,137
4785000,9570.000001032166,-621038.3511543875,300.94853303164416,483.264054653538,137
4790000,9580.000001034203,-621480.1721043382,301.91486625660735,479.836866470074,137
4795000,9590.00000103624,-622509.3323009075,300.71451245756634,480.0080840034629,137
4800000,9600.000001038277,-623034.3791989079,301.06961299307955,478.6652166444805,137
4805000,9610.000001040315,-623093.872323338,301.41394366426476,477.38474856446743,137
4810000,9620.000001042352,-620921.8474007351,301.7378592474939,481.6586108403269,137
4815000,9630.00000104439,-622018.4142919164,303.31372867000414,480.1231723260019,137
4820000,9640.000001046426,-622409.4452509955,298.70148185187617,480.33852999679704,137
4825000,9650.000001048464,-621155.1302963863,298.0789646320153,480.84040671653526,137
4830000,9660.000001050501,-623492.8211903181,301.69660971403255,479.81717725537413,137
4835000,9670.000001052538,-621249.9353764108,302.86375801987134,481.2411548034937,137
4840000,9680.000001054575,-622196.3395704227,300.09559790028595,480.9008473795784,137
4845000,9690.000001056613,-621230.7302003838,299.28034776322215,479.10097687305915,137
4850000,9700.00000105865,-621094.6064661932,298.41753866775446,480.9999544926692,137
4855000,9710.000001060687,-622573.4182127416,300.99024004606804,480.6418690622243,137
4860000,9720.000001062725,-621350.1308217803,299.26159104375546,481.11450778396784,137
4865000,9730.000001064762,-622439.892751751,299.710818287324,480.0389544598482,137
4870000,9740.000001066799,-621578.2081949748,302.4387200822004,480.74757402435847,137
4875000,9750.000001068836,-622033.0702601359,300.4019004664549,480.6604173182011,137
4880000,9760.000001070874,-621821.0974401245,301.04656738958846,481.5175389613494,137
4885000,9770.00000107291,-622510.2591615841,301.2812169999898,479.85860182154755,137
4890000,9780.000001074948,-622285.4533010605,301.53065849484864,479.26672306648936,137
4895000,9790.000001076985,-621549.9978076513,301.7101054024293,481.0386511998028,137
4900000,9800.000001079023,-623723.0868644454,301.91785894457104,478.7471471052667,137
4905000,9810.00000108106,-621616.3552402682,297.942368441265,480.76889618206417,137
4910000,9820.000001083097,-622603.5540351323,300.4707322896197,479.176022327036,137
4915000,9830.000001085134,-623279.8069374743,297.9772323029566,480.6884140416608,137
4920000,9840.000001087172,-621404.1353388065,299.54423803181646,481.3767283496664,137
4925000,9850.000001089209,-621199.5792716993,300.7564482124715,481.1711177835009,137
4930000,9860.000001091246,-622711.2289670897,298.0642108709714,481.214978218631,137
4935000,9870.000001093284,-623378.5600380138,300.1187959974312,479.95284058901336,137
4940000,9880.00000109532,-622545.4964030925,299.61663439414826,481.30978577076615,137
4945000,9890.000001097358,-621433.0055766855,301.108136702472,479.12827109406413,137
4950000,9900.000001099395,-621469.833957653,300.84457048289283,479.75335464566683,137
4955000,9910.000001101433,-621888.3496331451,300.64970265453104,480.80415267606594,137
4960000,9920.00000110347,-622839.9876331692,301.8280401822468,478.58192595828274,137
4965000,9930.000001105507,-622976.1928348015,300.8469531962397,478.76944837737886,137
4970000,9940.000001107544,-622229.5180698605,301.3154899487714,479.6026743729674,137
4975000,9950.000001109582,-622297.6041890737,301.781072136753,479.15082835002045,137
4980000,9960.000001111619,-622280.735838226,300.67290075167637,481.1481811214111,137
4985000,9970.000001113656,-621370.3190481309,300.6017815236985,480.70975597757746,137
4990000,9980.000001115694,-621642.4821503349,299.1770333125011,478.404215607548,137
4995000,9990.00000111773,-622488.0704715671,301.5032477605061,479.7829984234126,137
5000000,10000.000001119768,-622240.8683342333,299.31873804066714,479.52400195777585,137
5005000,10010.000001121805,-622281.6437437893,300.23955190985146,480.14813449748374,137
5010000,10020.000001123843,-622416.8785242136,298.35309103714786,481.3997816509082,137
5015000,10030.00000112588,-623427.9193897471,299.8505596596922,480.3247397290919,137
5020000,10040.000001127917,-622776.1142164338,299.9366423274885,477.67189008399384,137
5025000,10050.000001129954,-621228.9602438835,301.832176572617,480.92667045241427,137
5030000,10060.000001131992,-621753.9936180883,301.4790012694881,479.3525066576557,137
5035000,10070.000001134029,-620794.3467270695,300.67114707465305,481.34389313818474,137
5040000,10080.000001136066,-622286.5132583496,301.3439109535731,479.276008994752,137
5045000,10090.000001138103,-622084.9063339997,299.57974999153845,479.9720693811914,137
5050000,10100.00000114014,-620943.9906862527,299.1982680538486,480.5900914130058,137
