#"Step","Time (ps)","Potential Energy (kJ/mole)","Temperature (K)","Box Volume (nm^3)","Speed (ns/day)"
55000,109.99999999992504,-1534035.6125625642,300.16642003764554,1193.6865277149943,--
60000,119.99999999990173,-1530208.2069342695,298.51688742891423,1191.58521096477,59.6
65000,129.99999999989262,-1531853.746429964,299.4459356013967,1194.5900287128427,60.1
70000,139.99999999994037,-1532418.8994131498,298.9613782151003,1198.2804093267894,60.8
75000,149.99999999998812,-1530861.8238425422,299.41201875851254,1194.1320304077312,60.3
80000,160.00000000003587,-1533245.329946083,300.39765712122846,1194.8458800045146,60.4
85000,170.00000000008362,-1533607.712808621,299.4501907364472,1194.164040664146,60.4
90000,180.00000000013137,-1536081.2534959652,299.9341579945249,1193.0010948154652,60.6
95000,190.0000000001791,-1532209.1816011602,300.77437634040604,1196.2572090971007,60.7
100000,200.00000000022686,-1534287.7793396749,301.0044331675516,1192.521905667833,60.3
105000,210.0000000002746,-1531728.1780371238,299.1005242371891,1192.8069140308417,60.2
110000,220.00000000032236,-1532411.4423413547,300.1202036803089,1190.7126346864757,60
115000,230.0000000003701,-1533268.9124827012,300.57478876497237,1194.3734459451264,59.6
120000,240.00000000041786,-1531248.6291033179,301.0019173577772,1193.4582422501405,59.8
125000,250.0000000004656,-1532149.8302823668,299.6771416255997,1193.6720458406223,60
130000,260.00000000051335,-1533866.321759087,299.88819011222773,1193.0306675696988,59.8
135000,270.0000000005611,-1534749.5596640678,299.9664908090326,1193.9535419894394,59.7
140000,280.00000000060885,-1533770.5740012042,299.05409046419294,1195.1452040978052,59.5
145000,290.0000000006566,-1532770.6451642876,298.70706401222895,1194.0061067105457,59.5
150000,300.00000000070435,-1530770.088706131,300.447942257336,1196.7437994777529,59.3
155000,310.0000000007521,-1531701.1811345024,302.0857965392134,1195.0501506624507,59.4
160000,320.00000000079984,-1530026.033074826,301.2579708859246,1194.2703037556794,59.6
165000,330.0000000008476,-1533393.7325611692,301.392830713583,1190.219704341742,59.5
170000,340.00000000089534,-1533808.9785131514,300.3749527144992,1191.3958414958372,59.4
175000,350.0000000009431,-1531641.375527827,299.852751359727,1193.4331856475408,59.3
180000,360.00000000099084,-1533946.368538756,299.6345592157149,1193.4172008317494,59.3
185000,370.0000000010386,-1534726.0721837813,299.9087203623618,1192.9915975972197,59.3
190000,380.00000000108633,-1533028.4292461984,299.5122163181685,1191.927654034426,59.4
195000,390.0000000011341,-1533524.1355612185,300.0803855552379,1192.8634977197974,59.5
200000,400.00000000118183,-1534969.2016280303,299.65036844009956,1192.5315842425482,59.4
205000,410.0000000012296,-1531522.342126296,299.40527887306763,1195.1130095212648,59.4
210000,420.00000000127733,-1534017.8030399494,301.0931076972533,1195.0347358407055,59.4
215000,430.0000000013251,-1533889.1541332928,299.92602043698315,1190.2015541174926,59.3
220000,440.0000000013728,-1533484.023792426,298.9578374457882,1193.444190300856,59.3
225000,450.0000000014206,-1532878.2758404538,300.0165585294807,1193.2048473383466,59.2
230000,460.0000000014683,-1533453.1652325848,299.780755717048,1194.1763626047393,59.3
235000,470.00000000151607,-1532317.4903730806,299.0301126228866,1192.7058169335016,59.3
240000,480.0000000015638,-1531992.3450235547,299.3398367595539,1194.7237163852312,59.3
245000,490.00000000161157,-1533398.5778189655,300.24136632141796,1192.354831265404,59.3
250000,500.0000000016593,-1533922.407226394,300.0152540355236,1196.2487776252128,59.2
255000,510.00000000170706,-1532516.7780729346,299.5282740175926,1192.8339586225254,59.1
260000,520.0000000015274,-1533218.8553684019,299.7127356750001,1191.3821817443954,59
265000,530.0000000012909,-1531734.811024052,300.1422558400596,1192.9787128491876,59.1
270000,540.0000000010544,-1533438.2345596822,299.2546719397844,1193.6662528933698,59.2
275000,550.000000000818,-1533960.060512836,299.77538244432003,1193.332349346969,59.2
280000,560.0000000005815,-1531964.5265552355,301.07416147549566,1194.2420091592433,59.1
285000,570.000000000345,-1530761.319543086,301.7880923825791,1194.959999773802,59.1
290000,580.0000000001086,-1531524.852129125,301.9192250846459,1195.2509001113083,59.2
295000,589.9999999998721,-1533625.2013115874,299.977516888908,1192.4902268701594,59.3
300000,599.9999999996356,-1532533.9820741815,300.69060919273335,1194.3271377370772,59.4
305000,609.9999999993992,-1533782.697888107,301.01365780339097,1196.1762272196258,59.5
310000,619.9999999991627,-1532276.8558620485,302.2101272370754,1193.6936755544054,59.5
315000,629.9999999989262,-1532564.11874081,300.5919956614539,1191.8579982519504,59.6
320000,639.9999999986898,-1531657.5469820257,301.5136827608928,1195.68422935666,59.6
325000,649.9999999984533,-1532076.009177329,300.7847501733029,1195.2006159012774,59.7
330000,659.9999999982168,-1533507.805427136,301.286421277941,1192.87355968912,59.8
335000,669.9999999979804,-1530692.3133117855,299.85570200082043,1192.1099847483217,59.9
340000,679.9999999977439,-1533735.9140794165,299.63157751524153,1195.8360802058548,60
345000,689.9999999975074,-1532742.4591661645,298.2572931314548,1190.9662645906205,60.1
350000,699.999999997271,-1531594.5889251987,299.7249730706927,1193.8354475836,60.1
355000,709.9999999970345,-1532947.3591684876,301.23837241718843,1196.0492414901262,60.1
360000,719.999999996798,-1534355.9611012246,302.32427045832014,1190.7510022860613,60.1
365000,729.9999999965615,-1533873.3577458654,298.96001160238336,1193.611629458417,60.1
370000,739.9999999963251,-1534246.9382178439,299.08797624769716,1191.5334083443086,60.2
375000,749.9999999960886,-1532029.9898185767,299.0677255319825,1194.7707381320993,60.2
380000,759.9999999958521,-1532957.4872382358,301.59480986127136,1195.6764514630283,60.2
385000,769.9999999956157,-1534406.0941497693,299.6293722992665,1194.2448768496372,60.2
390000,779.9999999953792,-1531592.2565708254,298.6158736727529,1194.747335384209,60.2
395000,789.9999999951427,-1532181.8371787034,300.42694611650296,1191.6451954370973,60.3
400000,799.9999999949063,-1532435.9491391154,299.51724793771723,1193.63151934243,60.3
405000,809.9999999946698,-1533383.688982877,299.4557814248347,1192.258375773968,60.3
410000,819.9999999944333,-1530623.3665892323,299.99385412275143,1193.8823906048212,60.3
415000,829.9999999941969,-1532541.5164587386,301.6885160105218,1195.6620778641668,60.3
420000,839.9999999939604,-1534909.2944923583,300.2402792431204,1193.2653411056858,60.3
425000,849.9999999937239,-1533052.8380337767,300.45996223736915,1193.831925208326,60.3
430000,859.9999999934874,-1534901.4195282208,300.46313029412204,1192.5743442752307,60.4
435000,869.999999993251,-1532474.2964092297,300.4919223393176,1192.1625181719146,60.4
440000,879.9999999930145,-1534351.8083082726,300.9677520398536,1190.321988570524,60.5
445000,889.999999992778,-1532836.1170050874,299.5996795320529,1194.3671192108127,60.5
450000,899.9999999925416,-1532786.131987948,299.7755998599795,1195.5644026032646,60.6
455000,909.9999999923051,-1533452.4011987858,299.62667013321254,1195.308061166067,60.6
460000,919.9999999920686,-1532862.6858310737,298.8343764105643,1196.1082776554292,60.7
465000,929.9999999918322,-1533354.8153686263,299.92279026147037,1190.4410282775082,60.7
470000,939.9999999915957,-1533814.7965414887,300.2603436025555,1194.6286306984036,60.6
475000,949.9999999913592,-1534599.7850603554,301.30052223642946,1191.6143944100916,60.6
480000,959.9999999911228,-1533942.664332834,298.8884818504033,1194.907256739999,60.6
485000,969.9999999908863,-1535464.8544409825,301.03546148810216,1196.36858934164,60.6
490000,979.9999999906498,-1534087.943863362,300.35035368559426,1193.5005831815008,60.6
495000,989.9999999904134,-1532127.898609439,300.8307180556,1193.2807945956365,60.6
500000,999.9999999901769,-1533616.2091736672,299.8434956645077,1194.2244518499572,60.6
505000,1009.9999999899404,-1531483.5968080703,300.82140024162084,1193.4730429880262,60.6
510000,1019.999999989704,-1532880.9396919357,299.1589779902184,1194.1652117396945,60.6
515000,1029.9999999894676,-1532941.6078056563,301.05676822273455,1193.6994733093368,60.6
520000,1039.9999999892311,-1532887.0545850908,299.6239058483987,1196.2281138650087,60.6
525000,1049.9999999889947,-1530756.723720817,299.26482835702166,1196.265308146557,60.6
530000,1059.9999999887582,-1531707.5849604802,299.98857402816327,1193.5822460983613,60.6
535000,1069.9999999885217,-1534518.1736767022,298.725823877707,1192.7259635126145,60.7
540000,1079.9999999882853,-1531569.2684770627,300.3284878821231,1197.9850691692232,60.7
545000,1089.9999999880488,-1532513.7321590576,300.4036515815551,1193.858230903966,60.7
550000,1099.9999999878123,-1532802.6514557637,299.97633663247063,1193.1901203484574,60.8
555000,1109.9999999875758,-1533279.3389413422,299.8056653397523,1192.847616800652,60.8
560000,1119.9999999873394,-1534344.4635917358,301.8047712696019,1190.135307846929,60.8
565000,1129.999999987103,-1533567.4908741591,300.6291426798508,1195.0860519138355,60.8
570000,1139.9999999868664,-1532817.9451470757,300.5724593114776,1192.9370706589966,60.8
575000,1149.99999998663,-1535152.031500333,299.3570747154154,1191.562662183071,60.8
580000,1159.9999999863935,-1532112.7960274592,300.1463556782104,1196.8842052442212,60.8
585000,1169.999999986157,-1532240.0314571839,301.2791533830372,1193.319811718359,60.8
590000,1179.9999999859206,-1533397.7234346243,298.73076231911597,1194.4237778453305,60.8
595000,1189.999999985684,-1534759.437379526,301.2428760272784,1194.5015048663881,60.8
600000,1199.9999999854476,-1533497.9286559224,299.90123505179855,1194.024070168615,60.8
605000,1209.9999999852112,-1532145.3241989836,301.01170106245536,1194.6939714675839,60.8
610000,1219.9999999849747,-1532704.517883908,299.9161435541652,1195.604315740914,60.8
615000,1229.9999999847382,-1531329.221034103,301.32891050968595,1195.2200457743622,60.8
620000,1239.9999999845018,-1530786.2423451627,300.57624855582907,1195.3720976936609,60.8
625000,1249.9999999842653,-1534752.6788314367,299.5822552199119,1196.1718641036102,60.8
630000,1259.9999999840288,-1530632.9347993182,301.80560987286,1193.4056365772035,60.7
635000,1269.9999999837923,-1533033.9834884787,299.3151134931292,1194.1754628454837,60.7
640000,1279.9999999835559,-1534770.2697479026,299.9607448237455,1192.473470336226,60.7
645000,1289.9999999833194,-1532799.8519468494,300.68759643288007,1194.8962343047997,60.7
650000,1299.999999983083,-1532762.1142166033,300.21555597669567,1194.4298620986024,60.7
655000,1309.9999999828465,-1531193.838904648,300.3922527891205,1196.43354297294,60.7
660000,1319.99999998261,-1530363.1833473481,300.99846976660496,1195.4033660264956,60.8
665000,1329.9999999823735,-1530852.2836559415,300.6518781459599,1197.2776241564193,60.8
670000,1339.999999982137,-1532321.0583481714,300.5251248164634,1192.7670966796115,60.8
675000,1349.9999999819006,-1533817.7356986627,299.2537712177664,1194.107952618153,60.8
680000,1359.9999999816641,-1532382.9827896962,300.3909793545434,1194.6789377546381,60.8
685000,1369.9999999814277,-1533358.7190352445,299.38210857563945,1194.6309782527164,60.9
690000,1379.9999999811912,-1531537.9706891477,299.4696028489038,1193.5744705479324,60.9
695000,1389.9999999809547,-1532449.2765556267,298.2271344735422,1193.8415299928517,60.9
700000,1399.9999999807183,-1533912.4517461685,300.46365830358087,1194.3465387966094,60.9
705000,1409.9999999804818,-1533539.194361357,300.1700229257175,1195.3221019613482,61
710000,1419.9999999802453,-1534010.4200668558,298.42498272369977,1189.5940373830788,61
715000,1429.9999999800089,-1531655.7153477017,299.35120449260853,1194.5179032579304,61
720000,1439.9999999797724,-1531941.749511811,301.64584042249726,1194.5883245334976,60.9
725000,1449.999999979536,-1534265.4610647066,301.42463551863193,1193.1003551304793,60.9
730000,1459.9999999792994,-1535257.323403759,299.29094929554327,1191.4904858242032,61
735000,1469.999999979063,-1533570.15369495,299.58846709589795,1195.853628664283,61
740000,1479.9999999788265,-1531948.107526483,300.82431982333435,1196.5458632507534,61
745000,1489.99999997859,-1532765.0356806926,300.74704408606715,1193.5448017820834,61
750000,1499.9999999783536,-1533163.035208893,300.07970224887947,1192.7901996008657,61
755000,1509.999999978117,-1530404.3923418531,298.52210540474255,1196.0342390920364,61
760000,1519.9999999778806,-1534850.953682812,300.5746645274526,1193.0710314992557,61
765000,1529.9999999776442,-1534188.7387721287,299.0533139796947,1193.1862474775662,61
770000,1539.9999999774077,-1534257.5921327192,300.57124799566026,1193.00798681196,61
775000,1549.9999999771712,-1532767.74402853,301.1411876173858,1194.1554968681278,61
780000,1559.9999999769348,-1533402.3609414864,301.58524357225275,1193.215951342674,61
785000,1569.9999999766983,-1533258.4366392083,299.09626910213865,1194.576162033314,61
790000,1579.9999999764618,-1533881.2365503004,301.06658298679264,1194.0345575206338,61
795000,1589.9999999762254,-1531953.3304464752,301.23039015654626,1196.5648267004801,61
800000,1599.9999999759889,-1533020.8332189852,302.01802497220496,1194.8062453513473,61
805000,1609.9999999757524,-1532150.9748872193,302.11738392860275,1192.67168542993,61
810000,1619.999999975516,-1532896.198372363,300.5567432652327,1193.915998109937,61
815000,1629.9999999752795,-1533242.578754128,301.25424376033294,1192.6408725948863,61
820000,1639.999999975043,-1536044.152051094,300.8819660324855,1192.763448930171,61
825000,1649.9999999748065,-1531862.4048468927,300.490400429701,1190.6565416313997,61
830000,1659.99999997457,-1533113.3430412812,299.91427999136937,1194.0508809222167,61
835000,1669.9999999743336,-1532225.1384427212,300.98551800517384,1196.6611800905798,61
840000,1679.9999999740971,-1534132.5852095755,301.5885358665254,1193.9690830938218,61
845000,1689.9999999738607,-1534456.8610039,298.66078553613244,1195.8688938417806,60.9
850000,1699.9999999736242,-1534142.1953948904,300.28304800928476,1192.3304207242,60.9
855000,1709.9999999733877,-1533416.913844794,300.1090844222938,1191.317172170857,60.8
860000,1719.9999999731513,-1531278.1221657963,301.88133264113065,1191.7321775916535,60.5
865000,1729.9999999729148,-1533009.4717054935,299.72456929875364,1192.7842640443755,60.3
870000,1739.9999999726783,-1534829.258188895,299.13723642426703,1196.6644574694317,60
875000,1749.9999999724419,-1534394.773635894,300.9442090298662,1196.022226805642,59.7
880000,1759.9999999722054,-1533882.871501646,301.0896290467011,1194.2222803225422,59.4
885000,1769.999999971969,-1532173.2872732785,300.2750657486426,1197.32247861831,59.2
890000,1779.9999999717324,-1534189.1132077882,300.27351277964607,1193.4107149677857,58.9
895000,1789.999999971496,-1532316.4656263264,299.60676107067707,1194.3468116277172,58.7
900000,1799.9999999712595,-1532011.0465876115,300.14020592098416,1197.352935676882,58.5
905000,1809.999999971023,-1535529.291630852,300.20598968767706,1192.129183827101,58.3
910000,1819.9999999707866,-1533722.0014588255,299.11173667334407,1191.5855767929615,58.1
915000,1829.99999997055,-1532208.6675006654,299.42857340801555,1192.2191178886121,57.8
920000,1839.9999999703136,-1532712.792769649,302.3610758235378,1193.3034121552175,57.6
925000,1849.9999999700772,-1534184.020470961,301.2074372747776,1194.1244978212867,57.3
930000,1859.9999999698407,-1530407.5629118579,298.8925195697942,1194.7299630815376,57.1
935000,1869.9999999696042,-1534899.668631115,300.5889829016006,1192.106965468973,56.9
940000,1879.9999999693678,-1535068.6713894028,300.6362552778549,1194.5345545471396,56.7
945000,1889.9999999691313,-1535023.7269177968,298.6974356044505,1192.3498581206247,56.5
950000,1899.9999999688948,-1533414.6058329688,300.9362578286041,1190.5694680985785,56.2
955000,1909.9999999686584,-1534345.7072173096,300.91569651909,1193.7962186666389,56
960000,1919.999999968422,-1534059.141759432,301.2967329920779,1193.051438035356,55.8
965000,1929.9999999681854,-1534167.620286204,300.2979565116514,1192.158311468771,55.7
970000,1939.999999967949,-1532595.1325862128,299.395712584049,1195.1702822201707,55.6
975000,1949.9999999677125,-1530934.0230854861,301.12317317702605,1193.5284694516529,55.5
980000,1959.999999967476,-1531841.8308297768,300.87423224688274,1193.6780614567801,55.4
985000,1969.9999999672395,-1532149.3834202914,299.4149072808461,1193.1514823638156,55.4
990000,1979.999999967003,-1534154.1827898612,301.8310164456431,1190.538089490283,55.3
995000,1989.9999999667666,-1532719.5382494824,300.8391040881813,1191.72578169614,55.3
1000000,1999.9999999665301,-1533305.95189304,299.50665668916093,1197.23400379496,55.2
1005000,2009.9999999662937,-1532891.9185687713,300.1947461921422,1194.1917175168264,55.2
1010000,2019.9999999660572,-1533367.4973846888,299.843340367608,1193.2958628404606,55.2
1015000,2029.9999999658207,-1534279.928879493,299.3376626029588,1193.4492508933267,55.2
1020000,2039.9999999655843,-1532685.5411587097,301.0393128512136,1196.559957521637,55.2
1025000,2049.999999965348,-1533414.6237944448,301.1455048711961,1190.938239383063,55.3
1030000,2059.9999999651113,-1532511.7486813376,302.2336702470628,1192.1882113862457,55.3
1035000,2069.999999964875,-1533355.0349678919,300.1647738905092,1195.2724290523704,55.3
1040000,2079.9999999646384,-1534438.4378229603,300.2973042646729,1195.1114815788799,55.3
1045000,2089.999999964402,-1531325.0323744817,299.5118125462294,1192.872281077642,55.3
1050000,2099.9999999641655,-1532712.4521721508,300.86593939244125,1195.142261157601,55.3
1055000,2109.999999963929,-1534091.742294144,299.384096375955,1191.7755064825149,55.3
1060000,2119.9999999636925,-1533485.5114087723,300.90001153222505,1192.980359152405,55.3
1065000,2129.999999963456,-1534884.1658187956,299.77320828772486,1193.2451852664076,55.4
1070000,2139.9999999632196,-1533012.63808229,301.04543154905986,1192.9703477307835,55.4
1075000,2149.999999962983,-1534567.3400482927,300.5715585894595,1194.9775789309608,55.4
1080000,2159.9999999627466,-1534677.257801488,301.3068894093152,1193.3454557634054,55.4
1085000,2169.99999996251,-1533400.6706799995,301.0644709489573,1192.605832860148,55.4
1090000,2179.9999999622737,-1532974.9015660854,300.4911769141993,1190.3560405547719,55.4
1095000,2189.9999999620372,-1533666.3445004718,300.5711858769004,1191.607574637001,55.4
1100000,2199.9999999618008,-1534432.1501424257,300.6077738264586,1192.9319040562689,55.4
1105000,2209.9999999615643,-1532580.842653228,299.00464393134354,1198.0360836453176,55.5
1110000,2219.999999961328,-1533684.4045374691,298.4326233311627,1195.2524804790203,55.5
1115000,2229.9999999610914,-1532920.6739262166,299.8811706923634,1194.6502571486149,55.5
1120000,2239.999999960855,-1534258.5619562697,300.6989020471748,1192.326865880896,55.5
1125000,2249.9999999606184,-1535543.544349309,299.51746535337674,1192.1433652782187,55.5
1130000,2259.999999960382,-1533280.4821586972,298.73243952563223,1194.6704806006753,55.5
1135000,2269.9999999601455,-1532482.3627540534,301.37257999786834,1194.5302841358327,55.5
1140000,2279.999999959909,-1534193.5985718938,300.70554875448,1193.1910581035086,55.5
1145000,2289.9999999596726,-1532313.3461325765,300.67902404401923,1192.9829861093872,55.6
1150000,2299.999999959436,-1533699.4248448825,300.06451421209346,1193.4608587807702,55.6
1155000,2309.9999999591996,-1533664.9407250704,300.50993677967733,1193.8891171556431,55.6
1160000,2319.999999958963,-1533045.716955145,300.00025235501715,1192.5474634140628,55.6
1165000,2329.9999999587267,-1532062.930198213,299.9647825431365,1194.9964860616087,55.6
1170000,2339.99999995849,-1535129.5298304837,301.68568960694813,1193.2529970519645,55.6
1175000,2349.9999999582537,-1535557.4221485844,300.75856711602137,1191.6611552638246,55.6
1180000,2359.9999999580173,-1534992.6841704836,302.14785318031466,1194.508116379544,55.7
1185000,2369.999999957781,-1533686.8561189286,300.1804899367541,1193.3020601281794,55.7
1190000,2379.9999999575443,-1533064.040325202,300.06252641177787,1193.220875912635,55.7
1195000,2389.999999957308,-1535967.1882240595,300.0276467281159,1191.8970570076144,55.7
1200000,2399.9999999570714,-1534715.4342260165,299.6495298368414,1193.0448122063851,55.7
1205000,2409.999999956835,-1533220.1879628608,301.3699399505742,1194.0213947505003,55.7
1210000,2419.9999999565985,-1532179.8221360054,300.4727587019005,1191.873771029877,55.7
1215000,2429.999999956362,-1535728.7735920139,300.164867068649,1193.062561567069,55.7
1220000,2439.9999999561255,-1533074.3835019246,300.3954829646333,1191.9092284323167,55.7
1225000,2449.999999955889,-1533705.4174762303,299.8919793565792,1191.6728276683014,55.7
1230000,2459.9999999556526,-1532557.551873779,300.61379934616514,1190.272028172458,55.8
1235000,2469.999999955416,-1534008.5674987463,300.4073165883869,1193.283699459966,55.8
1240000,2479.9999999551796,-1534764.9048351906,301.6189429994774,1189.7430579659456,55.8
1245000,2489.999999954943,-1535184.3907977669,300.7844395795035,1189.8349457347897,55.8
1250000,2499.9999999547067,-1534203.9681083867,302.75900859920796,1194.5626851737898,55.8
1255000,2509.9999999544702,-1533169.852944891,299.86803257465283,1193.0879689186681,55.8
1260000,2519.9999999542338,-1532772.3567064041,298.8296553848148,1193.5312710398034,55.8
1265000,2529.9999999539973,-1534124.088216221,299.6521388247556,1189.3413831886264,55.9
1270000,2539.999999953761,-1533481.4773804778,301.56974494166747,1190.9913710490373,55.9
1275000,2549.9999999535244,-1533127.054065805,299.7684562025955,1192.719031757556,55.9
1280000,2559.999999953288,-1532248.920907854,300.15710222366636,1191.6260822651911,55.9
1285000,2569.9999999530514,-1534674.6661328953,301.12099902043093,1192.4092520407203,55.9
1290000,2579.999999952815,-1535522.8505760273,300.35613073026127,1189.4642514525378,55.9
1295000,2589.9999999525785,-1531931.9855255773,301.4421219495328,1195.4111016862535,55.9
1300000,2599.999999952342,-1531895.0036350694,300.0330821196037,1191.4575765643347,56
1305000,2609.9999999521056,-1531611.7314575203,302.3670081651046,1193.2581083145033,56
1310000,2619.999999951869,-1533150.243383862,300.17927862093677,1194.325369366657,56
1315000,2629.9999999516326,-1533060.2676808406,299.7254389613917,1192.5395556548067,56
1320000,2639.999999951396,-1533281.7250029435,299.1773651431373,1192.5827474219443,56
1325000,2649.9999999511597,-1531867.2353567071,300.48123791262157,1194.049395741062,56
1330000,2659.999999950923,-1534141.2142411303,299.41055896765585,1194.844425376996,56.1
1335000,2669.9999999506867,-1533831.5887344666,299.48156071017706,1193.6267996324405,56.1
1340000,2679.9999999504503,-1534274.1738944612,299.6968022130957,1190.8672934279577,56.1
1345000,2689.999999950214,-1532555.9754637992,300.1055747123616,1195.561997385072,56.1
1350000,2699.9999999499773,-1532110.3050465202,300.1243035184598,1193.4966412642239,56.1
1355000,2709.999999949741,-1531744.3182754545,300.68113608185456,1195.870693242326,56.1
1360000,2719.9999999495044,-1534382.519627289,298.4712611997963,1193.0071100808163,56.2
1365000,2729.999999949268,-1534098.7561214976,299.693106146884,1194.9283507241837,56.2
1370000,2739.9999999490315,-1532819.3493964076,300.653182639917,1195.1069786472897,56.2
1375000,2749.999999948795,-1534125.815117268,301.15988536410396,1193.9136258394622,56.2
1380000,2759.9999999485585,-1531770.7554574003,299.4565889687129,1195.016501814643,56.2
1385000,2769.999999948322,-1533513.6927434364,300.9676278023339,1195.6393500573126,56.2
1390000,2779.9999999480856,-1533648.0118627958,299.575049443768,1194.0025204387327,56.3
1395000,2789.999999947849,-1533434.3845387762,300.65510832147277,1192.9952767091806,56.3
1400000,2799.9999999476127,-1534534.5439515319,301.20305790220743,1190.4128018277138,56.3
1405000,2809.999999947376,-1532547.4324388811,300.5739191023343,1193.4145428566508,56.3
1410000,2819.9999999471397,-1533045.166346034,299.7938938347586,1193.2768067683357,56.3
1415000,2829.9999999469032,-1535667.8645872585,299.61794244745204,1191.971791397277,56.3
1420000,2839.999999946667,-1534711.7956331419,300.7659903078248,1193.3797962697633,56.4
1425000,2849.9999999464303,-1531871.6051090648,299.5915419745111,1194.414181863002,56.4
1430000,2859.999999946194,-1534007.344083001,299.9022289519563,1191.5419792376756,56.4
1435000,2869.9999999459574,-1533983.71492091,301.2435903930168,1193.5265725539336,56.4
1440000,2879.999999945721,-1532690.2840338321,300.98275372036005,1194.497384893039,56.4
1445000,2889.9999999454844,-1530940.5561274048,300.72797362678983,1192.5567025577361,56.4
1450000,2899.999999945248,-1532990.9704367425,300.6772225999833,1194.2886472310934,56.5
1455000,2909.9999999450115,-1536040.8252412463,300.83904196942143,1193.1544655380014,56.5
1460000,2919.999999944775,-1533726.984401876,300.6117804864696,1195.0785034826572,56.5
1465000,2929.9999999445386,-1530149.9301184164,299.6884161805144,1195.4993327248492,56.5
1470000,2939.999999944302,-1531848.79251232,301.9664974609002,1192.918226273901,56.5
1475000,2949.9999999440656,-1530585.9944763342,300.45384353952284,1193.5414763817332,56.5
1480000,2959.999999943829,-1530581.0004597986,300.4526632830854,1193.6820727995,56.5
1485000,2969.9999999435927,-1533901.1597421383,300.38302815328115,1191.858912861972,56.6
1490000,2979.999999943356,-1533391.6520128008,300.00096672075557,1192.4638136299316,56.6
1495000,2989.9999999431197,-1534818.796625142,300.3750769520189,1193.0589677577855,56.6
1500000,2999.9999999428833,-1535374.8206276111,299.7608466545125,1191.3900181638937,56.6
1505000,3009.999999942647,-1532092.9507685537,299.11686147103256,1192.8716054458187,56.6
1510000,3019.9999999424103,-1535631.3600259656,300.77071133357424,1193.618593971746,56.6
1515000,3029.999999942174,-1535183.0387257645,299.71695975067064,1194.6494085120196,56.6
1520000,3039.9999999419374,-1533452.877948028,300.4474142478772,1190.6425109766617,56.7
1525000,3049.999999941701,-1532670.184765637,300.07103668187887,1194.7928000773707,56.7
1530000,3059.9999999414645,-1534276.497268023,298.27968694438465,1192.8960361402735,56.7
1535000,3069.999999941228,-1534612.1860993896,301.1127372253694,1192.3075202352343,56.7
1540000,3079.9999999409915,-1530400.543958392,301.7166868681188,1193.7021242971282,56.7
1545000,3089.999999940755,-1534206.6279367637,300.88423336722036,1192.7160403258908,56.7
1550000,3099.9999999405186,-1532535.2355070747,299.9427925021456,1196.1139644267646,56.7
1555000,3109.999999940282,-1534286.3863134086,300.73027202090464,1195.2749100206934,56.8
1560000,3119.9999999400457,-1534720.657350677,300.38700375391227,1193.5258027729074,56.8
1565000,3129.999999939809,-1532921.2677502995,300.5909085831563,1195.8822880115304,56.8
1570000,3139.9999999395727,-1532986.55590293,302.16996745882517,1196.3026641456897,56.8
1575000,3149.9999999393362,-1534184.1537582893,300.3773132273739,1194.4187913625235,56.8
1580000,3159.9999999391,-1531963.7108399225,300.3000685494867,1195.8691644899734,56.8
1585000,3169.9999999388633,-1533665.7134096194,299.93918961407365,1192.6101332912735,56.8
1590000,3179.999999938627,-1532453.1079229312,300.8085105989497,1193.2969007196468,56.9
1595000,3189.9999999383904,-1532356.0975280656,298.6110594688637,1191.073518948581,56.9
1600000,3199.999999938154,-1534515.2082413454,301.7235509910835,1191.3941333718317,56.9
1605000,3209.9999999379174,-1534313.3876898019,300.16101570553764,1191.8465321735662,56.9
1610000,3219.999999937681,-1533944.0312472088,301.2915150162496,1192.6592430495623,56.9
1615000,3229.9999999374445,-1534192.633903386,301.62490640042404,1191.4154246741489,56.9
1620000,3239.999999937208,-1530865.673894195,301.5721365139221,1195.3216367475186,56.9
1625000,3249.9999999369716,-1535075.8395885136,300.8930231717407,1193.769437849479,57
1630000,3259.999999936735,-1533767.3872668399,299.08325522194775,1195.3322677764174,57
1635000,3269.9999999364986,-1534561.736026411,300.3292333072415,1195.2421661674994,57
1640000,3279.999999936262,-1533564.6330078384,300.10815264089587,1193.0698690688714,57
1645000,3289.9999999360257,-1533538.220033085,300.7461744234291,1194.8594131495827,57
1650000,3299.999999935789,-1531845.473993904,301.24144729580155,1194.0914656972188,57
1655000,3309.9999999355528,-1534918.3189723054,299.1171720648319,1193.6628304527517,57
1660000,3319.9999999353163,-1533902.8445091564,299.72661921782907,1193.3709466180067,57
1665000,3329.99999993508,-1533446.1763384864,300.04976100662645,1194.2161502967865,57.1
1670000,3339.9999999348433,-1531951.5749058938,301.2149225853409,1193.7216963213955,57.1
1675000,3349.999999934607,-1535148.7708629882,300.948339927397,1192.4270231604448,57.1
1680000,3359.9999999343704,-1533198.138216462,300.2236003560977,1194.3515862123695,57.1
1685000,3369.999999934134,-1533860.8400869928,299.80923716844427,1191.6374463299724,57.1
1690000,3379.9999999338975,-1534338.255273602,300.98340596733857,1193.4275658241897,57.1
1695000,3389.999999933661,-1531160.4538256237,300.34451452216734,1195.1603509112956,57.1
1700000,3399.9999999334245,-1533812.5314521352,300.3209093934201,1191.407053767033,57.2
1705000,3409.999999933188,-1533682.4989730632,300.7467645516478,1192.4206936216556,57.2
1710000,3419.9999999329516,-1533804.943998482,300.6580900219461,1192.3294208614006,57.2
1715000,3429.999999932715,-1534669.2757806452,299.9996932861784,1194.5402220249823,57.2
1720000,3439.9999999324787,-1533504.003075461,300.03923187682994,1196.3330131463972,57.2
1725000,3449.999999932242,-1531771.6281724656,300.3417191779735,1193.0072395447414,57.2
1730000,3459.9999999320057,-1533784.9743396714,298.84043298965076,1193.7276423237442,57.2
1735000,3469.9999999317693,-1532498.1584461192,301.1600406610036,1191.9710443974761,57.2
1740000,3479.999999931533,-1532635.973136412,299.4179821594592,1194.1966213921507,57.3
1745000,3489.9999999312963,-1533377.1324623777,300.4352700303243,1191.5554602302861,57.3
1750000,3499.99999993106,-1533165.8729531486,299.919808560997,1191.4280691099923,57.3
1755000,3509.9999999308234,-1533403.2162632123,299.44292284154346,1192.417268184871,57.3
1760000,3519.999999930587,-1532229.0560796773,301.1403800735076,1194.051773571782,57.3
1765000,3529.9999999303504,-1530932.095463072,300.3370913303639,1194.7114240638227,57.3
1770000,3539.999999930114,-1532251.9501025463,300.46055236558783,1193.282512613311,57.3
1775000,3549.9999999298775,-1532939.1284190686,300.9095467618638,1194.9104321669702,57.4
1780000,3559.999999929641,-1535315.4235299937,299.638099985027,1191.591626066095,57.4
1785000,3569.9999999294046,-1533203.0612892574,299.2433042067298,1193.0152365881352,57.4
1790000,3579.999999929168,-1531406.517718684,300.1246762310189,1192.0428524387735,57.4
1795000,3589.9999999289316,-1534264.1799981017,300.79698756899546,1192.0492146502563,57.4
1800000,3599.999999928695,-1532406.9614757905,298.89543915150773,1193.729651695051,57.4
1805000,3609.9999999284587,-1533028.8824439012,299.0535624547341,1192.045669751465,57.4
1810000,3619.999999928222,-1534028.2558216564,299.163171006509,1192.7289914977737,57.4
1815000,3629.9999999279858,-1534184.0974990604,300.2281971443274,1192.9169609203234,57.4
1820000,3639.9999999277493,-1533655.6734533403,300.3988684370458,1194.8728161951046,57.5
1825000,3649.999999927513,-1533795.8401309615,298.84211019616697,1193.901172578998,57.5
1830000,3659.9999999272763,-1532176.4971941374,300.90414242975584,1192.511084569115,57.5
1835000,3669.99999992704,-1533328.2112364005,301.60589805990656,1191.0145323163874,57.5
1840000,3679.9999999268034,-1535506.7940051686,300.0542956760963,1192.9630861108697,57.5
1845000,3689.999999926567,-1533653.153478614,301.42988455384017,1194.1904126299003,57.6
1850000,3699.9999999263305,-1531817.0024338989,301.34214180553636,1191.8444796653007,57.6
1855000,3709.999999926094,-1535037.9355297023,300.1251421217179,1193.0726449522037,57.6
1860000,3719.9999999258575,-1534062.2870662678,301.35046571935777,1193.7227256268875,57.7
1865000,3729.999999925621,-1536152.0380540667,299.5198258662515,1189.715115028061,57.7
1870000,3739.9999999253846,-1534739.5407519368,299.71932026354534,1191.6305329274303,57.7
1875000,3749.999999925148,-1533229.046252273,299.04042433702347,1194.9220696205202,57.7
1880000,3759.9999999249117,-1533076.3319056183,299.40521675430773,1194.2577837064914,57.8
1885000,3769.999999924675,-1533123.2768729962,301.1801981985786,1196.705674340839,57.8
1890000,3779.9999999244387,-1536189.7228291798,301.2109780440897,1191.6484019222853,57.8
1895000,3789.9999999242023,-1532658.5181161556,298.66650046203966,1194.1932538087829,57.9
1900000,3799.999999923966,-1533504.4759506946,299.2591755498744,1192.8152812542646,57.9
1905000,3809.9999999237293,-1535348.2631940907,301.0284420682379,1191.7844160233617,57.9
1910000,3819.999999923493,-1533669.7566851256,300.33774357734245,1191.8462506767148,57.9
1915000,3829.9999999232564,-1535267.2334064944,301.66606007883206,1192.4852239806266,58
1920000,3839.99999992302,-1533982.5100934245,298.80018003326074,1193.4341316741843,58
1925000,3849.9999999227834,-1534692.6185161686,300.2259919283523,1194.9804601976107,58
1930000,3859.999999922547,-1536127.1128928307,301.0360826757008,1190.1448778137194,58
1935000,3869.9999999223105,-1532961.1331492718,299.8753315289365,1194.7189735041843,58.1
1940000,3879.999999922074,-1534559.9956484614,301.8249288071768,1196.081744485412,58.1
1945000,3889.9999999218376,-1535800.002113114,300.36532430672077,1190.1948316857133,58.1
1950000,3899.999999921601,-1534009.8882100116,300.44381135980524,1192.7704809295753,58.2
1955000,3909.9999999213646,-1532227.9991385546,299.59778490987713,1196.6339939887346,58.2
1960000,3919.999999921128,-1532176.005110832,298.8916499071562,1193.993808519224,58.2
1965000,3929.9999999208917,-1534824.4282108163,299.1368947710878,1190.322780268694,58.3
1970000,3939.9999999206552,-1532512.7221384356,301.9067702732938,1191.8248676236337,58.3
1975000,3949.9999999204188,-1535882.2750320453,299.2091699481861,1192.2291432091845,58.3
1980000,3959.9999999201823,-1533360.7432225812,300.45381248014286,1191.3716730881147,58.3
1985000,3969.999999919946,-1532125.4126385227,299.9929844601134,1193.0493993188425,58.4
1990000,3979.9999999197094,-1534182.2417395404,299.7147545346956,1194.4123630682707,58.4
1995000,3989.999999919473,-1532164.3472171435,299.68133464189026,1193.0145067638564,58.4
2000000,3999.9999999192364,-1532255.8260426177,299.3268849981229,1195.5131901463533,58.5
2005000,4009.999999919,-1532054.5536295613,299.8235866019722,1197.5175984487096,58.5
2010000,4019.9999999187635,-1532765.6424379833,300.9093914649641,1196.0415743700628,58.5
2015000,4029.999999918527,-1532863.5568895554,301.6062086537059,1192.7149366324763,58.5
2020000,4039.9999999182905,-1532543.8741573216,301.0697510435455,1195.156922782641,58.6
2025000,4049.999999918054,-1534591.795785062,300.3793942058293,1191.5944852390953,58.6
2030000,4059.9999999178176,-1535010.9696081225,300.81972303510463,1195.3438436592576,58.6
2035000,4069.999999917581,-1531907.3446252737,301.1022702143328,1193.589277077755,58.7
2040000,4079.9999999173447,-1533936.0620040735,300.90923616806447,1191.9592963631048,58.7
2045000,4089.999999917108,-1534317.6132738646,302.58047928336725,1192.4552390214844,58.7
2050000,4099.999999917781,-1534396.802034324,300.4690626356888,1193.4410007053752,58.7
2055000,4109.999999919818,-1532329.4621035997,300.57367062729486,1192.9734254970053,58.8
2060000,4119.999999921855,-1534624.405835446,299.5708253680974,1193.731020868373,58.8
2065000,4129.999999923893,-1532805.3229543073,300.5969341028628,1194.6623870540695,58.8
2070000,4139.99999992593,-1532768.8195166588,299.83259382215203,1191.6625378434214,58.8
2075000,4149.999999927967,-1533147.369574828,300.9328412968117,1193.669569494842,58.9
2080000,4159.999999930004,-1535278.756557567,298.80881454088143,1194.1596444423226,58.9
2085000,4169.999999932042,-1533801.3158416115,300.00323405549045,1193.7646045376,58.9
2090000,4179.999999934079,-1534008.3083455889,298.6694200437531,1194.5852317671356,58.9
2095000,4189.999999936116,-1535866.6977643585,300.12411716218014,1191.563535454677,59
2100000,4199.999999938153,-1532730.4356071698,301.06499895841614,1189.7128279692322,59
2105000,4209.999999940191,-1532203.938602847,300.260126186896,1195.0526506167705,59
2110000,4219.999999942228,-1532791.5983132897,300.14222478067967,1193.6606882207461,59
2115000,4229.999999944265,-1532338.882646856,298.9254114531407,1196.2183202775598,59
2120000,4239.9999999463025,-1533164.9636545768,300.72489874817666,1197.9973810386289,59.1
2125000,4249.99999994834,-1535089.5858888794,300.561526409742,1194.6163645225122,59.1
2130000,4259.999999950377,-1532317.3476336114,300.7679781081403,1192.2920878449115,59.1
2135000,4269.999999952414,-1536673.7898183204,301.647735044673,1190.270260552401,59.1
2140000,4279.999999954452,-1535644.6065707272,299.8991851327231,1191.673795594757,59.2
2145000,4289.999999956489,-1533240.1829818636,300.7133446588425,1194.890888003389,59.2
2150000,4299.999999958526,-1533142.512492706,300.95060726213194,1190.5487688005924,59.2
2155000,4309.999999960563,-1534064.3896374647,302.0147637373123,1192.6801054597988,59.2
2160000,4319.999999962601,-1532267.8144822232,299.428355992356,1192.9367356356652,59.3
2165000,4329.999999964638,-1532768.7083867816,300.6355409121165,1195.1718694637316,59.3
2170000,4339.999999966675,-1535694.7683019787,299.61061243378845,1191.8894533964842,59.3
2175000,4349.9999999687125,-1533435.493197578,300.90780743658763,1195.707350632652,59.3
2180000,4359.99999997075,-1534163.9154577618,299.07648427712286,1192.0161902790915,59.3
2185000,4369.999999972787,-1533866.9450440155,299.5506367711426,1193.729777715646,59.4
2190000,4379.999999974824,-1532078.1376842344,300.25133638237565,1192.7888388236538,59.4
2195000,4389.999999976862,-1531288.136844186,301.55048812611045,1193.6510097781368,59.4
2200000,4399.999999978899,-1535863.1917743674,300.27922770555324,1192.52946666939,59.4
2205000,4409.999999980936,-1533494.666984968,301.740291996866,1194.2029567250624,59.5
2210000,4419.999999982973,-1531679.0895326287,299.77646952261756,1194.973990995929,59.5
2215000,4429.999999985011,-1533093.8939143429,299.6722031841907,1193.110833243997,59.5
2220000,4439.999999987048,-1533815.9557394292,299.68791923043557,1193.6670936060061,59.5
2225000,4449.999999989085,-1534301.7239745166,301.42205759009767,1192.2188395611856,59.6
2230000,4459.999999991122,-1534416.455060321,299.2096668982651,1195.2372280115494,59.6
2235000,4469.99999999316,-1532413.8902316857,302.318089641714,1194.2108029374704,59.6
2240000,4479.999999995197,-1533177.233620911,299.29591879633216,1193.9471127499367,59.6
2245000,4489.999999997234,-1533634.165795004,300.8339792904928,1191.6548476530263,59.7
2250000,4499.9999999992715,-1533364.7601204533,299.6474177990062,1193.5744129544137,59.7
2255000,4510.000000001309,-1534561.569822493,299.61213434340505,1194.7019900892296,59.7
2260000,4520.000000003346,-1532393.4440471092,300.00913533767726,1197.2745182523436,59.7
2265000,4530.000000005383,-1530729.9443035275,299.8796487827468,1194.9147934747198,59.7
2270000,4540.000000007421,-1533713.3134520687,300.04836333452954,1192.085622884839,59.8
2275000,4550.000000009458,-1534835.3886235114,300.330786276238,1193.8459915481756,59.8
2280000,4560.000000011495,-1534433.5527142882,299.3500552955511,1192.9970727053442,59.8
2285000,4570.000000013532,-1533141.9026825186,300.7195875942085,1193.703446240495,59.8
2290000,4580.00000001557,-1532883.4681754056,299.5803295383562,1196.5983879014486,59.9
2295000,4590.000000017607,-1536747.7087675827,301.51619857066714,1192.4525317742105,59.9
2300000,4600.000000019644,-1534736.9809523067,300.54015755634975,1192.8218120158585,59.9
2305000,4610.000000021681,-1535542.3938392764,300.4870770760485,1191.7579941109136,59.9
2310000,4620.000000023719,-1533462.6038048044,301.0504631686087,1193.2231616201514,59.9
2315000,4630.000000025756,-1533872.8945816914,299.5323427963635,1194.1014355649754,60
2320000,4640.000000027793,-1534488.9953747578,299.77836414479333,1190.677681737849,60
2325000,4650.0000000298305,-1532020.906764172,300.415764739728,1196.698774416048,60
2330000,4660.000000031868,-1534368.1641095104,301.2610768239177,1192.0516895158764,60
2335000,4670.000000033905,-1532607.8320565494,300.443935597325,1192.8060434663223,60
2340000,4680.000000035942,-1533179.478391543,299.55243821517854,1191.7472631094834,60.1
2345000,4690.00000003798,-1530080.4062978812,300.7921423057263,1191.281885090022,60.1
2350000,4700.000000040017,-1533545.6997281834,299.51970162873175,1191.287282322463,60.1
2355000,4710.000000042054,-1533133.6100457087,299.5947721500239,1191.6173151300263,60.1
2360000,4720.000000044091,-1534027.9868232151,301.25362257273434,1193.7122689270466,60.2
2365000,4730.000000046129,-1535012.3146120831,300.1580961238242,1191.1333116175153,60.2
2370000,4740.000000048166,-1534548.9785766676,300.21033800086735,1193.1658929049177,60.2
2375000,4750.000000050203,-1532440.3668545978,300.52627401352083,1191.589503539074,60.2
2380000,4760.0000000522405,-1531507.9852243243,299.0963622802784,1193.0527014691597,60.2
2385000,4770.000000054278,-1530935.6469712555,298.9737398483126,1194.2024214957153,60.3
2390000,4780.000000056315,-1532893.067439531,300.67138343655637,1193.6874743198957,60.3
2395000,4790.000000058352,-1533628.5228505116,300.3729649141837,1193.1211907585498,60.3
2400000,4800.0000000603895,-1533589.8731731707,299.6046179734618,1194.9552738983216,60.3
2405000,4810.000000062427,-1534442.3022383573,299.65238729979507,1193.9095346417632,60.4
2410000,4820.000000064464,-1532451.1451002173,302.1186263038,1193.8486413946925,60.4
2415000,4830.000000066501,-1532576.178892145,301.0250876552054,1193.3431391071108,60.4
2420000,4840.000000068539,-1533875.9448745558,299.51724793771723,1192.7994142925613,60.4
2425000,4850.000000070576,-1535858.364933893,299.186434482077,1192.4147965406687,60.4
2430000,4860.000000072613,-1535275.8286189493,300.0809446240767,1194.7519534953828,60.5
2435000,4870.00000007465,-1532096.4782178793,299.92980968133463,1192.936786621935,60.5
2440000,4880.000000076688,-1532542.5487287287,299.549984524164,1193.1378774069137,60.5
2445000,4890.000000078725,-1533486.8990427684,301.1299441218509,1194.0055006005464,60.5
2450000,4900.000000080762,-1534447.2090654708,301.21753157325503,1194.4101423088089,60.5
2455000,4910.0000000827995,-1533314.6952880593,301.37403978872504,1194.0642050342399,60.6
2460000,4920.000000084837,-1533154.1720118737,299.6641277454088,1196.1459769343785,60.6
2465000,4930.000000086874,-1532587.4606049042,300.8728966935457,1195.188648377211,60.6
2470000,4940.000000088911,-1533206.7927881852,299.87297101606174,1192.8889357311948,60.6
2475000,4950.000000090949,-1534212.8195829196,299.8368800165825,1194.3928597320428,60.6
2480000,4960.000000092986,-1533866.008679106,299.73891873228155,1191.612420579884,60.7
2485000,4970.000000095023,-1532667.6860703668,300.7829487292669,1193.0225840304684,60.7
2490000,4980.00000009706,-1533445.3568490213,299.7041322267593,1194.1854891795956,60.7
2495000,4990.000000099098,-1533600.5419596992,301.2724445569723,1193.6353249102842,60.7
2500000,5000.000000101135,-1535144.386541903,299.0588425493223,1191.8771238870738,60.7
2505000,5010.000000103172,-1533287.1766280811,299.32909021409796,1193.5130334090572,60.8
2510000,5020.000000105209,-1532981.8189115394,297.89100986393385,1192.8020013566836,60.8
2515000,5030.000000107247,-1533902.614749737,299.05058075426075,1195.5095738828873,60.8
2520000,5040.000000109284,-1533104.7454843167,299.879120773288,1191.573131304965,60.8
2525000,5050.000000111321,-1531851.889406952,300.3254440628899,1192.4462948156195,60.8
2530000,5060.0000001133585,-1533202.6095541297,299.6237505514991,1196.0026297230488,60.8
2535000,5070.000000115396,-1536643.3654566342,300.3039820313579,1193.2884081470272,60.9
2540000,5080.000000117433,-1535291.9280845812,298.8714302508214,1194.1364962206944,60.9
2545000,5090.00000011947,-1533754.956912971,300.793198324644,1192.6099281368465,60.9
2550000,5100.000000121508,-1534787.9568655193,299.33371806170766,1193.6168913592437,60.9
2555000,5110.000000123545,-1533175.830346724,301.09844991060135,1192.147494076525,60.9
2560000,5120.000000125582,-1533458.3155140998,299.4667453859502,1193.0645533362638,61
2565000,5130.000000127619,-1534652.7324601328,300.836122387708,1192.104324404109,61
2570000,5140.000000129657,-1532553.3785889624,300.8269288112485,1194.0172434265833,61
2575000,5150.000000131694,-1533104.748205266,299.9673915310506,1194.0327360546687,61
2580000,5160.000000133731,-1532848.9301024014,299.705623076996,1194.0653573890766,61
2585000,5170.0000001357685,-1532705.7925051851,299.94850742805284,1192.0414254293762,61.1
2590000,5180.000000137806,-1534262.4743372817,301.0286284245175,1191.9133321809077,61.1
2595000,5190.000000139843,-1531772.6979060285,301.16376778659526,1195.4488138711554,61.1
2600000,5200.00000014188,-1531016.0680959104,299.4670559797495,1194.3527778060868,61.1
2605000,5210.0000001439175,-1534402.1596541703,299.8775056855316,1193.6974762019654,61.1
2610000,5220.000000145955,-1533635.6916174106,299.95055734712827,1191.9330273888124,61.1
2615000,5230.000000147992,-1532638.1123012425,299.77140684368885,1194.7014555918563,61.2
2620000,5240.000000150029,-1534421.4103781935,300.59615761836454,1192.8998405938883,61.2
2625000,5250.000000152067,-1533572.2681482565,301.02751028683997,1194.4754317636373,61.2
2630000,5260.000000154104,-1534139.2371317474,300.5801309783204,1193.2560033170787,61.2
2635000,5270.000000156141,-1531179.1452561896,301.50129006830053,1194.4323385429732,61.2
2640000,5280.000000158178,-1534737.4591743117,301.7194822123126,1193.5909091658762,61.2
2645000,5290.000000160216,-1533428.7244792301,298.868013719029,1193.0226860094435,61.3
2650000,5300.000000162253,-1535446.6992200352,299.90558336498884,1193.7986884788177,61.3
2655000,5310.00000016429,-1533799.3989032935,300.34330320635,1194.0494763713923,61.3
2660000,5320.0000001663275,-1535743.271056315,299.98714529668644,1192.5439010734244,61.3
2665000,5330.000000168365,-1533515.642064237,299.5402008194859,1190.41212414289,61.3
2670000,5340.000000170402,-1533260.9949042927,299.4944503528482,1193.8306077229456,61.4
2675000,5350.000000172439,-1532700.1128854137,299.32374800074996,1194.5327075387954,61.4
2680000,5360.000000174477,-1532417.9748873375,299.7156241973336,1194.966255836465,61.4
2685000,5370.000000176514,-1533351.3069038456,301.5167576395059,1191.7593657844604,61.4
2690000,5380.000000178551,-1534384.88065424,298.7549575760819,1192.9495688105962,61.4
2695000,5390.000000180588,-1533780.423510654,300.88187285434566,1192.8575785386959,61.4
2700000,5400.000000182626,-1531514.0363856098,301.4213742837392,1189.9990825277046,61.5
2705000,5410.000000184663,-1533125.4062676234,299.7501001090565,1191.283105133456,61.5
2710000,5420.0000001867,-1531785.6529458212,301.324872790295,1195.3285884923662,61.5
2715000,5430.000000188737,-1531807.190806617,300.9416932200919,1192.657508892662,61.5
2720000,5440.000000190775,-1534501.0373783438,298.6911305503246,1191.0379221323165,61.5
2725000,5450.000000192812,-1531527.7456374373,300.5018924002754,1195.7510475898807,61.5
2730000,5460.000000194849,-1532055.7926392155,300.91936152592183,1191.224218172766,61.6
2735000,5470.0000001968865,-1533043.0529564302,301.09366676609204,1193.1908615379307,61.6
2740000,5480.000000198924,-1532451.0046153674,299.10207720618564,1193.0813693824862,61.6
2745000,5490.000000200961,-1533817.447260392,299.11835232126924,1190.928032121345,61.6
2750000,5500.000000202998,-1533155.5461927736,301.0171364539432,1196.4243087182078,61.6
2755000,5510.000000205036,-1533702.5383969983,300.89438978445764,1195.5668258654669,61.6
2760000,5520.000000207073,-1531968.4610099737,299.8551429319816,1194.069073982436,61.6
2765000,5530.00000020911,-1534951.9413258024,301.3795994177326,1193.2802242811226,61.7
2770000,5540.000000211147,-1534642.7055773782,300.0693905347425,1192.0318446745666,61.7
2775000,5550.000000213185,-1532418.2533909567,301.0268890992414,1192.3603427667554,61.7
2780000,5560.000000215222,-1532458.1214015959,300.5057748227667,1198.0217275392747,61.7
2785000,5570.000000217259,-1532066.0374035453,301.59744990856547,1196.6512873394852,61.7
2790000,5580.000000219296,-1532347.6238532523,299.430157436392,1194.665424255035,61.7
2795000,5590.000000221334,-1534876.973763368,298.22241344779275,1195.4839275401291,61.8
2800000,5600.000000223371,-1532454.8349938253,300.3552300082433,1193.1175891552004,61.8
2805000,5610.000000225408,-1533381.5095988298,300.88507197047846,1192.5420334797438,61.8
2810000,5620.0000002274455,-1534544.0632600868,300.7630086073514,1194.7176849146406,61.8
2815000,5630.000000229483,-1533105.1588750537,300.43750630567934,1195.2346731685893,61.8
2820000,5640.00000023152,-1535298.8545032255,300.83783065360416,1193.9733931230112,61.8
2825000,5650.000000233557,-1532259.3398528239,299.6120411652652,1192.3797419486846,61.9
2830000,5660.000000235595,-1532516.7409378085,299.5376850097115,1190.3433728136597,61.9
2835000,5670.000000237632,-1532951.0740258247,301.75386494589566,1192.0766739936423,61.9
2840000,5680.000000239669,-1530734.6927556796,301.84685672940776,1194.5923144106318,61.9
2845000,5690.000000241706,-1533946.8373713428,301.21194088486754,1197.1108465996863,61.9
2850000,5700.000000243744,-1533594.0901959417,299.9605584674659,1191.0078427240487,61.9
2855000,5710.000000245781,-1533168.7842891887,301.3543170824692,1193.158417897941,61.9
2860000,5720.000000247818,-1531459.7387917899,301.27151277557437,1195.1622155695065,62
2865000,5730.0000002498555,-1535648.1270559328,300.6147000681831,1192.8294869440897,62
2870000,5740.000000251893,-1532673.3720444217,302.49550081987724,1196.316800259597,62
2875000,5750.00000025393,-1534915.3743196419,298.7577529202756,1192.4681302263434,62
2880000,5760.000000255967,-1532296.0005064728,298.6429574520523,1193.4148933327888,62
2885000,5770.000000258005,-1532554.2772690868,300.2404655994,1194.8846904060126,62
2890000,5780.000000260042,-1533160.2945792358,298.7883153501273,1194.7108289432244,62
2895000,5790.000000262079,-1534116.3417987544,300.8113991212832,1191.5082914433626,62.1
2900000,5800.000000264116,-1532946.7140999064,300.6434299946188,1193.840302512737,62.1
2905000,5810.000000266154,-1531178.4278230956,300.1948083109021,1193.7739606961543,62.1
2910000,5820.000000268191,-1534125.4782047654,300.88889227421,1193.4439893109482,62.1
2915000,5830.000000270228,-1533674.388301907,299.7386702572421,1190.604482311572,62.1
2920000,5840.000000272265,-1532137.034723308,300.8018949510245,1194.4471810664647,62.1
2925000,5850.000000274303,-1534017.0266165044,298.83257496652834,1194.0014357075052,62.1
2930000,5860.00000027634,-1533049.417957507,301.04704663681633,1195.9493750369663,62.2
2935000,5870.000000278377,-1532446.0650845487,300.36085175601073,1194.581733454077,62.2
2940000,5880.0000002804145,-1535611.550000798,300.61765070927646,1194.525435879064,62.2
2945000,5890.000000282452,-1532685.7479653247,300.7448078107122,1195.980927482705,62.2
2950000,5900.000000284489,-1533545.5084597366,301.71699746191814,1193.8638865856965,62.2
2955000,5910.000000286526,-1533619.7337203706,302.0158818749898,1194.4343869506415,62.2
2960000,5920.000000288564,-1534067.0598389087,300.546338372956,1194.641216687504,62.2
2965000,5930.000000290601,-1532151.1548305182,300.09296460410985,1197.0707966653392,62.3
2970000,5940.000000292638,-1532295.4576228317,300.6863540576828,1191.7067115984044,62.3
2975000,5950.000000294675,-1531905.5105864648,300.1560151453688,1190.9619138273315,62.3
2980000,5960.000000296713,-1534430.058578236,299.71723928509005,1193.6632336562993,62.3
2985000,5970.00000029875,-1533891.2176694367,301.00384303933293,1189.802406737234,62.3
2990000,5980.000000300787,-1535722.6421119059,300.5166145463624,1193.8759616111358,62.3
2995000,5990.000000302824,-1534007.9635056872,300.3224623624166,1195.571215589378,62.4
3000000,6000.000000304862,-1534873.57230693,300.1490578442644,1190.5127719880866,62.4
3005000,6010.000000306899,-1535008.922465547,301.4667209784378,1193.4783075200742,62.4
3010000,6020.000000308936,-1533432.0623688987,299.28073075954615,1196.1178381834213,62.4
3015000,6030.0000003109735,-1534318.2982921908,299.65313272491335,1192.1816992512022,62.4
3020000,6040.000000313011,-1533711.0686777886,300.0656323497709,1195.8706301708753,62.4
3025000,6050.000000315048,-1535080.9194352496,300.59078434563656,1195.58546555957,62.4
3030000,6060.000000317085,-1535019.7085002987,300.4720132767822,1192.3831671504902,62.4
3035000,6070.000000319123,-1533218.7946804147,300.3641440502834,1195.678468409721,62.5
3040000,6080.00000032116,-1533538.7716653403,302.05104109307115,1193.0006978619713,62.5
3045000,6090.000000323197,-1531498.2003642395,300.7612071633155,1195.0422481819203,62.5
3050000,6100.000000325234,-1533281.2103553154,301.1475237308916,1193.3589601198328,62.5
3055000,6110.000000327272,-1533242.1424870947,299.3771390748505,1194.7382928939244,62.5
3060000,6120.000000329309,-1532897.5226662792,299.8416942204717,1191.838896343439,62.5
3065000,6130.000000331346,-1531192.8563595684,299.44981802388804,1194.5471701900406,62.5
3070000,6140.0000003333835,-1534083.247265555,300.54369832566186,1192.1920835327642,62.6
3075000,6150.000000335421,-1531962.7731765937,301.3795994177326,1196.7638995123452,62.6
3080000,6160.000000337458,-1532437.5585880773,300.30683949431153,1193.549764409568,62.6
3085000,6170.000000339495,-1534447.4059823593,300.67868239084,1194.8131970886184,62.6
3090000,6180.0000003415325,-1534097.755407947,300.45073760152974,1194.040157131243,62.6
3095000,6190.00000034357,-1535209.4125905018,300.699709591053,1193.3908088741541,62.6
3100000,6200.000000345607,-1533583.467143883,300.94632106770155,1192.713093949931,62.6
3105000,6210.000000347644,-1535004.9150374597,300.8556276783043,1191.9980035122028,62.6
3110000,6220.000000349682,-1531844.1512526423,301.7995222343936,1193.4572235962858,62.7
3115000,6230.000000351719,-1534232.61181687,300.98272266098013,1193.859944381432,62.7
3120000,6240.000000353756,-1533160.6685280781,299.28551390405545,1192.6768187947778,62.7
3125000,6250.000000355793,-1533818.1619528402,300.3161573082907,1193.292125581711,62.7
3130000,6260.000000357831,-1533740.9916126681,300.98436880811647,1193.7017585220055,62.7
3135000,6270.000000359868,-1534622.3808371415,301.3060197466771,1193.5653217766499,62.7
3140000,6280.000000361905,-1530724.7790620588,299.61915376326937,1195.3626756061594,62.7
3145000,6290.0000003639425,-1533628.6796504231,300.8328922121952,1193.9994965195397,62.8
3150000,6300.00000036598,-1532889.4362139115,302.2166497068608,1191.0913154742784,62.8
3155000,6310.000000368017,-1532056.4479553401,300.4029682751966,1190.9012031895272,62.8
3160000,6320.000000370054,-1535732.8237729073,300.01705547955953,1189.568982765284,62.8
3165000,6330.000000372092,-1535430.9911093237,298.8259593186031,1196.244197965773,62.8
3170000,6340.000000374129,-1532957.04992963,300.77947007871467,1194.3275219200066,62.8
3175000,6350.000000376166,-1534226.9184114551,299.139037868303,1190.1010817913898,62.8
3180000,6360.000000378203,-1533788.0410656193,298.0794781813524,1194.9179903282998,62.8
3185000,6370.000000380241,-1533223.9254998453,302.18391312041405,1195.4804733071062,62.9
3190000,6380.000000382278,-1533992.8694201764,298.8432904526043,1195.6043198512825,62.9
3195000,6390.000000384315,-1531487.6378515912,300.2384156803246,1191.6701423966374,62.9
3200000,6400.000000386352,-1532683.713673166,299.593809309246,1193.134082419219,62.9
3205000,6410.00000038839,-1531986.7310177805,302.2513119748633,1192.3199995535026,62.9
3210000,6420.000000390427,-1535240.2417381564,300.40240920635785,1191.5627710779747,62.9
3215000,6430.000000392464,-1532582.5665783416,298.2503047709704,1194.5643909535474,62.9
3220000,6440.0000003945015,-1535416.947809523,299.69133576222794,1193.8452887313354,62.9
3225000,6450.000000396539,-1534583.6340093073,299.42897717995464,1193.211131918939,63
3230000,6460.000000398576,-1533210.8775107479,301.38947630055054,1193.9014354991718,63
3235000,6470.000000400613,-1533208.360757674,300.5070482573438,1194.3497717932958,63
3240000,6480.000000402651,-1533545.4967263062,300.64187702562236,1192.7474661771612,63
3245000,6490.000000404688,-1535871.5021712976,299.8544596256232,1189.4504339563691,63
3250000,6500.000000406725,-1535251.3386029406,299.7742643066425,1189.2734898752976,63
3255000,6510.000000408762,-1531314.9365574485,300.5274542699582,1196.3397718663896,63
3260000,6520.0000004108,-1534022.50904415,300.3836182814998,1195.9277452094746,63
3265000,6530.000000412837,-1533435.8128976654,300.45278752060517,1190.9404193975602,63.1
3270000,6540.000000414874,-1533693.4575552754,300.5247210445243,1193.658268613081,63.1
3275000,6550.0000004169115,-1532944.795018077,300.3380541711417,1194.173172049903,63.1
3280000,6560.000000418949,-1536047.079467047,300.15148047589895,1191.1954012475385,63.1
3285000,6570.000000420986,-1536506.9514473155,300.46794449801126,1193.18353785137,63.1
3290000,6580.000000423023,-1533760.4277176196,300.7452737014111,1194.5017941226706,63.1
3295000,6590.0000004250605,-1534290.6144688483,299.5919768058301,1194.1110266638593,63.1
3300000,6600.000000427098,-1533539.7449733252,301.060122635767,1192.8695847851554,63.1
3305000,6610.000000429135,-1532416.213308286,301.9556887966844,1194.9374973504491,63.1
3310000,6620.000000431172,-1534531.9876774447,299.9824863896969,1194.049033041112,63.2
3315000,6630.00000043321,-1532506.3132505715,299.5051658389242,1194.3633084174176,63.2
3320000,6640.000000435247,-1533579.6085282424,300.17496136712646,1194.8768637610422,63.2
3325000,6650.000000437284,-1532826.6565043656,301.2821350835106,1196.1704646094859,63.2
3330000,6660.000000439321,-1534676.3547826214,301.24796976558696,1194.7185223701417,63.2
3335000,6670.000000441359,-1533183.1828470333,299.3094917453618,1195.9286677922062,63.2
3340000,6680.000000443396,-1530529.8090818245,299.0222545997641,1196.075472406997,63.2
3345000,6690.000000445433,-1530425.1311962865,299.9675778873302,1195.27326441051,63.2
3350000,6700.0000004474705,-1533263.5822115578,299.03933725872594,1194.147818676358,63.3
3355000,6710.000000449508,-1533429.6730346074,298.8596276864478,1194.3375907684228,63.3
3360000,6720.000000451545,-1531667.6972505562,299.9883876718837,1192.537138216008,63.3
3365000,6730.000000453582,-1536179.5197456526,300.94458174242544,1191.2302096823266,63.3
3370000,6740.00000045562,-1532730.3011195045,300.40455230357304,1190.6034617995579,63.3
3375000,6750.000000457657,-1534947.9765356844,300.2085054974514,1191.6344482217223,63.3
3380000,6760.000000459694,-1534847.6928758705,299.3064168667487,1193.099536139065,63.3
3385000,6770.000000461731,-1533961.2523073126,299.01262619198565,1189.6782375061418,63.3
3390000,6780.000000463769,-1533857.3876008522,301.2330612632203,1192.5306044279866,63.3
3395000,6790.000000465806,-1533809.4333052626,300.40160166247966,1193.854878280733,63.4
3400000,6800.000000467843,-1533056.5424597794,298.4037381078273,1192.6148612555776,63.4
3405000,6810.00000046988,-1533351.1841186285,300.65672340922913,1191.9390618837392,63.4
3410000,6820.000000471918,-1533965.2696559727,300.41514355212934,1192.512454505851,63.4
3415000,6830.000000473955,-1532676.0110124638,300.2822094060266,1192.8488047442322,63.4
3420000,6840.000000475992,-1531909.1762404963,300.6600778222616,1193.4813775810114,63.4
3425000,6850.0000004780295,-1533511.586792427,300.96259618278515,1194.2570196979602,63.4
3430000,6860.000000480067,-1532767.8660380319,301.28288050862886,1193.1895515401286,63.4
3435000,6870.000000482104,-1533757.0069537228,301.7128665643874,1194.0240431633908,63.4
3440000,6880.000000484141,-1533321.9664475163,300.14915102240417,1193.720332827426,63.5
3445000,6890.000000486179,-1533400.7022136385,300.7335021964174,1193.7201155335958,63.5
3450000,6900.000000488216,-1532977.4560182877,299.58958523357546,1194.8591611549916,63.5
3455000,6910.000000490253,-1534101.6341660572,300.39389893625685,1192.5603698432246,63.5
3460000,6920.00000049229,-1534451.946130313,300.3306309793383,1192.7565748119912,63.5
3465000,6930.000000494328,-1535265.908354518,299.5794288163382,1194.030905719373,63.5
3470000,6940.000000496365,-1531675.5934865708,300.31997761202217,1195.9390032087704,63.5
3475000,6950.000000498402,-1532385.879250045,299.54619527981254,1194.2247330328216,63.5
3480000,6960.0000005004395,-1532586.5918435855,300.65631963729004,1194.8085633482417,63.5
3485000,6970.000000502477,-1532582.3485685643,300.31469751743396,1192.8534264426905,63.6
3490000,6980.000000504514,-1534190.832813275,299.9377608825969,1194.4054512412429,63.6
3495000,6990.000000506551,-1532301.3484855685,300.13803176438904,1196.1354535464443,63.6
3500000,7000.0000005085885,-1531568.80866478,300.284259325102,1194.8345391162206,63.6
3505000,7010.000000510626,-1536130.8940360984,300.3421850686725,1195.5980143800969,63.6
3510000,7020.000000512663,-1534481.742464466,299.8822888300409,1193.1698215643034,63.6
3515000,7030.0000005147,-1532484.203887145,301.0132850908318,1193.0246798565097,63.6
3520000,7040.000000516738,-1533002.1091767037,301.29754053595616,1194.4220979523473,63.6
3525000,7050.000000518775,-1533569.7367411759,298.9193859334342,1195.82224101132,63.6
3530000,7060.000000520812,-1531987.0086552044,300.4289960355784,1194.7494540792416,63.7
3535000,7070.000000522849,-1533880.5435900232,301.0442823520025,1193.0375003571467,63.7
3540000,7080.000000524887,-1533471.4995615007,299.58231733867177,1195.1360645336842,63.7
3545000,7090.000000526924,-1532768.3077135058,300.2424533997155,1192.8975752464717,63.7
3550000,7100.000000528961,-1533195.6969466181,300.64240503508114,1190.9815262912816,63.7
3555000,7110.0000005309985,-1535419.5332536278,298.9295734100514,1191.5660370407945,63.7
3560000,7120.000000533036,-1532831.239634429,301.2872288218192,1190.6409377652842,63.7
3565000,7130.000000535073,-1535099.30194976,300.43694723684064,1190.1567663577807,63.7
3570000,7140.00000053711,-1532352.5824337723,300.6223717350259,1189.8270296325,63.7
3575000,7150.000000539148,-1534548.259487235,300.4120376141363,1192.2425208206348,63.7
3580000,7160.000000541185,-1532273.2553321654,300.15042445698134,1191.7442851652986,63.8
3585000,7170.000000543222,-1535361.5566970268,301.2493674376839,1194.0040602530719,63.8
3590000,7180.000000545259,-1535072.6830539405,300.7324151181199,1194.0539070103223,63.8
3595000,7190.000000547297,-1534693.618934269,299.3512976707483,1193.6977350789232,63.8
3600000,7200.000000549334,-1533412.409366345,302.09747486606733,1195.9225504201509,63.8
3605000,7210.000000551371,-1534223.959300884,300.6054133135839,1192.59006742588,63.8
3610000,7220.000000553408,-1533502.2319860104,300.3064978411323,1195.31498564255,63.8
3615000,7230.000000555446,-1533538.5790503062,301.7160346211403,1194.666322335953,63.8
3620000,7240.000000557483,-1534355.2404695638,300.1180916424736,1193.8435061078792,63.8
3625000,7250.00000055952,-1533525.9690139042,300.41365270189266,1191.6319708656706,63.8
3630000,7260.0000005615575,-1533783.5480735563,300.65268568983817,1191.8495379752183,63.9
3635000,7270.000000563595,-1531488.7323277928,300.4768274806714,1194.633787501764,63.9
3640000,7280.000000565632,-1530153.2322071511,300.46518021319747,1193.9033872087423,63.9
3645000,7290.000000567669,-1534594.7748782653,301.35108690695637,1193.2037782418352,63.9
3650000,7300.000000569707,-1532838.080516127,301.96419906678534,1194.818893809873,63.9
3655000,7310.000000571744,-1534328.3908047127,300.01056406915404,1193.2003172791692,63.9
3660000,7320.000000573781,-1532407.2584912302,299.1639164316274,1192.4179924619402,63.9
3665000,7330.000000575818,-1534911.7397590391,302.6779125582093,1191.0295340680827,63.9
3670000,7340.000000577856,-1534351.3050602889,301.6561521366342,1194.3511513085557,63.9
3675000,7350.000000579893,-1535244.3681848738,300.0211863770903,1191.9152635845437,63.9
3680000,7360.00000058193,-1531928.2655564947,300.4411402531312,1195.0088061181607,64
3685000,7370.000000583967,-1534221.5929897502,301.557880258534,1193.0334496987239,64
3690000,7380.000000586005,-1534820.01000073,299.2372786870233,1191.5271003014998,64
3695000,7390.000000588042,-1533972.4133832715,300.726544895313,1194.0679704395523,64
3700000,7400.000000590079,-1535108.3081222046,299.5779069067216,1192.0888870935053,64
3705000,7410.0000005921165,-1534625.3392224386,300.3238910938934,1192.5405819522778,64
3710000,7420.000000594154,-1532843.9138350142,300.2162392830541,1194.0092934474962,64
3715000,7430.000000596191,-1532742.1478316905,300.65815214070597,1193.5736479572709,64
3720000,7440.000000598228,-1533793.640826215,298.6060589086949,1192.348664619077,64
3725000,7450.000000600266,-1535446.7042821785,300.60162406923234,1191.6683144197202,64
3730000,7460.000000602303,-1533604.9839986712,299.5764781752448,1192.8298662976536,64.1
3735000,7470.00000060434,-1533621.9408980226,299.3024723254975,1193.175430481634,64.1
3740000,7480.000000606377,-1533034.5143757379,299.2635238630646,1193.4822542580475,64.1
3745000,7490.000000608415,-1533851.152115833,300.4750881553953,1193.8670748493541,64.1
3750000,7500.000000610452,-1533685.0379396798,300.6106623487921,1191.448591452101,64.1
3755000,7510.000000612489,-1532380.7239168175,300.7916764150274,1193.114197499917,64.1
3760000,7520.0000006145265,-1535751.0767293423,301.851236101978,1194.5909106740444,64.1
3765000,7530.000000616564,-1533050.4372686958,300.44732106973737,1194.103311247262,64.1
3770000,7540.000000618601,-1533077.4286381453,300.06730955628717,1191.5130142967912,64.1
3775000,7550.000000620638,-1535543.814639153,301.7553557961324,1193.0780987343971,64.1
3780000,7560.0000006226755,-1533741.780586333,300.24198750901655,1192.6690913535895,64.1
3785000,7570.000000624713,-1532349.3449097304,300.02730507493663,1192.2377319007003,64.2
3790000,7580.00000062675,-1531382.1814853689,301.61850816815837,1192.4129474370432,64.2
3795000,7590.000000628787,-1532301.030992454,299.0976978336154,1194.8205308604818,64.2
3800000,7600.000000630825,-1533659.2381133232,300.258790633559,1194.5522238438798,64.2
3805000,7610.000000632862,-1535119.7072530566,299.51647145321897,1190.280656386503,64.2
3810000,7620.000000634899,-1534878.068832607,299.56936557724066,1192.4816503300447,64.2
3815000,7630.000000636936,-1535205.362570147,299.40602429818597,1194.6830789662815,64.2
3820000,7640.000000638974,-1532837.3598852418,299.9440969961027,1193.2063619893263,64.2
3825000,7650.000000641011,-1533839.2541614631,299.6944727596009,1193.8572345213447,64.2
3830000,7660.000000643048,-1534111.6370136077,301.2253274776176,1191.690947371444,64.2
3835000,7670.0000006450855,-1534000.5542353066,299.98633775280825,1195.0125350458077,64.2
3840000,7680.000000647123,-1535778.1073344015,300.2752521049222,1189.738306293596,64.3
3845000,7690.00000064916,-1532986.3480479736,300.3825001438223,1194.4568265916803,64.3
3850000,7700.000000651197,-1536068.3140768195,299.36428049155927,1191.0762910875899,64.3
3855000,7710.000000653235,-1533770.7071635872,300.8597585758351,1193.3923878797007,64.3
3860000,7720.000000655272,-1533617.8246799363,300.32817728832384,1191.5960677767905,64.3
3865000,7730.000000657309,-1530847.0377762737,299.8083053870464,1195.37477125048,64.3
3870000,7740.000000659346,-1531657.3669062657,302.5831503900412,1196.6056991443822,64.3
3875000,7750.000000661384,-1534668.0422153529,299.3262638105243,1193.6365051258254,64.3
3880000,7760.000000663421,-1534581.3333262252,301.1583945138673,1192.3332754545038,64.3
3885000,7770.000000665458,-1532081.4481445774,301.0690677371871,1194.0613165571647,64.3
3890000,7780.000000667495,-1533394.2506108107,299.9882013156041,1193.2465833951894,64.3
3895000,7790.000000669533,-1532098.1003946466,299.12425360345605,1193.6969700579518,64.4
3900000,7800.00000067157,-1532387.4813914113,301.08068394528107,1196.8636855388509,64.4
3905000,7810.000000673607,-1533709.5263869558,301.1137311255271,1192.7684259633818,64.4
3910000,7820.0000006756445,-1532862.2657002285,299.5337404684604,1196.8448042656755,64.4
3915000,7830.000000677682,-1533157.4191333298,300.3858234974749,1193.1032408886806,64.4
3920000,7840.000000679719,-1532936.8049815698,298.35845353188853,1192.8833779484692,64.4
3925000,7850.000000681756,-1530494.5914068297,300.61935897517264,1195.6613514259127,64.4
3930000,7860.000000683794,-1534949.270955314,301.3279166095282,1193.3702330196772,64.4
3935000,7870.000000685831,-1531947.756661174,299.98702105916675,1193.1103071005161,64.4
3940000,7880.000000687868,-1532627.7408196758,302.2911922186941,1192.8470801268757,64.4
3945000,7890.000000689905,-1531873.898021181,300.65871120954466,1193.5394589045611,64.4
3950000,7900.000000691943,-1532578.5700074136,299.8644918053408,1192.2123976647244,64.4
3955000,7910.00000069398,-1532068.9609232629,299.21252436121864,1194.6041377857985,64.5
3960000,7920.000000696017,-1535083.308795128,300.97862282282927,1192.1070372809502,64.5
3965000,7930.0000006980545,-1534244.6180224633,299.1293162823847,1192.1245856213434,64.5
3970000,7940.000000700092,-1532394.7033498744,299.3441540133643,1193.0515799494929,64.5
3975000,7950.000000702129,-1533826.676725639,300.47226175182163,1193.417874200588,64.5
3980000,7960.000000704166,-1533625.137528262,300.4856483445717,1194.0512541384855,64.5
3985000,7970.0000007062035,-1531491.22138011,299.35642246843685,1194.0393702938534,64.5
3990000,7980.000000708241,-1532424.9617976109,300.66414660103254,1194.0567407210951,64.5
3995000,7990.000000710278,-1535635.7246031547,300.6039224633472,1194.7890112855853,64.5
4000000,8000.000000712315,-1534569.396132771,298.84776300331436,1193.0787921243038,64.5
4005000,8010.000000714353,-1532164.4365603589,300.98582859897317,1194.4759733545275,64.5
4010000,8020.00000071639,-1533884.2184908846,298.8554657295371,1191.2722102445234,64.5
4015000,8030.000000718427,-1534469.5995583301,299.5215030727677,1193.2055351388576,64.6
4020000,8040.000000720464,-1535816.3331425097,300.5242240944454,1193.94865244193,64.6
4025000,8050.000000722502,-1531855.0429923385,300.5029794785729,1193.482665432135,64.6
4030000,8060.000000724539,-1532672.7797478912,300.96340372666333,1196.3423110129902,64.6
4035000,8070.000000726576,-1531576.2390089603,299.7705992998107,1194.0256266344354,64.6
4040000,8080.0000007286135,-1533533.905207376,299.3995639471604,1192.305029597481,64.6
4045000,8090.000000730651,-1532439.891152108,300.2716492168502,1194.0177219275945,64.6
4050000,8100.000000732688,-1534369.3861359898,300.72555099515523,1192.2544370012072,64.6
4055000,8110.000000734725,-1535828.5197635908,299.8625040050252,1191.2569425462348,64.6
4060000,8120.000000736763,-1533099.4548315834,301.495264548594,1193.914988847302,64.6
4065000,8130.0000007388,-1532801.8060587524,301.2177179295346,1192.9941132642214,64.6
4070000,8140.000000740837,-1534623.9130004328,301.4426188996117,1192.9201487649682,64.7
4075000,8150.000000742874,-1533970.8599177385,301.16783656536614,1193.507591403548,64.7
4080000,8160.000000744912,-1534699.4341878109,299.9823621521772,1192.1933907401956,64.7
4085000,8170.000000746949,-1532059.6131035406,299.1957522960562,1192.5173730597385,64.7
4090000,8180.000000748986,-1535079.6058648145,299.11540168017586,1193.6277846586463,64.7
4095000,8190.000000751023,-1532715.7915189266,300.33929654633897,1196.0120726124385,64.7
4100000,8200.00000075306,-1534222.7450900003,299.066576334925,1191.9368665951838,64.7
4105000,8210.000000755097,-1533347.8140093004,299.8082122089066,1193.1172063864753,64.7
4110000,8220.000000757134,-1534520.0831888495,301.73175066738514,1190.2538192123639,64.7
4115000,8230.000000759172,-1532663.7507809782,301.8465150762285,1194.7250158246368,64.7
4120000,8240.000000761209,-1535287.3824959453,301.73044617342805,1194.481985240409,64.7
4125000,8250.000000763246,-1533770.8331923336,301.59266676405616,1193.8998153545206,64.7
4130000,8260.000000765283,-1534605.4993208554,299.9080681153833,1191.3391216913349,64.7
4135000,8270.00000076732,-1531860.4257456688,299.94304097718503,1192.225136772751,64.8
4140000,8280.000000769358,-1532456.6577466028,299.45994338174535,1193.9992568462446,64.8
4145000,8290.000000771395,-1533475.7196559021,299.40990672067727,1192.3485547994947,64.8
4150000,8300.000000773432,-1533326.4118522406,299.31026822986007,1190.3083338293159,64.8
4155000,8310.00000077547,-1533655.159658203,300.9573782069568,1195.2626897028783,64.8
4160000,8320.000000777507,-1532340.6605766239,298.94258729024233,1196.9471892942597,64.8
4165000,8330.000000779544,-1533399.0697765704,298.7826625429799,1195.4921405065468,64.8
4170000,8340.000000781582,-1532892.7972239368,301.41488287333374,1195.5740115252681,64.8
4175000,8350.000000783619,-1533070.692741204,300.9218462763162,1193.981579522701,64.8
4180000,8360.000000785656,-1534108.6420955323,300.90268263889914,1192.0100944170729,64.8
4185000,8370.000000787693,-1533267.3133372646,299.7138848720575,1192.3290856128688,64.8
4190000,8380.00000078973,-1535081.9692393085,299.7617784359104,1192.010247245854,64.8
4195000,8390.000000791768,-1536306.223607569,299.5113777149104,1194.4188638025123,64.8
4200000,8400.000000793805,-1532269.1070967978,299.4514020522645,1192.9861508512377,64.9
4205000,8410.000000795842,-1533629.8511722945,300.6184893125347,1192.7421432233098,64.9
4210000,8420.00000079788,-1535402.0587272327,300.9084286241863,1190.2952297994138,64.9
4215000,8430.000000799917,-1533006.3473319337,301.42357949971426,1192.932829958946,64.9
4220000,8440.000000801954,-1531715.7472474966,300.75313172453355,1194.501916528876,64.9
4225000,8450.000000803991,-1530687.60391289,300.41567156158817,1193.5085290297493,64.9
4230000,8460.000000806029,-1531394.5271432372,300.3645788816024,1192.8389776633335,64.9
4235000,8470.000000808066,-1534719.7913071802,301.5287776195391,1196.3049538866835,64.9
4240000,8480.000000810103,-1532739.623334147,299.9688513219074,1194.361243012925,64.9
4245000,8490.00000081214,-1533825.267105611,300.0131730570683,1191.8701748059834,64.9
4250000,8500.000000814178,-1531463.0760958167,298.7214755645167,1195.4311805107761,64.9
4255000,8510.000000816215,-1534748.269073191,299.5641165420324,1194.4557376710536,64.9
4260000,8520.000000818252,-1534951.127757459,300.91082019644097,1192.1084646292923,64.9
4265000,8530.00000082029,-1533709.5337214926,299.7844207238798,1193.3231167695537,65
4270000,8540.000000822327,-1534808.9659922188,302.0552651687417,1193.010602470984,65
4275000,8550.000000824364,-1533605.7710137796,299.33800425613805,1192.2175967214182,65
4280000,8560.000000826401,-1534569.5732327774,300.14955479434326,1194.0271153910585,65
4285000,8570.000000828439,-1532740.4993544724,300.9982523509454,1194.0288936031677,65
4290000,8580.000000830476,-1532552.566072124,300.99424569093435,1194.256594889172,65
4295000,8590.000000832513,-1532304.0583354933,301.0866473462278,1191.9744685132725,65
4300000,8600.00000083455,-1532933.7859455934,299.1305586575819,1193.2593588130628,65
4305000,8610.000000836588,-1532409.8842497356,299.28725322933155,1195.491831381824,65
4310000,8620.000000838625,-1532135.2567224596,300.09436227620665,1193.4846690602321,65
4315000,8630.000000840662,-1536497.6288084332,300.3824069656826,1193.5509987666778,65
4320000,8640.0000008427,-1535269.5572128566,300.8663121050004,1192.864751124643,65
4325000,8650.000000844737,-1533723.0444282275,300.7297129520659,1191.5010738190733,65
4330000,8660.000000846774,-1534015.1250965605,299.05582978946904,1195.2583144517994,65
4335000,8670.000000848811,-1534382.695265483,300.18033463985444,1192.5252688117455,65.1
4340000,8680.000000850849,-1533556.8551915158,298.9329588824638,1192.0426132928121,65.1
4345000,8690.000000852886,-1533393.0117417593,300.2058965095373,1195.2051077352462,65.1
4350000,8700.000000854923,-1534507.3549809232,301.0080049962436,1191.7178255570045,65.1
4355000,8710.00000085696,-1533371.2614157153,300.5544448711178,1193.9232375485747,65.1
4360000,8720.000000858998,-1532987.7820376344,299.76708958987854,1196.006209280419,65.1
4365000,8730.000000861035,-1532465.0067779347,299.92962332505505,1191.9313963954728,65.1
4370000,8740.000000863072,-1532068.7201603241,300.8143808217566,1195.1700259593447,65.1
4375000,8750.00000086511,-1531411.0809245268,300.42116907183583,1194.2115251236407,65.1
4380000,8760.000000867147,-1533775.0209467784,301.06763900571025,1195.0727821849398,65.1
4385000,8770.000000869184,-1532420.4642625088,300.43887291839627,1193.647459637507,65.1
4390000,8780.000000871221,-1532835.711727406,301.9740759496032,1195.3671039040958,65.1
4395000,8790.000000873259,-1533142.8416897906,300.8123309026812,1193.2055438847124,65.1
4400000,8800.000000875296,-1532504.556723985,300.370604401309,1194.4852828547992,65.1
4405000,8810.000000877333,-1535557.0026006475,301.59987254020007,1191.180623763028,65.2
4410000,8820.00000087937,-1532712.4320648788,299.9178207606815,1191.2013160346899,65.2
4415000,8830.000000881408,-1533933.7118964167,299.7967512977122,1195.0049764459675,65.2
4420000,8840.000000883445,-1531841.7385310698,300.2837934344031,1192.7852952112812,65.2
4425000,8850.000000885482,-1536286.4210232869,300.79263925580517,1192.7824209969665,65.2
4430000,8860.00000088752,-1534773.937619185,299.29588773695224,1192.413209074083,65.2
4435000,8870.000000889557,-1532085.0546381352,300.78108516647103,1193.7163199558167,65.2
4440000,8880.000000891594,-1534676.6781011103,301.6431382564433,1193.3408235043535,65.2
4445000,8890.000000893631,-1531402.4073175192,300.7254267576355,1194.3253895123573,65.2
4450000,8900.000000895669,-1529503.0237456234,300.43172926101226,1195.4699777484984,65.2
4455000,8910.000000897706,-1532742.8601689609,299.86738032767425,1195.5090675721158,65.2
4460000,8920.000000899743,-1532637.5992463706,300.4512966703685,1194.1659164266046,65.2
4465000,8930.00000090178,-1535066.991283115,299.3039010569743,1191.7525538249147,65.2
4470000,8940.000000903818,-1533976.2579251062,300.7074123172758,1193.7760927129416,65.2
4475000,8950.000000905855,-1534017.19144708,300.5451581165186,1191.9853727706686,65.2
4480000,8960.000000907892,-1533116.6615282577,300.16132629933696,1193.837530833962,65.2
4485000,8970.00000090993,-1532338.2800259246,298.8634790495592,1191.8985769708447,65.2
4490000,8980.000000911967,-1534283.0328037823,298.9839894436897,1192.124473641524,65.2
4495000,8990.000000914004,-1533131.0723466603,299.04483476897366,1192.7978103131281,65.2
4500000,9000.000000916041,-1534240.3993156534,298.92311305902587,1193.9151182906512,65.2
4505000,9010.000000918079,-1535260.9505049633,300.6603884160609,1190.880159692465,65.2
4510000,9020.000000920116,-1533469.1760962429,301.4255362406499,1192.743860728787,65.2
4515000,9030.000000922153,-1535105.3341074148,299.3075660638062,1192.0897072099997,65.2
4520000,9040.00000092419,-1533600.5020587584,299.7893591652888,1193.5793319587594,65.2
4525000,9050.000000926228,-1534282.4699015925,299.0157942487386,1191.1529018319177,65.2
4530000,9060.000000928265,-1534034.088920433,299.58498844534574,1193.9978036880577,65.3
4535000,9070.000000930302,-1532681.6704703942,299.95266938496354,1193.8532217742463,65.2
4540000,9080.00000093234,-1533785.9141355846,299.68139676065016,1193.2503253750192,65.3
4545000,9090.000000934377,-1532316.156838079,299.81094543434045,1193.7772388676362,65.3
4550000,9100.000000936414,-1534288.717065543,300.0613150959606,1190.1105090710196,65.3
4555000,9110.000000938451,-1533156.7407069923,300.82838860210524,1192.568119386774,65.3
4560000,9120.000000940488,-1532583.4576864578,299.4736095089148,1190.484457215685,65.3
4565000,9130.000000942526,-1532406.931305387,300.21838238026936,1194.1762926044514,65.3
4570000,9140.000000944563,-1535504.9388509663,301.03800835725644,1193.68681457615,65.3
4575000,9150.0000009466,-1533732.1561951283,303.28425377321344,1191.3074236608081,65.3
4580000,9160.000000948638,-1534417.914812019,300.243571537393,1192.7760793166367,65.3
4585000,9170.000000950675,-1532169.666714021,300.37728216799405,1192.7136482844248,65.3
4590000,9180.000000952712,-1532521.387173798,301.84263265373716,1195.6627493532517,65.3
4595000,9190.00000095475,-1531988.0612173667,300.12890030668945,1191.2602164297944,65.3
4600000,9200.000000956787,-1532324.1303207995,302.2806009701378,1194.1598377682321,65.3
4605000,9210.000000958824,-1533323.8971156357,300.2896015384501,1195.5963076854143,65.3
4610000,9220.000000960861,-1532445.110535129,301.9435756385115,1192.1111475101347,65.3
4615000,9230.000000962898,-1534216.7371458681,300.5591037781074,1193.3950250854966,65.3
4620000,9240.000000964936,-1533683.5528851012,300.11374332928335,1194.7535352339403,65.3
4625000,9250.000000966973,-1532445.7659611618,301.62304283762825,1195.9842305880588,65.3
4630000,9260.00000096901,-1532244.9084189124,300.19052211647164,1192.2144466733632,65.3
4635000,9270.000000971047,-1533656.2246495541,300.1867018127402,1191.0889830706922,65.3
4640000,9280.000000973085,-1534832.594800882,300.2709969698717,1191.946888415034,65.3
4645000,9290.000000975122,-1533199.6308025327,298.58248483932755,1193.693440798188,65.3
4650000,9300.00000097716,-1533450.362224998,301.8565161965662,1196.781809569539,65.3
4655000,9310.000000979197,-1532286.0420811307,301.3452788029094,1195.7707070499457,65.3
4660000,9320.000000981234,-1532983.7975081224,301.38096603044954,1192.4253055413185,65.3
4665000,9330.000000983271,-1534452.4272578033,300.7383164003067,1194.2160065799053,65.3
4670000,9340.000000985308,-1533038.8708991837,300.64585262625343,1195.1195132094444,65.3
4675000,9350.000000987346,-1532828.0225328216,300.0102845347347,1194.96491237231,65.3
4680000,9360.000000989383,-1533451.581142744,300.8086037770895,1193.8378839965617,65.3
4685000,9370.00000099142,-1534090.900916229,300.96737932729445,1194.9851717703984,65.3
4690000,9380.000000993457,-1533888.2816924043,299.8627524800646,1192.4411651789526,65.3
4695000,9390.000000995495,-1532171.6953207748,300.0788947050013,1195.0442607421453,65.4
4700000,9400.000000997532,-1533069.5811150586,299.528522492632,1192.707504234113,65.4
4705000,9410.00000099957,-1532448.389776729,300.14921314116407,1192.7860756677276,65.4
4710000,9420.000001001607,-1531763.71146614,299.38664324510927,1193.6344746863185,65.4
4715000,9430.000001003644,-1532716.1796717783,301.5093033883226,1194.5576991382306,65.4
4720000,9440.000001005681,-1535022.536472763,300.5815907691771,1195.2795343677687,65.4
4725000,9450.000001007718,-1536084.2140209684,300.0615635710001,1190.8003348714242,65.4
4730000,9460.000001009756,-1532608.7720692577,300.69992700671247,1196.2417925083,65.4
4735000,9470.000001011793,-1533592.8494341215,300.45949634667016,1193.0885167216866,65.4
4740000,9480.00000101383,-1532544.9800216407,298.2955272281493,1191.298369345136,65.4
4745000,9490.000001015867,-1534212.029164357,300.8485771990601,1191.0598520409287,65.4
4750000,9500.000001017905,-1533150.4813675024,299.73935356360056,1194.473853045107,65.4
4755000,9510.000001019942,-1533178.2987016365,300.0697321879218,1195.2678312894925,65.4
4760000,9520.00000102198,-1531930.934891018,300.65861803140484,1194.6595418039,65.4
4765000,9530.000001024016,-1531927.021082108,301.7533679958168,1190.8959074629363,65.4
4770000,9540.000001026054,-1535052.4939299729,299.86365320208256,1192.0246540967253,65.4
4775000,9550.000001028091,-1534709.781044851,299.16289147208965,1191.0947922232833,65.4
4780000,9560.000001030128,-1532682.8806363,302.25889046356633,1191.0270652067109,65.4
4785000,9570.000001032166,-1533240.5790551333,299.79774519787003,1195.9498398827004,65.4
4790000,9580.000001034203,-1534668.1526583908,300.8333891622741,1190.2224067489844,65.4
4795000,9590.00000103624,-1534842.9029883938,299.38577358247124,1193.4569525908548,65.4
4800000,9600.000001038277,-1534216.6404164266,299.3012299503003,1192.5801008239537,65.4
4805000,9610.000001040315,-1534564.5704876715,300.25695813014306,1192.3620614688027,65.4
4810000,9620.000001042352,-1534985.4482012512,299.5522829182789,1195.3263949439126,65.4
4815000,9630.00000104439,-1534444.2034935514,300.3237047376138,1193.876136344114,65.4
4820000,9640.000001046426,-1533470.569883394,300.63609998095524,1193.240648995188,65.4
4825000,9650.000001048464,-1531918.822797547,298.1323412459942,1196.7021442744503,65.4
4830000,9660.000001050501,-1533974.5826686434,300.84950898045804,1192.4660981929642,65.4
4835000,9670.000001052538,-1533020.7273179125,301.5970771960063,1196.2132741136086,65.4
4840000,9680.000001054575,-1532460.5359185897,301.0865852274679,1192.5622889331955,65.4
4845000,9690.000001056613,-1534445.2140495535,299.86408803340163,1192.9329032575745,65.4
4850000,9700.00000105865,-1534626.8222845541,299.335364208844,1190.9936210942676,65.4
4855000,9710.000001060687,-1533622.225274725,300.21686047065276,1192.4937983509335,65.4
4860000,9720.000001062725,-1534434.2584402505,301.76318275987484,1192.476450683257,65.4
4865000,9730.000001064762,-1533449.4384383028,299.808491743326,1193.1160764046533,65.4
4870000,9740.000001066799,-1531987.7021505805,299.01489352672064,1194.096100847497,65.5
4875000,9750.000001068836,-1535004.8934393069,301.19007508139646,1191.5440248051957,65.5
4880000,9760.000001070874,-1533753.902716307,299.8037707175765,1196.5559366037394,65.5
4885000,9770.00000107291,-1531953.138906194,299.68313608592626,1195.6796181723741,65.5
4890000,9780.000001074948,-1534136.2656211192,300.1177189299145,1193.8932836585059,65.5
4895000,9790.000001076985,-1534676.24691902,301.30574021225783,1192.206744019825,65.5
4900000,9800.000001079023,-1534494.089837295,298.7680025156527,1192.8218884405915,65.5
4905000,9810.00000108106,-1531549.9905281607,300.1589657864622,1194.0217264063972,65.5
4910000,9820.000001083097,-1534391.9156525629,300.07380096669266,1194.513456582672,65.5
4915000,9830.000001085134,-1534225.9960278384,300.35625496778107,1195.5416385266851,65.5
4920000,9840.000001087172,-1533053.0910929088,301.0784476699261,1193.622770941025,65.5
4925000,9850.000001089209,-1533562.4988573203,300.60535119482404,1192.9591603805482,65.5
4930000,9860.000001091246,-1534944.0587284137,298.3618700636809,1193.1375361011324,65.5
4935000,9870.000001093284,-1534166.898073066,298.86055946784575,1193.0248556235697,65.5
4940000,9880.00000109532,-1534356.9504169412,299.8470674931997,1193.399539398529,65.5
4945000,9890.000001097358,-1532191.987059203,300.3208783340401,1192.6356797557787,65.5
4950000,9900.000001099395,-1534559.6034682123,299.4585767690284,1189.1524959001424,65.5
4955000,9910.000001101433,-1533558.7852029298,300.4426000439879,1192.7341560898035,65.5
4960000,9920.00000110347,-1533327.269023724,301.28098588645315,1194.7955078986247,65.5
4965000,9930.000001105507,-1533576.645533463,298.60789141211075,1191.1511024595818,65.5
4970000,9940.000001107544,-1531300.8669119608,299.89626555100966,1195.0100614796152,65.5
4975000,9950.000001109582,-1533315.5619721292,300.40085623736127,1193.396759722125,65.5
4980000,9960.000001111619,-1533434.1403361717,300.8429554512927,1190.4924930366703,65.5
4985000,9970.000001113656,-1531575.3089365363,300.0590788206056,1196.2874812227744,65.5
4990000,9980.000001115694,-1533101.4699872406,300.4907420828803,1194.1995562730901,65.5
4995000,9990.00000111773,-1533985.8800023375,300.4473831884972,1191.8197505800806,65.5
5000000,10000.000001119768,-1533207.6935403086,301.1513129752431,1192.1189065228396,65.5
5005000,10010.000001121805,-1536449.4745140532,300.2199664086458,1192.9129905934221,65.5
5010000,10020.000001123843,-1533824.6350933174,301.162991302097,1193.0927048438368,65.5
5015000,10030.00000112588,-1531890.8332973002,300.83842078182283,1191.51934093694,65.5
5020000,10040.000001127917,-1534939.8366099,299.97931833294393,1194.3730937658484,65.5
5025000,10050.000001129954,-1533972.279416955,301.75808902156626,1191.7977030556901,65.5
5030000,10060.000001131992,-1532895.0202039499,300.4726655237607,1192.3577225568035,65.5
5035000,10070.000001134029,-1532657.5006539878,299.95571320419674,1190.5202628875024,65.5
5040000,10080.000001136066,-1533603.1896542776,301.6211482154525,1193.4170754631116,65.5
5045000,10090.000001138103,-1533310.9742435934,299.89654508542907,1191.9510633063426,65.6
5050000,10100.00000114014,-1532348.5733613167,300.29230370450404,1191.2704803484767,65.6
