restrained 53 heavy atoms of residue FAD at k=10.0 kcal/mol/A^2
System 06_md/system_MAOA_p3_r2: 118923 atoms, 5000000 production steps
Minimizing...
Heating / equilibration (100 ps)...
#"Step","Potential Energy (kJ/mole)","Temperature (K)","Box Volume (nm^3)","Speed (ns/day)"
5000,-1529202.9360310202,298.5924238409053,1202.7276920491604,--
10000,-1531760.9017060176,300.43020735139567,1198.5850807658815,62.4
15000,-1530049.1352100577,300.38374251901956,1197.0382914112881,61.5
20000,-1531521.6797039537,300.74710620482705,1198.184654723719,61.9
25000,-1530206.5943766236,299.3003602876622,1199.3450624674904,62.1
30000,-1531012.8875789167,298.9329588824638,1196.4541007780895,62.3
35000,-1530775.0218810989,301.6193467714165,1193.5127987187586,62.3
40000,-1531379.2937418185,298.2913031524787,1190.9798380898062,61.8
45000,-1532387.6258753259,298.7397384799159,1191.2100559263172,61.4
50000,-1530696.7467654487,301.8184373967713,1193.9621498877773,61.3
Production run...
55000,-1534035.6125625642,300.16642003764554,1193.6865277149943,61.4
60000,-1530208.2069342695,298.51688742891423,1191.58521096477,60
65000,-1531853.746429964,299.4459356013967,1194.5900287128427,60
70000,-1532418.8994131498,298.9613782151003,1198.2804093267894,60.2
75000,-1530861.8238425422,299.41201875851254,1194.1320304077312,60.1
80000,-1533245.329946083,300.39765712122846,1194.8458800045146,60.1
85000,-1533607.712808621,299.4501907364472,1194.164040664146,60.2
90000,-1536081.2534959652,299.9341579945249,1193.0010948154652,60.3
95000,-1532209.1816011602,300.77437634040604,1196.2572090971007,60.3
100000,-1534287.7793396749,301.0044331675516,1192.521905667833,60.1
105000,-1531728.1780371238,299.1005242371891,1192.8069140308417,60.1
110000,-1532411.4423413547,300.1202036803089,1190.7126346864757,60
115000,-1533268.9124827012,300.57478876497237,1194.3734459451264,59.8
120000,-1531248.6291033179,301.0019173577772,1193.4582422501405,59.9
125000,-1532149.8302823668,299.6771416255997,1193.6720458406223,60
130000,-1533866.321759087,299.88819011222773,1193.0306675696988,59.9
135000,-1534749.5596640678,299.9664908090326,1193.9535419894394,59.9
140000,-1533770.5740012042,299.05409046419294,1195.1452040978052,59.7
145000,-1532770.6451642876,298.70706401222895,1194.0061067105457,59.7
150000,-1530770.088706131,300.447942257336,1196.7437994777529,59.5
155000,-1531701.1811345024,302.0857965392134,1195.0501506624507,59.6
160000,-1530026.033074826,301.2579708859246,1194.2703037556794,59.7
165000,-1533393.7325611692,301.392830713583,1190.219704341742,59.7
170000,-1533808.9785131514,300.3749527144992,1191.3958414958372,59.6
175000,-1531641.375527827,299.852751359727,1193.4331856475408,59.5
180000,-1533946.368538756,299.6345592157149,1193.4172008317494,59.5
185000,-1534726.0721837813,299.9087203623618,1192.9915975972197,59.5
190000,-1533028.4292461984,299.5122163181685,1191.927654034426,59.6
195000,-1533524.1355612185,300.0803855552379,1192.8634977197974,59.6
200000,-1534969.2016280303,299.65036844009956,1192.5315842425482,59.6
205000,-1531522.342126296,299.40527887306763,1195.1130095212648,59.6
210000,-1534017.8030399494,301.0931076972533,1195.0347358407055,59.5
215000,-1533889.1541332928,299.92602043698315,1190.2015541174926,59.5
220000,-1533484.023792426,298.9578374457882,1193.444190300856,59.5
225000,-1532878.2758404538,300.0165585294807,1193.2048473383466,59.4
230000,-1533453.1652325848,299.780755717048,1194.1763626047393,59.5
235000,-1532317.4903730806,299.0301126228866,1192.7058169335016,59.5
240000,-1531992.3450235547,299.3398367595539,1194.7237163852312,59.5
245000,-1533398.5778189655,300.24136632141796,1192.354831265404,59.4
250000,-1533922.407226394,300.0152540355236,1196.2487776252128,59.4
255000,-1532516.7780729346,299.5282740175926,1192.8339586225254,59.3
260000,-1533218.8553684019,299.7127356750001,1191.3821817443954,59.2
265000,-1531734.811024052,300.1422558400596,1192.9787128491876,59.3
270000,-1533438.2345596822,299.2546719397844,1193.6662528933698,59.3
275000,-1533960.060512836,299.77538244432003,1193.332349346969,59.3
280000,-1531964.5265552355,301.07416147549566,1194.2420091592433,59.3
285000,-1530761.319543086,301.7880923825791,1194.959999773802,59.3
290000,-1531524.852129125,301.9192250846459,1195.2509001113083,59.4
295000,-1533625.2013115874,299.977516888908,1192.4902268701594,59.5
300000,-1532533.9820741815,300.69060919273335,1194.3271377370772,59.5
305000,-1533782.697888107,301.01365780339097,1196.1762272196258,59.6
310000,-1532276.8558620485,302.2101272370754,1193.6936755544054,59.6
315000,-1532564.11874081,300.5919956614539,1191.8579982519504,59.7
320000,-1531657.5469820257,301.5136827608928,1195.68422935666,59.7
325000,-1532076.009177329,300.7847501733029,1195.2006159012774,59.8
330000,-1533507.805427136,301.286421277941,1192.87355968912,59.8
335000,-1530692.3133117855,299.85570200082043,1192.1099847483217,59.9
340000,-1533735.9140794165,299.63157751524153,1195.8360802058548,60
345000,-1532742.4591661645,298.2572931314548,1190.9662645906205,60.1
350000,-1531594.5889251987,299.7249730706927,1193.8354475836,60.1
355000,-1532947.3591684876,301.23837241718843,1196.0492414901262,60.1
360000,-1534355.9611012246,302.32427045832014,1190.7510022860613,60.1
365000,-1533873.3577458654,298.96001160238336,1193.611629458417,60.1
370000,-1534246.9382178439,299.08797624769716,1191.5334083443086,60.2
375000,-1532029.9898185767,299.0677255319825,1194.7707381320993,60.2
380000,-1532957.4872382358,301.59480986127136,1195.6764514630283,60.2
385000,-1534406.0941497693,299.6293722992665,1194.2448768496372,60.2
390000,-1531592.2565708254,298.6158736727529,1194.747335384209,60.2
395000,-1532181.8371787034,300.42694611650296,1191.6451954370973,60.2
400000,-1532435.9491391154,299.51724793771723,1193.63151934243,60.3
405000,-1533383.688982877,299.4557814248347,1192.258375773968,60.3
410000,-1530623.3665892323,299.99385412275143,1193.8823906048212,60.3
415000,-1532541.5164587386,301.6885160105218,1195.6620778641668,60.3
420000,-1534909.2944923583,300.2402792431204,1193.2653411056858,60.3
425000,-1533052.8380337767,300.45996223736915,1193.831925208326,60.3
430000,-1534901.4195282208,300.46313029412204,1192.5743442752307,60.3
435000,-1532474.2964092297,300.4919223393176,1192.1625181719146,60.4
440000,-1534351.8083082726,300.9677520398536,1190.321988570524,60.4
445000,-1532836.1170050874,299.5996795320529,1194.3671192108127,60.5
450000,-1532786.131987948,299.7755998599795,1195.5644026032646,60.5
455000,-1533452.4011987858,299.62667013321254,1195.308061166067,60.6
460000,-1532862.6858310737,298.8343764105643,1196.1082776554292,60.6
465000,-1533354.8153686263,299.92279026147037,1190.4410282775082,60.6
470000,-1533814.7965414887,300.2603436025555,1194.6286306984036,60.6
475000,-1534599.7850603554,301.30052223642946,1191.6143944100916,60.5
480000,-1533942.664332834,298.8884818504033,1194.907256739999,60.5
485000,-1535464.8544409825,301.03546148810216,1196.36858934164,60.6
490000,-1534087.943863362,300.35035368559426,1193.5005831815008,60.6
495000,-1532127.898609439,300.8307180556,1193.2807945956365,60.5
500000,-1533616.2091736672,299.8434956645077,1194.2244518499572,60.5
505000,-1531483.5968080703,300.82140024162084,1193.4730429880262,60.5
510000,-1532880.9396919357,299.1589779902184,1194.1652117396945,60.5
515000,-1532941.6078056563,301.05676822273455,1193.6994733093368,60.5
520000,-1532887.0545850908,299.6239058483987,1196.2281138650087,60.6
525000,-1530756.723720817,299.26482835702166,1196.265308146557,60.6
530000,-1531707.5849604802,299.98857402816327,1193.5822460983613,60.6
535000,-1534518.1736767022,298.725823877707,1192.7259635126145,60.6
540000,-1531569.2684770627,300.3284878821231,1197.9850691692232,60.6
545000,-1532513.7321590576,300.4036515815551,1193.858230903966,60.7
550000,-1532802.6514557637,299.97633663247063,1193.1901203484574,60.7
555000,-1533279.3389413422,299.8056653397523,1192.847616800652,60.7
560000,-1534344.4635917358,301.8047712696019,1190.135307846929,60.7
565000,-1533567.4908741591,300.6291426798508,1195.0860519138355,60.7
570000,-1532817.9451470757,300.5724593114776,1192.9370706589966,60.7
575000,-1535152.031500333,299.3570747154154,1191.562662183071,60.8
580000,-1532112.7960274592,300.1463556782104,1196.8842052442212,60.8
585000,-1532240.0314571839,301.2791533830372,1193.319811718359,60.7
590000,-1533397.7234346243,298.73076231911597,1194.4237778453305,60.8
595000,-1534759.437379526,301.2428760272784,1194.5015048663881,60.8
600000,-1533497.9286559224,299.90123505179855,1194.024070168615,60.7
605000,-1532145.3241989836,301.01170106245536,1194.6939714675839,60.7
610000,-1532704.517883908,299.9161435541652,1195.604315740914,60.7
615000,-1531329.221034103,301.32891050968595,1195.2200457743622,60.7
620000,-1530786.2423451627,300.57624855582907,1195.3720976936609,60.7
625000,-1534752.6788314367,299.5822552199119,1196.1718641036102,60.7
630000,-1530632.9347993182,301.80560987286,1193.4056365772035,60.7
635000,-1533033.9834884787,299.3151134931292,1194.1754628454837,60.7
640000,-1534770.2697479026,299.9607448237455,1192.473470336226,60.6
645000,-1532799.8519468494,300.68759643288007,1194.8962343047997,60.7
650000,-1532762.1142166033,300.21555597669567,1194.4298620986024,60.7
655000,-1531193.838904648,300.3922527891205,1196.43354297294,60.7
660000,-1530363.1833473481,300.99846976660496,1195.4033660264956,60.7
665000,-1530852.2836559415,300.6518781459599,1197.2776241564193,60.7
670000,-1532321.0583481714,300.5251248164634,1192.7670966796115,60.7
675000,-1533817.7356986627,299.2537712177664,1194.107952618153,60.8
680000,-1532382.9827896962,300.3909793545434,1194.6789377546381,60.8
685000,-1533358.7190352445,299.38210857563945,1194.6309782527164,60.8
690000,-1531537.9706891477,299.4696028489038,1193.5744705479324,60.8
695000,-1532449.2765556267,298.2271344735422,1193.8415299928517,60.9
700000,-1533912.4517461685,300.46365830358087,1194.3465387966094,60.9
705000,-1533539.194361357,300.1700229257175,1195.3221019613482,60.9
710000,-1534010.4200668558,298.42498272369977,1189.5940373830788,60.9
715000,-1531655.7153477017,299.35120449260853,1194.5179032579304,60.9
720000,-1531941.749511811,301.64584042249726,1194.5883245334976,60.9
725000,-1534265.4610647066,301.42463551863193,1193.1003551304793,60.9
730000,-1535257.323403759,299.29094929554327,1191.4904858242032,60.9
735000,-1533570.15369495,299.58846709589795,1195.853628664283,60.9
740000,-1531948.107526483,300.82431982333435,1196.5458632507534,60.9
745000,-1532765.0356806926,300.74704408606715,1193.5448017820834,60.9
750000,-1533163.035208893,300.07970224887947,1192.7901996008657,60.9
755000,-1530404.3923418531,298.52210540474255,1196.0342390920364,60.9
760000,-1534850.953682812,300.5746645274526,1193.0710314992557,60.9
765000,-1534188.7387721287,299.0533139796947,1193.1862474775662,60.9
770000,-1534257.5921327192,300.57124799566026,1193.00798681196,60.9
775000,-1532767.74402853,301.1411876173858,1194.1554968681278,60.9
780000,-1533402.3609414864,301.58524357225275,1193.215951342674,60.9
785000,-1533258.4366392083,299.09626910213865,1194.576162033314,60.9
790000,-1533881.2365503004,301.06658298679264,1194.0345575206338,61
795000,-1531953.3304464752,301.23039015654626,1196.5648267004801,61
800000,-1533020.8332189852,302.01802497220496,1194.8062453513473,61
805000,-1532150.9748872193,302.11738392860275,1192.67168542993,61
810000,-1532896.198372363,300.5567432652327,1193.915998109937,61
815000,-1533242.578754128,301.25424376033294,1192.6408725948863,61
820000,-1536044.152051094,300.8819660324855,1192.763448930171,61
825000,-1531862.4048468927,300.490400429701,1190.6565416313997,61
830000,-1533113.3430412812,299.91427999136937,1194.0508809222167,61
835000,-1532225.1384427212,300.98551800517384,1196.6611800905798,61
840000,-1534132.5852095755,301.5885358665254,1193.9690830938218,60.9
845000,-1534456.8610039,298.66078553613244,1195.8688938417806,60.9
850000,-1534142.1953948904,300.28304800928476,1192.3304207242,60.9
855000,-1533416.913844794,300.1090844222938,1191.317172170857,60.8
860000,-1531278.1221657963,301.88133264113065,1191.7321775916535,60.5
865000,-1533009.4717054935,299.72456929875364,1192.7842640443755,60.2
870000,-1534829.258188895,299.13723642426703,1196.6644574694317,60
875000,-1534394.773635894,300.9442090298662,1196.022226805642,59.7
880000,-1533882.871501646,301.0896290467011,1194.2222803225422,59.4
885000,-1532173.2872732785,300.2750657486426,1197.32247861831,59.2
890000,-1534189.1132077882,300.27351277964607,1193.4107149677857,59
895000,-1532316.4656263264,299.60676107067707,1194.3468116277172,58.8
900000,-1532011.0465876115,300.14020592098416,1197.352935676882,58.6
905000,-1535529.291630852,300.20598968767706,1192.129183827101,58.4
910000,-1533722.0014588255,299.11173667334407,1191.5855767929615,58.2
915000,-1532208.6675006654,299.42857340801555,1192.2191178886121,57.9
920000,-1532712.792769649,302.3610758235378,1193.3034121552175,57.7
925000,-1534184.020470961,301.2074372747776,1194.1244978212867,57.5
930000,-1530407.5629118579,298.8925195697942,1194.7299630815376,57.2
935000,-1534899.668631115,300.5889829016006,1192.106965468973,57
940000,-1535068.6713894028,300.6362552778549,1194.5345545471396,56.8
945000,-1535023.7269177968,298.6974356044505,1192.3498581206247,56.6
950000,-1533414.6058329688,300.9362578286041,1190.5694680985785,56.4
955000,-1534345.7072173096,300.91569651909,1193.7962186666389,56.2
960000,-1534059.141759432,301.2967329920779,1193.051438035356,56
965000,-1534167.620286204,300.2979565116514,1192.158311468771,55.9
970000,-1532595.1325862128,299.395712584049,1195.1702822201707,55.8
975000,-1530934.0230854861,301.12317317702605,1193.5284694516529,55.7
980000,-1531841.8308297768,300.87423224688274,1193.6780614567801,55.6
985000,-1532149.3834202914,299.4149072808461,1193.1514823638156,55.6
990000,-1534154.1827898612,301.8310164456431,1190.538089490283,55.5
995000,-1532719.5382494824,300.8391040881813,1191.72578169614,55.5
1000000,-1533305.95189304,299.50665668916093,1197.23400379496,55.5
1005000,-1532891.9185687713,300.1947461921422,1194.1917175168264,55.4
1010000,-1533367.4973846888,299.843340367608,1193.2958628404606,55.4
1015000,-1534279.928879493,299.3376626029588,1193.4492508933267,55.4
1020000,-1532685.5411587097,301.0393128512136,1196.559957521637,55.5
1025000,-1533414.6237944448,301.1455048711961,1190.938239383063,55.5
1030000,-1532511.7486813376,302.2336702470628,1192.1882113862457,55.5
1035000,-1533355.0349678919,300.1647738905092,1195.2724290523704,55.5
1040000,-1534438.4378229603,300.2973042646729,1195.1114815788799,55.5
1045000,-1531325.0323744817,299.5118125462294,1192.872281077642,55.5
1050000,-1532712.4521721508,300.86593939244125,1195.142261157601,55.5
1055000,-1534091.742294144,299.384096375955,1191.7755064825149,55.5
1060000,-1533485.5114087723,300.90001153222505,1192.980359152405,55.6
1065000,-1534884.1658187956,299.77320828772486,1193.2451852664076,55.6
1070000,-1533012.63808229,301.04543154905986,1192.9703477307835,55.6
1075000,-1534567.3400482927,300.5715585894595,1194.9775789309608,55.6
1080000,-1534677.257801488,301.3068894093152,1193.3454557634054,55.6
1085000,-1533400.6706799995,301.0644709489573,1192.605832860148,55.6
1090000,-1532974.9015660854,300.4911769141993,1190.3560405547719,55.6
1095000,-1533666.3445004718,300.5711858769004,1191.607574637001,55.6
1100000,-1534432.1501424257,300.6077738264586,1192.9319040562689,55.6
1105000,-1532580.842653228,299.00464393134354,1198.0360836453176,55.6
1110000,-1533684.4045374691,298.4326233311627,1195.2524804790203,55.7
1115000,-1532920.6739262166,299.8811706923634,1194.6502571486149,55.7
1120000,-1534258.5619562697,300.6989020471748,1192.326865880896,55.7
1125000,-1535543.544349309,299.51746535337674,1192.1433652782187,55.7
1130000,-1533280.4821586972,298.73243952563223,1194.6704806006753,55.7
1135000,-1532482.3627540534,301.37257999786834,1194.5302841358327,55.7
1140000,-1534193.5985718938,300.70554875448,1193.1910581035086,55.7
1145000,-1532313.3461325765,300.67902404401923,1192.9829861093872,55.7
1150000,-1533699.4248448825,300.06451421209346,1193.4608587807702,55.8
1155000,-1533664.9407250704,300.50993677967733,1193.8891171556431,55.8
1160000,-1533045.716955145,300.00025235501715,1192.5474634140628,55.8
1165000,-1532062.930198213,299.9647825431365,1194.9964860616087,55.8
1170000,-1535129.5298304837,301.68568960694813,1193.2529970519645,55.8
1175000,-1535557.4221485844,300.75856711602137,1191.6611552638246,55.8
1180000,-1534992.6841704836,302.14785318031466,1194.508116379544,55.8
1185000,-1533686.8561189286,300.1804899367541,1193.3020601281794,55.8
1190000,-1533064.040325202,300.06252641177787,1193.220875912635,55.9
1195000,-1535967.1882240595,300.0276467281159,1191.8970570076144,55.9
1200000,-1534715.4342260165,299.6495298368414,1193.0448122063851,55.9
1205000,-1533220.1879628608,301.3699399505742,1194.0213947505003,55.9
1210000,-1532179.8221360054,300.4727587019005,1191.873771029877,55.9
1215000,-1535728.7735920139,300.164867068649,1193.062561567069,55.9
1220000,-1533074.3835019246,300.3954829646333,1191.9092284323167,55.9
1225000,-1533705.4174762303,299.8919793565792,1191.6728276683014,55.9
1230000,-1532557.551873779,300.61379934616514,1190.272028172458,55.9
1235000,-1534008.5674987463,300.4073165883869,1193.283699459966,55.9
1240000,-1534764.9048351906,301.6189429994774,1189.7430579659456,56
1245000,-1535184.3907977669,300.7844395795035,1189.8349457347897,56
1250000,-1534203.9681083867,302.75900859920796,1194.5626851737898,56
1255000,-1533169.852944891,299.86803257465283,1193.0879689186681,56
1260000,-1532772.3567064041,298.8296553848148,1193.5312710398034,56
1265000,-1534124.088216221,299.6521388247556,1189.3413831886264,56
1270000,-1533481.4773804778,301.56974494166747,1190.9913710490373,56
1275000,-1533127.054065805,299.7684562025955,1192.719031757556,56
1280000,-1532248.920907854,300.15710222366636,1191.6260822651911,56.1
1285000,-1534674.6661328953,301.12099902043093,1192.4092520407203,56.1
1290000,-1535522.8505760273,300.35613073026127,1189.4642514525378,56.1
1295000,-1531931.9855255773,301.4421219495328,1195.4111016862535,56.1
1300000,-1531895.0036350694,300.0330821196037,1191.4575765643347,56.1
1305000,-1531611.7314575203,302.3670081651046,1193.2581083145033,56.1
1310000,-1533150.243383862,300.17927862093677,1194.325369366657,56.1
1315000,-1533060.2676808406,299.7254389613917,1192.5395556548067,56.2
1320000,-1533281.7250029435,299.1773651431373,1192.5827474219443,56.2
1325000,-1531867.2353567071,300.48123791262157,1194.049395741062,56.2
1330000,-1534141.2142411303,299.41055896765585,1194.844425376996,56.2
1335000,-1533831.5887344666,299.48156071017706,1193.6267996324405,56.2
1340000,-1534274.1738944612,299.6968022130957,1190.8672934279577,56.2
1345000,-1532555.9754637992,300.1055747123616,1195.561997385072,56.2
1350000,-1532110.3050465202,300.1243035184598,1193.4966412642239,56.3
1355000,-1531744.3182754545,300.68113608185456,1195.870693242326,56.3
1360000,-1534382.519627289,298.4712611997963,1193.0071100808163,56.3
1365000,-1534098.7561214976,299.693106146884,1194.9283507241837,56.3
1370000,-1532819.3493964076,300.653182639917,1195.1069786472897,56.3
1375000,-1534125.815117268,301.15988536410396,1193.9136258394622,56.3
1380000,-1531770.7554574003,299.4565889687129,1195.016501814643,56.4
1385000,-1533513.6927434364,300.9676278023339,1195.6393500573126,56.4
1390000,-1533648.0118627958,299.575049443768,1194.0025204387327,56.4
1395000,-1533434.3845387762,300.65510832147277,1192.9952767091806,56.4
1400000,-1534534.5439515319,301.20305790220743,1190.4128018277138,56.4
1405000,-1532547.4324388811,300.5739191023343,1193.4145428566508,56.4
1410000,-1533045.166346034,299.7938938347586,1193.2768067683357,56.5
1415000,-1535667.8645872585,299.61794244745204,1191.971791397277,56.5
1420000,-1534711.7956331419,300.7659903078248,1193.3797962697633,56.5
1425000,-1531871.6051090648,299.5915419745111,1194.414181863002,56.5
1430000,-1534007.344083001,299.9022289519563,1191.5419792376756,56.5
1435000,-1533983.71492091,301.2435903930168,1193.5265725539336,56.5
1440000,-1532690.2840338321,300.98275372036005,1194.497384893039,56.5
1445000,-1530940.5561274048,300.72797362678983,1192.5567025577361,56.6
1450000,-1532990.9704367425,300.6772225999833,1194.2886472310934,56.6
1455000,-1536040.8252412463,300.83904196942143,1193.1544655380014,56.6
1460000,-1533726.984401876,300.6117804864696,1195.0785034826572,56.6
1465000,-1530149.9301184164,299.6884161805144,1195.4993327248492,56.6
1470000,-1531848.79251232,301.9664974609002,1192.918226273901,56.6
1475000,-1530585.9944763342,300.45384353952284,1193.5414763817332,56.6
1480000,-1530581.0004597986,300.4526632830854,1193.6820727995,56.7
1485000,-1533901.1597421383,300.38302815328115,1191.858912861972,56.7
1490000,-1533391.6520128008,300.00096672075557,1192.4638136299316,56.7
1495000,-1534818.796625142,300.3750769520189,1193.0589677577855,56.7
1500000,-1535374.8206276111,299.7608466545125,1191.3900181638937,56.7
1505000,-1532092.9507685537,299.11686147103256,1192.8716054458187,56.7
1510000,-1535631.3600259656,300.77071133357424,1193.618593971746,56.7
1515000,-1535183.0387257645,299.71695975067064,1194.6494085120196,56.7
1520000,-1533452.877948028,300.4474142478772,1190.6425109766617,56.8
1525000,-1532670.184765637,300.07103668187887,1194.7928000773707,56.8
1530000,-1534276.497268023,298.27968694438465,1192.8960361402735,56.8
1535000,-1534612.1860993896,301.1127372253694,1192.3075202352343,56.8
1540000,-1530400.543958392,301.7166868681188,1193.7021242971282,56.8
1545000,-1534206.6279367637,300.88423336722036,1192.7160403258908,56.8
1550000,-1532535.2355070747,299.9427925021456,1196.1139644267646,56.8
1555000,-1534286.3863134086,300.73027202090464,1195.2749100206934,56.9
1560000,-1534720.657350677,300.38700375391227,1193.5258027729074,56.9
1565000,-1532921.2677502995,300.5909085831563,1195.8822880115304,56.9
1570000,-1532986.55590293,302.16996745882517,1196.3026641456897,56.9
1575000,-1534184.1537582893,300.3773132273739,1194.4187913625235,56.9
1580000,-1531963.7108399225,300.3000685494867,1195.8691644899734,56.9
1585000,-1533665.7134096194,299.93918961407365,1192.6101332912735,56.9
1590000,-1532453.1079229312,300.8085105989497,1193.2969007196468,56.9
1595000,-1532356.0975280656,298.6110594688637,1191.073518948581,57
1600000,-1534515.2082413454,301.7235509910835,1191.3941333718317,57
1605000,-1534313.3876898019,300.16101570553764,1191.8465321735662,57
1610000,-1533944.0312472088,301.2915150162496,1192.6592430495623,57
1615000,-1534192.633903386,301.62490640042404,1191.4154246741489,57
1620000,-1530865.673894195,301.5721365139221,1195.3216367475186,57
1625000,-1535075.8395885136,300.8930231717407,1193.769437849479,57
1630000,-1533767.3872668399,299.08325522194775,1195.3322677764174,57.1
1635000,-1534561.736026411,300.3292333072415,1195.2421661674994,57.1
1640000,-1533564.6330078384,300.10815264089587,1193.0698690688714,57.1
1645000,-1533538.220033085,300.7461744234291,1194.8594131495827,57.1
1650000,-1531845.473993904,301.24144729580155,1194.0914656972188,57.1
1655000,-1534918.3189723054,299.1171720648319,1193.6628304527517,57.1
1660000,-1533902.8445091564,299.72661921782907,1193.3709466180067,57.1
1665000,-1533446.1763384864,300.04976100662645,1194.2161502967865,57.1
1670000,-1531951.5749058938,301.2149225853409,1193.7216963213955,57.2
1675000,-1535148.7708629882,300.948339927397,1192.4270231604448,57.2
1680000,-1533198.138216462,300.2236003560977,1194.3515862123695,57.2
1685000,-1533860.8400869928,299.80923716844427,1191.6374463299724,57.2
1690000,-1534338.255273602,300.98340596733857,1193.4275658241897,57.2
1695000,-1531160.4538256237,300.34451452216734,1195.1603509112956,57.2
1700000,-1533812.5314521352,300.3209093934201,1191.407053767033,57.2
1705000,-1533682.4989730632,300.7467645516478,1192.4206936216556,57.2
1710000,-1533804.943998482,300.6580900219461,1192.3294208614006,57.3
1715000,-1534669.2757806452,299.9996932861784,1194.5402220249823,57.3
1720000,-1533504.003075461,300.03923187682994,1196.3330131463972,57.3
1725000,-1531771.6281724656,300.3417191779735,1193.0072395447414,57.3
1730000,-1533784.9743396714,298.84043298965076,1193.7276423237442,57.3
1735000,-1532498.1584461192,301.1600406610036,1191.9710443974761,57.3
1740000,-1532635.973136412,299.4179821594592,1194.1966213921507,57.3
1745000,-1533377.1324623777,300.4352700303243,1191.5554602302861,57.4
1750000,-1533165.8729531486,299.919808560997,1191.4280691099923,57.4
1755000,-1533403.2162632123,299.44292284154346,1192.417268184871,57.4
1760000,-1532229.0560796773,301.1403800735076,1194.051773571782,57.4
1765000,-1530932.095463072,300.3370913303639,1194.7114240638227,57.4
1770000,-1532251.9501025463,300.46055236558783,1193.282512613311,57.4
1775000,-1532939.1284190686,300.9095467618638,1194.9104321669702,57.4
1780000,-1535315.4235299937,299.638099985027,1191.591626066095,57.4
1785000,-1533203.0612892574,299.2433042067298,1193.0152365881352,57.4
1790000,-1531406.517718684,300.1246762310189,1192.0428524387735,57.5
1795000,-1534264.1799981017,300.79698756899546,1192.0492146502563,57.5
1800000,-1532406.9614757905,298.89543915150773,1193.729651695051,57.5
1805000,-1533028.8824439012,299.0535624547341,1192.045669751465,57.5
1810000,-1534028.2558216564,299.163171006509,1192.7289914977737,57.5
1815000,-1534184.0974990604,300.2281971443274,1192.9169609203234,57.5
1820000,-1533655.6734533403,300.3988684370458,1194.8728161951046,57.5
1825000,-1533795.8401309615,298.84211019616697,1193.901172578998,57.5
1830000,-1532176.4971941374,300.90414242975584,1192.511084569115,57.6
1835000,-1533328.2112364005,301.60589805990656,1191.0145323163874,57.6
1840000,-1535506.7940051686,300.0542956760963,1192.9630861108697,57.6
1845000,-1533653.153478614,301.42988455384017,1194.1904126299003,57.6
1850000,-1531817.0024338989,301.34214180553636,1191.8444796653007,57.7
1855000,-1535037.9355297023,300.1251421217179,1193.0726449522037,57.7
1860000,-1534062.2870662678,301.35046571935777,1193.7227256268875,57.7
1865000,-1536152.0380540667,299.5198258662515,1189.715115028061,57.7
1870000,-1534739.5407519368,299.71932026354534,1191.6305329274303,57.8
1875000,-1533229.046252273,299.04042433702347,1194.9220696205202,57.8
1880000,-1533076.3319056183,299.40521675430773,1194.2577837064914,57.8
1885000,-1533123.2768729962,301.1801981985786,1196.705674340839,57.9
1890000,-1536189.7228291798,301.2109780440897,1191.6484019222853,57.9
1895000,-1532658.5181161556,298.66650046203966,1194.1932538087829,57.9
1900000,-1533504.4759506946,299.2591755498744,1192.8152812542646,57.9
1905000,-1535348.2631940907,301.0284420682379,1191.7844160233617,58
1910000,-1533669.7566851256,300.33774357734245,1191.8462506767148,58
1915000,-1535267.2334064944,301.66606007883206,1192.4852239806266,58
1920000,-1533982.5100934245,298.80018003326074,1193.4341316741843,58
1925000,-1534692.6185161686,300.2259919283523,1194.9804601976107,58.1
1930000,-1536127.1128928307,301.0360826757008,1190.1448778137194,58.1
1935000,-1532961.1331492718,299.8753315289365,1194.7189735041843,58.1
1940000,-1534559.9956484614,301.8249288071768,1196.081744485412,58.2
1945000,-1535800.002113114,300.36532430672077,1190.1948316857133,58.2
1950000,-1534009.8882100116,300.44381135980524,1192.7704809295753,58.2
1955000,-1532227.9991385546,299.59778490987713,1196.6339939887346,58.2
1960000,-1532176.005110832,298.8916499071562,1193.993808519224,58.3
1965000,-1534824.4282108163,299.1368947710878,1190.322780268694,58.3
1970000,-1532512.7221384356,301.9067702732938,1191.8248676236337,58.3
1975000,-1535882.2750320453,299.2091699481861,1192.2291432091845,58.4
1980000,-1533360.7432225812,300.45381248014286,1191.3716730881147,58.4
1985000,-1532125.4126385227,299.9929844601134,1193.0493993188425,58.4
1990000,-1534182.2417395404,299.7147545346956,1194.4123630682707,58.4
1995000,-1532164.3472171435,299.68133464189026,1193.0145067638564,58.5
2000000,-1532255.8260426177,299.3268849981229,1195.5131901463533,58.5
2005000,-1532054.5536295613,299.8235866019722,1197.5175984487096,58.5
2010000,-1532765.6424379833,300.9093914649641,1196.0415743700628,58.5
2015000,-1532863.5568895554,301.6062086537059,1192.7149366324763,58.6
2020000,-1532543.8741573216,301.0697510435455,1195.156922782641,58.6
2025000,-1534591.795785062,300.3793942058293,1191.5944852390953,58.6
2030000,-1535010.9696081225,300.81972303510463,1195.3438436592576,58.7
2035000,-1531907.3446252737,301.1022702143328,1193.589277077755,58.7
2040000,-1533936.0620040735,300.90923616806447,1191.9592963631048,58.7
2045000,-1534317.6132738646,302.58047928336725,1192.4552390214844,58.7
2050000,-1534396.802034324,300.4690626356888,1193.4410007053752,58.8
2055000,-1532329.4621035997,300.57367062729486,1192.9734254970053,58.8
2060000,-1534624.405835446,299.5708253680974,1193.731020868373,58.8
2065000,-1532805.3229543073,300.5969341028628,1194.6623870540695,58.8
2070000,-1532768.8195166588,299.83259382215203,1191.6625378434214,58.9
2075000,-1533147.369574828,300.9328412968117,1193.669569494842,58.9
2080000,-1535278.756557567,298.80881454088143,1194.1596444423226,58.9
2085000,-1533801.3158416115,300.00323405549045,1193.7646045376,58.9
2090000,-1534008.3083455889,298.6694200437531,1194.5852317671356,59
2095000,-1535866.6977643585,300.12411716218014,1191.563535454677,59
2100000,-1532730.4356071698,301.06499895841614,1189.7128279692322,59
2105000,-1532203.938602847,300.260126186896,1195.0526506167705,59
2110000,-1532791.5983132897,300.14222478067967,1193.6606882207461,59.1
2115000,-1532338.882646856,298.9254114531407,1196.2183202775598,59.1
2120000,-1533164.9636545768,300.72489874817666,1197.9973810386289,59.1
2125000,-1535089.5858888794,300.561526409742,1194.6163645225122,59.1
2130000,-1532317.3476336114,300.7679781081403,1192.2920878449115,59.1
2135000,-1536673.7898183204,301.647735044673,1190.270260552401,59.2
2140000,-1535644.6065707272,299.8991851327231,1191.673795594757,59.2
2145000,-1533240.1829818636,300.7133446588425,1194.890888003389,59.2
2150000,-1533142.512492706,300.95060726213194,1190.5487688005924,59.2
2155000,-1534064.3896374647,302.0147637373123,1192.6801054597988,59.2
2160000,-1532267.8144822232,299.428355992356,1192.9367356356652,59.3
2165000,-1532768.7083867816,300.6355409121165,1195.1718694637316,59.3
2170000,-1535694.7683019787,299.61061243378845,1191.8894533964842,59.3
2175000,-1533435.493197578,300.90780743658763,1195.707350632652,59.3
2180000,-1534163.9154577618,299.07648427712286,1192.0161902790915,59.4
2185000,-1533866.9450440155,299.5506367711426,1193.729777715646,59.4
2190000,-1532078.1376842344,300.25133638237565,1192.7888388236538,59.4
2195000,-1531288.136844186,301.55048812611045,1193.6510097781368,59.4
2200000,-1535863.1917743674,300.27922770555324,1192.52946666939,59.5
2205000,-1533494.666984968,301.740291996866,1194.2029567250624,59.5
2210000,-1531679.0895326287,299.77646952261756,1194.973990995929,59.5
2215000,-1533093.8939143429,299.6722031841907,1193.110833243997,59.5
2220000,-1533815.9557394292,299.68791923043557,1193.6670936060061,59.5
2225000,-1534301.7239745166,301.42205759009767,1192.2188395611856,59.6
2230000,-1534416.455060321,299.2096668982651,1195.2372280115494,59.6
2235000,-1532413.8902316857,302.318089641714,1194.2108029374704,59.6
2240000,-1533177.233620911,299.29591879633216,1193.9471127499367,59.6
2245000,-1533634.165795004,300.8339792904928,1191.6548476530263,59.7
2250000,-1533364.7601204533,299.6474177990062,1193.5744129544137,59.7
2255000,-1534561.569822493,299.61213434340505,1194.7019900892296,59.7
2260000,-1532393.4440471092,300.00913533767726,1197.2745182523436,59.7
2265000,-1530729.9443035275,299.8796487827468,1194.9147934747198,59.8
2270000,-1533713.3134520687,300.04836333452954,1192.085622884839,59.8
2275000,-1534835.3886235114,300.330786276238,1193.8459915481756,59.8
2280000,-1534433.5527142882,299.3500552955511,1192.9970727053442,59.8
2285000,-1533141.9026825186,300.7195875942085,1193.703446240495,59.8
2290000,-1532883.4681754056,299.5803295383562,1196.5983879014486,59.9
2295000,-1536747.7087675827,301.51619857066714,1192.4525317742105,59.9
2300000,-1534736.9809523067,300.54015755634975,1192.8218120158585,59.9
2305000,-1535542.3938392764,300.4870770760485,1191.7579941109136,59.9
2310000,-1533462.6038048044,301.0504631686087,1193.2231616201514,59.9
2315000,-1533872.8945816914,299.5323427963635,1194.1014355649754,60
2320000,-1534488.9953747578,299.77836414479333,1190.677681737849,60
2325000,-1532020.906764172,300.415764739728,1196.698774416048,60
2330000,-1534368.1641095104,301.2610768239177,1192.0516895158764,60
2335000,-1532607.8320565494,300.443935597325,1192.8060434663223,60
2340000,-1533179.478391543,299.55243821517854,1191.7472631094834,60.1
2345000,-1530080.4062978812,300.7921423057263,1191.281885090022,60.1
2350000,-1533545.6997281834,299.51970162873175,1191.287282322463,60.1
2355000,-1533133.6100457087,299.5947721500239,1191.6173151300263,60.1
2360000,-1534027.9868232151,301.25362257273434,1193.7122689270466,60.2
2365000,-1535012.3146120831,300.1580961238242,1191.1333116175153,60.2
2370000,-1534548.9785766676,300.21033800086735,1193.1658929049177,60.2
2375000,-1532440.3668545978,300.52627401352083,1191.589503539074,60.2
2380000,-1531507.9852243243,299.0963622802784,1193.0527014691597,60.2
2385000,-1530935.6469712555,298.9737398483126,1194.2024214957153,60.3
2390000,-1532893.067439531,300.67138343655637,1193.6874743198957,60.3
2395000,-1533628.5228505116,300.3729649141837,1193.1211907585498,60.3
2400000,-1533589.8731731707,299.6046179734618,1194.9552738983216,60.3
2405000,-1534442.3022383573,299.65238729979507,1193.9095346417632,60.3
2410000,-1532451.1451002173,302.1186263038,1193.8486413946925,60.4
2415000,-1532576.178892145,301.0250876552054,1193.3431391071108,60.4
2420000,-1533875.9448745558,299.51724793771723,1192.7994142925613,60.4
2425000,-1535858.364933893,299.186434482077,1192.4147965406687,60.4
2430000,-1535275.8286189493,300.0809446240767,1194.7519534953828,60.4
2435000,-1532096.4782178793,299.92980968133463,1192.936786621935,60.5
2440000,-1532542.5487287287,299.549984524164,1193.1378774069137,60.5
2445000,-1533486.8990427684,301.1299441218509,1194.0055006005464,60.5
2450000,-1534447.2090654708,301.21753157325503,1194.4101423088089,60.5
2455000,-1533314.6952880593,301.37403978872504,1194.0642050342399,60.5
2460000,-1533154.1720118737,299.6641277454088,1196.1459769343785,60.6
2465000,-1532587.4606049042,300.8728966935457,1195.188648377211,60.6
2470000,-1533206.7927881852,299.87297101606174,1192.8889357311948,60.6
2475000,-1534212.8195829196,299.8368800165825,1194.3928597320428,60.6
2480000,-1533866.008679106,299.73891873228155,1191.612420579884,60.6
2485000,-1532667.6860703668,300.7829487292669,1193.0225840304684,60.7
2490000,-1533445.3568490213,299.7041322267593,1194.1854891795956,60.7
2495000,-1533600.5419596992,301.2724445569723,1193.6353249102842,60.7
2500000,-1535144.386541903,299.0588425493223,1191.8771238870738,60.7
2505000,-1533287.1766280811,299.32909021409796,1193.5130334090572,60.7
2510000,-1532981.8189115394,297.89100986393385,1192.8020013566836,60.8
2515000,-1533902.614749737,299.05058075426075,1195.5095738828873,60.8
2520000,-1533104.7454843167,299.879120773288,1191.573131304965,60.8
2525000,-1531851.889406952,300.3254440628899,1192.4462948156195,60.8
2530000,-1533202.6095541297,299.6237505514991,1196.0026297230488,60.8
2535000,-1536643.3654566342,300.3039820313579,1193.2884081470272,60.8
2540000,-1535291.9280845812,298.8714302508214,1194.1364962206944,60.9
2545000,-1533754.956912971,300.793198324644,1192.6099281368465,60.9
2550000,-1534787.9568655193,299.33371806170766,1193.6168913592437,60.9
2555000,-1533175.830346724,301.09844991060135,1192.147494076525,60.9
2560000,-1533458.3155140998,299.4667453859502,1193.0645533362638,60.9
2565000,-1534652.7324601328,300.836122387708,1192.104324404109,61
2570000,-1532553.3785889624,300.8269288112485,1194.0172434265833,61
2575000,-1533104.748205266,299.9673915310506,1194.0327360546687,61
2580000,-1532848.9301024014,299.705623076996,1194.0653573890766,61
2585000,-1532705.7925051851,299.94850742805284,1192.0414254293762,61
2590000,-1534262.4743372817,301.0286284245175,1191.9133321809077,61
2595000,-1531772.6979060285,301.16376778659526,1195.4488138711554,61.1
2600000,-1531016.0680959104,299.4670559797495,1194.3527778060868,61.1
2605000,-1534402.1596541703,299.8775056855316,1193.6974762019654,61.1
2610000,-1533635.6916174106,299.95055734712827,1191.9330273888124,61.1
2615000,-1532638.1123012425,299.77140684368885,1194.7014555918563,61.1
2620000,-1534421.4103781935,300.59615761836454,1192.8998405938883,61.2
2625000,-1533572.2681482565,301.02751028683997,1194.4754317636373,61.2
2630000,-1534139.2371317474,300.5801309783204,1193.2560033170787,61.2
2635000,-1531179.1452561896,301.50129006830053,1194.4323385429732,61.2
2640000,-1534737.4591743117,301.7194822123126,1193.5909091658762,61.2
2645000,-1533428.7244792301,298.868013719029,1193.0226860094435,61.2
2650000,-1535446.6992200352,299.90558336498884,1193.7986884788177,61.3
2655000,-1533799.3989032935,300.34330320635,1194.0494763713923,61.3
2660000,-1535743.271056315,299.98714529668644,1192.5439010734244,61.3
2665000,-1533515.642064237,299.5402008194859,1190.41212414289,61.3
2670000,-1533260.9949042927,299.4944503528482,1193.8306077229456,61.3
2675000,-1532700.1128854137,299.32374800074996,1194.5327075387954,61.3
2680000,-1532417.9748873375,299.7156241973336,1194.966255836465,61.4
2685000,-1533351.3069038456,301.5167576395059,1191.7593657844604,61.4
2690000,-1534384.88065424,298.7549575760819,1192.9495688105962,61.4
2695000,-1533780.423510654,300.88187285434566,1192.8575785386959,61.4
2700000,-1531514.0363856098,301.4213742837392,1189.9990825277046,61.4
2705000,-1533125.4062676234,299.7501001090565,1191.283105133456,61.4
2710000,-1531785.6529458212,301.324872790295,1195.3285884923662,61.5
2715000,-1531807.190806617,300.9416932200919,1192.657508892662,61.5
2720000,-1534501.0373783438,298.6911305503246,1191.0379221323165,61.5
2725000,-1531527.7456374373,300.5018924002754,1195.7510475898807,61.5
2730000,-1532055.7926392155,300.91936152592183,1191.224218172766,61.5
2735000,-1533043.0529564302,301.09366676609204,1193.1908615379307,61.5
2740000,-1532451.0046153674,299.10207720618564,1193.0813693824862,61.6
2745000,-1533817.447260392,299.11835232126924,1190.928032121345,61.6
2750000,-1533155.5461927736,301.0171364539432,1196.4243087182078,61.6
2755000,-1533702.5383969983,300.89438978445764,1195.5668258654669,61.6
2760000,-1531968.4610099737,299.8551429319816,1194.069073982436,61.6
2765000,-1534951.9413258024,301.3795994177326,1193.2802242811226,61.6
2770000,-1534642.7055773782,300.0693905347425,1192.0318446745666,61.7
2775000,-1532418.2533909567,301.0268890992414,1192.3603427667554,61.7
2780000,-1532458.1214015959,300.5057748227667,1198.0217275392747,61.7
2785000,-1532066.0374035453,301.59744990856547,1196.6512873394852,61.7
2790000,-1532347.6238532523,299.430157436392,1194.665424255035,61.7
2795000,-1534876.973763368,298.22241344779275,1195.4839275401291,61.7
2800000,-1532454.8349938253,300.3552300082433,1193.1175891552004,61.7
2805000,-1533381.5095988298,300.88507197047846,1192.5420334797438,61.8
2810000,-1534544.0632600868,300.7630086073514,1194.7176849146406,61.8
2815000,-1533105.1588750537,300.43750630567934,1195.2346731685893,61.8
2820000,-1535298.8545032255,300.83783065360416,1193.9733931230112,61.8
2825000,-1532259.3398528239,299.6120411652652,1192.3797419486846,61.8
2830000,-1532516.7409378085,299.5376850097115,1190.3433728136597,61.8
2835000,-1532951.0740258247,301.75386494589566,1192.0766739936423,61.8
2840000,-1530734.6927556796,301.84685672940776,1194.5923144106318,61.9
2845000,-1533946.8373713428,301.21194088486754,1197.1108465996863,61.9
2850000,-1533594.0901959417,299.9605584674659,1191.0078427240487,61.9
2855000,-1533168.7842891887,301.3543170824692,1193.158417897941,61.9
2860000,-1531459.7387917899,301.27151277557437,1195.1622155695065,61.9
2865000,-1535648.1270559328,300.6147000681831,1192.8294869440897,61.9
2870000,-1532673.3720444217,302.49550081987724,1196.316800259597,62
2875000,-1534915.3743196419,298.7577529202756,1192.4681302263434,62
2880000,-1532296.0005064728,298.6429574520523,1193.4148933327888,62
2885000,-1532554.2772690868,300.2404655994,1194.8846904060126,62
2890000,-1533160.2945792358,298.7883153501273,1194.7108289432244,62
2895000,-1534116.3417987544,300.8113991212832,1191.5082914433626,62
2900000,-1532946.7140999064,300.6434299946188,1193.840302512737,62
2905000,-1531178.4278230956,300.1948083109021,1193.7739606961543,62.1
2910000,-1534125.4782047654,300.88889227421,1193.4439893109482,62.1
2915000,-1533674.388301907,299.7386702572421,1190.604482311572,62.1
2920000,-1532137.034723308,300.8018949510245,1194.4471810664647,62.1
2925000,-1534017.0266165044,298.83257496652834,1194.0014357075052,62.1
2930000,-1533049.417957507,301.04704663681633,1195.9493750369663,62.1
2935000,-1532446.0650845487,300.36085175601073,1194.581733454077,62.1
2940000,-1535611.550000798,300.61765070927646,1194.525435879064,62.2
2945000,-1532685.7479653247,300.7448078107122,1195.980927482705,62.2
2950000,-1533545.5084597366,301.71699746191814,1193.8638865856965,62.2
2955000,-1533619.7337203706,302.0158818749898,1194.4343869506415,62.2
2960000,-1534067.0598389087,300.546338372956,1194.641216687504,62.2
2965000,-1532151.1548305182,300.09296460410985,1197.0707966653392,62.2
2970000,-1532295.4576228317,300.6863540576828,1191.7067115984044,62.2
2975000,-1531905.5105864648,300.1560151453688,1190.9619138273315,62.3
2980000,-1534430.058578236,299.71723928509005,1193.6632336562993,62.3
2985000,-1533891.2176694367,301.00384303933293,1189.802406737234,62.3
2990000,-1535722.6421119059,300.5166145463624,1193.8759616111358,62.3
2995000,-1534007.9635056872,300.3224623624166,1195.571215589378,62.3
3000000,-1534873.57230693,300.1490578442644,1190.5127719880866,62.3
3005000,-1535008.922465547,301.4667209784378,1193.4783075200742,62.3
3010000,-1533432.0623688987,299.28073075954615,1196.1178381834213,62.4
3015000,-1534318.2982921908,299.65313272491335,1192.1816992512022,62.4
3020000,-1533711.0686777886,300.0656323497709,1195.8706301708753,62.4
3025000,-1535080.9194352496,300.59078434563656,1195.58546555957,62.4
3030000,-1535019.7085002987,300.4720132767822,1192.3831671504902,62.4
3035000,-1533218.7946804147,300.3641440502834,1195.678468409721,62.4
3040000,-1533538.7716653403,302.05104109307115,1193.0006978619713,62.4
3045000,-1531498.2003642395,300.7612071633155,1195.0422481819203,62.4
3050000,-1533281.2103553154,301.1475237308916,1193.3589601198328,62.5
3055000,-1533242.1424870947,299.3771390748505,1194.7382928939244,62.5
3060000,-1532897.5226662792,299.8416942204717,1191.838896343439,62.5
3065000,-1531192.8563595684,299.44981802388804,1194.5471701900406,62.5
3070000,-1534083.247265555,300.54369832566186,1192.1920835327642,62.5
3075000,-1531962.7731765937,301.3795994177326,1196.7638995123452,62.5
3080000,-1532437.5585880773,300.30683949431153,1193.549764409568,62.5
3085000,-1534447.4059823593,300.67868239084,1194.8131970886184,62.6
3090000,-1534097.755407947,300.45073760152974,1194.040157131243,62.6
3095000,-1535209.4125905018,300.699709591053,1193.3908088741541,62.6
3100000,-1533583.467143883,300.94632106770155,1192.713093949931,62.6
3105000,-1535004.9150374597,300.8556276783043,1191.9980035122028,62.6
3110000,-1531844.1512526423,301.7995222343936,1193.4572235962858,62.6
3115000,-1534232.61181687,300.98272266098013,1193.859944381432,62.6
3120000,-1533160.6685280781,299.28551390405545,1192.6768187947778,62.6
3125000,-1533818.1619528402,300.3161573082907,1193.292125581711,62.7
3130000,-1533740.9916126681,300.98436880811647,1193.7017585220055,62.7
3135000,-1534622.3808371415,301.3060197466771,1193.5653217766499,62.7
3140000,-1530724.7790620588,299.61915376326937,1195.3626756061594,62.7
3145000,-1533628.6796504231,300.8328922121952,1193.9994965195397,62.7
3150000,-1532889.4362139115,302.2166497068608,1191.0913154742784,62.7
3155000,-1532056.4479553401,300.4029682751966,1190.9012031895272,62.7
3160000,-1535732.8237729073,300.01705547955953,1189.568982765284,62.7
3165000,-1535430.9911093237,298.8259593186031,1196.244197965773,62.8
3170000,-1532957.04992963,300.77947007871467,1194.3275219200066,62.8
3175000,-1534226.9184114551,299.139037868303,1190.1010817913898,62.8
3180000,-1533788.0410656193,298.0794781813524,1194.9179903282998,62.8
3185000,-1533223.9254998453,302.18391312041405,1195.4804733071062,62.8
3190000,-1533992.8694201764,298.8432904526043,1195.6043198512825,62.8
3195000,-1531487.6378515912,300.2384156803246,1191.6701423966374,62.8
3200000,-1532683.713673166,299.593809309246,1193.134082419219,62.8
3205000,-1531986.7310177805,302.2513119748633,1192.3199995535026,62.9
3210000,-1535240.2417381564,300.40240920635785,1191.5627710779747,62.9
3215000,-1532582.5665783416,298.2503047709704,1194.5643909535474,62.9
3220000,-1535416.947809523,299.69133576222794,1193.8452887313354,62.9
3225000,-1534583.6340093073,299.42897717995464,1193.211131918939,62.9
3230000,-1533210.8775107479,301.38947630055054,1193.9014354991718,62.9
3235000,-1533208.360757674,300.5070482573438,1194.3497717932958,62.9
3240000,-1533545.4967263062,300.64187702562236,1192.7474661771612,62.9
3245000,-1535871.5021712976,299.8544596256232,1189.4504339563691,63
3250000,-1535251.3386029406,299.7742643066425,1189.2734898752976,63
3255000,-1531314.9365574485,300.5274542699582,1196.3397718663896,63
3260000,-1534022.50904415,300.3836182814998,1195.9277452094746,63
3265000,-1533435.8128976654,300.45278752060517,1190.9404193975602,63
3270000,-1533693.4575552754,300.5247210445243,1193.658268613081,63
3275000,-1532944.795018077,300.3380541711417,1194.173172049903,63
3280000,-1536047.079467047,300.15148047589895,1191.1954012475385,63
3285000,-1536506.9514473155,300.46794449801126,1193.18353785137,63
3290000,-1533760.4277176196,300.7452737014111,1194.5017941226706,63.1
3295000,-1534290.6144688483,299.5919768058301,1194.1110266638593,63.1
3300000,-1533539.7449733252,301.060122635767,1192.8695847851554,63.1
3305000,-1532416.213308286,301.9556887966844,1194.9374973504491,63.1
3310000,-1534531.9876774447,299.9824863896969,1194.049033041112,63.1
3315000,-1532506.3132505715,299.5051658389242,1194.3633084174176,63.1
3320000,-1533579.6085282424,300.17496136712646,1194.8768637610422,63.1
3325000,-1532826.6565043656,301.2821350835106,1196.1704646094859,63.1
3330000,-1534676.3547826214,301.24796976558696,1194.7185223701417,63.2
3335000,-1533183.1828470333,299.3094917453618,1195.9286677922062,63.2
3340000,-1530529.8090818245,299.0222545997641,1196.075472406997,63.2
3345000,-1530425.1311962865,299.9675778873302,1195.27326441051,63.2
3350000,-1533263.5822115578,299.03933725872594,1194.147818676358,63.2
3355000,-1533429.6730346074,298.8596276864478,1194.3375907684228,63.2
3360000,-1531667.6972505562,299.9883876718837,1192.537138216008,63.2
3365000,-1536179.5197456526,300.94458174242544,1191.2302096823266,63.2
3370000,-1532730.3011195045,300.40455230357304,1190.6034617995579,63.2
3375000,-1534947.9765356844,300.2085054974514,1191.6344482217223,63.3
3380000,-1534847.6928758705,299.3064168667487,1193.099536139065,63.3
3385000,-1533961.2523073126,299.01262619198565,1189.6782375061418,63.3
3390000,-1533857.3876008522,301.2330612632203,1192.5306044279866,63.3
3395000,-1533809.4333052626,300.40160166247966,1193.854878280733,63.3
3400000,-1533056.5424597794,298.4037381078273,1192.6148612555776,63.3
3405000,-1533351.1841186285,300.65672340922913,1191.9390618837392,63.3
3410000,-1533965.2696559727,300.41514355212934,1192.512454505851,63.3
3415000,-1532676.0110124638,300.2822094060266,1192.8488047442322,63.3
3420000,-1531909.1762404963,300.6600778222616,1193.4813775810114,63.4
3425000,-1533511.586792427,300.96259618278515,1194.2570196979602,63.4
3430000,-1532767.8660380319,301.28288050862886,1193.1895515401286,63.4
3435000,-1533757.0069537228,301.7128665643874,1194.0240431633908,63.4
3440000,-1533321.9664475163,300.14915102240417,1193.720332827426,63.4
3445000,-1533400.7022136385,300.7335021964174,1193.7201155335958,63.4
3450000,-1532977.4560182877,299.58958523357546,1194.8591611549916,63.4
3455000,-1534101.6341660572,300.39389893625685,1192.5603698432246,63.4
3460000,-1534451.946130313,300.3306309793383,1192.7565748119912,63.4
3465000,-1535265.908354518,299.5794288163382,1194.030905719373,63.5
3470000,-1531675.5934865708,300.31997761202217,1195.9390032087704,63.5
3475000,-1532385.879250045,299.54619527981254,1194.2247330328216,63.5
3480000,-1532586.5918435855,300.65631963729004,1194.8085633482417,63.5
3485000,-1532582.3485685643,300.31469751743396,1192.8534264426905,63.5
3490000,-1534190.832813275,299.9377608825969,1194.4054512412429,63.5
3495000,-1532301.3484855685,300.13803176438904,1196.1354535464443,63.5
3500000,-1531568.80866478,300.284259325102,1194.8345391162206,63.5
3505000,-1536130.8940360984,300.3421850686725,1195.5980143800969,63.5
3510000,-1534481.742464466,299.8822888300409,1193.1698215643034,63.6
3515000,-1532484.203887145,301.0132850908318,1193.0246798565097,63.6
3520000,-1533002.1091767037,301.29754053595616,1194.4220979523473,63.6
3525000,-1533569.7367411759,298.9193859334342,1195.82224101132,63.6
3530000,-1531987.0086552044,300.4289960355784,1194.7494540792416,63.6
3535000,-1533880.5435900232,301.0442823520025,1193.0375003571467,63.6
3540000,-1533471.4995615007,299.58231733867177,1195.1360645336842,63.6
3545000,-1532768.3077135058,300.2424533997155,1192.8975752464717,63.6
3550000,-1533195.6969466181,300.64240503508114,1190.9815262912816,63.6
3555000,-1535419.5332536278,298.9295734100514,1191.5660370407945,63.7
3560000,-1532831.239634429,301.2872288218192,1190.6409377652842,63.7
3565000,-1535099.30194976,300.43694723684064,1190.1567663577807,63.7
3570000,-1532352.5824337723,300.6223717350259,1189.8270296325,63.7
3575000,-1534548.259487235,300.4120376141363,1192.2425208206348,63.7
3580000,-1532273.2553321654,300.15042445698134,1191.7442851652986,63.7
3585000,-1535361.5566970268,301.2493674376839,1194.0040602530719,63.7
3590000,-1535072.6830539405,300.7324151181199,1194.0539070103223,63.7
3595000,-1534693.618934269,299.3512976707483,1193.6977350789232,63.7
3600000,-1533412.409366345,302.09747486606733,1195.9225504201509,63.7
3605000,-1534223.959300884,300.6054133135839,1192.59006742588,63.8
3610000,-1533502.2319860104,300.3064978411323,1195.31498564255,63.8
3615000,-1533538.5790503062,301.7160346211403,1194.666322335953,63.8
3620000,-1534355.2404695638,300.1180916424736,1193.8435061078792,63.8
3625000,-1533525.9690139042,300.41365270189266,1191.6319708656706,63.8
3630000,-1533783.5480735563,300.65268568983817,1191.8495379752183,63.8
3635000,-1531488.7323277928,300.4768274806714,1194.633787501764,63.8
3640000,-1530153.2322071511,300.46518021319747,1193.9033872087423,63.8
3645000,-1534594.7748782653,301.35108690695637,1193.2037782418352,63.8
3650000,-1532838.080516127,301.96419906678534,1194.818893809873,63.8
3655000,-1534328.3908047127,300.01056406915404,1193.2003172791692,63.9
3660000,-1532407.2584912302,299.1639164316274,1192.4179924619402,63.9
3665000,-1534911.7397590391,302.6779125582093,1191.0295340680827,63.9
3670000,-1534351.3050602889,301.6561521366342,1194.3511513085557,63.9
3675000,-1535244.3681848738,300.0211863770903,1191.9152635845437,63.9
3680000,-1531928.2655564947,300.4411402531312,1195.0088061181607,63.9
3685000,-1534221.5929897502,301.557880258534,1193.0334496987239,63.9
3690000,-1534820.01000073,299.2372786870233,1191.5271003014998,63.9
3695000,-1533972.4133832715,300.726544895313,1194.0679704395523,63.9
3700000,-1535108.3081222046,299.5779069067216,1192.0888870935053,63.9
3705000,-1534625.3392224386,300.3238910938934,1192.5405819522778,63.9
3710000,-1532843.9138350142,300.2162392830541,1194.0092934474962,64
3715000,-1532742.1478316905,300.65815214070597,1193.5736479572709,64
3720000,-1533793.640826215,298.6060589086949,1192.348664619077,64
3725000,-1535446.7042821785,300.60162406923234,1191.6683144197202,64
3730000,-1533604.9839986712,299.5764781752448,1192.8298662976536,64
3735000,-1533621.9408980226,299.3024723254975,1193.175430481634,64
3740000,-1533034.5143757379,299.2635238630646,1193.4822542580475,64
3745000,-1533851.152115833,300.4750881553953,1193.8670748493541,64
3750000,-1533685.0379396798,300.6106623487921,1191.448591452101,64
3755000,-1532380.7239168175,300.7916764150274,1193.114197499917,64
3760000,-1535751.0767293423,301.851236101978,1194.5909106740444,64.1
3765000,-1533050.4372686958,300.44732106973737,1194.103311247262,64.1
3770000,-1533077.4286381453,300.06730955628717,1191.5130142967912,64.1
3775000,-1535543.814639153,301.7553557961324,1193.0780987343971,64.1
3780000,-1533741.780586333,300.24198750901655,1192.6690913535895,64.1
3785000,-1532349.3449097304,300.02730507493663,1192.2377319007003,64.1
3790000,-1531382.1814853689,301.61850816815837,1192.4129474370432,64.1
3795000,-1532301.030992454,299.0976978336154,1194.8205308604818,64.1
3800000,-1533659.2381133232,300.258790633559,1194.5522238438798,64.1
3805000,-1535119.7072530566,299.51647145321897,1190.280656386503,64.1
3810000,-1534878.068832607,299.56936557724066,1192.4816503300447,64.1
3815000,-1535205.362570147,299.40602429818597,1194.6830789662815,64.2
3820000,-1532837.3598852418,299.9440969961027,1193.2063619893263,64.2
3825000,-1533839.2541614631,299.6944727596009,1193.8572345213447,64.2
3830000,-1534111.6370136077,301.2253274776176,1191.690947371444,64.2
3835000,-1534000.5542353066,299.98633775280825,1195.0125350458077,64.2
3840000,-1535778.1073344015,300.2752521049222,1189.738306293596,64.2
3845000,-1532986.3480479736,300.3825001438223,1194.4568265916803,64.2
3850000,-1536068.3140768195,299.36428049155927,1191.0762910875899,64.2
3855000,-1533770.7071635872,300.8597585758351,1193.3923878797007,64.2
3860000,-1533617.8246799363,300.32817728832384,1191.5960677767905,64.2
3865000,-1530847.0377762737,299.8083053870464,1195.37477125048,64.2
3870000,-1531657.3669062657,302.5831503900412,1196.6056991443822,64.3
3875000,-1534668.0422153529,299.3262638105243,1193.6365051258254,64.3
3880000,-1534581.3333262252,301.1583945138673,1192.3332754545038,64.3
3885000,-1532081.4481445774,301.0690677371871,1194.0613165571647,64.3
3890000,-1533394.2506108107,299.9882013156041,1193.2465833951894,64.3
3895000,-1532098.1003946466,299.12425360345605,1193.6969700579518,64.3
3900000,-1532387.4813914113,301.08068394528107,1196.8636855388509,64.3
3905000,-1533709.5263869558,301.1137311255271,1192.7684259633818,64.3
3910000,-1532862.2657002285,299.5337404684604,1196.8448042656755,64.3
3915000,-1533157.4191333298,300.3858234974749,1193.1032408886806,64.3
3920000,-1532936.8049815698,298.35845353188853,1192.8833779484692,64.3
3925000,-1530494.5914068297,300.61935897517264,1195.6613514259127,64.3
3930000,-1534949.270955314,301.3279166095282,1193.3702330196772,64.4
3935000,-1531947.756661174,299.98702105916675,1193.1103071005161,64.4
3940000,-1532627.7408196758,302.2911922186941,1192.8470801268757,64.4
3945000,-1531873.898021181,300.65871120954466,1193.5394589045611,64.4
3950000,-1532578.5700074136,299.8644918053408,1192.2123976647244,64.4
3955000,-1532068.9609232629,299.21252436121864,1194.6041377857985,64.4
3960000,-1535083.308795128,300.97862282282927,1192.1070372809502,64.4
3965000,-1534244.6180224633,299.1293162823847,1192.1245856213434,64.4
3970000,-1532394.7033498744,299.3441540133643,1193.0515799494929,64.4
3975000,-1533826.676725639,300.47226175182163,1193.417874200588,64.4
3980000,-1533625.137528262,300.4856483445717,1194.0512541384855,64.4
3985000,-1531491.22138011,299.35642246843685,1194.0393702938534,64.4
3990000,-1532424.9617976109,300.66414660103254,1194.0567407210951,64.5
3995000,-1535635.7246031547,300.6039224633472,1194.7890112855853,64.5
4000000,-1534569.396132771,298.84776300331436,1193.0787921243038,64.5
4005000,-1532164.4365603589,300.98582859897317,1194.4759733545275,64.5
4010000,-1533884.2184908846,298.8554657295371,1191.2722102445234,64.5
4015000,-1534469.5995583301,299.5215030727677,1193.2055351388576,64.5
4020000,-1535816.3331425097,300.5242240944454,1193.94865244193,64.5
4025000,-1531855.0429923385,300.5029794785729,1193.482665432135,64.5
4030000,-1532672.7797478912,300.96340372666333,1196.3423110129902,64.5
4035000,-1531576.2390089603,299.7705992998107,1194.0256266344354,64.5
4040000,-1533533.905207376,299.3995639471604,1192.305029597481,64.5
4045000,-1532439.891152108,300.2716492168502,1194.0177219275945,64.5
4050000,-1534369.3861359898,300.72555099515523,1192.2544370012072,64.6
4055000,-1535828.5197635908,299.8625040050252,1191.2569425462348,64.6
4060000,-1533099.4548315834,301.495264548594,1193.914988847302,64.6
4065000,-1532801.8060587524,301.2177179295346,1192.9941132642214,64.6
4070000,-1534623.9130004328,301.4426188996117,1192.9201487649682,64.6
4075000,-1533970.8599177385,301.16783656536614,1193.507591403548,64.6
4080000,-1534699.4341878109,299.9823621521772,1192.1933907401956,64.6
4085000,-1532059.6131035406,299.1957522960562,1192.5173730597385,64.6
4090000,-1535079.6058648145,299.11540168017586,1193.6277846586463,64.6
4095000,-1532715.7915189266,300.33929654633897,1196.0120726124385,64.6
4100000,-1534222.7450900003,299.066576334925,1191.9368665951838,64.6
4105000,-1533347.8140093004,299.8082122089066,1193.1172063864753,64.6
4110000,-1534520.0831888495,301.73175066738514,1190.2538192123639,64.7
4115000,-1532663.7507809782,301.8465150762285,1194.7250158246368,64.7
4120000,-1535287.3824959453,301.73044617342805,1194.481985240409,64.7
4125000,-1533770.8331923336,301.59266676405616,1193.8998153545206,64.7
4130000,-1534605.4993208554,299.9080681153833,1191.3391216913349,64.7
4135000,-1531860.4257456688,299.94304097718503,1192.225136772751,64.7
4140000,-1532456.6577466028,299.45994338174535,1193.9992568462446,64.7
4145000,-1533475.7196559021,299.40990672067727,1192.3485547994947,64.7
4150000,-1533326.4118522406,299.31026822986007,1190.3083338293159,64.7
4155000,-1533655.159658203,300.9573782069568,1195.2626897028783,64.7
4160000,-1532340.6605766239,298.94258729024233,1196.9471892942597,64.7
4165000,-1533399.0697765704,298.7826625429799,1195.4921405065468,64.7
4170000,-1532892.7972239368,301.41488287333374,1195.5740115252681,64.7
4175000,-1533070.692741204,300.9218462763162,1193.981579522701,64.8
4180000,-1534108.6420955323,300.90268263889914,1192.0100944170729,64.8
4185000,-1533267.3133372646,299.7138848720575,1192.3290856128688,64.8
4190000,-1535081.9692393085,299.7617784359104,1192.010247245854,64.8
4195000,-1536306.223607569,299.5113777149104,1194.4188638025123,64.8
4200000,-1532269.1070967978,299.4514020522645,1192.9861508512377,64.8
4205000,-1533629.8511722945,300.6184893125347,1192.7421432233098,64.8
4210000,-1535402.0587272327,300.9084286241863,1190.2952297994138,64.8
4215000,-1533006.3473319337,301.42357949971426,1192.932829958946,64.8
4220000,-1531715.7472474966,300.75313172453355,1194.501916528876,64.8
4225000,-1530687.60391289,300.41567156158817,1193.5085290297493,64.8
4230000,-1531394.5271432372,300.3645788816024,1192.8389776633335,64.8
4235000,-1534719.7913071802,301.5287776195391,1196.3049538866835,64.8
4240000,-1532739.623334147,299.9688513219074,1194.361243012925,64.9
4245000,-1533825.267105611,300.0131730570683,1191.8701748059834,64.9
4250000,-1531463.0760958167,298.7214755645167,1195.4311805107761,64.9
4255000,-1534748.269073191,299.5641165420324,1194.4557376710536,64.9
4260000,-1534951.127757459,300.91082019644097,1192.1084646292923,64.9
4265000,-1533709.5337214926,299.7844207238798,1193.3231167695537,64.9
4270000,-1534808.9659922188,302.0552651687417,1193.010602470984,64.9
4275000,-1533605.7710137796,299.33800425613805,1192.2175967214182,64.9
4280000,-1534569.5732327774,300.14955479434326,1194.0271153910585,64.9
4285000,-1532740.4993544724,300.9982523509454,1194.0288936031677,64.9
4290000,-1532552.566072124,300.99424569093435,1194.256594889172,64.9
4295000,-1532304.0583354933,301.0866473462278,1191.9744685132725,64.9
4300000,-1532933.7859455934,299.1305586575819,1193.2593588130628,64.9
4305000,-1532409.8842497356,299.28725322933155,1195.491831381824,64.9
4310000,-1532135.2567224596,300.09436227620665,1193.4846690602321,65
4315000,-1536497.6288084332,300.3824069656826,1193.5509987666778,65
4320000,-1535269.5572128566,300.8663121050004,1192.864751124643,65
4325000,-1533723.0444282275,300.7297129520659,1191.5010738190733,65
4330000,-1534015.1250965605,299.05582978946904,1195.2583144517994,65
4335000,-1534382.695265483,300.18033463985444,1192.5252688117455,65
4340000,-1533556.8551915158,298.9329588824638,1192.0426132928121,65
4345000,-1533393.0117417593,300.2058965095373,1195.2051077352462,65
4350000,-1534507.3549809232,301.0080049962436,1191.7178255570045,65
4355000,-1533371.2614157153,300.5544448711178,1193.9232375485747,65
4360000,-1532987.7820376344,299.76708958987854,1196.006209280419,65
4365000,-1532465.0067779347,299.92962332505505,1191.9313963954728,65
4370000,-1532068.7201603241,300.8143808217566,1195.1700259593447,65
4375000,-1531411.0809245268,300.42116907183583,1194.2115251236407,65
4380000,-1533775.0209467784,301.06763900571025,1195.0727821849398,65.1
4385000,-1532420.4642625088,300.43887291839627,1193.647459637507,65.1
4390000,-1532835.711727406,301.9740759496032,1195.3671039040958,65.1
4395000,-1533142.8416897906,300.8123309026812,1193.2055438847124,65.1
4400000,-1532504.556723985,300.370604401309,1194.4852828547992,65.1
4405000,-1535557.0026006475,301.59987254020007,1191.180623763028,65.1
4410000,-1532712.4320648788,299.9178207606815,1191.2013160346899,65.1
4415000,-1533933.7118964167,299.7967512977122,1195.0049764459675,65.1
4420000,-1531841.7385310698,300.2837934344031,1192.7852952112812,65.1
4425000,-1536286.4210232869,300.79263925580517,1192.7824209969665,65.1
4430000,-1534773.937619185,299.29588773695224,1192.413209074083,65.1
4435000,-1532085.0546381352,300.78108516647103,1193.7163199558167,65.1
4440000,-1534676.6781011103,301.6431382564433,1193.3408235043535,65.1
4445000,-1531402.4073175192,300.7254267576355,1194.3253895123573,65.1
4450000,-1529503.0237456234,300.43172926101226,1195.4699777484984,65.1
4455000,-1532742.8601689609,299.86738032767425,1195.5090675721158,65.1
4460000,-1532637.5992463706,300.4512966703685,1194.1659164266046,65.1
4465000,-1535066.991283115,299.3039010569743,1191.7525538249147,65.1
4470000,-1533976.2579251062,300.7074123172758,1193.7760927129416,65.1
4475000,-1534017.19144708,300.5451581165186,1191.9853727706686,65.1
4480000,-1533116.6615282577,300.16132629933696,1193.837530833962,65.2
4485000,-1532338.2800259246,298.8634790495592,1191.8985769708447,65.2
4490000,-1534283.0328037823,298.9839894436897,1192.124473641524,65.2
4495000,-1533131.0723466603,299.04483476897366,1192.7978103131281,65.2
4500000,-1534240.3993156534,298.92311305902587,1193.9151182906512,65.2
4505000,-1535260.9505049633,300.6603884160609,1190.880159692465,65.2
4510000,-1533469.1760962429,301.4255362406499,1192.743860728787,65.2
4515000,-1535105.3341074148,299.3075660638062,1192.0897072099997,65.2
4520000,-1533600.5020587584,299.7893591652888,1193.5793319587594,65.2
4525000,-1534282.4699015925,299.0157942487386,1191.1529018319177,65.2
4530000,-1534034.088920433,299.58498844534574,1193.9978036880577,65.2
4535000,-1532681.6704703942,299.95266938496354,1193.8532217742463,65.2
4540000,-1533785.9141355846,299.68139676065016,1193.2503253750192,65.2
4545000,-1532316.156838079,299.81094543434045,1193.7772388676362,65.2
4550000,-1534288.717065543,300.0613150959606,1190.1105090710196,65.2
4555000,-1533156.7407069923,300.82838860210524,1192.568119386774,65.2
4560000,-1532583.4576864578,299.4736095089148,1190.484457215685,65.2
4565000,-1532406.931305387,300.21838238026936,1194.1762926044514,65.2
4570000,-1535504.9388509663,301.03800835725644,1193.68681457615,65.2
4575000,-1533732.1561951283,303.28425377321344,1191.3074236608081,65.2
4580000,-1534417.914812019,300.243571537393,1192.7760793166367,65.2
4585000,-1532169.666714021,300.37728216799405,1192.7136482844248,65.2
4590000,-1532521.387173798,301.84263265373716,1195.6627493532517,65.2
4595000,-1531988.0612173667,300.12890030668945,1191.2602164297944,65.2
4600000,-1532324.1303207995,302.2806009701378,1194.1598377682321,65.2
4605000,-1533323.8971156357,300.2896015384501,1195.5963076854143,65.2
4610000,-1532445.110535129,301.9435756385115,1192.1111475101347,65.2
4615000,-1534216.7371458681,300.5591037781074,1193.3950250854966,65.2
4620000,-1533683.5528851012,300.11374332928335,1194.7535352339403,65.2
4625000,-1532445.7659611618,301.62304283762825,1195.9842305880588,65.2
4630000,-1532244.9084189124,300.19052211647164,1192.2144466733632,65.2
4635000,-1533656.2246495541,300.1867018127402,1191.0889830706922,65.3
4640000,-1534832.594800882,300.2709969698717,1191.946888415034,65.3
4645000,-1533199.6308025327,298.58248483932755,1193.693440798188,65.3
4650000,-1533450.362224998,301.8565161965662,1196.781809569539,65.3
4655000,-1532286.0420811307,301.3452788029094,1195.7707070499457,65.3
4660000,-1532983.7975081224,301.38096603044954,1192.4253055413185,65.3
4665000,-1534452.4272578033,300.7383164003067,1194.2160065799053,65.3
4670000,-1533038.8708991837,300.64585262625343,1195.1195132094444,65.3
4675000,-1532828.0225328216,300.0102845347347,1194.96491237231,65.3
4680000,-1533451.581142744,300.8086037770895,1193.8378839965617,65.3
4685000,-1534090.900916229,300.96737932729445,1194.9851717703984,65.3
4690000,-1533888.2816924043,299.8627524800646,1192.4411651789526,65.3
4695000,-1532171.6953207748,300.0788947050013,1195.0442607421453,65.3
4700000,-1533069.5811150586,299.528522492632,1192.707504234113,65.3
4705000,-1532448.389776729,300.14921314116407,1192.7860756677276,65.3
4710000,-1531763.71146614,299.38664324510927,1193.6344746863185,65.3
4715000,-1532716.1796717783,301.5093033883226,1194.5576991382306,65.3
4720000,-1535022.536472763,300.5815907691771,1195.2795343677687,65.3
4725000,-1536084.2140209684,300.0615635710001,1190.8003348714242,65.3
4730000,-1532608.7720692577,300.69992700671247,1196.2417925083,65.3
4735000,-1533592.8494341215,300.45949634667016,1193.0885167216866,65.3
4740000,-1532544.9800216407,298.2955272281493,1191.298369345136,65.3
4745000,-1534212.029164357,300.8485771990601,1191.0598520409287,65.3
4750000,-1533150.4813675024,299.73935356360056,1194.473853045107,65.3
4755000,-1533178.2987016365,300.0697321879218,1195.2678312894925,65.3
4760000,-1531930.934891018,300.65861803140484,1194.6595418039,65.3
4765000,-1531927.021082108,301.7533679958168,1190.8959074629363,65.3
4770000,-1535052.4939299729,299.86365320208256,1192.0246540967253,65.3
4775000,-1534709.781044851,299.16289147208965,1191.0947922232833,65.3
4780000,-1532682.8806363,302.25889046356633,1191.0270652067109,65.3
4785000,-1533240.5790551333,299.79774519787003,1195.9498398827004,65.3
4790000,-1534668.1526583908,300.8333891622741,1190.2224067489844,65.3
4795000,-1534842.9029883938,299.38577358247124,1193.4569525908548,65.4
4800000,-1534216.6404164266,299.3012299503003,1192.5801008239537,65.4
4805000,-1534564.5704876715,300.25695813014306,1192.3620614688027,65.4
4810000,-1534985.4482012512,299.5522829182789,1195.3263949439126,65.4
4815000,-1534444.2034935514,300.3237047376138,1193.876136344114,65.4
4820000,-1533470.569883394,300.63609998095524,1193.240648995188,65.4
4825000,-1531918.822797547,298.1323412459942,1196.7021442744503,65.4
4830000,-1533974.5826686434,300.84950898045804,1192.4660981929642,65.4
4835000,-1533020.7273179125,301.5970771960063,1196.2132741136086,65.4
4840000,-1532460.5359185897,301.0865852274679,1192.5622889331955,65.4
4845000,-1534445.2140495535,299.86408803340163,1192.9329032575745,65.4
4850000,-1534626.8222845541,299.335364208844,1190.9936210942676,65.4
4855000,-1533622.225274725,300.21686047065276,1192.4937983509335,65.4
4860000,-1534434.2584402505,301.76318275987484,1192.476450683257,65.4
4865000,-1533449.4384383028,299.808491743326,1193.1160764046533,65.4
4870000,-1531987.7021505805,299.01489352672064,1194.096100847497,65.4
4875000,-1535004.8934393069,301.19007508139646,1191.5440248051957,65.4
4880000,-1533753.902716307,299.8037707175765,1196.5559366037394,65.4
4885000,-1531953.138906194,299.68313608592626,1195.6796181723741,65.4
4890000,-1534136.2656211192,300.1177189299145,1193.8932836585059,65.4
4895000,-1534676.24691902,301.30574021225783,1192.206744019825,65.4
4900000,-1534494.089837295,298.7680025156527,1192.8218884405915,65.4
4905000,-1531549.9905281607,300.1589657864622,1194.0217264063972,65.4
4910000,-1534391.9156525629,300.07380096669266,1194.513456582672,65.4
4915000,-1534225.9960278384,300.35625496778107,1195.5416385266851,65.4
4920000,-1533053.0910929088,301.0784476699261,1193.622770941025,65.4
4925000,-1533562.4988573203,300.60535119482404,1192.9591603805482,65.4
4930000,-1534944.0587284137,298.3618700636809,1193.1375361011324,65.4
4935000,-1534166.898073066,298.86055946784575,1193.0248556235697,65.4
4940000,-1534356.9504169412,299.8470674931997,1193.399539398529,65.4
4945000,-1532191.987059203,300.3208783340401,1192.6356797557787,65.4
4950000,-1534559.6034682123,299.4585767690284,1189.1524959001424,65.4
4955000,-1533558.7852029298,300.4426000439879,1192.7341560898035,65.4
4960000,-1533327.269023724,301.28098588645315,1194.7955078986247,65.4
4965000,-1533576.645533463,298.60789141211075,1191.1511024595818,65.4
4970000,-1531300.8669119608,299.89626555100966,1195.0100614796152,65.4
4975000,-1533315.5619721292,300.40085623736127,1193.396759722125,65.5
4980000,-1533434.1403361717,300.8429554512927,1190.4924930366703,65.5
4985000,-1531575.3089365363,300.0590788206056,1196.2874812227744,65.5
4990000,-1533101.4699872406,300.4907420828803,1194.1995562730901,65.5
4995000,-1533985.8800023375,300.4473831884972,1191.8197505800806,65.5
5000000,-1533207.6935403086,301.1513129752431,1192.1189065228396,65.5
5005000,-1536449.4745140532,300.2199664086458,1192.9129905934221,65.5
5010000,-1533824.6350933174,301.162991302097,1193.0927048438368,65.5
5015000,-1531890.8332973002,300.83842078182283,1191.51934093694,65.5
5020000,-1534939.8366099,299.97931833294393,1194.3730937658484,65.5
5025000,-1533972.279416955,301.75808902156626,1191.7977030556901,65.5
5030000,-1532895.0202039499,300.4726655237607,1192.3577225568035,65.5
5035000,-1532657.5006539878,299.95571320419674,1190.5202628875024,65.5
5040000,-1533603.1896542776,301.6211482154525,1193.4170754631116,65.5
5045000,-1533310.9742435934,299.89654508542907,1191.9510633063426,65.5
5050000,-1532348.5733613167,300.29230370450404,1191.2704803484767,65.5
Done.
