AutoDock Vina v1.2.7
#################################################################
# If you used AutoDock Vina in your work, please cite:          #
#                                                               #
# J. Eberhardt, D. Santos-Martins, A. F. Tillack, and S. Forli  #
# AutoDock Vina 1.2.0: New Docking Methods, Expanded Force      #
# Field, and Python Bindings, J. Chem. Inf. Model. (2021)       #
# DOI 10.1021/acs.jcim.1c00203                                  #
#                                                               #
# O. Trott, A. J. Olson,                                        #
# AutoDock Vina: improving the speed and accuracy of docking    #
# with a new scoring function, efficient optimization and       #
# multithreading, J. Comp. Chem. (2010)                         #
# DOI 10.1002/jcc.21334                                         #
#                                                               #
# Please see https://github.com/ccsb-scripps/AutoDock-Vina for  #
# more information.                                             #
#################################################################

Scoring function : vina
Rigid receptor: 03_receptors/2V5Zdry/receptor.pdbqt
Ligand: 02_ligands/pdbqt/cand_054.pdbqt
Grid center: X 51.89 Y 156.45 Z 28.56
Grid size  : X 18 Y 18.9 Z 18
Grid space : 0.375
Exhaustiveness: 32
CPU: 0
Verbosity: 1

Computing Vina grid ... done.
Performing docking (random seed: 33) ... 
0%   10   20   30   40   50   60   70   80   90   100%
|----|----|----|----|----|----|----|----|----|----|
***************************************************

mode |   affinity | dist from best mode
     | (kcal/mol) | rmsd l.b.| rmsd u.b.
-----+------------+----------+----------
   1       -9.931          0          0
   2       -8.938      2.662      7.852
   3       -8.894      1.199      2.575
   4       -8.453      2.709      7.581
   5       -6.795       2.56      7.289
   6       -6.716      2.847      7.529
   7       -6.559      1.544      3.304
   8       -5.973      1.075      2.522
   9       -5.225      1.552      3.338
