#"Step","Time (ps)","Potential Energy (kJ/mole)","Temperature (K)","Box Volume (nm^3)","Speed (ns/day)"
55000,109.99999999992504,-1154986.7645184863,300.04854858088356,902.6823066217731,--
60000,119.99999999990173,-1158376.0847764881,302.49248212407485,903.2770909759254,86.3
65000,129.99999999989262,-1156699.325401389,301.588458979259,901.5729827849809,84.5
70000,139.99999999994037,-1155259.7373014186,300.9297121672465,900.813382132957,83.7
75000,149.99999999998812,-1155992.4237631317,299.54535280533815,901.8817971207147,82.5
80000,160.00000000003587,-1154896.2620002823,298.6928197453517,902.7906088357257,82.1
85000,170.00000000008362,-1155427.989823915,300.0788308683972,901.5282261698492,82
90000,180.00000000013137,-1155610.4607853144,302.4891786018007,902.3332146699591,82.1
95000,190.0000000001791,-1156321.1201194692,302.56658706200375,901.9593445669132,82.2
100000,200.00000000022686,-1155992.7952525374,301.9604722931378,902.2185548416805,82
105000,210.0000000002746,-1157237.8959467113,300.0740591140011,902.8842269039836,81.8
110000,220.00000000032236,-1154402.225483032,300.18917259077824,903.9566005809279,81.6
115000,230.0000000003701,-1155969.9942593025,300.7743242676819,904.3578167463595,81.5
120000,240.00000000041786,-1154974.83183706,301.3757692427158,904.8336724595113,81.4
125000,250.0000000004656,-1155429.028625885,300.9840367557557,901.6282637519616,81.2
130000,260.00000000051335,-1154863.6949937148,298.50843426138016,900.4610838156487,81.2
135000,270.0000000005611,-1154180.7142459871,301.0520036677306,902.5436793381007,81.2
140000,280.00000000060885,-1154437.8256727122,298.25720343163795,902.2139675109942,81.1
145000,290.0000000006566,-1156296.0711739315,301.7399723773908,902.8660230817562,81.2
150000,300.00000000070435,-1154306.491156985,299.3147791858662,902.3168495401703,81.3
155000,310.0000000007521,-1155523.336149849,300.2534077461101,902.3349273209102,81.3
160000,320.00000000079984,-1154129.969626082,299.08133027848885,902.0120538416912,81.3
165000,330.0000000008476,-1154797.1652869228,300.37565846236856,902.4314159728455,81.3
170000,340.00000000089534,-1155654.3836820917,300.7292984826113,903.0034911510741,81.2
175000,350.0000000009431,-1154741.4784452766,299.68379485916284,902.0472309813917,81.2
180000,360.00000000099084,-1154867.2034748,299.51751757136105,905.3724760134252,81.1
185000,370.0000000010386,-1154709.9171786169,301.15337286047804,905.826664926206,81.1
190000,380.00000000108633,-1155375.0765176658,300.1443711189484,901.7204817184656,81.1
195000,390.0000000011341,-1155346.547324974,301.64622983483196,901.1891497673224,81.2
200000,400.00000000118183,-1155569.1378803756,300.9118894606561,904.9253106820552,81.2
205000,410.0000000012296,-1154461.302996329,301.98149656143846,902.5302863623256,81.2
210000,420.00000000127733,-1155644.9622908365,298.82129005601536,900.620461941169,81.1
215000,430.0000000013251,-1155000.0260380981,300.39272666078534,902.2002465343603,81.1
220000,440.0000000013728,-1155101.44382047,300.50469975219073,903.1407689150612,81.1
225000,450.0000000014206,-1154013.428713032,299.43397108520406,904.1766141544168,81.1
230000,460.0000000014683,-1155104.4037360111,299.8133663439179,903.6175197507297,81.1
235000,470.00000000151607,-1155728.086464149,301.03795350200886,903.4262429546609,81.1
240000,480.0000000015638,-1155797.1404854143,300.8567491876347,903.4617834585646,81.2
245000,490.00000000161157,-1153377.873751809,299.58897153462544,901.4763031081544,81.2
250000,500.0000000016593,-1156641.8852597885,298.13980603822677,902.1772977733926,81.3
255000,510.00000000170706,-1155435.365527966,302.0145317841805,903.7054416048087,81.3
260000,520.0000000015274,-1156964.1912098685,301.18816180492126,903.3271357207956,81.4
265000,530.0000000012909,-1157179.771935271,299.042972714305,901.5180978645737,81.4
270000,540.0000000010544,-1158317.2954857647,300.4741727593235,900.5410522598426,81.4
275000,550.000000000818,-1156188.7369563552,299.93367980946005,900.3697082972017,81.4
280000,560.0000000005815,-1154687.5003973423,300.6262775287267,904.282318908443,81.5
285000,570.000000000345,-1155477.9038227545,299.0715012801174,903.0417563575965,81.5
290000,580.0000000001086,-1155764.4521810617,299.04780564503943,900.5427459806431,81.5
295000,589.9999999998721,-1155353.2585133044,301.39291900958375,903.6140790212024,81.5
300000,599.9999999996356,-1154945.6099183243,302.1481001230451,902.7050551626024,81.5
305000,609.9999999993992,-1153959.430978761,299.4729811969977,904.2064446554303,81.4
310000,619.9999999991627,-1155620.6927604424,299.6013291549845,904.9187629024947,81.4
315000,629.9999999989262,-1157043.3730419604,299.2019904099486,902.050754157937,81.3
320000,639.9999999986898,-1155376.472611486,299.72115320981936,900.2263963436847,81.3
325000,649.9999999984533,-1153357.6700394107,301.94262919443446,902.980296924148,81.3
330000,659.9999999982168,-1155828.9181450587,300.3374640350872,905.4941220411451,81.3
335000,669.9999999979804,-1156346.4900667705,299.8917128413099,902.2044927254052,81.3
340000,679.9999999977439,-1157426.3979063807,298.64542847519584,901.2809907417285,81.3
345000,689.9999999975074,-1156997.0631520646,301.2833114032636,900.6364159656473,81.4
350000,699.999999997271,-1153672.104222035,300.3986607656112,902.8716506458625,81.3
355000,709.9999999970345,-1155976.0517820744,300.6556829553897,903.84571996651,81.3
360000,719.999999996798,-1157337.77472015,302.1126382388794,902.3288737850692,81.3
365000,729.9999999965615,-1156421.9542823164,299.2027041338967,900.6011215883922,81.3
370000,739.9999999963251,-1155831.1681523575,300.13474604170506,902.0357105111589,81.2
375000,749.9999999960886,-1156292.2457236443,300.52802832923817,902.8461526568433,81.2
380000,759.9999999958521,-1156272.7811918529,298.83870492034976,901.980401012599,81.2
385000,769.9999999956157,-1157292.2592903934,299.6729054709257,902.1185470164032,81.2
390000,779.9999999953792,-1157897.1139331302,300.0174913930835,903.066667750158,81.2
395000,789.9999999951427,-1154259.2911480619,299.6461510189272,903.3610416047286,81.2
400000,799.9999999949063,-1155750.6098707998,299.20062413839076,899.6203208480096,81.2
405000,809.9999999946698,-1158274.562343778,298.85711899821155,901.3644150098229,81.2
410000,819.9999999944333,-1156731.9645174593,301.0513307280081,903.4399568383845,81.2
415000,829.9999999941969,-1155122.2679460132,301.9958933930779,902.7596319059454,81.3
420000,839.9999999939604,-1154865.7165123224,301.1484787534052,903.0305152584554,81.3
425000,849.9999999937239,-1156947.6430744901,298.1786122288923,900.6443638958576,81.3
430000,859.9999999934874,-1156723.643847989,300.3297966006729,900.6424866401453,81.2
435000,869.999999993251,-1156075.0983842434,301.1673210656358,903.2154034340634,81.2
440000,879.9999999930145,-1157249.1395897698,300.20921803766436,902.0659252057612,81.2
445000,889.999999992778,-1157323.363653291,299.43056560236585,901.2438225814248,81.2
450000,899.9999999925416,-1157444.3026887188,300.8821577601882,900.4818735581425,81.2
455000,909.9999999923051,-1157869.922498703,300.7793407274317,900.3993357595026,81.1
460000,919.9999999920686,-1156364.354066141,300.8260182736394,901.097166166473,81.1
465000,929.9999999918322,-1155099.429259181,299.63360986955286,902.7476620291169,81.1
470000,939.9999999915957,-1155465.2817432908,299.72025595685596,900.0076180781736,81.1
475000,949.9999999913592,-1156639.945366987,299.27562632928294,900.0756857092746,81.1
480000,959.9999999911228,-1157348.28672555,299.0918933929211,901.1801656781785,81.1
485000,969.9999999908863,-1156645.434571674,299.4226942468236,902.1851764997647,81.1
490000,979.9999999906498,-1155676.934659876,300.54776789443224,900.7960452862982,81.1
495000,989.9999999904134,-1157747.5447524246,299.82205338397233,902.1497153258734,81.1
500000,999.9999999901769,-1157393.785355433,298.7841152343741,902.2789575073367,81.1
505000,1009.9999999899404,-1156667.2533724615,298.29095237832814,902.4145907067161,81.1
510000,1019.999999989704,-1155264.7449250538,300.4770888314544,902.0147172275534,81
515000,1029.9999999894676,-1156873.5217687367,300.78521365591916,904.1524634915415,81
520000,1039.9999999892311,-1157603.9532034826,299.6536145322133,900.9253975038225,81
525000,1049.9999999889947,-1156252.688960378,301.1018215993102,902.5598746470616,81
530000,1059.9999999887582,-1157115.2184206275,299.98219264582013,902.8172432516322,81
535000,1069.9999999885217,-1156518.193573648,298.7630093976222,901.4299200510948,81.1
540000,1079.9999999882853,-1156955.9522485156,300.50013191892265,899.4155874730396,81.1
545000,1089.9999999880488,-1155462.9935489846,301.12376351268705,901.4394499840187,81.1
550000,1099.9999999878123,-1156670.1903169258,299.76210057232925,901.3857220363666,81.1
555000,1109.9999999875758,-1154905.662075935,299.64863885668916,901.0484860033347,81.1
560000,1119.9999999873394,-1157105.3438516343,298.79787991051666,902.0792978520484,81.1
565000,1129.999999987103,-1157906.7429776574,299.9599856349769,900.4040042896006,81.1
570000,1139.9999999868664,-1156806.7134457016,301.67647133811994,901.4874995674516,81.1
575000,1149.99999998663,-1155927.00736144,299.6822450585898,901.9121703393824,81.1
580000,1159.9999999863935,-1157900.323658174,298.78786738313,900.8462050677339,81.1
585000,1169.999999986157,-1156490.0656906366,301.25368166335977,902.9818979191723,81.1
590000,1179.9999999859206,-1155534.2444416368,300.6016846406854,900.4741932015579,81.1
595000,1189.999999985684,-1157340.8234978588,300.14734836741775,901.2198883140803,81
600000,1199.9999999854476,-1156471.7640952663,300.6898601364488,901.6710461983248,81.1
605000,1209.9999999852112,-1156763.1156579973,297.7664468449029,901.505162920271,81.1
610000,1219.9999999849747,-1157615.5700323982,301.75542959889606,898.4447715477046,81.1
615000,1229.9999999847382,-1157152.4855394792,301.70128853940207,901.2372377059336,81.1
620000,1239.9999999845018,-1154745.2974708388,301.89562537442185,901.3243232282888,81.1
625000,1249.9999999842653,-1155969.4362363964,299.31457526473815,902.8132554339891,81.1
630000,1259.9999999840288,-1156049.27369152,299.5694358905594,900.8255285985109,81.1
635000,1269.9999999837923,-1156391.0100683188,300.35228910109544,902.8416269711774,81.1
640000,1279.9999999835559,-1156816.9744841037,301.3127168299266,902.0584273163402,81.1
645000,1289.9999999833194,-1158426.1978399968,299.3502614621447,898.4274118597161,81.1
650000,1299.999999983083,-1155833.9263493586,299.51009484230053,901.1762023839188,81.1
655000,1309.9999999828465,-1156183.1931740763,301.1598983365752,899.4637825462329,81.1
660000,1319.99999998261,-1156239.9693194237,300.4249258069024,901.7095625568899,81.1
665000,1329.9999999823735,-1153809.9196389783,301.0270641137716,902.6429711422645,81.1
670000,1339.999999982137,-1157219.3496369747,300.84282137458973,902.6281841238701,81.1
675000,1349.9999999819006,-1155991.114699725,301.18424651926296,901.5876529786457,81.1
680000,1359.9999999816641,-1154974.160212676,301.0594060046784,902.1629333219878,81.1
685000,1369.9999999814277,-1156318.6800970472,301.06411658273606,901.6531040663277,81.1
690000,1379.9999999811912,-1156869.6835775254,300.1013029767069,900.7275101781199,81.1
695000,1389.9999999809547,-1155196.3333151685,299.87103523892694,902.139778270983,81.1
700000,1399.9999999807183,-1159111.7372426558,301.94609585361115,900.2875418476542,81.1
705000,1409.9999999804818,-1156252.1836862685,301.8137102572892,902.3225720840934,81.1
710000,1419.9999999802453,-1157555.4312314196,301.6245530189216,900.4660849599544,81.1
715000,1429.9999999800089,-1156939.440488954,301.2340440587297,904.1700977109251,81
720000,1439.9999999797724,-1157582.7121205376,300.32284289020686,901.800680863329,81.1
725000,1449.999999979536,-1156600.074996855,298.59840426307034,901.6601084912795,81.1
730000,1459.9999999792994,-1155075.873338502,301.08652751470737,900.5962626070594,81.1
735000,1469.999999979063,-1157247.6551933978,300.6244422385744,900.7963643845604,81.1
740000,1479.9999999788265,-1158217.6836760277,300.6785629059555,903.0224932631763,81.1
745000,1489.99999997859,-1157683.6203568764,301.86038780349696,903.0739596595735,81.1
750000,1499.9999999783536,-1156936.0898486534,301.5937609285879,900.3038086476486,81.2
755000,1509.999999978117,-1156345.6161875734,300.70201383567985,903.1595834666473,81.2
760000,1519.9999999778806,-1155484.3386168387,301.23740875734234,901.9676248394228,81.2
765000,1529.9999999776442,-1156130.504579166,301.63464711475945,901.3637022665798,81.2
770000,1539.9999999774077,-1155638.1251704711,301.2558840115425,903.2993271544625,81.2
775000,1549.9999999771712,-1155069.6270090211,301.51321208301306,904.234736508611,81.2
780000,1559.9999999769348,-1156530.791742363,300.6557237396153,901.8387104872202,81.2
785000,1569.9999999766983,-1155740.5642525014,299.1792532041724,902.1638555643067,81.3
790000,1579.9999999764618,-1156021.941838869,299.78214601921536,903.0991613634939,81.3
795000,1589.9999999762254,-1157104.277327612,301.1302685966714,901.9839271975842,81.3
800000,1599.9999999759889,-1156822.8114943737,300.8335021790384,901.0013381669296,81.3
805000,1609.9999999757524,-1154805.988477001,298.15456992789666,905.2479472621637,81.2
810000,1619.999999975516,-1155608.880909102,299.8552721357296,901.4252405890154,81.2
815000,1629.9999999752795,-1156597.1264760923,300.79757127627823,900.9569066470264,81.2
820000,1639.999999975043,-1156828.1848839372,299.5242061843607,903.8764189966656,81.2
825000,1649.9999999748065,-1156741.0382926837,299.29795569280304,903.3715128294805,81.2
830000,1659.99999997457,-1155164.6170876399,300.7845203240838,903.7341657690148,81.2
835000,1669.9999999743336,-1158056.0159322582,301.8371000106751,901.3408280025847,81.2
840000,1679.9999999740971,-1154205.7410492739,299.93241549846624,903.7349139236724,81.2
845000,1689.9999999738607,-1155659.6541250097,301.756163714957,902.6488505788113,81.2
850000,1699.9999999736242,-1157553.0927950954,300.2828131727731,899.3435999307275,81.2
855000,1709.9999999733877,-1157242.3865146413,301.565905302498,901.7502803022652,81.2
860000,1719.9999999731513,-1157165.7752582282,300.4883044934965,901.5387713112573,81.1
865000,1729.9999999729148,-1154691.6284286072,301.75659194932587,902.0740852936458,81.1
870000,1739.9999999726783,-1157693.4523459766,301.8680348457984,900.6689170391185,81.1
875000,1749.9999999724419,-1156558.562425403,301.06062953144664,902.5766128079806,81.1
880000,1759.9999999722054,-1156511.2712027468,300.13735623214393,900.773641037761,81.1
885000,1769.999999971969,-1157940.1430087155,302.00816944498575,900.214889096786,81.1
890000,1779.9999999717324,-1156239.2038641665,299.31789917912516,901.3372355169145,81.1
895000,1789.999999971496,-1158297.5079400903,299.79688951677247,899.442951958213,81.1
900000,1799.9999999712595,-1157300.793791999,301.033467237192,902.2311455558159,81.1
905000,1809.999999971023,-1155486.0934964009,299.27634005323114,903.2285399804058,81.1
910000,1819.9999999707866,-1156858.7853330867,299.8302102290938,902.4191980609859,81.1
915000,1829.99999997055,-1156464.1057468262,299.37980963359735,902.343166469362,81.1
920000,1839.9999999703136,-1156169.559275494,301.0290217566008,900.9881601839953,81.1
925000,1849.9999999700772,-1157131.7098085666,299.5900319244912,903.913442809553,81.1
930000,1859.9999999698407,-1156257.4153092438,299.9572326997484,901.1208597785347,81.1
935000,1869.9999999696042,-1157436.0094218608,300.3344867866178,901.3547422225016,81.1
940000,1879.9999999693678,-1155423.9399099685,301.9589021004519,901.0789650865494,81.1
945000,1889.9999999691313,-1157582.104408713,298.116090011036,903.0899435992375,81.1
950000,1899.9999999688948,-1157313.7290256433,300.57028078696754,900.0208047638948,81.1
955000,1909.9999999686584,-1157940.8168900171,301.385720593764,902.4604062781552,81.1
960000,1919.999999968422,-1157107.4740737537,300.9647662091562,900.4825339568497,81.1
965000,1929.9999999681854,-1157552.7186998045,300.0502411262463,901.0158815373609,81.1
970000,1939.999999967949,-1156207.6208475707,297.7812719109112,898.7813594055615,81.1
975000,1949.9999999677125,-1155521.6255939053,302.27665200215995,902.2612241150547,81.1
980000,1959.999999967476,-1155261.054431701,299.92684845167076,903.0750673351989,81.1
985000,1969.9999999672395,-1155738.0318329567,299.29989294351947,904.0385516579099,81.1
990000,1979.999999967003,-1156491.7115578502,301.4816450923929,903.328193276089,81.1
995000,1989.9999999667666,-1155603.7919015707,301.2238683944407,903.0350594299035,81.1
1000000,1999.9999999665301,-1156236.7272329656,300.2580979320549,903.4976942363345,81.1
1005000,2009.9999999662937,-1154398.1755736936,298.0210015890321,900.9389503209361,81.1
1010000,2019.9999999660572,-1156368.1099765906,300.454902212724,901.9532198741289,81.1
1015000,2029.9999999658207,-1156139.8545140913,299.8839026621061,898.9288041922918,81.1
1020000,2039.9999999655843,-1156431.7977978867,300.0721014711719,901.5277313292183,81.1
1025000,2049.999999965348,-1156713.65483391,300.5453616251214,901.1817902540072,81.1
1030000,2059.9999999651113,-1157605.5660050604,300.21362273402997,900.7657322013731,81.1
1035000,2069.999999964875,-1158069.728804117,301.1687077293065,903.7799150928402,81.1
1040000,2079.9999999646384,-1157728.5389421275,299.8424862810017,902.3897776870374,81.1
1045000,2089.999999964402,-1154384.4922545422,298.77134977175893,904.1805977772984,81.1
1050000,2099.9999999641655,-1157348.5675476054,300.5343090999817,901.8477708722182,81.1
1055000,2109.999999963929,-1156119.0197317796,301.04757857925216,902.0769274311198,81
1060000,2119.9999999636925,-1154852.1405761987,299.35066930440075,903.7276566265062,81
1065000,2129.999999963456,-1154466.1801256537,299.9102492718485,902.7363260562598,81
1070000,2139.9999999632196,-1156151.3548322637,299.8723403341463,902.5201063557976,81
1075000,2149.999999962983,-1157549.1763583869,299.1251733210169,900.309001824913,81
1080000,2159.9999999627466,-1154662.6363731204,300.1482864046067,903.8234591451736,81
1085000,2169.99999996251,-1157827.3935310422,300.52492872809205,903.112952939135,81
1090000,2179.9999999622737,-1157271.8721068092,298.4621849495413,903.3895512502662,81
1095000,2189.9999999620372,-1156105.4133685092,300.3150531031158,903.2811535135023,81
1100000,2199.9999999618008,-1154976.1055802312,300.88639931965133,900.2257864233866,81
1105000,2209.9999999615643,-1156089.399061719,300.91761964435386,902.3407573666258,81
1110000,2219.999999961328,-1157098.6706532352,300.48842684617335,901.5180556362792,81
1115000,2229.9999999610914,-1155114.9217257723,300.88713343571226,902.8815135602415,81
1120000,2239.999999960855,-1154223.7857705047,300.30261391430554,904.2325809968033,81
1125000,2249.9999999606184,-1156204.204359143,302.4235975670238,901.4194760837296,81
1130000,2259.999999960382,-1154673.336486307,300.9521434913307,903.3441481776578,81
1135000,2269.9999999601455,-1156013.324457583,301.6997591309418,902.4421729071593,81
1140000,2279.999999959909,-1154526.1052632863,300.19339375812865,903.5681294075811,81
1145000,2289.9999999596726,-1156608.9130755747,301.53890614514586,905.6005202451564,81
1150000,2299.999999959436,-1157277.6376092006,301.1992143300609,902.3913930552102,81
1155000,2309.9999999591996,-1155489.1051527234,301.6239820397631,902.0752386768395,81
1160000,2319.999999958963,-1156130.0072319414,298.6508935614272,903.2716892702864,81
1165000,2329.9999999587267,-1157828.3916134117,300.3801447271854,900.8042779188586,81
1170000,2339.99999995849,-1156703.04954282,301.20164099148457,900.0436362359087,81
1175000,2349.9999999582537,-1155010.2739226986,299.2872498335811,903.6915242214003,81
1180000,2359.9999999580173,-1155095.8145537172,300.2393575803883,901.8558735570591,81
1185000,2369.999999957781,-1158600.738170172,301.77282407111767,900.2006026705659,80.9
1190000,2379.9999999575443,-1156139.3022555904,299.0795765567877,902.3194176825814,80.9
1195000,2389.999999957308,-1155621.825693665,300.45229202228506,899.8867343660037,80.9
1200000,2399.9999999570714,-1157190.5979587408,301.36569553899074,900.8883607801125,80.9
1205000,2409.999999956835,-1155954.548150544,301.7499645126647,901.5853215570406,81
1210000,2419.9999999565985,-1157642.6230849382,298.7296886853009,901.9335832793713,81
1215000,2429.999999956362,-1157603.1755768294,299.1553536479664,902.1500150844571,81
1220000,2439.9999999561255,-1156019.1862540813,300.1917623891043,900.4694379227332,81
1225000,2449.999999955889,-1156061.2313750815,300.10803237393213,902.6065317405671,81
1230000,2459.9999999556526,-1156601.9334982391,298.73242122841657,899.70006817056,80.9
1235000,2469.999999955416,-1156724.656595111,299.7343672989162,903.9664376969124,80.9
1240000,2479.9999999551796,-1156016.0115736611,301.5568919886387,901.4620230386537,80.9
1245000,2489.999999954943,-1156009.1842472414,300.6703244923828,902.2358838037023,80.9
1250000,2499.9999999547067,-1157373.2290488575,299.519189724611,902.4188496311514,80.9
1255000,2509.9999999544702,-1156238.5662934585,299.7116504852528,904.0995794783253,80.9
1260000,2519.9999999542338,-1155977.7965316735,298.7278941793742,903.4789444857342,80.9
1265000,2529.9999999539973,-1156160.464881314,301.00508141616916,902.8148284768852,80.9
1270000,2539.999999953761,-1156747.6934489012,299.66968351710267,901.4275867078698,80.9
1275000,2549.9999999535244,-1156511.8615420777,300.758316459131,904.7699233170761,81
1280000,2559.999999953288,-1156237.6335287653,299.80272166103435,900.9411609759263,81
1285000,2569.9999999530514,-1156374.5156083656,299.97091580743967,902.4663755912146,80.9
1290000,2579.999999952815,-1155311.321306019,299.97185384462864,901.3995201204598,80.9
1295000,2589.9999999525785,-1156145.059292348,299.2072719671648,900.2550223322894,80.9
1300000,2599.999999952342,-1156633.5874651615,300.4971342783405,901.1883999057247,80.9
1305000,2609.9999999521056,-1154951.796522488,301.6324651586894,904.0073480331675,80.9
1310000,2619.999999951869,-1155927.8477288783,301.34823989043076,901.1222116641732,80.9
1315000,2629.9999999516326,-1156538.7304248633,299.5708021621173,903.6726930956538,80.9
1320000,2639.999999951396,-1154651.891585392,298.66643235138366,904.785508924632,81
1325000,2649.9999999511597,-1157558.7379558608,300.79402304865033,901.9939827567158,81
1330000,2659.999999950923,-1156435.0428717425,300.6321096729885,902.7924354214622,81
1335000,2669.9999999506867,-1157296.9448822876,300.69628365198196,903.015489398608,81
1340000,2679.9999999504503,-1155276.4183218395,300.4432787084258,903.1115679997262,80.9
1345000,2689.999999950214,-1156351.0154931005,299.02994215422336,901.8632659980872,80.9
1350000,2699.9999999499773,-1155615.2455110466,300.0170835508274,902.3120685027329,80.9
1355000,2709.999999949741,-1158880.834409873,302.92381609409983,898.7225122843313,80.9
1360000,2719.9999999495044,-1157023.9593552435,299.90001243122106,903.6930189871149,80.9
1365000,2729.999999949268,-1157047.0260014553,298.40382272269693,904.2174935632393,80.9
1370000,2739.9999999490315,-1156707.2381151374,300.26195204137485,901.8179514175636,80.9
1375000,2749.999999948795,-1157831.8282612236,300.4573492662604,900.1114371223687,80.9
1380000,2759.9999999485585,-1156430.201965345,301.15296501822195,901.4098402182741,80.9
1385000,2769.999999948322,-1155175.291418828,299.4721655124855,901.7069398158641,80.9
1390000,2779.9999999480856,-1155060.3368353825,300.5088189589771,902.5416851788798,80.9
1395000,2789.999999947849,-1156863.4897161275,302.0557238520441,901.4735468057858,80.9
1400000,2799.9999999476127,-1155501.8649066612,300.50563778937965,903.9946293674966,80.9
1405000,2809.999999947376,-1154587.2939027874,298.4001113581666,903.6524529025475,80.9
1410000,2819.9999999471397,-1157136.4867623765,299.6652380365115,902.1142874013641,80.9
1415000,2829.9999999469032,-1156518.7621984128,299.70961127397237,902.184073597472,80.9
1420000,2839.999999946667,-1156188.7681958005,301.4147997466222,903.4548761132348,80.9
1425000,2849.9999999464303,-1154231.2694940763,300.7029110886432,900.9841561279511,80.9
1430000,2859.999999946194,-1155477.4592961874,297.76887350632654,902.2262155476875,80.9
1435000,2869.9999999459574,-1158219.8222420076,299.2866584623098,900.4865646385849,80.9
1440000,2879.999999945721,-1156549.0206326274,300.0617218857548,900.2584808719627,81
1445000,2889.9999999454844,-1157137.3888854487,299.72759711746534,901.7152059647733,80.9
1450000,2899.999999945248,-1156457.154606196,300.25787361881413,901.2658746571825,81
1455000,2909.9999999450115,-1157316.1023758175,299.5337089089272,899.4100656034857,81
1460000,2919.999999944775,-1157485.644896241,299.52375755787904,900.403481452917,81
1465000,2929.9999999445386,-1156375.0034270398,299.2526648102659,901.8909832686365,81
1470000,2939.999999944302,-1158608.06748073,300.9528164310531,899.55230110138,81
1475000,2949.9999999440656,-1156059.0663086567,299.79016011954724,903.5031270168685,81
1480000,2959.999999943829,-1154769.391010534,300.24663756465924,902.8855623099561,81
1485000,2969.9999999435927,-1155550.7880295468,298.98357048970763,901.8769397210693,80.9
1490000,2979.999999943356,-1156699.0313378153,299.76048959541777,901.7725979819544,80.9
1495000,2989.9999999431197,-1156223.758576301,301.08801613894207,903.2230728171841,80.9
1500000,2999.9999999428833,-1157307.895092383,302.26780182520315,903.2101154087438,80.9
1505000,3009.999999942647,-1156975.9008436147,299.7234371264534,900.8052392326049,80.9
1510000,3019.9999999424103,-1156541.1489074733,299.4709827699429,902.5187604820243,80.9
1515000,3029.999999942174,-1157581.1705584424,300.5942619116248,900.9085737406492,80.9
1520000,3039.9999999419374,-1158100.1848212406,300.1522016902651,902.4732605477745,81
1525000,3049.999999941701,-1156661.5930537535,300.3459675461263,897.7998180958182,81
1530000,3059.9999999414645,-1156775.76134527,300.3563675236562,901.3803225491152,81
1535000,3069.999999941228,-1155261.7655142276,301.2147531200174,902.8962561792072,80.9
1540000,3079.9999999409915,-1157414.7319632228,299.37603709272867,899.9207219011336,80.9
1545000,3089.999999940755,-1156745.1210860945,301.64739218526177,901.0382003884281,80.9
1550000,3099.9999999405186,-1154682.8305625608,299.29787412435184,901.8817143287606,80.9
1555000,3109.999999940282,-1153898.3156636069,302.3081782085545,905.1781182955907,80.9
1560000,3119.9999999400457,-1155724.6263003629,300.634760647653,902.6866606503421,80.9
1565000,3129.999999939809,-1157386.1249458045,299.49076311936255,900.2545488598868,80.9
1570000,3139.9999999395727,-1154694.84791034,299.44353498610906,902.5966076337633,80.9
1575000,3149.9999999393362,-1156577.7654819023,299.96679660065337,903.0006937047524,80.9
1580000,3159.9999999391,-1155676.6944590863,301.2812314077576,904.0245747840477,80.9
1585000,3169.9999999388633,-1156208.1406146875,300.12326528219654,899.4535107167169,80.9
1590000,3179.999999938627,-1154953.3152271686,299.6888521031382,902.159585692923,80.9
1595000,3189.9999999383904,-1155191.2554434957,298.47227904537914,902.4914853941956,80.9
1600000,3199.999999938154,-1156011.2684303494,301.6311192792444,902.2002156591512,80.9
1605000,3209.9999999379174,-1155637.3345404463,301.21091940281025,901.7645830406195,80.9
1610000,3219.999999937681,-1154481.2186587378,300.0808292954519,903.7909080790257,80.9
1615000,3229.9999999374445,-1155583.2032585228,299.4958611475635,902.079293044664,80.9
1620000,3239.999999937208,-1156241.1875028647,299.4930878202222,903.2456225911249,80.9
1625000,3249.9999999369716,-1156792.3738378305,298.37539611744853,902.0565226456705,80.9
1630000,3259.999999936735,-1157549.0885056816,301.2034558895241,902.2656393252771,80.9
1635000,3269.9999999364986,-1156018.6593555966,299.2454663944462,903.7579141147409,80.9
1640000,3279.999999936262,-1157115.0193032874,299.95068683153835,902.1329387715889,80.9
1645000,3289.9999999360257,-1156340.1204688465,299.58479115150067,901.4044677016309,80.9
1650000,3299.999999935789,-1156704.3978633964,301.3061709617166,899.1679831927347,80.9
1655000,3309.9999999355528,-1156743.8174569448,299.9714460023726,901.9454989605176,80.9
1660000,3319.9999999353163,-1158132.1501582852,300.83521511651395,902.456683387967,80.9
1665000,3329.99999993508,-1157021.8131487826,300.88395226611493,903.8215351812867,80.9
1670000,3339.9999999348433,-1157244.7376680989,299.9926130154629,906.6331179866669,80.9
1675000,3349.999999934607,-1155505.0260842098,300.0870896740827,901.8116422813108,80.9
1680000,3359.9999999343704,-1157560.750744325,299.2637173354056,902.3248305638831,80.9
1685000,3369.999999934134,-1157020.5143836318,301.30113410985405,902.3587157602105,80.9
1690000,3379.9999999338975,-1155744.484684703,301.0806545862199,903.3683967931001,80.9
1695000,3389.999999933661,-1155263.3922683569,299.9100657428333,903.8066060015561,80.9
1700000,3399.9999999334245,-1156526.5867945394,301.4545235823639,904.342020906841,80.9
1705000,3409.999999933188,-1156254.010984662,301.37550414524935,904.5784669511836,80.9
1710000,3419.9999999329516,-1156806.8292372664,298.6029720963384,900.8406681676485,80.9
1715000,3429.999999932715,-1155552.8514352823,301.0377495808808,901.4455545785514,80.9
1720000,3439.9999999324787,-1152995.5968127763,299.46127612424834,903.7892485618073,80.9
1725000,3449.999999932242,-1156609.7490028748,299.22254565965477,900.8368744637412,80.9
1730000,3459.9999999320057,-1155784.999358018,300.49941819497457,899.5478737579482,80.9
1735000,3469.9999999317693,-1157991.7985452674,299.13602192502844,902.0719948796328,80.9
1740000,3479.999999931533,-1157501.2758786697,300.4737445249546,902.8262624852147,80.9
1745000,3489.9999999312963,-1156424.3853927087,300.3428067686417,903.5056757616235,80.9
1750000,3499.99999993106,-1157089.5594811868,299.3248528895912,901.7318742910131,80.9
1755000,3509.9999999308234,-1155607.7153675668,297.466132199642,901.7531129046067,80.9
1760000,3519.999999930587,-1156403.3161129812,303.4916752593459,901.0335432015036,80.9
1765000,3529.9999999303504,-1154105.750378929,300.7604372388626,901.6431072929711,80.9
1770000,3539.999999930114,-1155942.0262562055,301.08560986963124,903.6037137256113,80.9
1775000,3549.9999999298775,-1156912.2478764886,299.6752709560109,902.9059994080292,80.9
1780000,3559.999999929641,-1155131.6093268292,301.38857548955656,903.6602837170672,80.9
1785000,3569.9999999294046,-1156081.1990466341,299.2414899324495,902.9629343437589,80.9
1790000,3579.999999929168,-1155004.6002438636,299.8849018756335,901.9823572492872,80.9
1795000,3589.9999999289316,-1155928.3882218674,302.4669511988446,903.3369175808187,80.9
1800000,3599.999999928695,-1156115.547704707,300.281161411636,902.0291361174664,80.9
1805000,3609.9999999284587,-1157461.1778619,301.54010927980124,900.7647719802062,80.9
1810000,3619.999999928222,-1157043.157026006,299.7353869045564,902.9999647811634,80.9
1815000,3629.9999999279858,-1156563.717250959,300.62572694168097,900.3585882448202,80.9
1820000,3639.9999999277493,-1157045.8810763694,301.31526584402707,899.8198287147846,80.9
1825000,3649.999999927513,-1155894.0115778726,300.107420610548,904.0250583254285,80.9
1830000,3659.9999999272763,-1155044.6380124,300.5880219251069,901.0162669180456,80.9
1835000,3669.99999992704,-1157547.8747698758,298.1406828990773,899.0725729909841,80.9
1840000,3679.9999999268034,-1158329.1070270594,300.91621258857043,900.5916702144882,80.9
1845000,3689.999999926567,-1157490.6850134246,301.67679761192477,898.7378531695537,80.9
1850000,3699.9999999263305,-1155875.7669049408,300.10770610012725,902.1739397602967,80.9
1855000,3709.999999926094,-1155591.2556634685,301.37218023086234,902.7125380313952,80.9
1860000,3719.9999999258575,-1156525.341778554,301.1926888539637,900.67437962872,80.9
1865000,3729.999999925621,-1159203.496093628,298.74192395298314,899.5103020395368,80.9
1870000,3739.9999999253846,-1155469.0063224072,300.34350010047706,899.9539905369234,80.9
1875000,3749.999999925148,-1155137.5089961998,300.83148335987084,905.0906732845988,80.9
1880000,3759.9999999249117,-1157273.3833095245,299.87287052907925,903.6288822166002,80.9
1885000,3769.999999924675,-1156980.83345751,299.5539378848286,902.6500834122074,80.9
1890000,3779.9999999244387,-1158648.7542397399,299.07696636634876,900.2533176537927,80.9
1895000,3789.9999999242023,-1157657.517317688,301.5910691696978,899.3941283073099,80.9
1900000,3799.999999923966,-1156657.2528556483,299.08867143909816,901.3551425765155,80.9
1905000,3809.9999999237293,-1156839.404892617,300.5725647036016,901.9282010626229,80.9
1910000,3819.999999923493,-1155703.8848068872,300.9943551648344,901.6616903032872,80.9
1915000,3829.9999999232564,-1155141.3185414644,299.066240115014,903.014511747785,81
1920000,3839.99999992302,-1157086.125254034,299.2446303178213,903.187138485924,81
1925000,3849.9999999227834,-1157043.0603605313,300.34678323063844,901.1037406347046,81
1930000,3859.999999922547,-1157491.2052127905,299.9761769725431,901.2335721043697,81
1935000,3869.9999999223105,-1156532.9482403118,299.070604027154,902.5354840550904,81
1940000,3879.999999922074,-1155131.2001141198,299.68979014032715,901.4848018602361,81
1945000,3889.9999999218376,-1155927.2900949512,301.23057739955306,900.9246666842711,81
1950000,3899.999999921601,-1157274.0959576396,302.41022034102457,902.5397190803949,81
1955000,3909.9999999213646,-1156949.593664512,299.7851844440231,902.7953827470066,81
1960000,3919.999999921128,-1157525.5733350217,301.28847060780294,901.6162359887247,81
1965000,3929.9999999208917,-1155201.0990592642,299.8325961062919,902.1792222619645,81
1970000,3939.9999999206552,-1156169.8634848902,300.7757109313526,903.6111998092748,81
1975000,3949.9999999204188,-1157033.6227261107,299.77955622088933,903.3138682459553,81
1980000,3959.9999999201823,-1156689.7572803786,300.84504411488535,904.2321629486319,81.1
1985000,3969.999999919946,-1155977.697572846,299.377872382881,902.7065650500069,81.1
1990000,3979.9999999197094,-1156932.1766374893,300.29292766072376,901.4512870886764,81.1
1995000,3989.999999919473,-1156492.334937594,301.92613197517625,899.0036682041189,81.1
2000000,3999.9999999192364,-1157139.3147847466,300.2291615239864,901.4922380921954,81.1
2005000,4009.999999919,-1156134.1189303864,300.7015652091982,902.5215156751489,81.1
2010000,4019.9999999187635,-1155952.2613010397,300.26305321546624,899.8155294405611,81.1
2015000,4029.999999918527,-1154269.4239134407,298.2329164252887,901.0449429482193,81.1
2020000,4039.9999999182905,-1156623.3105507912,299.7261900616819,901.7164143560406,81.1
2025000,4049.999999918054,-1155446.3067224445,299.99779261211506,905.6054025245841,81.1
2030000,4059.9999999178176,-1155550.323345353,299.9098822138181,904.5838174239501,81.1
2035000,4069.999999917581,-1157456.8028658042,298.3375279639719,903.0587791636302,81.1
2040000,4079.9999999173447,-1158003.8432157487,300.18764318231797,900.5978540669261,81.1
2045000,4089.999999917108,-1157042.9864872843,300.2492273629853,902.4690013074621,81.1
2050000,4099.999999917781,-1155511.6533941412,299.78016798427336,901.894873225688,81.1
2055000,4109.999999919818,-1156742.3837323906,302.04220388125526,900.9405429621349,81.1
2060000,4119.999999921855,-1157099.4632478012,299.2646553725946,900.2946641045074,81.1
2065000,4129.999999923893,-1156442.2912939796,301.95482367789117,900.9820526041875,81.1
2070000,4139.99999992593,-1156605.3681329442,301.8525368400675,901.5571368756994,81.1
2075000,4149.999999927967,-1155752.431969338,300.07564969879974,903.4738218668325,81.1
2080000,4159.999999930004,-1155289.8543365328,300.4652614060283,903.1684579076502,81.1
2085000,4169.999999932042,-1156121.933259179,298.83195513101174,902.6509388249467,81.1
2090000,4179.999999934079,-1156105.3057454843,299.5742076449555,901.3101444348372,81.1
2095000,4189.999999936116,-1155781.6039602999,300.57142274528456,899.7424580198108,81.1
2100000,4199.999999938153,-1156490.0015589558,300.36158790453396,901.3876753151916,81.1
2105000,4209.999999940191,-1155798.878335638,300.34592676190067,903.3549471147708,81.1
2110000,4219.999999942228,-1155939.4896773482,300.6899417049,901.6094216751181,81.1
2115000,4229.999999944265,-1153667.5206785817,299.80706518106155,903.6878781419019,81.1
2120000,4239.9999999463025,-1154660.095637625,301.2540283292774,901.8329442377093,81.1
2125000,4249.99999994834,-1155757.0058431393,301.2665898707645,902.6187572957294,81.1
2130000,4259.999999950377,-1154065.5901281117,300.5942823037376,905.0694688248417,81.1
2135000,4269.999999952414,-1154332.587078684,298.30167862966294,903.8527930365043,81.1
2140000,4279.999999954452,-1155338.984461015,299.61907029312374,902.9971186097812,81.1
2145000,4289.999999956489,-1155705.2901913784,301.03222331831097,902.4019643788265,81.1
2150000,4299.999999958526,-1156541.3126704032,299.9197316043023,900.801464816141,81.1
2155000,4309.999999960563,-1156612.6913945796,301.01966177682385,901.96920788747,81.1
2160000,4319.999999962601,-1158189.2072499814,297.946611161524,901.3379017567153,81.1
2165000,4329.999999964638,-1156482.3141495138,299.6576521705485,899.288778892785,81.1
2170000,4339.999999966675,-1155607.3648658358,299.8666713267869,903.3180089347549,81.1
2175000,4349.9999999687125,-1156084.1934156194,300.75168902246975,901.5657997252671,81.1
2180000,4359.99999997075,-1156814.4565010695,300.22724466538284,902.6091068324769,81.1
2185000,4369.999999972787,-1157263.5564551232,301.7014108920789,903.001585236056,81.1
2190000,4379.999999974824,-1155931.3301444193,300.3187644676461,902.1820743755987,81.1
2195000,4389.999999976862,-1156947.9709000094,299.99181772306355,903.2748191749023,81.1
2200000,4399.999999978899,-1157060.101647772,302.39896389475683,901.7508251595293,81.1
2205000,4409.999999980936,-1156519.4420568477,300.8719413116735,900.7673356029574,81.2
2210000,4419.999999982973,-1159778.1338587767,301.26557026512427,899.1419975140348,81.2
2215000,4429.999999985011,-1157372.1279770061,300.11435392890127,901.5321273415301,81.2
2220000,4439.999999987048,-1155335.4618386049,300.284587286587,904.7961815682371,81.2
2225000,4449.999999989085,-1157878.3531585643,300.03823017180486,904.0845329524295,81.2
2230000,4459.999999991122,-1156376.0637829034,301.2741553446147,901.6276753457616,81.2
2235000,4469.99999999316,-1156482.2984423544,299.44897968022764,904.9329530108471,81.2
2240000,4479.999999995197,-1156384.146720997,302.7577223353133,900.8986490013385,81.2
2245000,4489.999999997234,-1157233.540848229,300.9500431037119,901.4740820740724,81.2
2250000,4499.9999999992715,-1157686.9531034501,299.02594530011385,902.9918241829906,81.2
2255000,4510.000000001309,-1157589.6643362269,299.9030100718032,900.602428260528,81.2
2260000,4520.000000003346,-1157806.6990206102,300.371457687131,899.1872350873992,81.2
2265000,4530.000000005383,-1155912.2309957072,300.4206842474392,904.2195771330354,81.2
2270000,4540.000000007421,-1158101.6111139506,301.2251938817729,900.4073819656014,81.2
2275000,4550.000000009458,-1156131.362935055,300.39032039147446,903.4051124048998,81.2
2280000,4560.000000011495,-1156822.3206918882,301.2359405252205,900.740954585664,81.2
2285000,4570.000000013532,-1157182.3723314907,301.9582495528422,903.2725953065413,81.2
2290000,4580.00000001557,-1156476.4780308297,300.38809765117884,903.1367800006137,81.2
2295000,4590.000000017607,-1155823.7483668178,299.69760031953103,901.9877034668409,81.2
2300000,4600.000000019644,-1158094.347248842,300.26696850112455,903.3531508064608,81.2
2305000,4610.000000021681,-1155569.0792346075,300.1059931626517,903.6784282419993,81.2
2310000,4620.000000023719,-1156035.174059012,300.9754516762653,901.1930029135725,81.2
2315000,4630.000000025756,-1155520.3614945896,297.92332336870214,904.0134791978987,81.2
2320000,4640.000000027793,-1156327.991866461,300.81831005499964,904.0783167848654,81.2
2325000,4650.0000000298305,-1157023.0875323266,300.5076973927729,901.778844264511,81.2
2330000,4660.000000031868,-1155797.0481611658,302.1437158187923,901.3359773700661,81.2
2335000,4670.000000033905,-1158081.4460545452,301.65924000280074,900.0433390190095,81.2
2340000,4680.000000035942,-1157199.233356933,300.47572255989655,900.7581918341481,81.2
2345000,4690.00000003798,-1156277.7739012,300.6139199083676,900.8519238206541,81.2
2350000,4700.000000040017,-1156483.5148171503,299.6793289864588,903.454796333077,81.2
2355000,4710.000000042054,-1156386.6800329955,302.519277360299,901.022871984591,81.2
2360000,4720.000000044091,-1157704.09683582,299.9170806296378,902.9093423731352,81.2
2365000,4730.000000046129,-1156315.0484510288,301.47189766247266,901.2642144991463,81.2
2370000,4740.000000048166,-1156515.7846557638,298.99146223736267,901.6002951253967,81.2
2375000,4750.000000050203,-1156789.205283531,300.88380952132525,903.3876062945275,81.2
2380000,4760.0000000522405,-1153835.9446942871,300.2593418509359,903.2061611638229,81.2
2385000,4770.000000054278,-1156806.559843786,300.8560150715738,901.2013716367376,81.2
2390000,4780.000000056315,-1155855.266162319,299.6127895223802,902.1905441302748,81.2
2395000,4790.000000058352,-1156612.2149218423,300.70397147850895,899.9695804279128,81.2
2400000,4800.0000000603895,-1157321.6725867586,300.37590316772224,902.118662523811,81.2
2405000,4810.000000062427,-1156609.4227975393,301.678755254754,902.8135151677726,81.2
2410000,4820.000000064464,-1157080.7160525732,302.1915964996555,903.4456313261878,81.2
2415000,4830.000000066501,-1159809.1456492832,298.9007377274988,901.3036688103555,81.2
2420000,4840.000000068539,-1157153.3642394813,302.0709159760829,902.3595624477765,81.2
2425000,4850.000000070576,-1156669.1828838615,300.75968273068884,902.7606792828182,81.2
2430000,4860.000000072613,-1157936.7139990805,299.7211328177065,900.7840013742456,81.2
2435000,4870.00000007465,-1156813.3323896993,299.6238420475199,898.4329933349153,81.2
2440000,4880.000000076688,-1158743.1341029527,300.67173154816624,900.8388795922136,81.2
2445000,4890.000000078725,-1156928.4974788073,300.0679822643856,901.8494998875573,81.2
2450000,4900.000000080762,-1154777.9164246926,300.73725140660474,902.9271509280587,81.2
2455000,4910.0000000827995,-1158547.1047721282,301.21299939831624,900.6959092873375,81.2
2460000,4920.000000084837,-1155812.2808344867,298.9001463562275,900.5109764520123,81.2
2465000,4930.000000086874,-1157190.8139075097,303.0132966850827,903.1792899872637,81.2
2470000,4940.000000088911,-1157277.0031423746,299.6002687651187,904.5044591429469,81.2
2475000,4950.000000090949,-1155852.539132556,300.4483359524012,901.4966883449832,81.2
2480000,4960.000000092986,-1155441.7751329066,299.2762177005543,905.1469168146575,81.2
2485000,4970.000000095023,-1157613.549589187,301.86020427448176,899.6621586782564,81.2
2490000,4980.00000009706,-1157001.1203848785,300.619384994599,901.3333380930754,81.2
2495000,4990.000000099098,-1156225.463215855,300.9651332671867,903.1661716092125,81.2
2500000,5000.000000101135,-1158168.855626435,301.99466986630966,901.1815534742962,81.2
2505000,5010.000000103172,-1156813.6660115924,300.2029984432592,903.9490461787757,81.2
2510000,5020.000000105209,-1156289.7445776593,300.712393421097,901.7622471043387,81.2
2515000,5030.000000107247,-1157118.785399667,299.24146954033665,901.8655638411817,81.2
2520000,5040.000000109284,-1156519.8401726838,300.35228910109544,903.1174739691688,81.2
2525000,5050.000000111321,-1155965.9896561503,302.44957711873576,902.8565071248655,81.2
2530000,5060.0000001133585,-1158744.971120608,299.78532718881274,899.4513975078296,81.2
2535000,5070.000000115396,-1157144.720362831,300.0864983028114,902.3859805270549,81.2
2540000,5080.000000117433,-1156599.788688711,298.8758593498782,901.536160882519,81.2
2545000,5090.00000011947,-1156162.982061847,301.1045745345387,902.8641428706428,81.2
2550000,5100.000000121508,-1156519.757324824,299.882250900969,902.5672427819021,81.2
2555000,5110.000000123545,-1153918.154949857,300.44285047405697,903.8708988058606,81.2
2560000,5120.000000125582,-1159014.9390188893,298.7329514233495,902.1238412442335,81.2
2565000,5130.000000127619,-1157405.8298913399,299.27837926451144,900.054323697854,81.2
2570000,5140.000000129657,-1157559.0940650702,299.8610023194275,903.1103932897744,81.2
2575000,5150.000000131694,-1156851.2933939295,300.23744072178476,903.3819625069574,81.2
2580000,5160.000000133731,-1156219.0144157875,301.44453144709007,901.0671705748803,81.2
2585000,5170.0000001357685,-1155820.3899692846,300.90430359469303,903.2002633525738,81.2
2590000,5180.000000137806,-1156304.1578336852,300.29700608328454,901.7041142392691,81.2
2595000,5190.000000139843,-1155643.5251649711,300.2655206611155,902.4260360548959,81.2
2600000,5200.00000014188,-1156172.5886071436,298.78527758480396,902.1230788101046,81.2
2605000,5210.0000001439175,-1156382.2137627006,300.36436123187525,903.183207977691,81.2
2610000,5220.000000145955,-1156427.7078806013,299.3524026339891,902.2423342374883,81.2
2615000,5230.000000147992,-1158261.6298397863,299.8033742086441,902.1922514623906,81.2
2620000,5240.000000150029,-1158339.9761324897,300.51136797307754,900.8814230603937,81.2
2625000,5250.000000152067,-1155120.5509035466,301.14028112405805,906.2310724630476,81.2
2630000,5260.000000154104,-1155892.6499558883,300.3470687202177,903.7025967846706,81.2
2635000,5270.000000156141,-1157037.861818757,299.21567351763997,901.061920672666,81.2
2640000,5280.000000158178,-1155836.2696149498,299.416005633824,902.6744613486926,81.2
2645000,5290.000000160216,-1156939.9619344408,299.9227496369972,905.1790401085163,81.1
2650000,5300.000000162253,-1156360.5503655206,299.3010349018365,904.0387028677501,81.1
2655000,5310.00000016429,-1157348.7723048134,300.0617218857548,901.7745472932579,81.1
2660000,5320.0000001663275,-1157083.0714044217,301.4787494123747,900.3517462029404,81.1
2665000,5330.000000168365,-1155430.793514737,300.1149656922854,903.4097024281847,81.1
2670000,5340.000000170402,-1158351.2298048502,300.916987488857,902.0010990531334,81.1
2675000,5350.000000172439,-1155531.2783104992,300.02821764441825,901.515961684957,81.1
2680000,5360.000000174477,-1156747.1361510018,301.3748923818652,900.7857213195327,81.1
2685000,5370.000000176514,-1155708.182008137,299.81868868535963,900.9832140933377,81.1
2690000,5380.000000178551,-1156312.2498056963,297.6269444012124,902.053432505532,81.1
2695000,5390.000000180588,-1155575.7926470265,299.5973526929878,904.3208938447227,81.1
2700000,5400.000000182626,-1158065.5012942953,299.2743212340635,899.8955518557889,81.1
2705000,5410.000000184663,-1157034.834751511,300.21097175936546,900.8733143636557,81.1
2710000,5420.0000001867,-1158535.4028571574,299.10102905945723,898.6701889697371,81.1
2715000,5430.000000188737,-1157230.159567302,301.6905011117289,901.3268531241188,81.1
2720000,5440.000000190775,-1158204.7817682019,300.87710051621286,902.7168530466055,81.2
2725000,5450.000000192812,-1156666.4979701387,298.8131739951195,902.9301742477522,81.2
2730000,5460.000000194849,-1156313.0508517819,299.8519686134554,903.427493201943,81.2
2735000,5470.0000001968865,-1154228.733910026,302.97112579580454,903.4872328749645,81.2
2740000,5480.000000198924,-1155791.5213974323,301.58017978146063,903.4992856125011,81.2
2745000,5490.000000200961,-1157412.4718269464,301.249807161927,900.7804759403256,81.2
2750000,5500.000000202998,-1157318.7502272967,300.1638251945632,902.0951789364158,81.2
2755000,5510.000000205036,-1157603.6281576212,299.7969506931109,900.4558674952286,81.2
2760000,5520.000000207073,-1156707.6359881405,300.250817947784,901.8086199497875,81.2
2765000,5530.00000020911,-1155664.9880503407,300.43540735288354,902.1830027118957,81.2
2770000,5540.000000211147,-1155148.1850245278,300.69314326661015,904.6290662551085,81.2
2775000,5550.000000213185,-1157582.9786064578,299.5257152007082,903.4407797527801,81.2
2780000,5560.000000215222,-1155730.5727999117,301.4741204027683,902.6304660377622,81.2
2785000,5570.000000217259,-1156811.488720771,300.38365217058765,901.3090617609387,81.2
2790000,5580.000000219296,-1156770.3226012634,299.67176351260866,902.5290963075925,81.2
2795000,5590.000000221334,-1156284.7232780447,299.02005197951354,901.4595552976712,81.2
2800000,5600.000000223371,-1157116.054689643,301.1633446036391,901.6402224978127,81.2
2805000,5610.000000225408,-1156722.509745622,301.42316051287173,902.1879775645862,81.2
2810000,5620.0000002274455,-1157755.9972161492,299.84122197000784,900.3558480283567,81.2
2815000,5630.000000229483,-1157067.9492236935,300.2286721132791,899.6449934074125,81.2
2820000,5640.00000023152,-1155492.6003963333,301.4484263406356,904.3074103549354,81.2
2825000,5650.000000233557,-1157474.2819353184,300.82006377670075,900.6880696895954,81.2
2830000,5660.000000235595,-1155752.5477265986,297.9050520356299,905.1215512645058,81.2
2835000,5670.000000237632,-1157599.511543217,298.4280485527078,903.3200465060287,81.2
2840000,5680.000000239669,-1156188.4258600576,299.26918242163697,902.7186885208931,81.2
2845000,5690.000000241706,-1155575.8850441538,300.46409905559847,899.5433439447243,81.2
2850000,5700.000000243744,-1156169.7938491441,298.91949847127825,902.9226548599665,81.2
2855000,5710.000000245781,-1156968.441863982,299.5453120211126,901.3460966285073,81.2
2860000,5720.000000247818,-1157355.054154992,301.6129499067363,901.0547302233222,81.2
2865000,5730.0000002498555,-1156502.3865356361,299.94024606978286,902.5165012246258,81.2
2870000,5740.000000251893,-1155642.7971515348,300.4101211330069,904.9491496321497,81.2
2875000,5750.00000025393,-1155710.2264516996,301.8490701808909,901.6555357360013,81.2
2880000,5760.000000255967,-1155337.4499980286,299.7249665349137,903.4067140755736,81.2
2885000,5770.000000258005,-1155233.2053317018,300.4088772141259,903.8881049943176,81.2
2890000,5780.000000260042,-1156311.4324117443,299.89887047290404,903.6102276481193,81.2
2895000,5790.000000262079,-1158669.0913377618,300.550602398112,902.1102996301632,81.2
2900000,5800.000000264116,-1157011.65687651,298.67520095988925,903.0076584987095,81.2
2905000,5810.000000266154,-1155825.9575322159,298.83585002455726,903.1298430966272,81.2
2910000,5820.000000268191,-1156341.673258584,300.829179051124,900.3030150614751,81.2
2915000,5830.000000270228,-1157935.46306724,299.4590329918399,901.3623071048127,81.2
2920000,5840.000000272265,-1156225.249369083,300.9134392612291,902.3745335532025,81.2
2925000,5850.000000274303,-1157931.8272820227,298.1019990610886,900.2054040076143,81.2
2930000,5860.00000027634,-1155191.8989995662,301.9952816296938,902.3395883013058,81.2
2935000,5870.000000278377,-1156372.8483101912,300.32053858146,901.5530634020022,81.2
2940000,5880.0000002804145,-1155994.0868289275,298.9812050046224,902.4809734433368,81.2
2945000,5890.000000282452,-1157420.634090838,300.1507742423688,901.5906152808606,81.2
2950000,5900.000000284489,-1156483.50316804,301.49106624850816,902.7023001501774,81.2
2955000,5910.000000286526,-1157063.4925105358,300.14208720231437,903.4942023933631,81.2
2960000,5920.000000288564,-1156716.6100451415,300.542384376652,903.4846983483515,81.2
2965000,5930.000000290601,-1156442.093970798,300.04881367835003,901.8526182227278,81.2
2970000,5940.000000292638,-1157227.8138555465,301.5522833711451,903.6411615073656,81.2
2975000,5950.000000294675,-1158519.149024453,300.2480038362171,900.2837785239825,81.2
2980000,5960.000000296713,-1157178.4232780589,300.7001581534147,901.2142789439393,81.2
2985000,5970.00000029875,-1156140.803235,300.9881355704292,900.6977841174111,81.2
2990000,5980.000000300787,-1156967.9832703276,298.99674379457883,901.0172151146148,81.2
2995000,5990.000000302824,-1156741.4043601146,301.27637808491033,901.9700797019443,81.2
3000000,6000.000000304862,-1157405.158373435,299.7229681078589,900.8093922676707,81.2
3005000,6010.000000306899,-1158912.7796860617,300.8721656249143,900.7846966853454,81.2
3010000,6020.000000308936,-1156634.3274429617,300.3158891797408,902.869795629636,81.2
3015000,6030.0000003109735,-1157479.052308713,301.89560498230907,899.013232695465,81.2
3020000,6040.000000313011,-1156685.3531225119,299.4971050664445,902.1379697714269,81.2
3025000,6050.000000315048,-1159123.6199680734,298.9962543838716,899.2570074948192,81.2
3030000,6060.000000317085,-1158304.7739200043,300.7383117964705,900.8994930402712,81.2
3035000,6070.000000319123,-1157944.020186115,300.075935188379,903.5739075689237,81.2
3040000,6080.00000032116,-1156931.7756916797,301.28049729169663,902.4147594166711,81.2
3045000,6090.000000323197,-1157411.8527801894,301.6432525863626,903.9136788854534,81.2
3050000,6100.000000325234,-1157896.6334354123,300.38524275538634,898.4691712163136,81.2
3055000,6110.000000327272,-1157497.2904565986,301.5294034205793,902.0331727597245,81.2
3060000,6120.000000329309,-1157064.345992173,299.2497283460222,901.2811612365089,81.2
3065000,6130.000000331346,-1156369.41382874,300.6117583444104,903.8902481142705,81.2
3070000,6140.0000003333835,-1156528.2881920347,298.81176693933605,903.4305887007507,81.2
3075000,6150.000000335421,-1157135.5773376403,299.6846309357878,901.6226925488212,81.2
3080000,6160.000000337458,-1157619.3184190867,300.05003720511826,901.8435195397302,81.2
3085000,6170.000000339495,-1154944.8178587584,301.71387047300203,900.6533189195196,81.2
3090000,6180.0000003415325,-1156422.555839125,299.6341604565985,901.7953889840363,81.2
3095000,6190.00000034357,-1157239.922654476,300.0349470416435,902.4049636045925,81.2
3100000,6200.000000345607,-1158837.363785388,299.7437884550315,902.0921927085354,81.2
3105000,6210.000000347644,-1155945.7412899937,301.58743937361874,901.5556497931569,81.2
3110000,6220.000000349682,-1156663.0671823118,301.2463405027504,898.9209431135931,81.2
3115000,6230.000000351719,-1156736.45060811,300.24523050887575,902.8376287040256,81.2
3120000,6240.000000353756,-1157943.9893705389,300.69063503673533,901.1820010198106,81.2
3125000,6250.000000355793,-1158781.5762563152,300.1047696358835,902.7307769832207,81.2
3130000,6260.000000357831,-1156518.8543729102,302.1465911066976,899.675030449682,81.2
3135000,6270.000000359868,-1157029.5501517048,302.564996477205,902.3869080832437,81.2
3140000,6280.000000361905,-1155401.9924828904,298.8367472775206,901.9238312300403,81.2
3145000,6290.0000003639425,-1157760.0754756927,299.949789578575,901.1437763545288,81.2
3150000,6300.00000036598,-1157243.7740566172,301.18389985334534,900.9018218662711,81.2
3155000,6310.000000368017,-1157208.0225617737,298.2851406261791,899.6211121585648,81.2
3160000,6320.000000370054,-1157990.3406589236,299.8943842080872,900.9646424974766,81.2
3165000,6330.000000372092,-1155938.238948836,297.66322196989023,902.9557271594805,81.2
3170000,6340.000000374129,-1156348.696035616,301.7734766187274,903.5455381730316,81.2
3175000,6350.000000376166,-1155995.0059622563,300.79857048980557,902.6134330913933,81.2
3180000,6360.000000378203,-1157754.4776407983,299.26543027288113,899.8809336999028,81.2
3185000,6370.000000380241,-1157845.0844130777,299.8229302448229,900.2952399165728,81.2
3190000,6380.000000382278,-1157194.8559584925,299.2831510189076,902.7498824389114,81.2
3195000,6390.000000384315,-1154073.4073615074,302.27495945679726,903.2915088179952,81.2
3200000,6400.000000386352,-1157259.0814318089,300.94178429802633,901.6244291022219,81.2
3205000,6410.00000038839,-1156225.8263370283,299.9097394690284,902.7702784676509,81.2
3210000,6420.000000390427,-1155449.0128691522,301.8752536537309,902.3070936558581,81.2
3215000,6430.000000392464,-1155563.2274710238,300.8063398847838,902.7433319502006,81.2
3220000,6440.0000003945015,-1154810.0679244595,301.55069278634636,904.4218258389062,81.2
3225000,6450.000000396539,-1155086.5145307286,299.4972070270085,901.6721573051626,81.2
3230000,6460.000000398576,-1155602.8537325608,300.8083790960642,900.559884714443,81.2
3235000,6470.000000400613,-1156063.6682946384,300.6253394915377,903.3122942654736,81.2
3240000,6480.000000402651,-1156804.836551304,301.0990890561945,904.2337644551782,81.2
3245000,6490.000000404688,-1156096.0755480817,300.46876884943055,902.2080957890506,81.2
3250000,6500.000000406725,-1156656.2831365392,299.4711459068453,903.1886627589803,81.2
3255000,6510.000000408762,-1155552.4761936935,302.51063110447024,900.1003731118701,81.2
3260000,6520.0000004108,-1156343.2459724443,301.7345072911594,902.1759180607766,81.2
3265000,6530.000000412837,-1156560.0415645735,298.0827285144891,903.0109157347555,81.2
3270000,6540.000000414874,-1155170.0759911174,300.9780414745914,902.9632306661697,81.2
3275000,6550.0000004169115,-1154598.050610588,299.3894551029535,902.864999131438,81.2
3280000,6560.000000418949,-1157489.061503674,300.6080061956545,901.4027596176412,81.2
3285000,6570.000000420986,-1157880.8500136482,300.6468939547713,900.4096358784843,81.2
3290000,6580.000000423023,-1157649.8104543015,300.77434465979474,902.4348560490708,81.2
3295000,6590.0000004250605,-1156197.9262460405,300.43344971005445,900.0703477617844,81.2
3300000,6600.000000427098,-1155208.294541968,299.4727160995312,902.4343100560513,81.2
3305000,6610.000000429135,-1157456.7607027628,299.5489622093044,901.8651650099945,81.2
3310000,6620.000000431172,-1157570.8973913305,298.12987507929137,901.3874794672076,81.2
3315000,6630.00000043321,-1156572.1711254502,299.2032751130552,900.1608230867305,81.2
3320000,6640.000000435247,-1154968.6188680036,301.36159672431717,902.6913206724646,81.2
3325000,6650.000000437284,-1157806.3217034256,300.3330389466087,903.1651251168495,81.2
3330000,6660.000000439321,-1158702.4463271098,300.5023750513311,903.9781634176079,81.2
3335000,6670.000000441359,-1156758.8925981,300.73906630464427,902.6010646536381,81.2
3340000,6680.000000443396,-1156784.1123244716,300.7563180320762,901.4386228856372,81.2
3345000,6690.000000445433,-1157981.521815964,301.2198511482183,900.3591932765128,81.2
3350000,6700.0000004474705,-1156241.927352015,299.92662413843,903.2406624141795,81.2
3355000,6710.000000449508,-1156389.148311778,299.55609944878574,902.2271651369638,81.2
3360000,6720.000000451545,-1156900.6709291004,302.38169177521206,902.3404049833141,81.2
3365000,6730.000000453582,-1157043.520358039,300.0752010723181,902.4974868143256,81.2
3370000,6740.00000045562,-1155946.502638529,298.49008135985684,903.4217891761398,81.2
3375000,6750.000000457657,-1153857.1169420686,301.8853477495688,904.9924930656094,81.2
3380000,6760.000000459694,-1156757.4425999252,299.96198406203166,899.4006423044298,81.2
3385000,6770.000000461731,-1157387.4008352757,299.39822371145914,901.5516244368699,81.2
3390000,6780.000000463769,-1158485.358126929,300.16606832697164,901.9205317839456,81.2
3395000,6790.000000465806,-1157487.924385677,299.42130758315295,898.2598028317286,81.2
3400000,6800.000000467843,-1156482.6506575895,299.4317483449085,902.9212725584326,81.2
3405000,6810.00000046988,-1157329.6446986627,299.7595923424544,901.7331596074076,81.2
3410000,6820.000000471918,-1156256.513021537,300.0387807588506,902.4767855647318,81.2
3415000,6830.000000473955,-1157375.6366245328,298.96968346088823,901.3420642605798,81.2
3420000,6840.000000475992,-1157250.876743394,300.03245920388144,903.7610756132943,81.2
3425000,6850.0000004780295,-1157183.7163438192,301.74462177911005,901.8559569798351,81.2
3430000,6860.000000480067,-1155752.8332938645,301.92121747599055,904.0053293116439,81.2
3435000,6870.000000482104,-1156327.74624852,300.5284565636071,903.597026271726,81.2
3440000,6880.000000484141,-1156816.1558757368,298.80303911505604,901.6455739769945,81.2
3445000,6890.000000486179,-1157601.7404865827,301.1964410027196,902.9407445268575,81.2
3450000,6900.000000488216,-1157399.6163192485,301.05508287676395,900.827459050101,81.2
3455000,6910.000000490253,-1155208.9882192975,300.78533600859595,902.470508143407,81.2
3460000,6920.00000049229,-1159255.096778308,298.8032634282968,902.3698567206975,81.2
3465000,6930.000000494328,-1158510.6955637923,301.7206406544529,899.9912417096602,81.2
3470000,6940.000000496365,-1157467.7023937823,301.4649643441194,902.9034293000495,81.2
3475000,6950.000000498402,-1156959.4285622472,300.47235786128397,902.4017151384793,81.2
3480000,6960.0000005004395,-1156989.2876033057,300.3828364860755,900.639668225218,81.2
3485000,6970.000000502477,-1155721.028815562,301.7921965782812,902.9219755543168,81.2
3490000,6980.000000504514,-1158150.0633444162,299.78055543441667,901.549505578341,81.2
3495000,6990.000000506551,-1155102.0769522674,298.7226941906092,904.003923828871,81.2
3500000,7000.0000005085885,-1156225.7031100122,302.2741641643979,902.4044941544884,81.2
3505000,7010.000000510626,-1155124.6607760442,298.0977778937382,903.843412886733,81.2
3510000,7020.000000512663,-1154434.7195382854,300.35610242618975,903.9592745116196,81.2
3515000,7030.0000005147,-1156386.2074710466,301.1123439295169,903.2709446048711,81.2
3520000,7040.000000516738,-1157288.3372651823,299.04229977458243,901.2142902854384,81.2
3525000,7050.000000518775,-1155780.130454584,298.4420375420912,902.1038133663104,81.2
3530000,7060.000000520812,-1156854.7171007982,300.93709411208147,900.5352226252429,81.2
3535000,7070.000000522849,-1156308.1573204426,300.4376708774048,902.1451111159635,81.2
3540000,7080.000000524887,-1155283.9252749262,300.58959211779273,900.3519862215387,81.2
3545000,7090.000000526924,-1158402.7001498723,301.74894490702445,901.0474596240807,81.2
3550000,7100.000000528961,-1156897.58005259,300.2568132289483,905.503943023207,81.2
3555000,7110.0000005309985,-1159521.2860482913,300.33112208800515,897.8503313457392,81.2
3560000,7120.000000533036,-1156952.3744218452,300.68174407555284,900.594338995492,81.2
3565000,7130.000000535073,-1155950.9319623243,298.995275562457,903.7231678378321,81.2
3570000,7140.00000053711,-1156092.5797047,299.3747727817348,902.9154695230458,81.2
3575000,7150.000000539148,-1158100.4214662919,300.69118562378105,900.9994859792354,81.2
3580000,7160.000000541185,-1157531.3559740428,301.60240718441673,900.2744062803283,81.2
3585000,7170.000000543222,-1157616.9390289206,299.4435961624475,900.3757328910631,81.2
3590000,7180.000000545259,-1156861.430201916,301.29562823939705,902.6130761892103,81.2
3595000,7190.000000547297,-1157229.9958002688,299.87111680737814,900.4557991270387,81.2
3600000,7200.000000549334,-1156422.3638109872,300.5196675629887,901.6283770650085,81.2
3605000,7210.000000551371,-1158729.133288404,299.6001871966675,899.4897375959711,81.2
3610000,7220.000000553408,-1157420.902315083,301.1214999881658,904.6079683305577,81.2
3615000,7230.000000555446,-1155204.8328640005,300.57682665517757,902.7675236599996,81.2
3620000,7240.000000557483,-1156164.1659122324,301.4035229082417,902.3723915523925,81.2
3625000,7250.00000055952,-1158136.9369764458,299.06118287103874,899.8020691809446,81.2
3630000,7260.0000005615575,-1156909.1938425004,299.9486272281452,902.4766145410343,81.2
3635000,7270.000000563595,-1158752.092306275,301.1185023475836,899.5573633129372,81.2
3640000,7280.000000565632,-1157654.2636654302,300.7796466091237,900.3410586929194,81.2
3645000,7290.000000567669,-1155816.413442731,299.87205484456706,901.7827088401815,81.2
3650000,7300.000000569707,-1156183.5901925182,300.5703011790804,902.1681901720051,81.2
3655000,7310.000000571744,-1157125.2929671388,301.60138757877655,899.6871671728652,81.2
3660000,7320.000000573781,-1157652.204380528,300.2339128862697,901.0662122827941,81.2
3665000,7330.000000575818,-1157848.4542489098,301.011443755364,901.9690367369578,81.2
3670000,7340.000000577856,-1157109.4758755937,301.10055728831634,902.9877942075505,81.2
3675000,7350.000000579893,-1156871.3858637046,300.2137043024812,901.1346916343041,81.2
3680000,7360.00000058193,-1154999.5635167984,301.0024916178431,901.5277171890131,81.2
3685000,7370.000000583967,-1155711.2945483746,300.35110635855284,901.6935239581255,81.2
3690000,7380.000000586005,-1156479.717064783,300.33360992576723,902.5845198288479,81.3
3695000,7390.000000588042,-1155456.8550219024,302.43991125726683,901.4650088470793,81.3
3700000,7400.000000590079,-1156857.6568815093,301.49000585864246,902.1339870885832,81.3
3705000,7410.0000005921165,-1156559.1092947097,303.5416563278279,899.721740172061,81.3
3710000,7420.000000594154,-1156664.8734214893,302.1940231610792,901.9005671642932,81.3
3715000,7430.000000596191,-1156826.8220704217,299.95676368115386,901.1266592069468,81.3
3720000,7440.000000598228,-1156927.7470254246,300.3654624059667,901.2607845797564,81.3
3725000,7450.000000600266,-1156844.698388487,300.97657324246956,901.9734524338238,81.3
3730000,7460.000000602303,-1157682.52892257,302.15754167127324,901.0526500333443,81.3
3735000,7470.00000060434,-1156944.2060625227,301.80806164204256,902.964824776388,81.3
3740000,7480.000000606377,-1154939.8770061415,299.52934499678724,900.89808926937,81.3
3745000,7490.000000608415,-1155167.0720909778,299.90541634111406,903.5896903740779,81.3
3750000,7500.000000610452,-1157168.4929552665,301.29986979886024,902.4880650074504,81.3
3755000,7510.000000612489,-1156685.0547575708,299.47601962180545,900.3249156530213,81.3
3760000,7520.0000006145265,-1156074.047265903,300.6601896123193,901.5160483872448,81.3
3765000,7530.000000616564,-1156468.6258436553,301.4427777253889,900.5688875538194,81.3
3770000,7540.000000618601,-1157364.9586873138,301.2850447328519,899.1805211926651,81.3
3775000,7550.000000620638,-1157365.4991114251,299.1860437777361,899.9193212439718,81.3
3780000,7560.0000006226755,-1154733.342057717,299.68426387775736,902.5061189669656,81.3
3785000,7570.000000624713,-1157481.0731124291,299.93151824550284,902.0488592437455,81.3
3790000,7580.00000062675,-1155653.010977773,299.9851698942895,901.1963816266742,81.3
3795000,7590.000000628787,-1157009.7989733992,299.5130720907698,901.4111138043559,81.3
3800000,7600.000000630825,-1158073.8325887527,299.5187207060165,903.2455387613302,81.3
3805000,7610.000000632862,-1155149.0587092377,300.4073274135528,903.4056332121752,81.3
3810000,7620.000000634899,-1154930.403225544,299.2687337951553,902.8813578539226,81.3
3815000,7630.000000636936,-1155502.9365723254,300.3792066899964,902.4093463040545,81.3
3820000,7640.000000638974,-1156207.92694409,300.5474620127402,902.1986962291342,81.3
3825000,7650.000000641011,-1156584.053567323,300.7708168242797,902.1260059495904,81.3
3830000,7660.000000643048,-1158238.0945429131,300.38875019878856,902.19403975182,81.3
3835000,7670.0000006450855,-1156879.1026427345,299.1184847080172,901.1185343174263,81.3
3840000,7680.000000647123,-1156209.86107615,300.1703302785476,902.5392060325611,81.3
3845000,7690.00000064916,-1154780.8581623435,299.82250201045395,901.935832186769,81.3
3850000,7700.000000651197,-1159362.5896888487,300.47080806071085,902.5465599459703,81.3
3855000,7710.000000653235,-1155961.7575247195,299.5020603498558,902.175354157284,81.3
3860000,7720.000000655272,-1157048.2619141387,299.72001125150234,902.8885406997051,81.3
3865000,7730.000000657309,-1156729.3577187313,300.9552023082512,901.6816556218035,81.4
3870000,7740.000000659346,-1157703.2947835606,300.55178514065454,901.3670580819429,81.4
3875000,7750.000000661384,-1157142.666330358,299.2429173803458,902.3340280583377,81.4
3880000,7760.000000663421,-1158338.2679109937,301.07553616590616,899.7454039601358,81.4
3885000,7770.000000665458,-1156368.0394769888,302.28262689121146,902.5040327576374,81.4
3890000,7780.000000667495,-1155120.2527270978,300.27029241551156,902.0730133029977,81.4
3895000,7790.000000669533,-1156782.679825806,300.0680638328368,903.5804849063362,81.4
3900000,7800.00000067157,-1157033.0208039116,301.3806633497887,899.9506454752992,81.4
3905000,7810.000000673607,-1156593.0632625697,302.64937903998697,904.7357785369944,81.4
3910000,7820.0000006756445,-1156482.902204115,300.6578037351213,903.4145310615936,81.4
3915000,7830.000000677682,-1157397.8963949336,300.92318669114934,901.7729189255799,81.4
3920000,7840.000000679719,-1154652.8873393806,300.69069621307375,903.987684943677,81.4
3925000,7850.000000681756,-1158422.0152287,301.71843830627006,900.3795419902636,81.4
3930000,7860.000000683794,-1155539.6804028545,298.8928051956181,903.3075114929871,81.4
3935000,7870.000000685831,-1157852.2218425535,300.38246942804506,903.8270769492316,81.4
3940000,7880.000000687868,-1156691.5335122282,299.3783210093627,902.8481146782829,81.4
3945000,7890.000000689905,-1158406.8440285055,300.52619303908585,902.2170900557632,81.4
3950000,7900.000000691943,-1157766.1669944543,299.9001755681235,903.8330129299916,81.4
3955000,7910.00000069398,-1155825.3629764821,300.74381766692755,902.5890278262067,81.4
3960000,7920.000000696017,-1154550.1087542437,298.5416122289119,902.2201709716662,81.4
3965000,7930.0000006980545,-1156116.2847388415,299.2911243350138,903.6881148735475,81.4
3970000,7940.000000700092,-1157263.3903652169,297.75706647301314,903.3236022596647,81.4
3975000,7950.000000702129,-1156231.9625514103,302.2559336155514,901.2218880424382,81.4
3980000,7960.000000704166,-1154689.0034519304,300.7454490359518,902.6916429408069,81.4
3985000,7970.0000007062035,-1155753.5323438672,300.94194743492875,901.4036209809278,81.4
3990000,7980.000000708241,-1156274.218602865,300.9655207173299,901.1921782060361,81.4
3995000,7990.000000710278,-1158317.810716102,299.87111680737814,901.6510811343105,81.4
4000000,8000.000000712315,-1156271.8535851259,299.7112834272223,902.8121693810565,81.4
4005000,8010.000000714353,-1155703.3645569151,300.7157989039352,901.3177541244368,81.4
4010000,8020.00000071639,-1155890.0390258087,299.4527522210964,899.6297715611466,81.4
4015000,8030.000000718427,-1157352.192516285,301.19236258015883,904.7724532195595,81.4
4020000,8040.000000720464,-1155082.098930589,300.01072121163264,903.4615696511435,81.4
4025000,8050.000000722502,-1155531.1352442922,299.07235774885515,901.4804538402052,81.4
4030000,8060.000000724539,-1156204.185858678,300.8181265259844,902.6475983269621,81.4
4035000,8070.000000726576,-1157803.0620496161,298.8219018193995,900.9900928150271,81.4
4040000,8080.0000007286135,-1156517.8018141007,302.7563968479811,899.5294701085427,81.4
4045000,8090.000000730651,-1158031.7572515504,299.15092855948797,900.7105660056782,81.4
4050000,8100.000000732688,-1156291.468592735,301.31479682543255,903.2722157263335,81.4
4055000,8110.000000734725,-1155558.320080408,300.07919792642764,902.0281185421888,81.4
4060000,8120.000000736763,-1156378.3291233862,300.6078838429777,901.1873041054696,81.4
4065000,8130.0000007388,-1155918.719365064,299.53815438951847,901.9608712033863,81.4
4070000,8140.000000740837,-1155843.2078030687,301.13032977300986,901.7972117356821,81.4
4075000,8150.000000742874,-1157680.1771590589,299.751537457897,902.6430152805211,81.4
4080000,8160.000000744912,-1157812.4004106317,300.05097524230723,899.2893156499684,81.4
4085000,8170.000000746949,-1157131.319605128,300.7624764501429,900.7951374767949,81.4
4090000,8180.000000748986,-1156725.4795173295,300.78808894382445,902.1318699502158,81.4
4095000,8190.000000751023,-1154405.7966808667,302.02050667323203,904.0972257210715,81.4
4100000,8200.00000075306,-1158024.0978162112,299.9352296100331,901.5943131626727,81.4
4105000,8210.000000755097,-1157285.0369172497,300.7717140772431,900.6843856544929,81.4
4110000,8220.000000757134,-1157047.3523140652,301.1314717313269,900.1435931334116,81.4
4115000,8230.000000759172,-1155751.2837373083,300.3533087067357,901.6433780656976,81.4
4120000,8240.000000761209,-1156053.2019764874,299.3513422441233,902.2261412322746,81.4
4125000,8250.000000763246,-1156544.5013238983,300.04663172228004,902.0355386252857,81.4
4130000,8260.000000765283,-1155425.7680644887,300.28972609901354,902.4218033267248,81.4
4135000,8270.00000076732,-1157267.4926305814,302.0554179703521,901.7231149213695,81.4
4140000,8280.000000769358,-1156183.4415113293,298.38600001610644,902.7552483451203,81.4
4145000,8290.000000771395,-1156383.121891833,299.9287041339359,899.3866525048632,81.4
4150000,8300.000000773432,-1159060.512536629,300.1434738659851,898.0370600218284,81.4
4155000,8310.00000077547,-1158364.6050654622,299.52608225873865,902.3686066026875,81.4
4160000,8320.000000777507,-1158123.1803251216,300.34772126782747,902.2476680316715,81.4
4165000,8330.000000779544,-1157198.419256445,298.805017149998,900.9457742285203,81.4
4170000,8340.000000781582,-1156444.073426268,301.12563958706494,899.7499665295268,81.4
4175000,8350.000000783619,-1157216.906112384,300.7615588050668,901.5320081459016,81.4
4180000,8360.000000785656,-1157745.9421141092,299.90717006281517,899.5541128199357,81.4
4185000,8370.000000787693,-1158150.6819987204,299.4867254810274,900.6737360130501,81.4
4190000,8380.00000078973,-1157686.513067442,300.49903074483126,901.2942283187201,81.4
4195000,8390.000000791768,-1157712.0168773392,300.4902213521001,900.4367909499634,81.4
4200000,8400.000000793805,-1157676.6949106818,299.43048403391464,901.1099429597128,81.4
4205000,8410.000000795842,-1156333.9459451921,298.3184613385004,899.9355030568757,81.4
4210000,8420.00000079788,-1157767.1873910977,300.87171699843265,899.7586517280155,81.4
4215000,8430.000000799917,-1154756.0571878199,300.1842988758182,901.4963224481936,81.4
4220000,8440.000000801954,-1157572.5629858263,302.4134015106219,900.8149234866116,81.4
4225000,8450.000000803991,-1156158.6331591504,301.45421770067185,902.3001448143071,81.4
4230000,8460.000000806029,-1158169.1579164444,298.8966185207124,904.3549188828628,81.4
4235000,8470.000000808066,-1158260.6088665118,299.650841204872,902.4299094030029,81.4
4240000,8480.000000810103,-1156559.4003069522,299.501632115487,901.1278177034038,81.4
4245000,8490.00000081214,-1156554.9971065558,300.97208697765274,902.0638498853049,81.4
4250000,8500.000000814178,-1157280.6800201116,301.62875379415914,901.216203264289,81.4
4255000,8510.000000816215,-1156566.2212525317,300.3421338289192,899.9750779605941,81.4
4260000,8520.000000818252,-1155470.4757215064,299.4260793375491,900.3655290956924,81.4
4265000,8530.00000082029,-1155953.2793360585,299.65720354406676,904.6301655512532,81.4
4270000,8540.000000822327,-1156224.4849960636,299.09499299406735,902.9710750820624,81.4
4275000,8550.000000824364,-1157753.019002784,300.77389603331306,902.1547757434649,81.4
4280000,8560.000000826401,-1155355.98457715,299.00526769773086,902.2483228048327,81.4
4285000,8570.000000828439,-1155792.3910577865,300.9927034036973,905.3932254326836,81.4
4290000,8580.000000830476,-1156546.1177912,300.38805686695326,902.0686224578142,81.4
4295000,8590.000000832513,-1156224.0359382406,300.51295855787623,902.2488244597922,81.4
4300000,8600.00000083455,-1157780.676489423,300.3666451485093,903.5431772573999,81.4
4305000,8610.000000836588,-1156200.3509679697,301.0703769613668,901.4415085794536,81.4
4310000,8620.000000838625,-1156260.8651177306,300.1235915560014,902.3046334736678,81.4
4315000,8630.000000840662,-1157289.7561190035,300.54515770399337,901.704019484114,81.4
4320000,8640.0000008427,-1155636.0761818262,300.55098984825526,902.585737840652,81.4
4325000,8650.000000844737,-1155958.3242811877,298.5279699054462,903.3619380196463,81.4
4330000,8660.000000846774,-1154544.033873544,299.75017118633906,903.9051882873297,81.4
4335000,8670.000000848811,-1157182.131365764,300.7729783882369,903.0097419723467,81.4
4340000,8680.000000850849,-1156874.7127887793,299.3863962860329,902.7308051069384,81.4
4345000,8690.000000852886,-1157388.6137365177,300.45812416654695,902.8778827185658,81.4
4350000,8700.000000854923,-1157333.432446598,299.7069602993079,900.1632282882142,81.4
4355000,8710.00000085696,-1155967.023295776,301.5948621026793,903.5066781447409,81.4
4360000,8720.000000858998,-1155557.9634583928,300.3042452833298,900.1274962470917,81.4
4365000,8730.000000861035,-1157617.8694843538,300.71416753491087,902.1885117394401,81.4
4370000,8740.000000863072,-1156683.0391120836,300.008192589645,903.7217314426109,81.4
4375000,8750.00000086511,-1155853.526872065,298.5059872078437,901.9421961785745,81.4
4380000,8760.000000867147,-1153994.9521620497,299.83163767699006,903.4010713913823,81.4
4385000,8770.000000869184,-1155979.6222567875,300.3433573556874,901.6988821223568,81.4
4390000,8780.000000871221,-1154639.6789580556,299.4939035047343,901.5397434724497,81.4
4395000,8790.000000873259,-1156470.3407519097,301.9927122234805,902.5546524499138,81.4
4400000,8800.000000875296,-1156488.517349095,301.89829674119915,901.2647800341256,81.4
4405000,8810.000000877333,-1157558.9436907042,300.2862186556113,902.1031134766861,81.4
4410000,8820.00000087937,-1156333.8316616733,300.1557907021185,902.1677094906776,81.4
4415000,8830.000000881408,-1155492.6295871371,300.1787726132483,902.8288877215158,81.4
4420000,8840.000000883445,-1156948.439721427,299.2566820564883,901.1524462223783,81.4
4425000,8850.000000885482,-1155483.9667563252,300.79206540582123,903.355752800172,81.4
4430000,8860.00000088752,-1155921.949729791,299.9639417048608,901.560731490264,81.4
4435000,8870.000000889557,-1156904.3555902522,300.4528630014436,901.5078550018713,81.4
4440000,8880.000000891594,-1156490.443683344,301.86713759283504,901.2452992907615,81.4
4445000,8890.000000893631,-1157337.7613093527,300.8437594117787,902.1865637296777,81.4
4450000,8900.000000895669,-1156957.6628616704,299.26408439343606,899.2318558332869,81.5
4455000,8910.000000897706,-1157136.0195201095,300.8653546592379,903.413921009511,81.5
4460000,8920.000000899743,-1156506.2591660907,300.23542190261713,900.2813172665719,81.5
4465000,8930.00000090178,-1155173.9680931652,299.7712158467525,901.5109128691739,81.5
4470000,8940.000000903818,-1156682.673605441,301.08273458172584,901.2283359220799,81.5
4475000,8950.000000905855,-1156666.216309267,301.3393489292483,900.9657195499642,81.5
4480000,8960.000000907892,-1157796.930342272,299.0297382330953,900.0023182761454,81.5
4485000,8970.00000090993,-1155814.1421373906,298.97720815051287,901.6829434409249,81.5
4490000,8980.000000911967,-1157267.75685619,299.0059610295661,899.9468772058517,81.5
4495000,8990.000000914004,-1157253.8032800173,300.3661965220276,900.7840859766844,81.5
4500000,9000.000000916041,-1155002.8408855647,301.40174879442776,900.2227144482113,81.5
4505000,9010.000000918079,-1157231.9545416487,300.8457782309463,899.9529682919067,81.5
4510000,9020.000000920116,-1158093.4723761147,302.05600934162334,898.8240409746409,81.5
4515000,9030.000000922153,-1154407.1475425232,300.86137819724115,903.6580480471058,81.5
4520000,9040.00000092419,-1155705.1607452119,299.83987609056277,900.3911274165247,81.5
4525000,9050.000000926228,-1156947.8240373041,300.0925751524269,902.1441219396166,81.5
4530000,9060.000000928265,-1158606.9936844064,300.3731298403809,900.4168055979338,81.5
4535000,9070.000000930302,-1157598.3233069917,300.57790743715617,900.4641067415386,81.5
4540000,9080.00000093234,-1156628.758264604,301.0553683663432,902.4409620247442,81.5
4545000,9090.000000934377,-1156480.4009169322,299.67378233177624,900.0231471058582,81.5
4550000,9100.000000936414,-1156523.6982445288,299.94840291490436,902.8208796989801,81.5
4555000,9110.000000938451,-1155737.164587494,300.9814877416552,902.4704195825141,81.5
4560000,9120.000000940488,-1157236.1083914442,301.1436254305579,902.7070547591505,81.5
4565000,9130.000000942526,-1158012.0363804493,298.49679036496923,901.97373153134,81.5
4570000,9140.000000944563,-1155635.9480977003,299.9680405195343,902.460648414022,81.5
4575000,9150.0000009466,-1156388.1396537982,299.66246470917014,900.0260097328297,81.5
4580000,9160.000000948638,-1156886.0144454725,299.88867441650217,903.5570511963696,81.5
4585000,9170.000000950675,-1157772.4155952837,301.303010184232,902.6606807083313,81.5
4590000,9180.000000952712,-1154659.3642881531,301.14142308237507,903.3978205377672,81.5
4595000,9190.00000095475,-1156364.8944194652,300.455106133852,901.3191387073813,81.5
4600000,9200.000000956787,-1156354.821837793,300.1898863147264,901.2795056064438,81.5
4605000,9210.000000958824,-1157061.2377254302,299.6563878595546,900.2082930845435,81.5
4610000,9220.000000960861,-1158136.351371917,300.50092721132205,899.0632077987963,81.5
4615000,9230.000000962898,-1157987.3508833377,300.03311175149116,900.5931802893064,81.5
4620000,9240.000000964936,-1157325.1676953826,299.92352453728375,900.5807937272084,81.5
4625000,9250.000000966973,-1156728.6781889815,301.4506082967056,901.2023729189303,81.5
4630000,9260.00000096901,-1158032.9306722842,302.43481322906587,901.0268883611756,81.5
4635000,9270.000000971047,-1157499.923763685,299.5828742928971,902.0236771969973,81.5
4640000,9280.000000973085,-1154416.9002627227,301.35113557044883,906.0258220104618,81.5
4645000,9290.000000975122,-1158268.2924505398,300.81107085495427,900.882610956374,81.5
4650000,9300.00000097716,-1156215.9143093508,300.4864080270058,900.5613474659709,81.5
4655000,9310.000000979197,-1158913.806589136,300.7079683326185,901.9341854651136,81.5
4660000,9320.000000981234,-1156442.3758187573,301.57389901071707,900.3693863587722,81.5
4665000,9330.000000983271,-1156012.6374408873,300.661678236554,901.4689494210286,81.5
4670000,9340.000000985308,-1158332.3268221049,298.623486561819,900.7188969091857,81.5
4675000,9350.000000987346,-1155171.2306587407,301.13130859442447,902.8737933405193,81.4
4680000,9360.000000989383,-1156237.681368393,299.8726666079512,902.0755265119776,81.4
4685000,9370.00000099142,-1158006.9018110307,299.09556397322586,899.9415387924854,81.4
4690000,9380.000000993457,-1156044.1878333492,302.1520561929291,902.1570017183168,81.4
4695000,9390.000000995495,-1155775.162814455,301.0129527717114,902.415877099947,81.4
4700000,9400.000000997532,-1156207.1780161643,301.18033123360465,902.0848650834344,81.4
4705000,9410.00000099957,-1156041.609114118,300.18639926343695,902.9989412512093,81.4
4710000,9420.000001001607,-1157617.8903198522,300.36758318569827,901.7179319283224,81.4
4715000,9430.000001003644,-1155938.5724248998,301.6316698662901,901.1448229778675,81.4
4720000,9440.000001005681,-1156939.821107612,300.65972059372484,901.620101100784,81.4
4725000,9450.000001007718,-1154768.408277166,299.9913079202434,899.0728199226133,81.4
4730000,9460.000001009756,-1158005.639731614,300.5137742423884,900.9666617122532,81.4
4735000,9470.000001011793,-1157476.1807182217,301.03148920225004,899.4802864782648,81.4
4740000,9480.00000101383,-1154776.777572685,299.6886481820101,902.5423756121646,81.4
4745000,9490.000001015867,-1157731.5684269918,299.0900173185432,903.8804470397135,81.4
4750000,9500.000001017905,-1156054.5912526073,300.6372484854151,902.018450291164,81.4
4755000,9510.000001019942,-1155472.3241828103,300.7942269697784,902.9068640425567,81.4
4760000,9520.00000102198,-1157028.3638900835,298.18448515737975,902.6407728931948,81.4
4765000,9530.000001024016,-1157174.1147976434,299.6241683213247,903.6996420918083,81.4
4770000,9540.000001026054,-1155133.7605093438,298.6457547490007,903.3367371206762,81.4
4775000,9550.000001028091,-1155817.920246183,301.4464279135808,903.2830661706963,81.4
4780000,9560.000001030128,-1157142.4669703608,299.50717877016956,902.5556475726456,81.4
4785000,9570.000001032166,-1157181.2359183393,299.9563966231234,903.1904856151024,81.4
4790000,9580.000001034203,-1156978.4412590414,300.550908279804,901.5396558035487,81.4
4795000,9590.00000103624,-1156693.8507899335,298.9238215991926,901.3715631944058,81.4
4800000,9600.000001038277,-1155341.5025890507,300.04253290760647,903.2977806145713,81.4
4805000,9610.000001040315,-1156482.0975620784,300.1874596533027,902.187105217102,81.4
4810000,9620.000001042352,-1156230.662919308,300.9525513335867,901.1141678066115,81.4
4815000,9630.00000104439,-1155596.1660373071,300.1174943142731,901.7840834362015,81.4
4820000,9640.000001046426,-1155090.4826953989,301.6145200994221,904.3465481195404,81.4
4825000,9650.000001048464,-1155244.7995240819,300.22455290649276,902.574433169899,81.4
4830000,9660.000001050501,-1157099.0635047192,301.14945757481973,901.1878908685607,81.4
4835000,9670.000001052538,-1156116.4453140777,300.67348526986734,902.7859326614292,81.4
4840000,9680.000001054575,-1158485.6720121494,298.97688187670803,903.1476059796315,81.4
4845000,9690.000001056613,-1158016.9309496218,299.5975973983414,901.1578796072712,81.4
4850000,9700.00000105865,-1156490.8830579938,300.0162678663152,902.6219605160383,81.4
4855000,9710.000001060687,-1156614.3931308324,300.3317338513893,904.4169406679157,81.4
4860000,9720.000001062725,-1159316.2960885474,300.55355925446855,902.4983196675839,81.4
4865000,9730.000001064762,-1155827.7366164215,300.36476907413135,900.9844009066675,81.4
4870000,9740.000001066799,-1155234.0539853442,301.2670792814718,902.6114910810803,81.4
4875000,9750.000001068836,-1156695.7298391918,299.40821584673296,899.1451737745369,81.4
4880000,9760.000001070874,-1156355.5812674882,300.3633620183479,902.9724643529651,81.4
4885000,9770.00000107291,-1157185.4341084482,299.1461771972048,904.2036039860805,81.4
4890000,9780.000001074948,-1156483.745986173,301.2596157681856,904.7850784738727,81.4
4895000,9790.000001076985,-1155692.4063674929,300.59815680517033,902.9139204514029,81.4
4900000,9800.000001079023,-1156323.0284764394,300.6559072686306,901.8012769650451,81.4
4905000,9810.00000108106,-1155055.0585791366,302.8398209814612,902.7847555025958,81.4
4910000,9820.000001083097,-1158195.399336176,299.8882461821333,900.5800307003509,81.4
4915000,9830.000001085134,-1155551.4255266618,299.9715275708238,900.3396294287209,81.4
4920000,9840.000001087172,-1154701.8485542573,300.8080120380337,904.8429865954328,81.4
4925000,9850.000001089209,-1155873.1760681635,299.8675685797503,901.8131748799786,81.4
4930000,9860.000001091246,-1155815.672571374,299.7166465528897,901.9390766513048,81.4
4935000,9870.000001093284,-1157237.56718056,300.0643932525321,900.8882898395448,81.4
4940000,9880.00000109532,-1157488.144998162,300.11735156948345,900.9611703315683,81.4
4945000,9890.000001097358,-1156977.8152910266,300.12236802923314,902.3604644683872,81.4
4950000,9900.000001099395,-1156528.7545550298,300.8500197904095,902.6531489038193,81.4
4955000,9910.000001101433,-1157320.9622011688,299.69900737531447,902.6955113688324,81.4
4960000,9920.00000110347,-1156683.423962499,300.7288906403552,903.1768259668188,81.4
4965000,9930.000001105507,-1156884.571991776,301.18157515248566,902.2257147955232,81.4
4970000,9940.000001107544,-1156567.5348649807,298.93342628432316,899.9286087309874,81.4
4975000,9950.000001109582,-1156766.3329588184,300.1502848316615,900.3775831811699,81.4
4980000,9960.000001111619,-1157132.1990686385,300.9947630070905,902.5890044849826,81.4
4985000,9970.000001113656,-1156746.662396676,299.52685715902516,902.2686343803498,81.4
4990000,9980.000001115694,-1158465.8313567676,300.12426449572393,901.8851263949084,81.4
4995000,9990.00000111773,-1156240.3063330138,299.7219077179931,901.3864863340656,81.4
5000000,10000.000001119768,-1157798.3270438137,301.8718685630055,902.5042584478691,81.4
5005000,10010.000001121805,-1157753.1470577912,300.48895704110623,902.7755248955355,81.4
5010000,10020.000001123843,-1155061.7613602793,299.1466258236864,902.586088214465,81.4
5015000,10030.00000112588,-1155226.304289774,301.21106214759993,903.6290175669143,81.4
5020000,10040.000001127917,-1157212.8288414693,298.77022820555476,900.8454258049596,81.4
5025000,10050.000001129954,-1157242.059366948,300.7828277787211,902.1610582838263,81.4
5030000,10060.000001131992,-1157580.5898993593,300.140986028223,902.148208965787,81.4
5035000,10070.000001134029,-1155389.0885303207,299.1512752254057,902.5561667177743,81.4
5040000,10080.000001136066,-1156109.4762907382,301.80579811752136,902.9464287495913,81.4
5045000,10090.000001138103,-1157418.6584764868,300.0040122065202,902.4047453056861,81.4
5050000,10100.00000114014,-1155144.716887855,299.4216746411834,904.5502157776996,81.4
