AutoDock Vina v1.2.7
#################################################################
# If you used AutoDock Vina in your work, please cite:          #
#                                                               #
# J. Eberhardt, D. Santos-Martins, A. F. Tillack, and S. Forli  #
# AutoDock Vina 1.2.0: New Docking Methods, Expanded Force      #
# Field, and Python Bindings, J. Chem. Inf. Model. (2021)       #
# DOI 10.1021/acs.jcim.1c00203                                  #
#                                                               #
# O. Trott, A. J. Olson,                                        #
# AutoDock Vina: improving the speed and accuracy of docking    #
# with a new scoring function, efficient optimization and       #
# multithreading, J. Comp. Chem. (2010)                         #
# DOI 10.1002/jcc.21334                                         #
#                                                               #
# Please see https://github.com/ccsb-scripps/AutoDock-Vina for  #
# more information.                                             #
#################################################################

Scoring function : vinardo
Rigid receptor: 03_receptors/ttbk/7JXXdry/receptor.pdbqt
Ligand: 02_ligands/pdbqt/candidates/cand_007.pdbqt
Grid center: X 178.93 Y 19.64 Z 46.21
Grid size  : X 18 Y 18 Z 18
Grid space : 0.375
Exhaustiveness: 32
CPU: 0
Verbosity: 1

Computing Vinardo grid ... done.
Performing docking (random seed: 11) ... 
0%   10   20   30   40   50   60   70   80   90   100%
|----|----|----|----|----|----|----|----|----|----|
***************************************************

mode |   affinity | dist from best mode
     | (kcal/mol) | rmsd l.b.| rmsd u.b.
-----+------------+----------+----------
   1       -6.273          0          0
   2       -5.963     0.8055      1.932
   3       -5.589      4.552      7.663
   4       -5.494      1.601      2.691
   5       -5.461      1.627      3.342
   6        -5.42      6.469      9.596
   7       -5.345      1.395      2.567
   8       -5.244      6.673      9.476
   9        9.482      2.347      3.344
