            --------------------------------------------------------
                             AMBER SQM VERSION 19
 
                                     By
              Ross C. Walker, Michael F. Crowley, Scott Brozell,
                         Tim Giese, Andreas W. Goetz,
                        Tai-Sung Lee and David A. Case
 
            --------------------------------------------------------
 

--------------------------------------------------------------------------------
  QM CALCULATION INFO
--------------------------------------------------------------------------------

| QMMM: Citation for AMBER QMMM Run:
| QMMM: R.C. Walker, M.F. Crowley and D.A. Case, J. COMP. CHEM. 29:1019, 2008

QMMM: SINGLET STATE CALCULATION
QMMM: RHF CALCULATION, NO. OF DOUBLY OCCUPIED LEVELS = 62

| QMMM: *** Selected Hamiltonian *** 
| QMMM: AM1         

| QMMM: *** Parameter sets in use ***
| QMMM: C : M.J.S.DEWAR et al. JACS, 107, 3902, (1985)
| QMMM: O : M.J.S.DEWAR et al. JACS, 107, 3902, (1985)
| QMMM: F : M.J.S.DEWAR et al. THEOCHEM, 180, 1, (1988)
| QMMM: H : M.J.S.DEWAR et al. JACS, 107, 3902, (1985)

| QMMM: *** SCF convergence criteria ***
| QMMM: Energy change                :  0.1D-09 kcal/mol
| QMMM: Error matrix |FP-PF|         :  0.1D+00 au
| QMMM: Density matrix change        :  0.5D-06
| QMMM: Maximum number of SCF cycles :     1000

| QMMM: *** Diagonalization Routine Information ***
| QMMM: Pseudo diagonalizations are allowed.
| QMMM: Auto diagonalization routine selection is in use.
| QMMM:
| QMMM: Timing diagonalization routines:
| QMMM:                              norbs =      107
| QMMM:    diag iterations used for timing =       10
| QMMM:
| QMMM:              Internal diag routine = 0.023203 seconds
| QMMM:                 Dspev diag routine = 0.041227 seconds
| QMMM:                Dspevd diag routine = 0.810915 seconds
| QMMM:                Dspevx diag routine = 0.084057 seconds
| QMMM:                 Dsyev diag routine = 0.020211 seconds
| QMMM:                Dsyevd diag routine = 0.784090 seconds
| QMMM:                Dsyevr diag routine = 0.165787 seconds
| QMMM:
| QMMM:                Pseudo diag routine = 0.006942 seconds
| QMMM:
| QMMM: Using dsyev routine (diag_routine=5).

  QMMM: QM Region Cartesian Coordinates (*=link atom) 
  QMMM: QM_NO.   MM_NO.  ATOM         X         Y         Z
  QMMM:     1        1      C      180.0540   14.1770   44.7420
  QMMM:     2        2      C      180.3670   15.6240   44.4660
  QMMM:     3        3      C      179.8940   16.6080   45.3540
  QMMM:     4        4      C      180.1660   17.9700   45.1540
  QMMM:     5        5      C      179.6280   18.9740   46.0960
  QMMM:     6        6      O      178.2400   18.9630   46.1640
  QMMM:     7        7      C      177.6100   19.8460   47.0030
  QMMM:     8        8      C      176.2150   19.8110   47.0300
  QMMM:     9        9      C      175.5110   20.6820   47.8630
  QMMM:    10       10      C      176.2020   21.5880   48.6710
  QMMM:    11       11      C      177.5940   21.6210   48.6440
  QMMM:    12       12      O      178.2060   22.5310   49.4610
  QMMM:    13       13      C      178.2970   20.7490   47.8080
  QMMM:    14       14      C      179.7590   20.7510   47.7490
  QMMM:    15       15      O      180.4380   21.5130   48.4350
  QMMM:    16       16      C      180.4090   19.7930   46.8250
  QMMM:    17       17      O      181.7910   19.7930   46.7870
  QMMM:    18       18      C      180.9130   18.3420   44.0310
  QMMM:    19       19      C      181.3920   17.3770   43.1420
  QMMM:    20       20      C      181.1320   16.0110   43.3440
  QMMM:    21       21      C      181.6690   14.9950   42.3590
  QMMM:    22       22      F      181.5460   15.3970   41.0640
  QMMM:    23       23      F      181.0420   13.7850   42.4280
  QMMM:    24       24      F      182.9930   14.7300   42.5460
  QMMM:    25       25      H      180.0180   14.0110   45.8290
  QMMM:    26       26      H      179.0800   13.9220   44.2990
  QMMM:    27       27      H      180.8350   13.5420   44.2990
  QMMM:    28       28      H      179.2970   16.3020   46.2260
  QMMM:    29       29      H      175.6700   19.0970   46.3950
  QMMM:    30       30      H      174.4110   20.6550   47.8830
  QMMM:    31       31      H      175.6470   22.2740   49.3280
  QMMM:    32       32      H      178.9850   22.9670   49.1760
  QMMM:    33       33      H      182.2780   19.3550   47.4570
  QMMM:    34       34      H      181.1250   19.4050   43.8460
  QMMM:    35       35      H      181.9830   17.6920   42.2690

--------------------------------------------------------------------------------
  RESULTS
--------------------------------------------------------------------------------

      iter         sqm energy              rms gradient
      ----    -------------------    -----------------------
xmin    10     -241.4207 kcal/mol        1.0232 kcal/(mol*A)
xmin    20     -243.1156 kcal/mol        1.5237 kcal/(mol*A)
xmin    30     -243.4975 kcal/mol        0.0266 kcal/(mol*A)
xmin    40     -243.4997 kcal/mol        0.0046 kcal/(mol*A)
  ... geometry converged !
 
 Final MO eigenvalues (eV):
 -51.9500  -48.5592  -48.5193  -42.6257  -40.7600  -40.0921  -39.8707  -37.9752
 -37.5557  -34.7362  -33.3950  -33.1113  -31.2387  -30.4109  -28.5732  -27.2975
 -25.5751  -25.1335  -23.6442  -23.2879  -22.5128  -21.1247  -20.0300  -19.5872
 -19.4341  -19.4017  -19.2947  -18.5375  -17.8398  -17.4848  -17.1592  -16.6887
 -16.3583  -16.2779  -15.9410  -15.6523  -15.5665  -15.5144  -15.3571  -15.3048
 -15.0645  -14.8765  -14.6400  -14.5169  -14.4284  -14.4139  -14.3831  -14.3241
 -14.1619  -13.6174  -13.4433  -13.3656  -13.1346  -12.8221  -12.5817  -12.5579
 -11.4406  -11.0760  -10.4070  -10.0540   -9.7713   -9.1512   -1.3332   -0.7774
  -0.2152   -0.1039    0.1910    1.1052    1.2799    1.6253    1.9803    2.1314
   2.2813    2.3141    2.6746    2.7974    2.9855    3.0766    3.1903    3.2879
   3.4640    3.4969    3.5111    3.6477    3.6716    3.7397    3.8449    3.9626
   3.9760    4.1005    4.1631    4.2212    4.2492    4.3300    4.4350    4.5106
   4.6222    4.8332    4.8635    4.8834    4.9225    5.0594    5.2930    5.4354
   5.6972    5.8170    6.0064

 Heat of formation   =       -243.49967987 kcal/mol  (      -10.55893846 eV)

 Total SCF energy    =    -116796.45567233 kcal/mol  (    -5064.67437112 eV)
 Electronic energy   =    -706809.03031381 kcal/mol  (   -30649.53949585 eV)
 Core-core repulsion =     590012.57464148 kcal/mol  (    25584.86512473 eV)
 
    Atomic Charges for Step       1 :
  Atom    Element       Mulliken Charge
     1      C                 -0.199
     2      C                 -0.020
     3      C                 -0.107
     4      C                 -0.010
     5      C                  0.081
     6      O                 -0.123
     7      C                  0.144
     8      C                 -0.206
     9      C                 -0.030
    10      C                 -0.210
    11      C                  0.191
    12      O                 -0.245
    13      C                 -0.283
    14      C                  0.305
    15      O                 -0.351
    16      C                 -0.081
    17      O                 -0.243
    18      C                 -0.100
    19      C                 -0.089
    20      C                 -0.149
    21      C                  0.467
    22      F                 -0.166
    23      F                 -0.166
    24      F                 -0.165
    25      H                  0.092
    26      H                  0.105
    27      H                  0.102
    28      H                  0.154
    29      H                  0.160
    30      H                  0.146
    31      H                  0.162
    32      H                  0.262
    33      H                  0.247
    34      H                  0.167
    35      H                  0.157
 Total Mulliken Charge =       0.000
 
                  X        Y        Z     TOTAL  
  QM DIPOLE    -2.850    0.414    1.507    3.250
 
 Final Structure

  QMMM: QM Region Cartesian Coordinates (*=link atom) 
  QMMM: QM_NO.   MM_NO.  ATOM         X         Y         Z
  QMMM:     1        1      C      179.5164   14.3373   44.3763
  QMMM:     2        2      C      180.1427   15.6797   44.3373
  QMMM:     3        3      C      179.6624   16.6912   45.1759
  QMMM:     4        4      C      180.2298   17.9728   45.1573
  QMMM:     5        5      C      179.7151   19.0104   46.0494
  QMMM:     6        6      O      178.3782   18.7841   46.3571
  QMMM:     7        7      C      177.7347   19.6691   47.1996
  QMMM:     8        8      C      176.3883   19.3618   47.4452
  QMMM:     9        9      C      175.6546   20.1966   48.2839
  QMMM:    10       10      C      176.2345   21.3149   48.8719
  QMMM:    11       11      C      177.5859   21.6181   48.6211
  QMMM:    12       12      O      178.0527   22.7349   49.2466
  QMMM:    13       13      C      178.3650   20.7935   47.7732
  QMMM:    14       14      C      179.7628   21.0498   47.4710
  QMMM:    15       15      O      180.4290   21.9998   47.9258
  QMMM:    16       16      C      180.3904   20.0797   46.5575
  QMMM:    17       17      O      181.7097   20.2736   46.2162
  QMMM:    18       18      C      181.2887   18.2481   44.2815
  QMMM:    19       19      C      181.7726   17.2456   43.4449
  QMMM:    20       20      C      181.2069   15.9694   43.4694
  QMMM:    21       21      C      181.7710   14.8948   42.5440
  QMMM:    22       22      F      182.7111   15.3426   41.6469
  QMMM:    23       23      F      180.8377   14.2702   41.7517
  QMMM:    24       24      F      182.4053   13.8619   43.1933
  QMMM:    25       25      H      178.8464   14.2271   45.2633
  QMMM:    26       26      H      178.9105   14.1744   43.4482
  QMMM:    27       27      H      180.3015   13.5401   44.4195
  QMMM:    28       28      H      178.8252   16.4777   45.8600
  QMMM:    29       29      H      175.9356   18.4776   46.9760
  QMMM:    30       30      H      174.5958   19.9657   48.4839
  QMMM:    31       31      H      175.6561   21.9749   49.5347
  QMMM:    32       32      H      178.9895   22.8812   49.0276
  QMMM:    33       33      H      182.0401   21.0186   46.7503
  QMMM:    34       34      H      181.7436   19.2518   44.2541
  QMMM:    35       35      H      182.6076   17.4640   42.7586

           --------- Calculation Completed ----------

