#"Step","Time (ps)","Potential Energy (kJ/mole)","Temperature (K)","Box Volume (nm^3)","Speed (ns/day)"
55000,109.99999999992504,-516015.70518181706,299.8984964358364,402.55340834566454,--
60000,119.99999999990173,-515766.05761533557,301.49084343278156,399.45190012943266,173
65000,129.99999999989262,-515732.569624315,300.79209986392385,400.4789304977653,170
70000,139.99999999994037,-516916.3603840205,300.37308986133405,398.965455928522,168
75000,149.99999999998812,-516712.5818798505,298.70286249650746,401.97880597458584,167
80000,160.00000000003587,-517115.23853658745,299.6164923049073,400.5627340461486,166
85000,170.00000000008362,-516676.0634702784,301.18240992919533,400.5827821156549,166
90000,180.00000000013137,-515301.6946586021,298.6124940229891,401.1236370271938,166
95000,190.0000000001791,-517145.6144429352,300.4025390849906,399.0926278371766,166
100000,200.00000000022686,-516681.96491901996,300.7210766013195,398.6227365578256,167
105000,210.0000000002746,-517235.43387748674,301.3316768500269,401.31555085272294,167
110000,220.00000000032236,-515587.88134608883,301.3979546324892,400.121018796269,167
115000,230.0000000003701,-516761.2868982968,298.62809280221205,400.78736989836045,168
120000,240.00000000041786,-517204.1255649994,298.805355785317,400.94505530327154,168
125000,250.0000000004656,-518528.54135238705,301.1848621390295,401.7548004592343,168
130000,260.00000000051335,-517715.74870470585,299.2538831285033,401.5018249187719,168
135000,270.0000000005611,-516065.0594943352,299.07482639931595,401.78906784777115,168
140000,280.00000000060885,-517105.10298681585,300.3084241797812,401.2403986729519,168
145000,290.0000000006566,-516549.2622525841,299.9310563330789,400.7250753799287,169
150000,300.00000000070435,-516333.8230949496,301.0733320028682,400.82392602914166,169
155000,310.0000000007521,-515968.86170114763,302.1857270417151,399.6265589575411,169
160000,320.00000000079984,-517944.8302783882,303.1903610817384,399.3404415912935,169
165000,330.0000000008476,-517016.43023096863,299.52106047219434,400.1056532157549,169
170000,340.00000000089534,-515740.1346115153,299.91559378773576,400.7187322661491,169
175000,350.0000000009431,-517049.56242930423,299.92960317169576,399.05669186228454,168
180000,360.00000000099084,-516307.8695046506,298.02128439648897,400.04481904414087,168
185000,370.0000000010386,-517260.1487562009,300.3038149335188,400.26238686534606,168
190000,380.00000000108633,-517313.68301922595,302.7458753436492,401.2656790149854,168
195000,390.0000000011341,-515147.88682058826,301.8708905457841,400.3652763179241,168
200000,400.00000000118183,-517589.656881141,299.44156800340346,399.5524422151285,168
205000,410.0000000012296,-517263.1891264529,302.3194633002636,400.8165260969381,168
210000,420.00000000127733,-516438.58431946626,301.76871513602714,400.2629433906246,168
215000,430.0000000013251,-515936.80124563025,303.6583244584251,401.6562733866026,168
220000,440.0000000013728,-516610.984053778,298.1099045352181,399.96984477988894,168
225000,450.0000000014206,-517392.30508463085,301.03852424661096,400.67692681215175,168
230000,460.0000000014683,-516090.2670572102,299.6963026527508,400.0206625735315,168
235000,470.00000000151607,-517545.1973251859,301.04921860616554,399.35993300687045,168
240000,480.0000000015638,-516827.08675092645,300.52546745575154,401.2261661055201,168
245000,490.00000000161157,-517793.21009414643,299.2103791095934,399.80703424014183,168
250000,500.0000000016593,-516853.2480499437,302.5919764709086,400.66942307439575,168
255000,510.00000000170706,-516262.856111621,302.59706253574984,400.55987999598347,168
260000,520.0000000015274,-516374.99496560637,302.8675549038464,399.0682304818936,168
265000,530.0000000012909,-517441.1028079926,299.73901197402915,399.60136682729427,168
270000,540.0000000010544,-515956.46497092536,299.61962568413986,399.3162545063549,168
275000,550.000000000818,-516535.5471310923,299.8607369455196,401.690353792718,168
280000,560.0000000005815,-516959.77007210813,299.87233953093863,399.5647070142283,168
285000,570.000000000345,-517232.92150742654,296.9597727117009,400.26835326950396,168
290000,580.0000000001086,-516612.7706220248,297.77678999376394,397.7774182779356,168
295000,589.9999999998721,-516399.1433839062,299.3758351564598,399.55770782993415,168
300000,599.9999999996356,-517199.5227893428,299.9666133756744,400.6482373004062,168
305000,609.9999999993992,-517272.2809164375,300.80336186464376,399.1070090286933,168
310000,619.9999999991627,-516610.26118794223,298.1139234346686,399.0478693677184,168
315000,629.9999999989262,-517239.8660374996,298.17327599491404,399.91583934691295,168
320000,639.9999999986898,-516792.8754390455,299.89236591125103,401.6619048025991,168
325000,649.9999999984533,-518027.12766463915,298.9039209972625,400.4356551774214,168
330000,659.9999999982168,-516620.48910926934,301.2210322340834,399.2825056161577,168
335000,669.9999999979804,-518138.91629241314,301.1876322279162,400.14422685852117,168
340000,679.9999999977439,-516201.65985526284,299.43952449520833,400.8389403851483,168
345000,689.9999999975074,-517001.5256789387,299.7849682027732,398.50301347162684,168
350000,699.999999997271,-517083.7119970764,300.34243723840694,399.81205985600957,168
355000,709.9999999970345,-517022.3135135458,297.3566901201367,400.14356297394596,168
360000,719.999999996798,-516472.4203665154,301.9763355686532,400.3663455643454,167
365000,729.9999999965615,-517587.5255006994,302.5745158286635,399.7974191974301,167
370000,739.9999999963251,-517205.155808161,299.32027443919867,399.51166802439116,167
375000,749.9999999960886,-516523.888166734,302.13071125997266,399.917978866273,167
380000,759.9999999958521,-517369.82201769063,299.47138051740586,400.62130426079864,167
385000,769.9999999956157,-516364.86486423574,300.43348688132363,399.81700371489177,167
390000,779.9999999953792,-516451.3752656267,299.7946862195234,400.96023984763247,167
395000,789.9999999951427,-517402.6401334731,302.480287395221,398.1342464917681,167
400000,799.9999999949063,-517865.2376321284,299.65936056571195,398.3331509189892,167
405000,809.9999999946698,-516777.3891824861,302.3476183020633,400.4717654986022,167
410000,819.9999999944333,-517333.99266107986,301.2329526985551,401.95025233763386,167
415000,829.9999999941969,-516529.18994427286,297.11069714473524,399.8391870522016,167
420000,839.9999999939604,-517168.1514012078,298.3641169546933,400.19216208043895,167
425000,849.9999999937239,-516108.48902520165,301.2622883939786,403.23025062501273,167
430000,859.9999999934874,-518661.80972552346,301.1867467076984,397.75726726841333,167
435000,869.999999993251,-516358.9459948642,300.6434232899042,400.3733011539863,167
440000,879.9999999930145,-517006.1647227481,302.61661209748337,399.68892240216775,167
445000,889.999999992778,-516004.7254047026,300.8466842383807,400.4960624586124,167
450000,899.9999999925416,-516712.6561969179,301.7698050070646,400.7444860838974,167
455000,909.9999999923051,-517225.08661294077,298.3961319164172,398.1927017809317,167
460000,919.9999999920686,-517927.96733264485,301.77225721689877,397.1217566871467,167
465000,929.9999999918322,-516055.7089314484,300.27529664137336,401.4591942297325,167
470000,939.9999999915957,-517082.6228200062,298.02430424748843,399.5339096239651,167
475000,949.9999999913592,-517230.8584049451,299.4135492354834,399.8368860813351,167
480000,959.9999999911228,-516889.24890054204,298.492449269348,399.97079304141056,167
485000,969.9999999908863,-517244.983902154,302.35383964923517,399.8476901853785,167
490000,979.9999999906498,-516868.8512294567,299.8283359878033,399.41312764407456,167
495000,989.9999999904134,-516730.137436206,303.0424110884104,399.2052333413665,167
500000,999.9999999901769,-517675.097224446,298.37049724139155,399.89732685770554,167
505000,1009.9999999899404,-515808.4385462487,301.34207603617546,401.00976645561536,167
510000,1019.999999989704,-516117.3237145883,297.03193125663597,399.21986168577945,167
515000,1029.9999999894676,-517247.3467021859,298.3070122534626,400.5861366064875,167
520000,1039.9999999892311,-516417.7756129815,300.96815944775835,400.6881527373457,167
525000,1049.9999999889947,-518377.4664338138,301.592519318313,398.85768324894474,167
530000,1059.9999999887582,-516559.826718383,300.62194374820865,400.9358053430601,167
535000,1069.9999999885217,-516858.49288816657,301.8089495418248,399.8723423432763,167
540000,1079.9999999882853,-517307.7767107338,300.72589019840143,399.854405710745,167
545000,1089.9999999880488,-517387.53033341654,300.40510482305785,399.82823456521476,167
550000,1099.9999999878123,-517258.57104174467,299.4216324456775,401.334589368059,167
555000,1109.9999999875758,-517126.0230332427,299.942658918498,401.2507707068363,167
560000,1119.9999999873394,-516877.69308417477,302.1378181273624,398.7511481181427,167
565000,1129.999999987103,-517476.8817605153,301.5972420928084,400.97865651104,167
570000,1139.9999999868664,-517487.6312940321,300.6767551791316,400.95488786190157,167
575000,1149.99999998663,-518157.48193720635,298.41186692951976,400.19880078606946,167
580000,1159.9999999863935,-516953.9288457078,300.76632895501854,399.3714669364235,167
585000,1169.999999986157,-517180.6641554958,301.6444244264695,399.3371191077305,166
590000,1179.9999999859206,-516779.19462338416,301.7766621123416,400.0753971746138,166
595000,1189.999999985684,-517161.81594893476,298.98904446641336,400.1295310663956,166
600000,1199.9999999854476,-517812.98779929243,300.55155624370946,399.7916492824226,166
605000,1209.9999999852112,-517362.61231984803,301.3269086642382,400.10754365446365,166
610000,1219.9999999849747,-517745.73917709384,302.0610276305184,401.114995378844,166
615000,1229.9999999847382,-517013.9414526839,302.33108859132926,399.7873922404011,166
620000,1239.9999999845018,-516496.8029736257,301.7637653050656,400.75845005943853,166
625000,1249.9999999842653,-516815.0418607057,299.547512550498,399.61423591705386,166
630000,1259.9999999840288,-516808.0831104885,298.9458356209094,401.00106705017083,166
635000,1269.9999999837923,-517512.18064358085,303.5286298049737,399.37204543482983,166
640000,1279.9999999835559,-517247.97552932426,298.32315596820416,398.9871246587001,166
645000,1289.9999999833194,-516897.7363063581,300.2969805338884,401.2922808464888,166
650000,1299.999999983083,-516995.94914220646,301.2568844500848,399.0050371714429,166
655000,1309.9999999828465,-517196.4487072057,300.11569865133305,399.3196828693803,166
660000,1319.99999998261,-515940.6076814458,300.7408532195191,400.72595495504953,167
665000,1329.9999999823735,-517346.49064657325,298.82447393976486,399.0974571646176,167
670000,1339.999999982137,-516866.3295090897,303.0659114326545,398.0543733117665,166
675000,1349.9999999819006,-517331.315591034,299.48021301393817,398.9668257464912,166
680000,1359.9999999816641,-516705.461742247,299.856899691242,400.6256324073305,166
685000,1369.9999999814277,-516427.0965305781,300.76521637833446,400.7838589370655,166
690000,1379.9999999811912,-517718.3221755242,298.72829282071365,398.656020809519,166
695000,1389.9999999809547,-517483.1282406198,298.54682929298536,398.71764960454095,166
700000,1399.9999999807183,-515962.27544078184,300.5969448312881,400.9883137453657,166
705000,1409.9999999804818,-517702.5733008762,299.92351805840354,398.67443409970406,166
710000,1419.9999999802453,-517188.18342530215,301.88401440952623,400.13675037668486,166
715000,1429.9999999800089,-518165.1748383795,299.58238842369514,397.5995048403516,166
720000,1439.9999999797724,-517574.6545639802,300.52535392751844,399.0499778450364,166
725000,1449.999999979536,-516454.7837930494,300.16072394856593,400.6231437340047,166
730000,1459.9999999792994,-515803.07081897045,301.9236811741585,399.4480706271587,166
735000,1469.999999979063,-515907.9409478088,302.53285096712926,401.38280567722387,166
740000,1479.9999999788265,-516169.15980056254,302.5432955645711,401.63050582537323,166
745000,1489.99999997859,-516825.4503226038,300.8947747979063,400.1611447716413,166
750000,1499.9999999783536,-518024.113868637,301.2675561039928,400.99412612275694,166
755000,1509.999999978117,-517382.6925248089,299.9526266973609,399.6582095722784,166
760000,1519.9999999778806,-516408.50726282084,302.15834403190024,400.2465839487152,166
765000,1529.9999999776442,-515665.65706974966,300.5528958768596,400.81159813088436,166
770000,1539.9999999774077,-517407.76467924565,299.1263909227733,399.19963294788124,166
775000,1549.9999999771712,-518585.6820873134,300.69587333357947,398.99691017198796,166
780000,1559.9999999769348,-516907.2377337939,301.5204970072577,401.4232867568562,166
785000,1569.9999999766983,-516839.1989620365,300.20011824543883,399.20426014099456,166
790000,1579.9999999764618,-517297.9892778783,298.3881395288096,399.5755023221481,166
795000,1589.9999999762254,-517228.66561518144,305.2631822666538,399.44096420750463,166
800000,1599.9999999759889,-516065.25861495966,298.4850245229057,402.37983944521403,166
805000,1609.9999999757524,-516935.6955887154,302.8789077271527,400.72035099906384,166
810000,1619.999999975516,-517263.2104724236,301.3126268125189,400.16667577686786,166
815000,1629.9999999752795,-517507.54831308825,300.85217900486094,398.0460750354732,166
820000,1639.999999975043,-517643.44077913696,299.51572464524037,399.89205523939034,166
825000,1649.9999999748065,-517527.0561618055,299.8120106278888,399.99442313024616,166
830000,1659.99999997457,-516905.84163586004,298.8579193572253,400.26748538886244,166
835000,1669.9999999743336,-517458.1576521299,297.29138868047875,400.9440939617365,166
840000,1679.9999999740971,-516445.5299045313,299.5341162189966,401.2598923672064,166
845000,1689.9999999738607,-517046.5727646244,303.43462842799727,399.7404994636442,166
850000,1699.9999999736242,-516977.34713685326,299.3336026537603,399.4217801368666,166
855000,1709.9999999733877,-517712.0559383556,301.3635101665778,399.9994782133568,166
860000,1719.9999999731513,-515790.0470301304,299.3045621317427,400.12609253990263,166
865000,1729.9999999729148,-516603.7739097718,300.94969975706226,402.3318850602915,166
870000,1739.9999999726783,-516867.441576818,299.3309460931066,400.98857690492787,166
875000,1749.9999999724419,-516789.9407745735,302.1685615728759,399.88954564572026,166
880000,1759.9999999722054,-516604.415420935,298.61953277343906,400.25776720743113,166
885000,1769.999999971969,-518415.08513269015,300.808856631124,400.34723431513993,166
890000,1779.9999999717324,-517451.2131586317,300.60836577153435,399.88969608169737,165
895000,1789.999999971496,-516138.7940790667,300.5810962899525,401.2404438168118,165
900000,1799.9999999712595,-516923.9447823744,298.4336189389747,401.37382414926157,165
905000,1809.999999971023,-517139.87075015996,303.4042482728296,400.2862349934613,165
910000,1819.9999999707866,-516799.7231808868,299.72134698096454,400.27018172650463,165
915000,1829.99999997055,-516177.9876211779,299.950923773865,401.8743452089401,165
920000,1839.9999999703136,-518090.1434832411,301.880744796414,401.0218476946933,165
925000,1849.9999999700772,-516957.9771556407,300.5026255752592,398.7937379802178,165
930000,1859.9999999698407,-517105.0566951148,301.6962387120396,400.03593128556855,165
935000,1869.9999999696042,-517115.8741847351,301.08859019739185,399.67603748894817,165
940000,1879.9999999693678,-515788.6770667224,301.9650281566402,401.7814101048028,165
945000,1889.9999999691313,-517243.37468783744,301.85499659315525,399.18314424427354,165
950000,1899.9999999688948,-516773.6288855495,300.22577562611116,399.9006152782689,165
955000,1909.9999999686584,-516962.54285539035,298.1979343271354,400.33986709879775,165
960000,1919.999999968422,-516041.3664819114,298.99517499099875,401.74650520187436,165
965000,1929.9999999681854,-517930.4985123519,298.19518694389524,400.0710445822884,165
970000,1939.999999967949,-517146.35928296857,300.2592891605114,400.1088154662944,165
975000,1949.9999999677125,-517765.7077913359,301.4613260921851,398.41073240247744,165
980000,1959.999999967476,-517762.14202141576,300.4185011545593,397.51950500333567,166
985000,1969.9999999672395,-517161.1631870824,299.95439773779674,398.96627904721777,166
990000,1979.999999967003,-515713.2556753862,298.7741809325178,402.10285698235276,166
995000,1989.9999999667666,-517157.8400260578,303.03069497475826,398.42161195756296,166
1000000,1999.9999999665301,-516421.49905557,300.0192904758157,400.3645873510292,166
1005000,2009.9999999662937,-516975.56266360916,299.43164563583366,400.1001232774565,165
1010000,2019.9999999660572,-517680.69241470285,299.2218681667794,400.4392484870916,165
1015000,2029.9999999658207,-518514.70745264646,300.1553654159653,399.51933998165725,165
1020000,2039.9999999655843,-517955.99309692485,298.6846979792174,399.15962568883043,165
1025000,2049.999999965348,-516834.3482233612,300.4252674372499,402.0004048598253,165
1030000,2059.9999999651113,-516580.1444684132,300.55223741310783,401.70925658885585,165
1035000,2069.999999964875,-516790.18773732707,298.4152954821583,400.5098511543037,165
1040000,2079.9999999646384,-516686.7290272801,299.05470919641715,401.5004401267226,165
1045000,2089.999999964402,-516632.14152454585,298.50704900012,399.9052257163839,165
1050000,2099.9999999641655,-516800.26342316344,297.9188138133261,399.9960646236932,165
1055000,2109.999999963929,-517742.36428536335,299.43239492217197,399.04015222415404,165
1060000,2119.9999999636925,-518346.20720964903,300.0291901377388,397.87361004930193,165
1065000,2129.999999963456,-515624.62293715915,298.5029846893763,399.3310288937328,165
1070000,2139.9999999632196,-517208.2541380874,301.48135247249746,399.2158652397238,165
1075000,2149.999999962983,-515712.15219248645,298.2281328371302,401.0438793155758,165
1080000,2159.9999999627466,-516227.41682896344,303.03044521264553,400.1374477793377,165
1085000,2169.99999996251,-516081.4882396199,298.52348788826754,399.1753238643244,165
1090000,2179.9999999622737,-516374.4194832351,299.3025413291942,399.0909108408269,165
1095000,2189.9999999620372,-517811.6240556934,300.6950105190082,399.35312169746936,165
1100000,2199.9999999618008,-516855.14213773934,301.8685745698296,398.74063336198077,165
1105000,2209.9999999615643,-517263.816046556,302.872209561402,399.38920335564774,165
1110000,2219.999999961328,-518016.1241964344,299.78156235578126,400.57016212001787,165
1115000,2229.9999999610914,-517341.5079508517,299.48949962340276,399.79379097741037,165
1120000,2239.999999960855,-516834.66483420273,298.6397407989243,400.80403970952733,165
1125000,2249.9999999606184,-516892.8594657462,298.95162556079566,400.12135464525124,165
1130000,2259.999999960382,-517012.2375673698,300.4287641068282,399.5587598417755,165
1135000,2269.9999999601455,-517930.34589277906,298.88959373424996,399.7712036826407,165
1140000,2279.999999959909,-518875.76308715716,301.78056748355897,399.3361030462204,165
1145000,2289.9999999596726,-515731.9634970962,298.86988523299016,400.94280625235933,165
1150000,2299.999999959436,-517109.33490663953,302.1796873397161,400.2039071977415,165
1155000,2309.9999999591996,-517790.3308961014,299.3761076242192,399.02573721213014,165
1160000,2319.999999958963,-516861.49010562943,300.829314418722,400.5118620660019,165
1165000,2329.9999999587267,-517858.6138953478,299.5538247202564,399.69087943787184,165
1170000,2339.99999995849,-517401.5783492308,300.76651060019145,400.78954881268555,165
1175000,2349.9999999582537,-517595.7749839402,300.58161851982464,400.1856608035127,165
1180000,2359.9999999580173,-517103.3970115315,299.1998891008584,399.6438076752949,165
1185000,2369.999999957781,-517262.29349473305,298.52169414218514,401.039854705632,165
1190000,2379.9999999575443,-518181.786951866,299.7777023958571,400.2825753164809,165
1195000,2389.999999957308,-517513.2423166116,301.39225551518945,400.06411358932394,165
1200000,2399.9999999570714,-516536.52572393324,302.48189949613055,398.60939718573394,165
1205000,2409.999999956835,-517356.47272129124,301.58429987423926,400.06188949544253,165
1210000,2419.9999999565985,-516500.0923243207,301.03178066956696,400.466168622486,165
1215000,2429.999999956362,-516969.83210930787,299.1382886815982,400.6386143237383,165
1220000,2439.9999999561255,-516961.16958480654,301.6074596337842,401.12555598207393,165
1225000,2449.999999955889,-518989.1315418184,300.11660687719757,399.5412974380112,165
1230000,2459.9999999556526,-518350.67618376995,303.29240025761567,398.91363265579884,165
1235000,2469.999999955416,-517767.46610933635,300.1602017186938,398.9062937198728,165
1240000,2479.9999999551796,-517555.36012996966,303.3972095223796,398.67835502803285,165
1245000,2489.999999954943,-518082.2932262081,300.5016492324549,399.66529731928637,165
1250000,2499.9999999547067,-516558.89182309713,299.85133680782195,400.9438428650978,165
1255000,2509.9999999544702,-517736.76602117484,302.79260356437806,399.6884028065903,165
1260000,2519.9999999542338,-517337.51684846403,300.48003345687965,401.1132645548202,165
1265000,2529.9999999539973,-517784.8712379015,300.10191632383913,399.97228954871747,165
1270000,2539.999999953761,-516056.17607273627,302.6335278042098,400.8268054081539,165
1275000,2549.9999999535244,-516483.33291460434,299.44506467298174,399.9356343947188,165
1280000,2559.999999953288,-516545.26631326973,299.3702722730397,399.3111685994329,165
1285000,2569.9999999530514,-517999.8981352593,301.70536638197785,399.0478368647024,165
1290000,2579.999999952815,-517212.86165867373,300.2114937743918,399.81913420709753,165
1295000,2589.9999999525785,-516991.09160845773,300.03931685612804,400.94095767386455,165
1300000,2599.999999952342,-517155.58215032145,300.83932760887814,400.4939212465712,165
1305000,2609.9999999521056,-516843.1757971067,301.3039986668061,397.90980664441236,165
1310000,2619.999999951869,-517293.77241928224,296.8060554841333,399.78893806499326,165
1315000,2629.9999999516326,-517810.34044583794,301.4480659945633,400.51343608007863,165
1320000,2639.999999951396,-517690.4153132159,300.82011863184385,400.96879130997024,165
1325000,2649.9999999511597,-516021.901010646,300.9260404732919,400.3168409368974,165
1330000,2659.999999950923,-517651.51059472654,299.1023910543037,398.6093268369658,165
1335000,2669.9999999506867,-517053.84022381296,303.09032000276306,400.0350474043278,165
1340000,2679.9999999504503,-516526.78759191325,300.6996424709172,398.8620027926672,165
1345000,2689.999999950214,-516898.3629498808,299.6624031223581,400.57261325541367,165
1350000,2699.9999999499773,-517598.50175890746,300.449880358178,400.7394644387116,165
1355000,2709.999999949741,-516729.3067929526,298.24484419303707,400.26688167477363,165
1360000,2719.9999999495044,-516115.70696758106,300.97540254902776,400.9260800184432,165
1365000,2729.999999949268,-516940.2934916117,304.9107225142857,399.0585517378562,165
1370000,2739.9999999490315,-517964.19451831,299.1116549581216,400.38497603770446,165
1375000,2749.999999948795,-517536.6258680802,300.6790711550861,399.08266890848046,165
1380000,2759.9999999485585,-517756.30925050564,300.3176199666593,399.3462177927078,165
1385000,2769.999999948322,-515910.8214103016,300.6369748862662,400.24718650022953,165
1390000,2779.9999999480856,-517082.47704156116,300.5001960710716,401.2360417886534,165
1395000,2789.999999947849,-516890.6628992851,302.38410627616986,400.8777410222778,165
1400000,2799.9999999476127,-517624.05687407264,301.89618463611055,400.67359014056,165
1405000,2809.999999947376,-517605.0210292521,299.73642353031534,399.1915026587221,165
1410000,2819.9999999471397,-517065.86196591705,299.6031640903457,400.3719095912348,165
1415000,2829.9999999469032,-516702.1284163287,299.9490164995496,400.5093957706198,165
1420000,2839.999999946667,-516278.10308744013,302.03042041888455,400.79552608620764,165
1425000,2849.9999999464303,-515223.38270575134,298.01047650870134,401.302123919514,165
1430000,2859.999999946194,-517590.6930227177,300.07714446338474,398.580395550087,165
1435000,2869.9999999459574,-517487.65532330424,298.6371523552105,399.89572398798504,164
1440000,2879.999999945721,-517682.3268286437,299.12623198324695,399.3170134421207,164
1445000,2889.9999999454844,-518116.4892413942,300.0927659482542,397.0199483061482,164
1450000,2899.999999945248,-516957.7174349353,300.1807276232317,401.5721320729381,164
1455000,2909.9999999450115,-517841.02951568644,301.24380599763595,399.32069135123436,164
1460000,2919.999999944775,-516704.63928206963,301.1863380060593,401.9533324108834,164
1465000,2929.9999999445386,-516068.15237990767,301.92629232351896,400.6109061766794,164
1470000,2939.999999944302,-516958.58288117545,300.37263574840176,399.4143503683042,164
1475000,2949.9999999440656,-517647.2469012821,300.6637221379759,399.0237947315508,164
1480000,2959.999999943829,-517687.2378781233,301.1328662082865,400.8720261310198,164
1485000,2969.9999999435927,-516392.9730273988,302.30465921867216,401.2854834671437,164
1490000,2979.999999943356,-516376.2010663701,300.9752663151481,399.3429884932048,164
1495000,2989.9999999431197,-517481.1430759495,299.9864581108138,399.8419745599344,164
1500000,2999.9999999428833,-516898.47271886095,300.0349346663319,399.4475772751278,164
1505000,3009.999999942647,-517231.8316018572,301.1688773638142,399.6511871074588,164
1510000,3019.9999999424103,-517524.27660826594,302.0595744691352,399.0862304924345,164
1515000,3029.999999942174,-517616.6879998869,299.7676210887611,398.85062385509684,164
1520000,3039.9999999419374,-516236.4784042989,300.5658608010755,400.5695032003104,164
1525000,3049.999999941701,-517967.66148355743,299.5684471566749,398.6993441774791,164
1530000,3059.9999999414645,-516796.4880441525,301.2534558974463,399.8482142392974,164
1535000,3069.999999941228,-518375.1972134849,301.4397103166099,398.6679352206749,164
1540000,3079.9999999409915,-517229.16284074355,299.2860797354,399.6680157539909,164
1545000,3089.999999940755,-516050.07482303306,297.4896543867004,399.751633011037,164
1550000,3099.9999999405186,-519093.242126775,299.97819325544685,399.30932850115676,164
1555000,3109.999999940282,-516919.7958934549,299.62230495044014,400.32880994678646,164
1560000,3119.9999999400457,-517328.33217607345,302.85901758072004,399.1527871679656,164
1565000,3129.999999939809,-517494.74525575247,300.0165657982222,399.87953444142255,164
1570000,3139.9999999395727,-516593.7351883198,299.2433250028284,400.7342781903953,164
1575000,3149.9999999393362,-517045.6265220102,300.19237561994396,398.9176369280331,164
1580000,3159.9999999391,-518314.72255340824,298.32086269789625,400.4030522671558,164
1585000,3169.9999999388633,-518421.05393075664,299.3116235878392,399.89904682112234,164
1590000,3179.999999938627,-515386.0224665161,297.553979483554,402.1294813581728,164
1595000,3189.9999999383904,-516758.50001817476,299.07950376251813,401.1720967839624,164
1600000,3199.999999938154,-516087.46244706167,301.10107830302877,400.65128770703217,164
1605000,3209.9999999379174,-516883.275619369,298.9595725371101,400.0978803129002,164
1610000,3219.999999937681,-517241.8439715961,301.63459288148624,398.89367542633386,164
1615000,3229.9999999374445,-517878.3050384773,301.8949812368401,399.25087625853917,164
1620000,3239.999999937208,-515792.3656353415,300.09637614606567,400.19113192384395,164
1625000,3249.9999999369716,-517084.1979977931,300.28036000056795,399.5657935875035,164
1630000,3259.999999936735,-517818.45448898803,300.25933457180463,399.2271014172906,164
1635000,3269.9999999364986,-515980.19296367187,302.6082791251765,399.4440247344895,163
1640000,3279.999999936262,-517277.4896620428,297.8199761336212,399.9556508099058,163
1645000,3289.9999999360257,-517091.7289705565,300.94631661571697,400.14727337731483,163
1650000,3299.999999935789,-517186.7122624833,300.1387675882915,399.55735535729883,163
1655000,3309.9999999355528,-516381.7991027301,299.8375317746814,399.78039049789805,163
1660000,3319.9999999353163,-517639.01328260545,301.1676512588971,397.7652088690081,163
1665000,3329.99999993508,-517376.7921172846,302.21292840635704,398.59293808408336,163
1670000,3339.9999999348433,-517647.64046565024,299.69995826185544,400.46011324878157,163
1675000,3349.999999934607,-517416.18475412717,298.79933878896463,398.5120304622562,163
1680000,3359.9999999343704,-518216.9495318085,300.9061503268592,401.13107546727196,163
1685000,3369.999999934134,-517856.58077900717,298.696913617095,398.7884523786375,163
1690000,3379.9999999338975,-517164.5365760126,301.91300952025057,399.3914538419357,163
1695000,3389.999999933661,-517066.2542369254,299.7435076920585,401.9440735299368,163
1700000,3399.9999999334245,-516569.99196919287,302.197397744074,398.4933911247446,163
1705000,3409.999999933188,-517669.95379570685,302.0260609347349,401.0510550857677,163
1710000,3419.9999999329516,-517946.6230544648,299.4791458485474,398.18477648336835,163
1715000,3429.999999932715,-517376.470513992,301.8910531599761,399.76540409091416,163
1720000,3439.9999999324787,-516278.7713505961,302.68833923513273,401.1499440428007,163
1725000,3449.999999932242,-517389.46689787693,299.0778462503154,399.6929031089638,163
1730000,3459.9999999320057,-516919.62108049635,302.11810962610264,400.6271493681972,163
1735000,3469.9999999317693,-517634.14265695866,301.62099219916524,401.07358432572926,163
1740000,3479.999999931533,-516877.6086684526,299.71592033142406,398.9276684922673,163
1745000,3489.9999999312963,-518289.3003542521,297.01810351784883,399.2910265234402,163
1750000,3499.99999993106,-518925.0783439898,302.0376408145074,400.01581224694183,163
1755000,3509.9999999308234,-516549.8418799187,298.6951425766592,401.30687178296967,163
1760000,3519.999999930587,-517029.5937550827,295.43783592490166,399.8010584336508,163
1765000,3529.9999999303504,-517828.93254265375,300.8587182310854,398.58936402767245,163
1770000,3539.999999930114,-517165.0676938989,299.34938307815605,398.56741933677773,163
1775000,3549.9999999298775,-516258.19421534473,300.98269106159046,400.29724237554956,163
1780000,3559.999999929641,-517413.37460068567,300.4603022499732,400.16610777130234,163
1785000,3569.9999999294046,-517616.59153606,299.7202116986339,399.16173748549346,163
1790000,3579.999999929168,-516532.72307806835,300.23867243338714,400.0668633516699,163
1795000,3589.9999999289316,-517345.220446093,298.0050725648075,398.88319768811505,163
1800000,3599.999999928695,-518621.76753148297,298.29198111540495,399.0547441743539,162
1805000,3609.9999999284587,-517493.32991893217,302.44202838067866,399.43981668038316,162
1810000,3619.999999928222,-516850.28578974307,300.3584220136222,400.89710473209414,162
1815000,3629.9999999279858,-517162.35547014466,299.8461372147476,399.54501413452726,162
1820000,3639.9999999277493,-516550.2102332283,298.23939483785006,400.1686651000469,162
1825000,3649.999999927513,-517211.8385791178,300.5049415512137,400.49523847977474,162
1830000,3659.9999999272763,-517717.60893289046,299.827064471593,399.65592487144477,162
1835000,3669.99999992704,-518029.7460073894,300.31773349489237,398.5036205744347,162
1840000,3679.9999999268034,-517396.74310149346,301.5434297103365,400.16759577346977,162
1845000,3689.999999926567,-516375.2028868883,299.12064639418026,400.11274547364627,162
1850000,3699.9999999263305,-517574.96313355304,300.8731136110378,399.5728250377206,162
1855000,3709.999999926094,-517302.76865037065,301.3618299487285,400.9615260953684,162
1860000,3719.9999999258575,-517710.4146180814,300.12791428921065,399.92814892816665,162
1865000,3729.999999925621,-518003.99371446855,301.27062136628547,399.3124397208594,162
1870000,3739.9999999253846,-517786.910774664,299.46486399682806,400.6150215936677,162
1875000,3749.999999925148,-517210.6638115058,302.983989459676,398.94065016147755,162
1880000,3759.9999999249117,-517120.5177445547,300.20779275399394,398.6024926963151,162
1885000,3769.999999924675,-518081.3944727387,301.87066348931796,399.6870745073467,162
1890000,3779.9999999244387,-516725.67882577144,298.4306899105616,402.40888686932936,162
1895000,3789.9999999242023,-517112.68793281866,300.12434950269244,401.3444649319729,161
1900000,3799.999999923966,-516598.9279317991,301.6057794159348,399.7700875794796,161
1905000,3809.9999999237293,-516694.9757814449,298.6213492251681,400.6796158678537,161
1910000,3819.999999923493,-516716.9986036783,302.50217563855557,400.92963569252066,161
1915000,3829.9999999232564,-516041.40181517554,299.1380843307788,399.3769862431317,161
1920000,3839.99999992302,-517748.2804773678,297.84608762722576,399.7540592958279,161
1925000,3849.9999999227834,-517528.3372727935,302.55451215399773,399.55094961249836,161
1930000,3859.999999922547,-517392.4337156806,302.1290310421233,400.70917045348466,161
1935000,3869.9999999223105,-517264.70238502696,298.4607748923234,400.5765899975974,161
1940000,3879.999999922074,-516369.1842916482,299.47592164672835,399.4530527931977,161
1945000,3889.9999999218376,-517255.16505914973,300.43702896219526,401.6848999473822,161
1950000,3899.999999921601,-516722.45243127504,302.0445887423709,397.8185190998843,161
1955000,3909.9999999213646,-516807.7320252182,299.66421957408704,401.113497333119,161
1960000,3919.999999921128,-516999.0030841166,297.8061711004807,400.7857765488564,161
1965000,3929.9999999208917,-517443.06125370786,299.5286668638096,400.331363600555,161
1970000,3939.9999999206552,-517085.5534153702,297.90941367562846,399.9655162521239,161
1975000,3949.9999999204188,-517424.53078492824,298.26523386369524,398.6846273026955,161
1980000,3959.9999999201823,-515659.7633087826,299.0892217792683,398.4607318469713,161
1985000,3969.999999919946,-517941.11946626473,299.58838271440084,399.3913314782515,161
1990000,3979.9999999197094,-517118.6057944745,300.26719072553266,400.33309533861166,161
1995000,3989.999999919473,-517619.5289978236,299.7583571849431,399.43788860540525,161
2000000,3999.9999999192364,-516953.0596437212,301.0624105868475,399.989460727376,161
2005000,4009.999999919,-516742.62756253686,300.05091944154714,401.105776072036,161
2010000,4019.9999999187635,-518161.434950741,300.73306518273097,400.2499435748321,160
2015000,4029.999999918527,-517691.2066324097,299.15293382366343,399.6556401112392,160
2020000,4039.9999999182905,-517286.522604621,300.1350665678936,401.0927948743224,160
2025000,4049.999999918054,-515093.3239801144,299.8168469306173,400.77336592906624,160
2030000,4059.9999999178176,-516337.23529343214,298.1223245239152,399.8170985815319,160
2035000,4069.999999917581,-516724.0259564868,299.399040327298,400.15926665855346,160
2040000,4079.9999999173447,-518097.66665832466,298.9149332358696,400.0031930238892,160
2045000,4089.999999917108,-516431.47006299254,302.0851637328677,401.083507750003,160
2050000,4099.999999917781,-516907.3270816556,299.2603088264947,400.7070970818449,160
2055000,4109.999999919818,-516859.16087055206,302.14145103082046,400.26037423336027,160
2060000,4119.999999921855,-517530.9988756664,299.72765915072284,400.0386118354623,160
2065000,4129.999999923893,-517309.0549841146,299.3709761480847,399.3001003477069,160
2070000,4139.99999992593,-516997.89342711493,298.16464784920123,399.22689672678644,160
2075000,4149.999999927967,-517720.68866688525,299.81328214409916,401.0560335451617,160
2080000,4159.999999930004,-517088.43435099255,300.77967987522675,400.6816354746415,160
2085000,4169.999999932042,-516766.8791698157,300.4241775662125,399.6650178465893,160
2090000,4179.999999934079,-516502.0293626934,300.9622105683458,400.67445420207326,160
2095000,4189.999999936116,-516804.56939141545,302.1062572785708,400.0910646731406,160
2100000,4199.999999938153,-516847.77977514826,300.60559568264756,399.82357422718223,160
2105000,4209.999999940191,-518221.9512735163,300.5669506721128,398.9764126549545,160
2110000,4219.999999942228,-517979.14465074707,298.55827293887813,399.5717287482295,160
2115000,4229.999999944265,-515911.55219791457,298.97058477571727,399.2479443392271,160
2120000,4239.9999999463025,-516844.36075268313,299.52008412938994,399.2966093388338,160
2125000,4249.99999994834,-515696.49337203335,301.3654628521865,399.51087943683086,160
2130000,4259.999999950377,-516583.0530467769,302.92813356900893,399.53077017167874,160
2135000,4269.999999952414,-516539.8328825198,298.60030109075814,401.77612313386294,160
2140000,4279.999999954452,-517249.5968729113,301.0537143241948,399.7008313540639,160
2145000,4289.999999956489,-517383.2372068707,300.43618885327055,398.81172844227325,160
2150000,4299.999999958526,-517281.38878763514,298.94113555206064,400.67108694578803,160
2155000,4309.999999960563,-515956.89190198947,300.39792983872826,401.8625168945689,160
2160000,4319.999999962601,-515777.0725791645,298.4056001710547,400.6117061886344,160
2165000,4329.999999964638,-518118.51974052517,300.2522277044149,401.0746878648394,160
2170000,4339.999999966675,-515639.8501723702,299.6003712958123,401.27787266646953,160
2175000,4349.9999999687125,-516207.4170435206,298.4628411061652,399.70308081989475,160
2180000,4359.99999997075,-516624.5247174185,300.60196277918953,399.62865801165015,160
2185000,4369.999999972787,-517435.94395578606,300.84931809338775,398.8087170244394,160
2190000,4379.999999974824,-516188.44771460304,302.3239590182929,401.47205338504875,160
2195000,4389.999999976862,-516563.5505591398,300.9687725002169,399.85016410622757,160
2200000,4399.999999978899,-517062.82502056006,299.2442332286929,400.2732159944571,160
2205000,4409.999999980936,-516911.926050561,300.52546745575154,399.4238938787949,160
2210000,4419.999999982973,-515136.87637488963,301.2388561666744,400.6868673787243,160
2215000,4429.999999985011,-517336.46876244247,300.9490639989571,400.1353282211609,160
2220000,4439.999999987048,-516144.469470236,299.0832501942092,401.57521419383846,160
2225000,4449.999999989085,-516642.2180581535,299.84452511383813,400.46158806855726,160
2230000,4459.999999991122,-517650.85999140516,300.1918988013651,399.69589464375457,160
2235000,4469.99999999316,-517977.7681222134,299.30812691826094,400.25033928781926,160
2240000,4479.999999995197,-518075.46037866734,300.68572390954364,399.1467738464515,160
2245000,4489.999999997234,-517486.1782325348,301.07260542217654,398.7926419210891,160
2250000,4499.9999999992715,-517612.94084311137,298.8639363535776,399.0314878873492,160
2255000,4510.000000001309,-519013.8282773737,300.5543490382428,399.3841225739096,160
2260000,4520.000000003346,-517173.52402028115,299.55643586961685,400.1684810469785,160
2265000,4530.000000005383,-516406.71617151704,300.3398033833999,399.1287219779234,160
2270000,4540.000000007421,-517092.5197874177,301.12755308697916,400.1727173532182,160
2275000,4550.000000009458,-517064.6019265568,303.3931679172826,401.5730153331556,160
2280000,4560.000000011495,-517139.1540708891,300.3809914263552,400.59218987597194,160
2285000,4570.000000013532,-517231.8836324611,299.3229991167922,398.44782598309934,160
2290000,4580.00000001557,-515992.1342241643,297.84767702248865,400.0234565023934,160
2295000,4590.000000017607,-517157.8405254106,302.8449173741736,399.14965404856525,160
2300000,4600.000000019644,-517422.00390431145,302.90808448304995,398.85014021255483,160
2305000,4610.000000021681,-517799.0337223746,300.66369943232934,398.37560901033135,160
2310000,4620.000000023719,-517681.7331671547,301.52932950379,399.5170666425686,160
2315000,4630.000000025756,-516764.303177394,299.8011346231614,400.8360312506053,160
2320000,4640.000000027793,-516907.0596811613,301.4954753846905,398.92713596486624,159
2325000,4650.0000000298305,-517280.8218512712,302.8471879388348,400.06754119122354,159
2330000,4660.000000031868,-516544.64464154653,299.2645547824112,400.42035963313646,159
2335000,4670.000000033905,-516967.1334526818,300.1858590993661,398.77486981557126,159
2340000,4680.000000035942,-517459.37677367264,295.81211580366454,400.22417922449876,159
2345000,4690.00000003798,-516671.8222681531,300.64051696713784,401.28160440240583,159
2350000,4700.000000040017,-516586.0490233945,301.9346934127656,400.04568055687406,159
2355000,4710.000000042054,-517114.67227996467,298.63569919382724,400.3699858156377,159
2360000,4720.000000044091,-516494.2214112333,299.60482160254844,400.3545658404808,159
2365000,4730.000000046129,-516540.6427029935,301.3879187366864,401.15187161059515,159
2370000,4740.000000048166,-516627.98275448615,300.7880582588268,399.4199891854733,159
2375000,4750.000000050203,-518397.78613437014,299.38848220162305,398.9779539194966,159
2380000,4760.0000000522405,-518243.71738917707,301.2419895459069,399.978922350538,159
2385000,4770.000000054278,-516650.88539469056,300.9005647377925,402.50076764994446,159
2390000,4780.000000056315,-518830.96912925877,303.3504358903576,397.9365445379685,160
2395000,4790.000000058352,-517056.4769565137,302.05437487606093,400.93891139178515,160
2400000,4800.0000000603895,-516664.96020380687,299.5926059646708,400.675128846219,160
2405000,4810.000000062427,-517483.786491557,298.9456766813832,401.27719990225427,160
2410000,4820.000000064464,-517220.15192792285,297.7928428859191,400.35025374776467,160
2415000,4830.000000066501,-516782.50543236453,298.7933444982589,399.72781150569676,160
2420000,4840.000000068539,-517684.53633659054,301.0143427329685,399.8948652409311,160
2425000,4850.000000070576,-517202.5861037662,303.0191150949858,399.5085191104998,160
2430000,4860.000000072613,-516921.4689705325,300.32145722093685,399.3090103474849,160
2435000,4870.00000007465,-517054.7326969411,303.08028410696033,397.3918174772063,160
2440000,4880.000000076688,-517572.51075541414,299.24175831321213,399.1054316743983,160
2445000,4890.000000078725,-516891.69064018317,298.6228932091377,398.5660482457777,160
2450000,4900.000000080762,-517605.2673491896,300.808856631124,399.2298300787892,160
2455000,4910.0000000827995,-516222.63114832994,299.45380634692765,399.80046033240797,160
2460000,4920.000000084837,-516032.68805683777,298.9343919750167,400.21289896528805,160
2465000,4930.000000086874,-518625.6371344896,301.3174631152474,400.05318575964117,160
2470000,4940.000000088911,-517153.4783489108,299.00761768534244,398.49559958242924,160
2475000,4950.000000090949,-517243.6596504175,298.7519066931908,398.2288241313664,160
2480000,4960.000000092986,-517434.58623721637,300.08788423423255,400.57336243118755,160
2485000,4970.000000095023,-516637.4911013269,302.91444206410154,401.0555155398787,160
2490000,4980.00000009706,-514895.6815817896,299.4209058649859,400.5790112710378,160
2495000,4990.000000099098,-517484.2406104547,299.43334855932966,400.2025885567942,160
2500000,5000.000000101135,-517707.2725098971,300.8999289796874,399.32892028979325,160
2505000,5010.000000103172,-516566.6814756775,299.30960278529074,400.31639425234783,160
2510000,5020.000000105209,-517105.87335947854,298.51111331086366,399.32401548032783,160
2515000,5030.000000107247,-516632.9753828966,299.78351504138993,400.33135405609846,160
2520000,5040.000000109284,-517047.2521615238,298.6565883887109,399.7235405531532,160
2525000,5050.000000111321,-517616.7158863186,299.34316173098426,401.1713881448622,160
2530000,5060.0000001133585,-515849.1196999382,299.2117868596834,402.95169708551,160
2535000,5070.000000115396,-517367.615164069,299.5446516390249,399.4829432183767,160
2540000,5080.000000117433,-517762.4020499396,299.94204586603945,399.40978308029827,160
2545000,5090.00000011947,-518017.4505607658,297.9588438683042,399.80114638948663,160
2550000,5100.000000121508,-516819.2082699635,299.2478207208577,399.34474413282663,160
2555000,5110.000000123545,-516188.9293735954,302.0566681463688,402.2244589946592,159
2560000,5120.000000125582,-517835.6259916378,300.32722445517646,399.87508971783313,159
2565000,5130.000000127619,-517413.79264814034,299.4778743323371,399.29879777067015,159
2570000,5140.000000129657,-517648.2917084363,302.6629543222198,401.3742101878072,160
2575000,5150.000000131694,-517214.1711059706,298.3322155212026,400.5858302038776,159
2580000,5160.000000133731,-517237.1383370175,300.94427310752184,400.7470474857137,159
2585000,5170.0000001357685,-516969.3291637935,301.3709576186668,400.0497470290593,159
2590000,5180.000000137806,-518130.15073732287,299.8242943827062,400.75199181340076,159
2595000,5190.000000139843,-517051.8845032272,298.7410079828167,400.05635327478836,159
2600000,5200.00000014188,-517756.96201062435,296.5912146558844,399.22186105455324,159
2605000,5210.0000001439175,-517650.1097816806,300.31568998669724,399.9278912278735,159
2610000,5220.000000145955,-517179.21809651004,298.80808046291054,400.6580373856641,159
2615000,5230.000000147992,-516953.0179120484,299.630637922747,399.59202760722894,159
2620000,5240.000000150029,-517269.2139501227,300.671101473125,401.9290341913078,159
2625000,5250.000000152067,-517537.2716848478,299.3164598905678,400.82990094720094,159
2630000,5260.000000154104,-517021.5936265816,301.5133674342213,400.1294833272862,159
2635000,5270.000000156141,-518054.68233511364,299.5220822262919,401.2244985187377,159
2640000,5280.000000158178,-518035.98368105805,304.6579632561936,399.8884388829278,159
2645000,5290.000000160216,-516471.3797817668,303.43340232308026,401.2095917234222,159
2650000,5300.000000162253,-516901.2924005799,298.97335486460395,399.47132391409906,159
2655000,5310.00000016429,-517227.31116948,300.04953439710374,399.2694660793965,159
2660000,5320.0000001663275,-517389.1163626206,300.64789630228694,399.5816101324382,159
2665000,5330.000000168365,-516031.0829739049,301.0239018101924,401.1017996430643,159
2670000,5340.000000170402,-516896.3192844922,303.0018588035602,400.74882757448415,159
2675000,5350.000000172439,-517535.25601786654,303.2903567494205,400.89661226379036,159
2680000,5360.000000174477,-516793.02648914745,300.3192320675688,400.41098972801257,159
2685000,5370.000000176514,-518057.9265021458,300.0067342532389,399.308382891474,159
2690000,5380.000000178551,-516810.51163400616,298.6927357781182,400.77278355898886,159
2695000,5390.000000180588,-516332.78763947217,300.3498846904959,400.6284712146664,159
2700000,5400.000000182626,-517413.3083247822,300.6077073077825,399.9695582886097,159
2705000,5410.000000184663,-517880.6733214306,301.4111012018779,401.0655321118344,159
2710000,5420.0000001867,-516278.32410959946,301.46741120547733,400.1046296520501,159
2715000,5430.000000188737,-517601.09622944565,301.0612525988702,399.4071620502243,159
2720000,5440.000000190775,-517327.36997732567,298.6747983172943,400.3165304174404,159
2725000,5450.000000192812,-517813.2122103479,298.5451036638428,398.5519059445069,159
2730000,5460.000000194849,-516786.89382437663,300.91956936400726,399.66014151018004,159
2735000,5470.0000001968865,-516454.3954026662,300.17262170739093,400.3360921292454,159
2740000,5480.000000198924,-518294.39040006,298.8208864476,399.7651304600687,159
2745000,5490.000000200961,-516857.483311567,300.107842497605,400.7846905009555,159
2750000,5500.000000202998,-516889.9679861991,300.49406554648624,400.8633891915875,159
2755000,5510.000000205036,-517423.93460093625,297.6593336838367,398.73682278291926,159
2760000,5520.000000207073,-516737.8336058124,301.7063200191356,399.6492297929042,159
2765000,5530.00000020911,-517027.9633394936,298.5484186882482,397.7570878050366,159
2770000,5540.000000211147,-518672.21387099614,299.5461048004081,400.2701165217816,159
2775000,5550.000000213185,-516448.1996501838,304.1097354187312,400.0302951236201,159
2780000,5560.000000215222,-515047.7819628585,301.3432113185061,399.7268127952918,159
2785000,5570.000000217259,-516202.7430473468,303.5279486355753,399.7281852637444,159
2790000,5580.000000219296,-517374.2005396532,303.6279897145506,400.1102887995091,159
2795000,5590.000000221334,-517460.4538504146,298.6744123213018,399.8773588996641,159
2800000,5600.000000223371,-518106.4272730611,300.33680623804696,399.87613387587385,159
2805000,5610.000000225408,-517682.5374365938,300.43807342193946,399.93543485296544,159
2810000,5620.0000002274455,-517173.4597739079,300.03604724301584,400.3615433938183,159
2815000,5630.000000229483,-516158.5409946204,303.56309697653165,399.1400283399098,159
2820000,5640.00000023152,-517369.7096753856,299.77883767818776,399.26862219258965,159
2825000,5650.000000233557,-516351.76014966797,300.8144876314839,400.6858893320351,159
2830000,5660.000000235595,-517292.965192331,297.97455617576014,400.3076561376387,159
2835000,5670.000000237632,-516791.2744418122,300.2607877331879,400.3500504784791,159
2840000,5680.000000239669,-516147.52876977203,301.6990088009263,399.52281598951225,159
2845000,5690.000000241706,-517415.3499922459,300.1205122484149,398.76797243431673,159
2850000,5700.000000243744,-516754.7892454355,298.7775413682165,400.63635962092474,159
2855000,5710.000000245781,-516902.67990087764,298.49095069667163,399.0863733299015,159
2860000,5720.000000247818,-517510.08456122223,298.8314899845682,399.2625214621764,159
2865000,5730.0000002498555,-518331.27452051593,299.5760762539368,398.8300095191839,159
2870000,5740.000000251893,-516380.4680653685,299.32760836305454,399.6726754824589,159
2875000,5750.00000025393,-517766.14080246584,299.45732572215263,399.71825006214215,159
2880000,5760.000000255967,-516131.69978894107,297.9953091367641,401.4312767667774,159
2885000,5770.000000258005,-518370.7719713934,300.14201449575705,398.98052254599196,159
2890000,5780.000000260042,-518114.4112645532,300.62618970412524,399.9462037334556,159
2895000,5790.000000262079,-518839.0670410427,301.58793277769723,398.0442542611923,159
2900000,5800.000000264116,-515856.0464737979,298.768073113579,400.5379226265269,159
2905000,5810.000000266154,-517333.23470193986,299.0163139479951,399.5185182525442,159
2910000,5820.000000268191,-516890.1863719369,300.46711394395703,401.41943553202253,159
2915000,5830.000000270228,-516285.2790752724,301.55637192890566,400.00554911752346,159
2920000,5840.000000272265,-517404.5997279845,302.32305079242843,398.6704059171612,159
2925000,5850.000000274303,-517456.08826648537,299.59614804554235,401.04043731078747,159
2930000,5860.00000027634,-517856.1562084621,299.90944055750373,399.6600466065025,159
2935000,5870.000000278377,-516986.76815310447,300.5223567821656,398.7122051925221,159
2940000,5880.0000002804145,-516988.519736717,297.294476648418,400.3490465937273,159
2945000,5890.000000282452,-517565.14851631736,301.45964587433576,400.03536957248025,159
2950000,5900.000000284489,-517359.17767315824,297.6626260025955,399.60573089789483,159
2955000,5910.000000286526,-517156.99365903856,301.11243112633514,400.20326993055335,159
2960000,5920.000000288564,-517923.05951800616,303.03641679770465,397.7752340121228,159
2965000,5930.000000290601,-515358.8997662687,300.68529250225794,400.97410819070075,159
2970000,5940.000000292638,-518022.0932690804,301.44020984083534,398.4269665857057,159
2975000,5950.000000294675,-517537.8799213348,296.86972211723514,398.8991132892699,159
2980000,5960.000000296713,-517482.42443930265,301.1157007394474,399.56608930060855,159
2985000,5970.00000029875,-517822.29505570605,301.207340729176,399.7450109277168,159
2990000,5980.000000300787,-517437.2313804482,300.82942794695504,400.3148426296818,159
2995000,5990.000000302824,-517667.2484038919,300.13309117663835,399.75111085389034,159
3000000,6000.000000304862,-516710.1625214736,301.58273318462295,399.7806496362708,159
3005000,6010.000000306899,-516299.86234036926,302.73720178664314,400.7056821146344,159
3010000,6020.000000308936,-516279.3732184777,301.70032572842985,400.9877354092943,159
3015000,6030.0000003109735,-516356.1777014509,301.39829521718843,401.1732269566201,159
3020000,6040.000000313011,-516667.6398332799,301.1414035314129,400.8107085115235,159
3025000,6050.000000315048,-517544.44791219337,302.86380847215526,400.40406350053917,159
3030000,6060.000000317085,-517161.5724916146,298.6139925956656,399.3223590646577,159
3035000,6070.000000319123,-516703.7246752428,300.82940524130845,400.3255852666229,159
3040000,6080.00000032116,-516038.24871916184,300.94302429695813,399.7022955934338,159
3045000,6090.000000323197,-516968.5661760215,302.9149869996202,399.64893005659013,159
3050000,6100.000000325234,-518116.1328184502,298.9029900657514,398.9311757294149,159
3055000,6110.000000327272,-517487.12142068055,301.20690932189035,398.9752700644108,159
3060000,6120.000000329309,-516718.5914487252,300.94969975706226,400.51525092226575,159
3065000,6130.000000331346,-516360.74669234175,300.3031791754137,399.8029252611225,159
3070000,6140.0000003333835,-516888.38089594804,299.2880324210087,401.0059847766559,159
3075000,6150.000000335421,-518068.4338450795,301.5837549387205,399.98092434823917,159
3080000,6160.000000337458,-516814.45256430656,301.4350783647009,398.6638492493888,159
3085000,6170.000000339495,-516310.2063869592,302.2679668937461,400.86869732805644,159
3090000,6180.0000003415325,-517153.7125867852,298.7283836433001,401.9650184589958,159
3095000,6190.00000034357,-517720.54723827634,301.83869393888733,399.1758220869296,159
3100000,6200.000000345607,-516806.25312520657,301.2792722176449,401.01311416429746,159
3105000,6210.000000347644,-517726.9066633382,298.9805525545802,398.77601147929164,159
3110000,6220.000000349682,-517429.5168330306,298.8082621080834,400.27064284091654,159
3115000,6230.000000351719,-517723.4978853436,298.3285826177446,399.48796653737855,159
3120000,6240.000000353756,-516678.01120814495,301.97742543969065,399.6316989014459,159
3125000,6250.000000355793,-517099.4614711986,299.7737289076999,400.2740927069225,159
3130000,6260.000000357831,-516396.23178077955,300.5427237471771,400.71936224400326,159
3135000,6270.000000359868,-515957.1883108062,300.55559784880654,400.5937206752941,159
3140000,6280.000000361905,-517146.87293299334,301.12090033252167,398.9522898903559,159
3145000,6290.0000003639425,-517381.4414011673,301.1895395022317,400.59243811466985,159
3150000,6300.00000036598,-516665.7336702831,302.6237643761663,398.80834701076105,159
3155000,6310.000000368017,-518535.6320590996,300.6251225387344,399.1673656535581,159
3160000,6320.000000370054,-516183.5261729411,297.5723029403704,399.647392746573,159
3165000,6330.000000372092,-518090.77330089174,299.0933087956586,400.17193559563583,159
3170000,6340.000000374129,-517059.7881711526,299.04081334069014,400.3684938751265,159
3175000,6350.000000376166,-517378.5158108664,299.57616707652323,401.66278545746223,158
3180000,6360.000000378203,-517044.67372210836,297.7742469613433,399.7603749496055,158
3185000,6370.000000380241,-518503.6776290387,301.4803761296931,398.77941352400956,158
3190000,6380.000000382278,-517573.7041712068,300.4120073396281,400.11284108862515,158
3195000,6390.000000384315,-517012.3224178036,299.15293382366343,400.8523273468404,158
3200000,6400.000000386352,-517228.0905324267,301.2256187746992,400.3232599624552,158
3205000,6410.00000038839,-516303.2653136207,303.49030267349156,400.196541246373,158
3210000,6420.000000390427,-518045.6623605578,297.4501011503011,398.8553761829766,158
3215000,6430.000000392464,-515559.49392089015,299.8187087936396,400.94881304769837,158
3220000,6440.0000003945015,-518387.4682462909,300.2658283867359,399.69744767351125,158
3225000,6450.000000396539,-516939.7725251219,303.8004845118669,400.5469502918671,158
3230000,6460.000000398576,-516962.1572650927,297.94787704099025,400.62392261277665,158
3235000,6470.000000400613,-517592.3827878437,299.68622134565476,399.419761825366,158
3240000,6480.000000402651,-517941.7886897777,301.86989149733313,399.2696077758359,158
3245000,6490.000000404688,-517644.607728594,302.9357399606242,400.09731075679395,158
3250000,6500.000000406725,-517057.6460118517,300.19850614452935,399.56206689727776,158
3255000,6510.000000408762,-516507.12281723786,302.75604747333165,400.58491325046066,158
3260000,6520.0000004108,-518294.20960266795,300.84486778665166,398.7718219691784,158
3265000,6530.000000412837,-515178.04653360555,298.94204377792516,399.23735208909403,158
3270000,6540.000000414874,-516270.1546581746,298.02932219538985,398.92529615218865,158
3275000,6550.0000004169115,-517479.79694464337,301.4900714407968,400.8416896281791,158
3280000,6560.000000418949,-517288.975388797,296.2094192080927,399.62594390394565,158
3285000,6570.000000420986,-517678.05307543324,299.1893990921233,401.61436925695085,158
3290000,6580.000000423023,-518039.9544751439,302.4590349099916,399.74232896131923,158
3295000,6590.0000004250605,-516391.0171910799,302.1246488523271,401.30722028560245,158
3300000,6600.000000427098,-517006.5499477852,298.2014309967137,400.30419184852894,158
3305000,6610.000000429135,-518713.7340980065,299.74146418386334,399.34384737499124,158
3310000,6620.000000431172,-517140.8204772179,304.2388397253707,399.000004659599,158
3315000,6630.00000043321,-517368.8481245544,303.1936534004972,400.9655386087165,158
3320000,6640.000000435247,-517035.9219855005,302.35075168129583,400.63664996097276,158
3325000,6650.000000437284,-518238.7644979111,301.26646623295534,401.23290317496,158
3330000,6660.000000439321,-517035.5506738671,301.1833635663531,399.3518898389946,158
3335000,6670.000000441359,-517692.28171577025,301.7517994293008,400.0866785391627,158
3340000,6680.000000443396,-518663.5646170955,297.61519390682173,399.80410247776774,158
3345000,6690.000000445433,-517282.48255972145,301.3592869163079,399.871028261708,158
3350000,6700.0000004474705,-517897.2488173838,299.0681509392118,399.8084766700661,158
3355000,6710.000000449508,-517161.0748455366,301.6293705827653,399.6947785884167,158
3360000,6720.000000451545,-517338.06119190855,302.3702785373827,400.92709973878283,158
3365000,6730.000000453582,-517997.66886340966,301.9945454972366,401.71137028700826,158
3370000,6740.00000045562,-516557.8799808915,298.8930222868884,399.29748675180866,158
3375000,6750.000000457657,-517149.2812537332,298.38421145194553,401.4049395079838,158
3380000,6760.000000459694,-517073.6272591837,301.16202025853715,400.9128503590994,158
3385000,6770.000000461731,-518031.12922220584,301.6113650050015,399.7522316019838,158
3390000,6780.000000463769,-517990.53228682186,301.7911710205271,400.22177020797864,158
3395000,6790.000000465806,-517500.3797880658,299.6125869336899,400.9559452777918,158
3400000,6800.000000467843,-517745.2518398124,303.69124764601344,398.4246994629734,158
3405000,6810.00000046988,-516682.1561841364,299.73808104251805,399.75563079346364,158
3410000,6820.000000471918,-516750.90122127207,298.1619004659611,399.24413551144136,158
3415000,6830.000000473955,-517995.3817993128,301.8326542368884,399.4327030144976,158
3420000,6840.000000475992,-518165.8794798525,301.84337130208957,399.05910003551435,158
3425000,6850.0000004780295,-518547.220567035,300.8549490937477,398.21770797549755,158
3430000,6860.000000480067,-517978.5655336692,301.13752086584213,400.3296329361669,158
3435000,6870.000000482104,-517027.7377605238,298.3950647510264,400.3818612481073,158
3440000,6880.000000484141,-517041.567471738,300.6221708046748,398.9970998695677,158
3445000,6890.000000486179,-516190.4582585837,297.17277438257423,402.2902774473103,158
3450000,6900.000000488216,-517497.9495979431,299.3939315568101,399.8514725561111,158
3455000,6910.000000490253,-517201.8957766602,300.1345897493147,399.77857937382635,158
3460000,6920.00000049229,-518320.22947485745,300.0371371140533,400.59369940469804,158
3465000,6930.000000494328,-516899.22993158596,302.8609021493889,399.85829617833093,158
3470000,6940.000000496365,-516185.46973707806,298.91411583259156,401.3120788391506,158
3475000,6950.000000498402,-516689.9788539768,300.99865313115913,399.7031791978467,158
3480000,6960.0000005004395,-517269.8920895178,301.30315855788143,399.6252891058061,158
3485000,6970.000000502477,-516124.88824083004,303.80261884264854,400.6132125219566,158
3490000,6980.000000504514,-516991.39557302184,299.4599595771597,399.63287027893455,158
3495000,6990.000000506551,-516970.0629970939,300.84289239539635,400.61363934973616,158
3500000,7000.0000005085885,-516061.6624316545,298.65949471147735,400.52550729783223,158
3505000,7010.000000510626,-515357.96474432945,298.7961599984389,401.44795690441447,158
3510000,7020.000000512663,-517543.77171517024,300.83569470542017,400.4164272433852,158
3515000,7030.0000005147,-516907.8202039604,300.2551567328279,398.67043815748775,158
3520000,7040.000000516738,-517964.7784991143,300.20154870117545,399.87199852600133,158
3525000,7050.000000518775,-517919.1701465314,299.8400066901622,399.91675882083354,158
3530000,7060.000000520812,-516817.73486707546,301.1414035314129,400.22268626555444,158
3535000,7070.000000522849,-517241.78310789727,302.59020543047285,400.8960880374403,158
3540000,7080.000000524887,-517821.82878115075,300.05307647797537,399.09131072725364,158
3545000,7090.000000526924,-517225.4273552038,301.6080045693028,399.0314617286782,158
3550000,7100.000000528961,-516603.2916810671,302.30134419426673,399.6184395364066,158
3555000,7110.0000005309985,-516333.02876056824,298.53874608279125,400.35698048399723,158
3560000,7120.000000533036,-516623.7559744818,300.9108049844148,400.5859833920554,158
3565000,7130.000000535073,-517262.1969728451,300.26601003190876,399.91906435512027,158
3570000,7140.00000053711,-516289.943981817,301.6565719474073,402.208522209129,158
3575000,7150.000000539148,-518558.8860193356,298.3899332748919,397.6959990470328,158
3580000,7160.000000541185,-516739.1946341782,300.05666397014016,400.58693675450724,158
3585000,7170.000000543222,-516986.7867799448,298.8400046020479,400.0530131174853,158
3590000,7180.000000545259,-516721.23141869763,302.2152670879581,400.7488240133367,158
3595000,7190.000000547297,-517033.91203173064,301.3138075061427,399.4918515827323,158
3600000,7200.000000549334,-517299.63655476365,301.2944168839355,398.2428829466054,158
3605000,7210.000000551371,-518440.7532723434,298.87583411240263,398.07676893407614,158
3610000,7220.000000553408,-518077.4004761451,300.3860093742566,398.01062057870257,158
3615000,7230.000000555446,-516531.3507220242,301.2316357710516,399.1168052106266,158
3620000,7240.000000557483,-517277.45429088175,298.02814150176596,398.56605124988914,158
3625000,7250.00000055952,-516755.0146859661,300.6208765828179,400.84071338395427,158
3630000,7260.0000005615575,-516275.46783972764,299.4700862955489,399.94872403954804,158
3635000,7270.000000563595,-517200.5307842712,299.3510405903588,399.6160940400143,158
3640000,7280.000000565632,-516252.33925346425,299.4296475389318,400.0644955702965,158
3645000,7290.000000567669,-517192.13551613083,300.4031294318026,399.00158743409946,158
3650000,7300.000000569707,-518742.42783459416,297.94497071822383,398.0777706142386,158
3655000,7310.000000571744,-516411.3036333169,301.6273043689236,400.39563856723714,158
3660000,7320.000000573781,-517219.002456489,300.4675226455961,400.41415103084626,158
3665000,7330.000000575818,-517411.53861426935,301.7066378981882,400.96370728568064,158
3670000,7340.000000577856,-516853.43631587597,299.70277376203535,399.80039181035676,158
3675000,7350.000000579893,-516667.3386761043,300.3257712937933,399.2488682485817,158
3680000,7360.00000058193,-518372.740665141,300.254157684377,398.8062438883044,158
3685000,7370.000000583967,-516290.90345865954,300.4912954575995,401.003866618149,158
3690000,7380.000000586005,-515947.33102473523,300.71912391571084,400.3126015821014,158
3695000,7390.000000588042,-516614.76190361846,297.8138001977426,400.8733431870822,158
3700000,7400.000000590079,-516858.42851331504,299.61354057084765,400.01042958492366,158
3705000,7410.0000005921165,-517143.52563834935,301.44765729292425,400.41894168404457,158
3710000,7420.000000594154,-516204.35819235677,301.333311656583,400.89203934475125,158
3715000,7430.000000596191,-518584.08022673894,300.8016589411478,399.0191674380858,158
3720000,7440.000000598228,-516103.34594884515,300.4068304522004,399.01248890506173,158
3725000,7450.000000600266,-516090.3085716241,299.073940879098,399.53833518322614,158
3730000,7460.000000602303,-517333.44236029265,303.3107237144321,399.151838372987,158
3735000,7470.00000060434,-517157.0697993897,299.6242576360488,399.66345703309463,158
3740000,7480.000000606377,-516944.06264552334,298.9647494245378,399.0680493433589,158
3745000,7490.000000608415,-517646.882267918,299.33351183117384,400.71990855125756,158
3750000,7500.000000610452,-517222.7479723608,300.95900907217344,399.62773697776015,158
3755000,7510.000000612489,-517228.49707061844,301.2534786030929,402.4535338794964,158
3760000,7520.0000006145265,-517379.77261827234,301.58418634600616,400.4465023803799,158
3765000,7530.000000616564,-517190.66438679164,299.955555725774,399.51991062021136,158
3770000,7540.000000618601,-516939.11600884143,298.89234111749005,401.27531458400716,158
3775000,7550.000000620638,-516784.27819383005,299.6309103905063,399.94177677318385,158
3780000,7560.0000006226755,-517046.52373267245,297.1268635651235,399.13970548809584,158
3785000,7570.000000624713,-517779.4203405115,301.5709262483844,399.4258204699133,158
3790000,7580.00000062675,-516808.2784117963,299.6153797282233,399.7602073969197,158
3795000,7590.000000628787,-518207.515779261,304.57640457356104,402.01286696310274,158
3800000,7600.000000630825,-516755.3754917658,300.80862957465786,401.47457737892717,158
3805000,7610.000000632862,-516620.5886990805,300.43205642558706,399.8664703396522,158
3810000,7620.000000634899,-516294.52180172876,298.43325564862886,399.6605526034195,158
3815000,7630.000000636936,-517243.9740589862,303.5469532617901,399.9347232737303,158
3820000,7640.000000638974,-516634.2882882934,300.82738443875996,400.6868954759325,158
3825000,7650.000000641011,-517407.58781941095,299.90340085550474,400.68007413441296,158
3830000,7660.000000643048,-516226.4427157459,299.9485850922639,401.6035396819379,158
3835000,7670.0000006450855,-516755.1531442655,301.50996158722944,398.395777044954,158
3840000,7680.000000647123,-516866.4447731562,300.48384800551054,397.9444081030423,158
3845000,7690.00000064916,-516578.36849864665,300.51624896322676,399.8822954739118,158
3850000,7700.000000651197,-517338.5358378785,299.8237721528342,399.96886443431305,158
3855000,7710.000000653235,-515562.7446789979,300.0112072656216,401.59549290507823,158
3860000,7720.000000655272,-517427.2193154674,301.5799630957362,400.0299968590472,158
3865000,7730.000000657309,-517043.3670818028,299.91686530394605,399.4225559852507,158
3870000,7740.000000659346,-516756.7782106013,296.55813252876976,399.8553070245994,158
3875000,7750.000000661384,-515949.0028223838,297.1797223104377,400.31596673819865,158
3880000,7760.000000663421,-516736.7494549998,301.6403147044326,400.177300930796,158
3885000,7770.000000665458,-516790.7725299895,301.1874051714501,399.93756407818825,158
3890000,7780.000000667495,-516798.776178502,303.43328879484716,399.6844460909353,158
3895000,7790.000000669533,-515709.1285158028,299.551327099129,401.6437346360371,158
3900000,7800.00000067157,-517363.21563518606,297.09362249848255,399.6267778327233,158
3905000,7810.000000673607,-517037.41583974706,298.7597401412722,401.8576563600618,158
3910000,7820.0000006756445,-517782.83084157156,302.5623001907859,400.9884917733788,158
3915000,7830.000000677682,-516055.6201424422,300.8184157083479,399.90019032099343,158
3920000,7840.000000679719,-515478.8216653913,303.2628148000794,400.27453440034185,158
3925000,7850.000000681756,-517454.5352825043,300.0602287566583,399.4164012400928,158
3930000,7860.000000683794,-517446.1676190756,304.26515556979484,399.464612938685,158
3935000,7870.000000685831,-517162.9075157526,302.05017433143763,399.8493939575829,158
3940000,7880.000000687868,-517387.56744345464,299.8094448898216,398.81281559010887,158
3945000,7890.000000689905,-518393.80227259174,299.33444276268494,399.9087674018114,158
3950000,7900.000000691943,-516114.7741825967,301.5048755223882,400.2095196784095,158
3955000,7910.00000069398,-516990.34248156147,301.20902094702535,399.66662939051776,158
3960000,7920.000000696017,-517835.49972375436,302.2830434430969,400.9297552750542,158
3965000,7930.0000006980545,-515974.6153982049,302.47626849577057,398.8151589701488,158
3970000,7940.000000700092,-517090.2022248567,300.194600773312,400.98312173064505,158
3975000,7950.000000702129,-517314.9510976658,301.7877878791818,400.43688639938694,158
3980000,7960.000000704166,-518578.51026556874,300.06102345428974,399.5056877393536,157
3985000,7970.0000007062035,-516375.64053237066,298.10095851045276,400.0144613272755,157
3990000,7980.000000708241,-517001.00022801105,301.57106248226404,399.1041509290368,157
3995000,7990.000000710278,-516079.1020185533,298.10157156291126,399.90361544281194,157
4000000,8000.000000712315,-516818.5614430355,300.9605303504965,401.2123963640294,157
4005000,8010.000000714353,-516268.72756706364,298.3030841765986,401.1598850162112,157
4010000,8020.00000071639,-517525.73303509504,302.2241449957837,400.36799891932463,157
4015000,8030.000000718427,-517137.3512484981,303.3068410488613,399.78660737160976,157
4020000,8040.000000720464,-515802.90953242127,300.4290365745876,399.91130103174356,157
4025000,8050.000000722502,-517575.74679673696,302.9563112764552,397.8191498038317,157
4030000,8060.000000724539,-517392.282960908,300.5353898233212,399.4821326772112,157
4035000,8070.000000726576,-518100.8564490462,299.96177707294584,399.8410691353064,157
4040000,8080.0000007286135,-517761.8942125151,300.8299728824738,400.31613675074846,157
4045000,8090.000000730651,-517337.31431054045,300.2042506731223,399.5932095550103,157
4050000,8100.000000732688,-517497.8590540611,300.3046096311503,400.6479104213315,157
4055000,8110.000000734725,-517441.5629102839,302.52867312815255,400.049278579502,157
4060000,8120.000000736763,-517007.30085214693,297.709081755565,400.2096161110867,157
4065000,8130.0000007388,-516394.9657083461,300.51232088636283,401.1295929762416,157
4070000,8140.000000740837,-519109.2126224106,302.7342273469369,398.0327758161065,157
4075000,8150.000000742874,-517399.9252580893,301.97815202038225,399.8226019017756,157
4080000,8160.000000744912,-518036.1137052886,298.3813959517656,398.93861108522026,157
4085000,8170.000000746949,-518189.60211697547,298.41865591785694,398.58054621575326,157
4090000,8180.000000748986,-518169.1400080137,299.78210729129995,399.9852340787514,157
4095000,8190.000000751023,-517392.9341059793,301.0633642240052,398.0840694429569,157
4100000,8200.00000075306,-517206.3494283729,299.44524631815466,399.86633273985615,157
4105000,8210.000000755097,-516119.60857728403,299.5738738062154,400.8950675829175,157
4110000,8220.000000757134,-516021.18054902507,300.4922945060504,400.8174764680821,157
4115000,8230.000000759172,-517769.4717583079,301.6668121940296,399.8681084100248,157
4120000,8240.000000761209,-516056.17779234145,299.6745733489425,399.95193371936256,157
4125000,8250.000000763246,-518229.374386061,300.1058671063497,398.6228343571844,157
4130000,8260.000000765283,-516840.76224298496,303.17355890324507,400.8242500206403,157
4135000,8270.00000076732,-517090.4593076259,297.932709669053,399.3003746480841,157
4140000,8280.000000769358,-516854.5090733892,297.7316738739446,399.9489718909357,157
4145000,8290.000000771395,-516743.1714582676,297.4546195739771,400.39834353260807,157
4150000,8300.000000773432,-516898.2282210728,300.2551567328279,399.8568671887794,157
4155000,8310.00000077547,-517605.8699395065,302.4546073089021,398.92828726734007,157
4160000,8320.000000777507,-516806.8669157275,298.58277233157315,401.49689777919434,157
4165000,8330.000000779544,-517016.8690054179,300.2423961594316,398.8282405052114,157
4170000,8340.000000781582,-517024.9904823615,301.29711885588245,400.82064682972555,157
4175000,8350.000000783619,-517605.57843198394,300.00430474905136,400.1445018109153,157
4180000,8360.000000785656,-517581.23208036553,299.5021012572728,401.83289511247426,157
4185000,8370.000000787693,-518085.95782509353,304.1768306044716,398.05500955110597,157
4190000,8380.00000078973,-516348.69365813397,300.75926749892193,401.77676588659824,157
4195000,8390.000000791768,-516402.8679432967,297.45836600566815,400.88447310125173,157
4200000,8400.000000793805,-517430.7060743547,300.6734401547261,398.91077275839194,157
4205000,8410.000000795842,-516740.88973643864,300.46377621390496,400.0743089908414,157
4210000,8420.00000079788,-515916.5368479388,300.6740759128313,400.9645217133282,157
4215000,8430.000000799917,-518054.46209579613,302.0060799657158,400.3866537717988,157
4220000,8440.000000801954,-517411.4617519062,300.23424483229763,401.20651218431215,157
4225000,8450.000000803991,-518135.7340657343,300.70718074559255,399.5163817716464,157
4230000,8460.000000806029,-519065.4165060073,303.10530572952746,397.68921040453245,157
4235000,8470.000000808066,-516720.24262513686,300.22704714232145,399.80991819807537,157
4240000,8480.000000810103,-517755.79708444886,298.4853424019583,399.09720819309194,157
4245000,8490.00000081214,-515251.8385732635,300.03818157379743,401.9772764463035,157
4250000,8500.000000814178,-517009.9123174576,300.4912954575995,401.6118564954909,157
4255000,8510.000000816215,-517966.81643178314,299.7793372024132,400.61650620913997,157
4260000,8520.000000818252,-515993.9973689681,301.62442075180377,400.57434212744704,157
4265000,8530.00000082029,-517687.1726823249,301.1997570432074,399.62649701894725,157
4270000,8540.000000822327,-517486.87802971713,300.0402477876392,401.2440991250393,157
4275000,8550.000000824364,-518350.4688364994,298.88432602423575,399.1238972469127,157
4280000,8560.000000826401,-516337.60284216935,297.8369599572875,401.4137491427903,157
4285000,8570.000000828439,-517882.46077521937,300.76194676522226,400.1722185756018,157
4290000,8580.000000830476,-517622.5818782239,301.9507690105674,399.83872133195075,157
4295000,8590.000000832513,-517482.3228690848,298.7388736520352,399.97222393042637,157
4300000,8600.00000083455,-518556.9983506347,299.89377366134096,398.6939444169468,157
4305000,8610.000000836588,-517565.7762547545,301.51086981309396,399.83773958669883,157
4310000,8620.000000838625,-516958.63815263705,301.36360098916424,399.2104127011108,157
4315000,8630.000000840662,-518243.4425986712,299.52716829113314,400.5396530565183,157
4320000,8640.0000008427,-516693.6213606666,299.92960317169576,400.85679507749165,157
4325000,8650.000000844737,-517970.20468155807,299.56025041824773,399.5918532697002,157
4330000,8660.000000846774,-517814.3176737353,299.4635697749711,399.3686627929196,157
4335000,8670.000000848811,-516638.0891258018,300.88362632541947,401.6066448253836,157
4340000,8680.000000850849,-516912.41599527,298.7062229322062,400.03538374502045,157
4345000,8690.000000852886,-516438.47046507103,300.9561935719935,399.4303663687847,157
4350000,8700.000000854923,-517743.2524696379,297.6114701807772,399.82552053430095,157
4355000,8710.00000085696,-515952.02768836264,298.98050714328696,399.5535968443556,157
4360000,8720.000000858998,-517533.0218167645,301.31896168792383,399.2756245918228,157
4365000,8730.000000861035,-517239.62330332305,299.8403245692148,401.7452405009064,157
4370000,8740.000000863072,-516702.2756199199,299.1176946601206,401.2004197845846,157
4375000,8750.00000086511,-517178.10049568117,299.4599141658665,400.1754203531192,157
4380000,8760.000000867147,-516090.75462385407,300.63213858353777,400.0154619075039,157
4385000,8770.000000869184,-517147.33398249326,297.6729797774509,401.14655701259204,157
4390000,8780.000000871221,-516401.5746569778,299.75088702720757,399.3125947492241,157
4395000,8790.000000873259,-516602.24572764756,301.3086079130684,401.17608194170447,157
4400000,8800.000000875296,-517622.2453975561,302.9999061179515,400.03296828177395,157
4405000,8810.000000877333,-517200.9984157551,300.56297718395564,400.5949036004208,157
4410000,8820.00000087937,-517018.2030678964,302.15355314046496,400.1110442482132,157
4415000,8830.000000881408,-516664.3168724845,302.6441994581177,400.1355425955621,157
4420000,8840.000000883445,-516829.05305509735,300.5320293876226,399.47537225249204,157
4425000,8850.000000885482,-517737.22230605315,300.2836750249734,398.8787707770178,156
4430000,8860.00000088752,-516971.4081030488,299.61512996611054,400.93982346318677,156
4435000,8870.000000889557,-518019.2530902489,299.5768709515682,398.8111369184154,156
4440000,8880.000000891594,-516338.6208503409,301.73222716192066,400.08789667437475,156
4445000,8890.000000893631,-516650.4438648871,298.52925512250715,399.5215551898403,156
4450000,8900.000000895669,-516289.1422384465,301.05736993329947,400.61627862338423,156
4455000,8910.000000897706,-515913.54491739394,301.8905536357507,400.89411278104916,156
4460000,8920.000000899743,-516977.47629740555,301.5265821205499,400.4556530681522,156
4465000,8930.00000090178,-517770.4596591075,296.7047655945943,398.8444948355199,156
4470000,8940.000000903818,-517329.3164166985,300.83237968101474,401.1485199447114,156
4475000,8950.000000905855,-517131.2508497718,300.42826458260276,400.36321221727866,156
4480000,8960.000000907892,-516102.5529853888,299.980645465281,400.5602159931549,156
4485000,8970.00000090993,-514865.4872483406,300.16210899300927,399.724832405646,156
4490000,8980.000000911967,-517859.5714014,302.8656476295309,401.3056035464451,156
4495000,8990.000000914004,-517151.8599165245,301.5183172651829,399.18024348690113,156
4500000,9000.000000916041,-517424.9946420272,298.9545772948553,399.0710542195015,156
4505000,9010.000000918079,-517155.6843978744,301.63120974014095,398.43564469765323,156
4510000,9020.000000920116,-516089.5716459225,300.6126117274508,399.47383625525583,156
4515000,9030.000000922153,-516448.38460583286,301.60820892012237,400.87563496913947,156
4520000,9040.00000092419,-517008.35864918446,300.53999906958364,400.69136903228184,156
4525000,9050.000000926228,-517629.0899730362,300.73165743264104,401.188643173276,156
4530000,9060.000000928265,-517383.4321168135,301.706592486895,399.3326142789945,156
4535000,9070.000000930302,-516806.1002952643,301.07015321234235,400.72085240226124,156
4540000,9080.00000093234,-518140.1614301121,301.1087528115839,400.00087026984727,156
4545000,9090.000000934377,-517099.7779795653,299.21982465858434,399.6117590008661,156
4550000,9100.000000936414,-517222.09989090124,302.37336650532205,400.5761637484156,156
4555000,9110.000000938451,-517508.3286980749,302.1273054129808,398.7893026731065,156
4560000,9120.000000940488,-517512.07968364796,299.29495764322553,400.1024367376276,156
4565000,9130.000000942526,-515999.42325866735,301.21712686286605,400.33993237830316,156
4570000,9140.000000944563,-516749.93210407346,299.5923107912648,400.03140699476205,156
4575000,9150.0000009466,-517149.13321805745,300.6871770709268,398.3922342084116,156
4580000,9160.000000948638,-516847.97535641724,299.6200116801322,398.897486177172,156
4585000,9170.000000950675,-516584.3752242336,300.6767097678384,400.1269203951344,156
4590000,9180.000000952712,-515597.41038261354,298.30996398752217,401.11621407986496,156
4595000,9190.00000095475,-516938.02291783644,300.6576370246837,400.9996138539572,156
4600000,9200.000000956787,-516508.57160818065,302.4395307595513,401.96563311587033,156
4605000,9210.000000958824,-517367.1615917692,302.33506207948653,399.6456281269548,156
4610000,9220.000000960861,-516028.18600106006,299.6499377223678,399.44056414799246,156
4615000,9230.000000962898,-517276.00140752643,300.1210117726404,400.24798043323744,156
4620000,9240.000000964936,-516513.1949107158,298.5790713111753,400.5451981514373,156
4625000,9250.000000966973,-515078.72571900673,300.9213858157363,399.60862765900094,156
4630000,9260.00000096901,-516975.0311672441,300.28331173462766,401.2779655238555,156
4635000,9270.000000971047,-517249.6043549804,299.2557222858789,399.49060745588304,156
4640000,9280.000000973085,-515989.73013747577,300.655865984248,399.86049775955047,156
4645000,9290.000000975122,-516884.2770747361,301.9465003490042,399.1970350811405,156
4650000,9300.00000097716,-517948.560526012,296.0221884461248,398.84598094900275,156
4655000,9310.000000979197,-517074.68636178644,299.3243614555889,399.1543591606767,156
4660000,9320.000000981234,-518158.04630355444,301.4923192998114,399.79640133548014,156
4665000,9330.000000983271,-516363.5611541923,295.679083420161,400.9988910928221,156
4670000,9340.000000985308,-516501.2897461159,301.3288386442003,399.7608197286361,156
4675000,9350.000000987346,-516117.7463309923,302.78224978952267,400.68507030190034,156
4680000,9360.000000989383,-518049.7403044095,299.26475913323077,400.50651778185596,156
4685000,9370.00000099142,-517394.41224426357,298.82878801262126,398.7469300036325,156
4690000,9380.000000993457,-518335.2957499102,299.6980963988332,399.7906259706382,156
4695000,9390.000000995495,-517985.6171505344,299.9283316554854,397.983009867938,156
4700000,9400.000000997532,-516584.1714447397,298.99279089810443,399.5807184128911,156
4705000,9410.00000099957,-516300.77940815594,297.2260191238809,400.78228069366423,156
4710000,9420.000001001607,-516377.8492174628,301.37904082886087,399.9489289907324,156
4715000,9430.000001003644,-517026.675538871,300.92163557784903,400.001924127937,156
4720000,9440.000001005681,-516920.79946203483,300.64292376567874,399.0438154003291,156
4725000,9450.000001007718,-517005.4844704829,298.7694581580224,400.4645521770142,156
4730000,9460.000001009756,-517228.4797115829,302.88476578397876,400.92758138353014,156
4735000,9470.000001011793,-517311.3125144942,297.4532572351803,400.0342622964217,156
4740000,9480.00000101383,-517105.82862657215,301.67566739620855,399.99456211355937,156
4745000,9490.000001015867,-516993.2757090768,301.5761939583985,399.4055222184731,156
4750000,9500.000001017905,-517096.6495500724,300.5317796255098,399.82682957152963,156
4755000,9510.000001019942,-518232.70191910956,300.85549402926637,399.3670677702638,156
4760000,9520.00000102198,-518389.6400445355,300.7181702785531,399.682969530669,156
4765000,9530.000001024016,-517410.23456637794,300.6803426712964,399.1797374610207,156
4770000,9540.000001026054,-516486.6067989683,299.0715567862037,400.2843186931253,156
4775000,9550.000001028091,-516231.8921551029,301.22450619801515,401.1788972617313,156
4780000,9560.000001030128,-516873.0949827391,300.39493269337544,398.446936742283,156
4785000,9570.000001032166,-516650.25258097285,301.279499274111,400.1910994754024,156
4790000,9580.000001034203,-516477.10003139917,301.70518473680494,398.5013326148865,156
4795000,9590.00000103624,-517956.0159320594,299.6916252895486,400.18946934976015,156
4800000,9600.000001038277,-516990.1080262521,301.5712214217903,400.2964399286603,156
4805000,9610.000001040315,-516919.39119960414,300.3705468289134,400.16205833567756,156
4810000,9620.000001042352,-517146.806649168,297.35149052706237,399.49156093957913,156
4815000,9630.00000104439,-517906.039858805,300.6087290618801,400.2790853152742,156
4820000,9640.000001046426,-517566.07729797205,299.3769023218506,398.6929959398808,156
4825000,9650.000001048464,-517080.6041807686,302.3675538597892,400.2005917637528,156
4830000,9660.000001050501,-517328.03064076835,300.52181184664687,399.88033847727837,156
4835000,9670.000001052538,-517672.8625101065,300.5376603879825,399.91857476698596,156
4840000,9680.000001054575,-516137.20443747705,301.1284613128436,399.4034329445745,156
4845000,9690.000001056613,-517207.527801611,297.9107987200718,400.53024456875914,156
4850000,9700.00000105865,-516331.2070872593,299.0942624328163,400.6081041353829,156
4855000,9710.000001060687,-515822.1674319138,300.19412395473313,401.19463432700945,156
4860000,9720.000001062725,-517365.6136547909,300.40231202852453,399.63045858901694,156
4865000,9730.000001064762,-515708.79108238127,299.23063254637196,400.0962282458029,156
4870000,9740.000001066799,-515604.96286717616,302.2223285440547,400.72683578975926,156
4875000,9750.000001068836,-517061.2367276666,301.05950426408106,399.5691825953296,156
4880000,9760.000001070874,-517459.6423327457,300.9036300000852,400.597510738836,156
4885000,9770.00000107291,-517288.6552945338,297.9204259142356,400.3514492214692,156
4890000,9780.000001074948,-517488.54990008194,299.4639103596703,400.6899911409368,156
4895000,9790.000001076985,-518428.62223380525,299.894999766258,399.8287774460441,156
4900000,9800.000001079023,-515314.2358455537,299.3466356949159,400.4864540936655,156
4905000,9810.00000108106,-517726.26142195705,302.153257967059,401.05035244277025,156
4910000,9820.000001083097,-517554.1214348725,297.7154847479098,400.20594579982514,156
4915000,9830.000001085134,-515802.0101677696,300.08981421419463,400.03783544217566,156
4920000,9840.000001087172,-517080.2854697658,298.3317159969771,399.3382002837277,156
4925000,9850.000001089209,-517372.1491613705,298.47546544568183,399.83887498287135,156
4930000,9860.000001091246,-516895.63753509615,298.96338708574103,399.6769192053592,156
4935000,9870.000001093284,-516041.7208200251,301.1166316709585,399.90645323912776,156
4940000,9880.00000109532,-516737.70922981156,299.92642438116997,399.1147058850813,156
4945000,9890.000001097358,-517000.65969508234,300.43453134106784,399.9648423596865,156
4950000,9900.000001099395,-517230.46372326976,301.479036496543,400.3595802198997,156
4955000,9910.000001101433,-517158.2263921425,296.5389235517355,400.6646879359948,156
4960000,9920.00000110347,-517506.5214845091,299.4563720849949,399.3499273817492,156
4965000,9930.000001105507,-518024.9116979353,303.1155232705031,399.47436324661265,156
4970000,9940.000001107544,-517429.3340598624,299.4733559086611,399.30096611267885,156
4975000,9950.000001109582,-517074.8535230276,299.86916074041284,401.12915485408644,156
4980000,9960.000001111619,-518789.0957198823,299.36423257104076,398.3170058656392,156
4985000,9970.000001113656,-517414.0624718908,298.97764623181376,399.43924142926,156
4990000,9980.000001115694,-516083.61161734257,300.9215447552626,399.81328505292,156
4995000,9990.00000111773,-515906.2766908244,301.1671517346716,401.23339659030904,156
5000000,10000.000001119768,-516685.7059094133,298.6499810455466,400.0843927875642,156
5005000,10010.000001121805,-517495.016286436,300.1933292571017,398.997712655271,156
5010000,10020.000001123843,-518666.55851788167,299.77720287163163,399.1114176032709,156
5015000,10030.00000112588,-518143.326062866,300.0483991147731,399.2412111239553,156
5020000,10040.000001127917,-516945.2370829708,300.973222806953,399.53070710216673,156
5025000,10050.000001129954,-517501.6747155548,298.0155852791892,402.15713761830176,156
5030000,10060.000001131992,-517681.57297327276,301.87945057455704,399.3139469412734,156
5035000,10070.000001134029,-517591.5745394742,298.38219064939705,398.7408026100452,156
5040000,10080.000001136066,-517076.9680921165,298.0641526572936,398.96069564449584,156
5045000,10090.000001138103,-516454.28062332,300.2473686960398,398.8971263141588,156
5050000,10100.00000114014,-517672.29278209386,302.76794523215665,401.30438253106183,156
