
CPPTRAJ: Trajectory Analysis. V7.6.2 (AmberTools)
    ___  ___  ___  ___
     | \/ | \/ | \/ | 
    _|_/\_|_/\_|_/\_|_

| Date/time: 09/26/26 09:59:29
| Available memory: 6.239 GB

INPUT: Reading input from 'lig_rmsd.cpptraj'
  [parm stripped.complex.prmtop]
	Reading 'stripped.complex.prmtop' as Amber Topology
	Radius Set: modified Bondi radii (mbondi)
  [trajin production_full_stripped.nc]
	Reading 'production_full_stripped.nc' as Amber NetCDF
  [rms fitprot @CA,C,N out prot_rmsd.dat mass]
    RMSD: (@CA,C,N), reference is first frame (@CA,C,N), mass-weighted.
	Best-fit RMSD will be calculated, coords will be rotated and translated.
  [rms ligrms :MOL nofit out lig_rmsd.dat mass]
    RMSD: (:MOL), reference is first frame (:MOL), mass-weighted.
	No fitting will be performed.
  [rms fadrms :FAD nofit out fad_rmsd.dat mass]
    RMSD: (:FAD), reference is first frame (:FAD), mass-weighted.
	No fitting will be performed.
  [run]
---------- RUN BEGIN -------------------------------------------------

PARAMETER FILES (1 total):
 0: stripped.complex.prmtop, 8319 atoms, 515 res, box: Truncated octahedron, 3 mol

INPUT TRAJECTORIES (1 total):
 0: 'production_full_stripped.nc' is a NetCDF (NetCDF3) AMBER trajectory with coordinates, time, box, Parm stripped.complex.prmtop (Truncated octahedron box) (reading 1000 of 1000)
  Coordinate processing will occur on 1000 frames.

BEGIN TRAJECTORY PROCESSING:
.....................................................
ACTION SETUP FOR PARM 'stripped.complex.prmtop' (3 actions):
  0: [rms fitprot @CA,C,N out prot_rmsd.dat mass]
	Target mask: [@CA,C,N](1539)
	Reference topology: stripped.complex.prmtop
	Reference mask: [@CA,C,N](1539)
  1: [rms ligrms :MOL nofit out lig_rmsd.dat mass]
	Target mask: [:MOL](35)
	Reference topology: stripped.complex.prmtop
	Reference mask: [:MOL](35)
  2: [rms fadrms :FAD nofit out fad_rmsd.dat mass]
	Target mask: [:FAD](84)
	Reference topology: stripped.complex.prmtop
	Reference mask: [:FAD](84)
----- production_full_stripped.nc (1-1000, 1) -----
 0% 10% 20% 30% 40% 50% 60% 70% 80% 90% 100% Complete.

Read 1000 frames and processed 1000 frames.
TIME: Avg. throughput= 214.1932 frames / second.

ACTION OUTPUT:
TIME: Analyses took 0.0000 seconds.

DATASETS (3 total):
	fitprot "fitprot" (double, rms), size is 1000 (8.000 kB)
	ligrms "ligrms" (double, rms), size is 1000 (8.000 kB)
	fadrms "fadrms" (double, rms), size is 1000 (8.000 kB)
    Total data set memory usage is at least 24.000 kB

DATAFILES (3 total):
  prot_rmsd.dat (Standard Data File):  fitprot
  lig_rmsd.dat (Standard Data File):  ligrms
  fad_rmsd.dat (Standard Data File):  fadrms

RUN TIMING:
TIME:		Init               : 0.0043 s (  0.09%)
TIME:		Trajectory Process : 4.6687 s ( 98.18%)
TIME:		Action Post        : 0.0000 s (  0.00%)
TIME:		Analysis           : 0.0000 s (  0.00%)
TIME:		Data File Write    : 0.0824 s (  1.73%)
TIME:		Other              : 0.0000 s (  0.00%)
TIME:	Run Total 4.7554 s
---------- RUN END ---------------------------------------------------
  [quit]
TIME: Total execution time: 5.4070 seconds.
--------------------------------------------------------------------------------
To cite CPPTRAJ use:
Daniel R. Roe and Thomas E. Cheatham, III, "PTRAJ and CPPTRAJ: Software for
  Processing and Analysis of Molecular Dynamics Trajectory Data". J. Chem.
  Theory Comput., 2013, 9 (7), pp 3084-3095.

