#"Step","Time (ps)","Potential Energy (kJ/mole)","Temperature (K)","Box Volume (nm^3)","Speed (ns/day)"
55000,109.99999999992504,-1533264.0087812021,301.5766049996541,1191.3967555232953,0
60000,119.99999999990173,-1531107.8263577418,299.1932248752687,1195.6608117788735,62.4
65000,129.99999999989262,-1531733.188610633,300.53114563373214,1192.5036649068948,62.9
70000,139.99999999994037,-1533197.953839791,299.39053998817116,1193.705531403272,61.9
75000,149.99999999998812,-1535010.80513928,301.27621992935036,1188.8134903563255,62
80000,160.00000000003587,-1532238.5013451278,301.55852037040853,1193.8202494655177,61.5
85000,170.00000000008362,-1532061.1727789184,300.4355332554013,1193.7910014728968,61.7
90000,180.00000000013137,-1530590.4900897648,300.9759902252773,1193.5801866479344,61.9
95000,190.0000000001791,-1531868.515276404,300.25363047257747,1194.5759230288168,62
100000,200.00000000022686,-1533086.0359051283,299.8593109792337,1192.5628398571748,62.2
105000,210.0000000002746,-1532749.2191505982,299.19449887835987,1190.9468659877791,62.2
110000,220.00000000032236,-1533326.0413554525,300.14854075417804,1193.886069710027,62.1
115000,230.0000000003701,-1530501.3439938445,299.73085417974727,1196.0331156963864,62
120000,240.00000000041786,-1534362.6400789153,300.756084862441,1190.983485349455,61.9
125000,250.0000000004656,-1533543.0853356356,300.03543413827805,1194.2837090524101,61.9
130000,260.00000000051335,-1531710.6463648435,300.95973891755324,1198.4562546980565,61.9
135000,270.0000000005611,-1533645.975363682,300.8663948861896,1191.3350488399478,61.9
140000,280.00000000060885,-1530870.034926679,299.51641770822914,1192.9471009208687,61.8
145000,290.0000000006566,-1531582.1097917035,300.33985873057816,1193.212362110236,61.6
150000,300.00000000070435,-1533133.1709652748,299.53055603521665,1190.2545250627993,61.7
155000,310.0000000007521,-1531412.8273380948,299.2925971163808,1192.2992245346668,61.5
160000,320.00000000079984,-1531321.4342417289,300.3444264977587,1194.3232466620766,61.4
165000,330.0000000008476,-1531318.0131021803,299.89694068029274,1195.7932817123449,61.2
170000,340.00000000089534,-1532106.2944845986,300.7256330812371,1193.2921271718094,61.2
175000,350.0000000009431,-1532086.9633449772,301.3563578311103,1193.1229739738737,61.1
180000,360.00000000099084,-1532390.6660346305,298.9414072886605,1195.2768171247258,61.2
185000,370.0000000010386,-1531151.0088645369,300.0593605377954,1193.7360128584412,61.3
190000,380.00000000108633,-1534022.900231746,300.0588633658573,1193.3146631732193,61.2
195000,390.0000000011341,-1531393.5971695865,298.4965937703614,1194.7380297327672,61.1
200000,400.00000000118183,-1532467.8638912486,301.2790475947479,1192.132710146835,61.1
205000,410.0000000012296,-1532257.6605576845,301.0119419710456,1192.6799294487696,61.1
210000,420.00000000127733,-1531867.240771221,299.24561436823774,1193.5654273663754,61.2
215000,430.0000000013251,-1533443.2062146803,301.4089959100484,1191.9502425658306,61.3
220000,440.0000000013728,-1533303.5682627764,299.99702760606584,1190.5389127310675,61.3
225000,450.0000000014206,-1530646.8007065356,300.1196426352805,1196.8730229571563,61.4
230000,460.0000000014683,-1531020.64782927,300.78280785410965,1193.4834963957683,61.4
235000,470.00000000151607,-1532678.4920370588,300.468905921741,1191.6183951573587,61.3
240000,480.0000000015638,-1532373.8654738003,301.7287085394427,1192.4602275296825,61.2
245000,490.00000000161157,-1530300.2020916482,300.47101890247757,1195.9278804984892,61.1
250000,500.0000000016593,-1533644.5047563678,299.3989608378714,1193.2287690501887,61.1
255000,510.00000000170706,-1532536.0641659163,300.52253834455513,1192.5303941849277,61
260000,520.0000000015274,-1530116.3679517303,300.3271497729125,1194.67238289109,61.1
265000,530.0000000012909,-1533691.9332537698,300.0121913501755,1191.5861732329226,61.1
270000,540.0000000010544,-1532460.026862476,301.1964859797901,1193.556123433344,61
275000,550.000000000818,-1530972.0937258033,300.197201457612,1195.0910268035807,61.1
280000,560.0000000005815,-1530343.7134183468,301.07365343785256,1192.8826425347688,61.1
285000,570.000000000345,-1530677.744532046,299.7378767333718,1193.1705713234796,61.2
290000,580.0000000001086,-1533288.4118395727,300.5821057573794,1192.8126411206629,61.3
295000,589.9999999998721,-1531783.5919320248,299.8851017735186,1194.0101177046595,61.4
300000,599.9999999996356,-1532155.4585651373,302.14698550554994,1194.4991883833775,61.4
305000,609.9999999993992,-1529572.8956468664,300.5470240625027,1194.7365553653906,61.5
310000,619.9999999991627,-1533246.9103806792,301.0259249318024,1193.7379743465713,61.6
315000,629.9999999989262,-1531995.2490168829,300.79225412093206,1192.9856430301015,61.7
320000,639.9999999986898,-1530331.8286912898,301.70099120389796,1193.2172200722675,61.7
325000,649.9999999984533,-1533096.4979014453,299.9633442072648,1192.233635874954,61.8
330000,659.9999999982168,-1532678.0238643354,301.5445995561439,1192.615918916029,61.8
335000,669.9999999979804,-1533410.774080826,300.1170324826059,1194.5977842528953,61.9
340000,679.9999999977439,-1531889.1429899363,300.33432769276766,1194.1218941715247,61.9
345000,689.9999999975074,-1533731.6064645639,300.60422990862133,1191.5092989199757,62
350000,699.999999997271,-1532940.343464559,300.5432641997214,1191.9093666633466,62
355000,709.9999999970345,-1535262.4873618996,299.5079347120366,1192.4058699735226,62.1
360000,719.999999996798,-1532140.9743527705,301.0257384923257,1194.5211766196562,62.1
365000,729.9999999965615,-1531903.5981154805,300.9182561339745,1193.5669658109096,62.2
370000,739.9999999963251,-1532789.8971447907,299.854960724776,1191.7938568444822,62.2
375000,749.9999999960886,-1531744.9079486588,301.12452034176147,1193.3598396583322,62.3
380000,759.9999999958521,-1531749.250005602,299.56442587349443,1190.9396333121722,62.3
385000,769.9999999956157,-1532999.9736882998,299.6862019250637,1191.9791810434515,62.3
390000,779.9999999953792,-1534477.646605024,300.84949104029687,1191.4580256973156,62.3
395000,789.9999999951427,-1531024.2889474966,300.11554096679185,1193.976859366637,62.4
400000,799.9999999949063,-1531074.7060290426,300.03282398560344,1196.2607967902402,62.4
405000,809.9999999946698,-1531480.8028520597,300.2982205807688,1192.3993101826302,62.4
410000,819.9999999944333,-1532113.6752548143,302.18806433692896,1192.7934742133825,62.4
415000,829.9999999941969,-1533188.1709717726,300.04832953542046,1194.1517387036115,62.3
420000,839.9999999939604,-1532478.9946278967,299.00504529672736,1196.4031686890057,62.4
425000,849.9999999937239,-1531461.5596535252,300.3338305208296,1194.4454547533344,62.4
430000,859.9999999934874,-1532087.6339332387,299.81555984868777,1195.2145016007948,62.4
435000,869.999999993251,-1532159.7696841853,298.58049153490265,1192.6702144038832,62.5
440000,879.9999999930145,-1532168.287647293,300.80754215802625,1193.1784800643466,62.5
445000,889.999999992778,-1530644.1442104066,300.8924342664435,1191.897804492561,62.5
450000,899.9999999925416,-1531927.4768320667,299.06147431169285,1192.8110325418265,62.6
455000,909.9999999923051,-1533528.8768717125,300.41297407871355,1190.9101672764518,62.6
460000,919.9999999920686,-1531228.0483074477,300.93077865216344,1194.3885365837973,62.6
465000,929.9999999918322,-1531458.4666708764,300.4119797348375,1193.7279526471075,62.6
470000,939.9999999915957,-1531673.5616640914,298.6825671484278,1195.0483094754063,62.6
475000,949.9999999913592,-1533774.7214603992,300.48245385705206,1191.5096402857303,62.6
480000,959.9999999911228,-1532911.3587884381,300.87319992709126,1194.2885967552372,62.6
485000,969.9999999908863,-1532665.8041370772,300.8944229541956,1193.483487361985,62.6
490000,979.9999999906498,-1533117.8802932892,302.15615211315713,1190.6301075766003,62.7
495000,989.9999999904134,-1533535.8215811038,300.346943430695,1192.8560000212017,62.7
500000,999.9999999901769,-1531686.9843345974,299.46362426306047,1194.9563855130746,62.6
505000,1009.9999999899404,-1532448.4773556143,298.9691867706975,1193.2232863570446,62.6
510000,1019.999999989704,-1532287.39303404,300.23939892585156,1192.627800792987,62.6
515000,1029.9999999894676,-1533919.8710655924,297.8613012533076,1192.779982415041,62.6
520000,1039.9999999892311,-1531238.0416880734,299.98226781415576,1195.178758476729,62.6
525000,1049.9999999889947,-1531896.9922491172,300.11569633302247,1194.407092430505,62.6
530000,1059.9999999887582,-1533238.5053042388,300.4429908344716,1193.568040141306,62.6
535000,1069.9999999885217,-1533024.366857225,299.18856388834973,1191.6269427157326,62.6
540000,1079.9999999882853,-1533930.177294095,301.0630885341696,1189.960971263219,62.5
545000,1089.9999999880488,-1533397.8476640303,300.6878480139474,1194.2121005647841,62.5
550000,1099.9999999878123,-1530560.5120287742,299.8982768298762,1196.092574286586,62.5
555000,1109.9999999875758,-1533453.666722862,299.76975788389746,1190.698563849528,62.5
560000,1119.9999999873394,-1531772.7780516297,299.0134661464276,1191.9390453317606,62.5
565000,1129.999999987103,-1529547.3969238214,299.7641336263486,1193.9819657091705,62.5
570000,1139.9999999868664,-1532611.9207285345,300.8328357803731,1190.0833723740343,62.6
575000,1149.99999998663,-1531599.4411071436,299.99423101391443,1193.940843455689,62.6
580000,1159.9999999863935,-1533391.5517184585,300.0854620645415,1193.9039967166011,62.6
585000,1169.999999986157,-1533071.4847945431,300.9838517565473,1192.9427303434322,62.6
590000,1179.9999999859206,-1532201.75920369,300.98873025618917,1193.2671271217603,62.6
595000,1189.999999985684,-1532937.0683506196,301.0383853034991,1192.3091555493208,62.6
600000,1199.9999999854476,-1532555.0943159154,299.4324888704418,1193.9193267537767,62.6
605000,1209.9999999852112,-1532278.7341203298,299.2126145808515,1190.409871923358,62.7
610000,1219.9999999849747,-1531940.4776535947,300.31701989467524,1193.7335639606079,62.6
615000,1229.9999999847382,-1532365.0068296473,301.8181062685483,1191.9508773583789,62.6
620000,1239.9999999845018,-1532003.2213607216,299.8042802603439,1193.6588260717201,62.6
625000,1249.9999999842653,-1533022.389208288,299.24256919011736,1192.0824763027747,62.6
630000,1259.9999999840288,-1530531.3256713077,299.1054740282078,1193.9918880263772,62.6
635000,1269.9999999837923,-1533355.7935585827,300.31835604425873,1189.5219225534422,62.7
640000,1279.9999999835559,-1530146.2862738306,300.2661840640125,1193.8172311259743,62.7
645000,1289.9999999833194,-1532784.0927016065,299.1501262828914,1192.13723215802,62.7
650000,1299.999999983083,-1533314.4846885419,299.9678809011993,1193.2904842664052,62.7
655000,1309.9999999828465,-1532910.3741171611,300.0067224588572,1192.111626188624,62.7
660000,1319.99999998261,-1532378.158489909,299.7146650185154,1193.397595776467,62.7
665000,1329.9999999823735,-1531450.668876958,301.32199082089454,1193.1164973697032,62.7
670000,1339.999999982137,-1533433.5740299337,299.9035282084715,1193.5695092073713,62.7
675000,1349.9999999819006,-1532581.508033582,300.1666253834236,1193.371056279226,62.7
680000,1359.9999999816641,-1532561.7736343816,299.97512096754673,1192.1565283681216,62.7
685000,1369.9999999814277,-1533770.597910407,301.24064106253576,1192.13154751084,62.8
690000,1379.9999999811912,-1533068.1052163178,300.84296565861035,1191.866136041516,62.8
695000,1389.9999999809547,-1534447.3982453216,300.75916111380747,1191.2387971569406,62.8
700000,1399.9999999807183,-1531921.702880064,299.945446017496,1193.4553600081285,62.8
705000,1409.9999999804818,-1534240.0663163504,301.16081389323705,1192.8543827001681,62.8
710000,1419.9999999802453,-1532252.4241919918,300.5060695241081,1192.4010997804119,62.8
715000,1429.9999999800089,-1531311.262919953,299.21286316682057,1195.0069848689661,62.9
720000,1439.9999999797724,-1530611.0471975412,300.5577754056624,1192.190618461807,62.9
725000,1449.999999979536,-1532232.4072722895,299.6849589952186,1191.8908981768132,62.9
730000,1459.9999999792994,-1532485.7084140535,299.39367838602993,1192.913915919187,62.9
735000,1469.999999979063,-1532105.1695301263,299.5587083962071,1195.2468806994718,62.9
740000,1479.9999999788265,-1532064.2465942083,299.38177733276353,1193.8271002172573,62.9
745000,1489.99999997859,-1533870.8187696692,300.6385036990988,1194.5858950219128,62.9
750000,1499.9999999783536,-1534342.6611890318,301.0101086495241,1192.058343569292,63
755000,1509.999999978117,-1533897.4710837202,299.58027322901887,1192.3535710069696,63
760000,1519.9999999778806,-1531252.1677542832,299.067657887672,1194.708625038137,63
765000,1529.9999999776442,-1532420.6587420553,299.8624804503386,1196.3602219360673,63
770000,1539.9999999774077,-1534365.6891284836,299.94041215162355,1197.2639455570843,63
775000,1549.9999999771712,-1531931.8777862824,301.8069509731889,1194.7956338206436,63
780000,1559.9999999769348,-1532472.0003854865,300.58642493859094,1191.2034357608038,63
785000,1569.9999999766983,-1530992.7024746435,301.5956218262835,1193.2430377503895,63.1
790000,1579.9999999764618,-1531409.577661856,300.2480994347669,1193.6470942860062,63.1
795000,1589.9999999762254,-1531126.8176520243,299.8610510810168,1192.2422518476287,63.1
800000,1599.9999999759889,-1531437.8794035306,299.8269948032623,1192.0913130921963,63.1
805000,1609.9999999757524,-1535854.6356046535,300.71662183986047,1191.5169286764458,63.1
810000,1619.999999975516,-1532587.8752150573,300.93618539698946,1193.058652209735,63.1
815000,1629.9999999752795,-1532403.0091715492,299.1811684557716,1194.8753945701603,63.1
820000,1639.999999975043,-1532601.6958135497,299.8693787109787,1192.9732127851742,63.1
825000,1649.9999999748065,-1531644.8262911802,300.66771255045757,1194.8783421627056,63.1
830000,1659.99999997457,-1531348.299521572,299.1309540900314,1193.1119554367951,63.1
835000,1669.9999999743336,-1531924.3445251444,299.2693543282783,1191.6352901679654,63.2
840000,1679.9999999740971,-1531353.4538495596,301.6614971080714,1193.4368964338175,63.2
845000,1689.9999999738607,-1534274.1641820334,300.8867789356485,1191.3421425411889,63.2
850000,1699.9999999736242,-1532869.5584674105,300.74816118467874,1193.2667539651793,63.2
855000,1709.9999999733877,-1531947.570000384,300.98994211278807,1192.1066649195468,63.2
860000,1719.9999999731513,-1534202.6997505762,298.96604837283877,1192.10592430571,63.2
865000,1729.9999999729148,-1534981.0714288661,299.5758297548228,1191.960292208251,63.2
870000,1739.9999999726783,-1532806.2754308777,300.7000597996751,1192.810763460571,63.2
875000,1749.9999999724419,-1531551.4025543574,298.88970140710626,1194.1252866747575,63.2
880000,1759.9999999722054,-1531585.3200949933,300.8433074643177,1193.8693586493819,63.2
885000,1769.999999971969,-1536264.5405339412,299.30247840864905,1191.9176165338329,63.2
890000,1779.9999999717324,-1532172.010214516,300.71867267410477,1193.6271072891366,63.2
895000,1789.999999971496,-1529972.903921524,301.11728027541403,1195.375463625408,63.2
900000,1799.9999999712595,-1532289.447824289,299.2058095399498,1193.226678949712,63.2
905000,1809.999999971023,-1533201.6276477883,300.1535435468044,1192.2450790718372,63.2
910000,1819.9999999707866,-1531546.9254494747,301.2588499847658,1192.7178414638754,63.3
915000,1829.99999997055,-1531699.1628339877,300.1847410859153,1193.5568507362116,63.3
920000,1839.9999999703136,-1532499.9166159797,300.18573542979135,1194.9363971423481,63.3
925000,1849.9999999700772,-1532177.3748944812,299.6272249039158,1193.8436865938982,63.3
930000,1859.9999999698407,-1533129.425897304,301.85421338054715,1190.208831716972,63.3
935000,1869.9999999696042,-1530171.4657832962,298.913752099608,1191.4071013902983,63.3
940000,1879.9999999693678,-1532056.4187148167,298.29135497969673,1192.3787998842745,63.3
945000,1889.9999999691313,-1533552.1459338656,300.12051268617205,1192.1934956427888,63.3
950000,1899.9999999688948,-1530154.3502044445,299.80362772217524,1195.0251341171268,63.3
955000,1909.9999999686584,-1531795.2049751543,299.3509526726062,1191.605912937804,63.4
960000,1919.999999968422,-1531571.6749129537,301.4721367461772,1192.5569972226726,63.4
965000,1929.9999999681854,-1531120.7439477406,299.9841632821695,1195.8612479191129,63.4
970000,1939.999999967949,-1532602.6739191217,300.9078465965222,1192.3633648263478,63.4
975000,1949.9999999677125,-1530746.4086107202,299.646707829237,1193.6124598179897,63.4
980000,1959.999999967476,-1533639.5321853869,302.0189948047554,1193.9180472010894,63.4
985000,1969.9999999672395,-1532353.8234104002,300.3342655462754,1190.8504139767956,63.4
990000,1979.999999967003,-1533243.1204085303,300.4805583890384,1192.2279330323227,63.4
995000,1989.9999999667666,-1532116.2611345267,301.0907437232221,1193.7503149218855,63.4
1000000,1999.9999999665301,-1532092.3587701917,300.5547923740343,1193.7399360958718,63.4
1005000,2009.9999999662937,-1533918.8194551822,300.4378637488607,1192.5076285861073,63.4
1010000,2019.9999999660572,-1533169.5171807408,300.62436537211124,1189.5611895818936,63.4
1015000,2029.9999999658207,-1533256.2231555097,299.8401698596199,1193.7354885802142,63.4
1020000,2039.9999999655843,-1530786.8322651386,298.74036338622284,1189.2612850660516,63.4
1025000,2049.999999965348,-1532511.6825872269,300.33268081072293,1193.060672996094,63.4
1030000,2059.9999999651113,-1534881.2549084648,301.1754493921626,1190.9571058868369,63.4
1035000,2069.999999964875,-1533614.597057498,301.7122086457496,1194.423703440723,63.4
1040000,2079.9999999646384,-1531423.625667668,301.136452468274,1191.9384427378877,63.4
1045000,2089.999999964402,-1532992.1918911412,299.4066980761569,1192.2143492585392,63.4
1050000,2099.9999999641655,-1532107.2833934994,301.09897813344554,1195.347818577597,63.4
1055000,2109.999999963929,-1531188.6007616725,298.98807930434236,1192.0702002393384,63.4
1060000,2119.9999999636925,-1531602.0322724422,300.66808542941106,1193.3538421975024,63.4
1065000,2129.999999963456,-1530567.5681059659,300.3674517731384,1195.2946161128962,63.4
1070000,2139.9999999632196,-1533350.5562605625,300.58909723775787,1193.595487138387,63.4
1075000,2149.999999962983,-1532187.5977706034,300.0253974797792,1193.502307437642,63.4
1080000,2159.9999999627466,-1531889.143683183,299.1031435347483,1195.4125877398271,63.4
1085000,2169.99999996251,-1532234.5904182596,301.10497526994794,1192.5531151532996,63.4
1090000,2179.9999999622737,-1532167.7738595102,300.1289024626262,1191.461324810113,63.4
1095000,2189.9999999620372,-1533242.4193271287,299.49413819075653,1189.6552250905233,63.4
1100000,2199.9999999618008,-1532505.4565376816,299.42322904309617,1191.628793787009,63.4
1105000,2209.9999999615643,-1532280.0910752537,301.7868465829452,1192.6261558509766,63.4
1110000,2219.999999961328,-1533315.4187268391,300.85887516062706,1191.570181355524,63.4
1115000,2229.9999999610914,-1533358.5488141188,299.7795770296735,1193.8250428906254,63.4
1120000,2239.999999960855,-1534648.0491085527,299.1001294298741,1189.3791816849496,63.4
1125000,2249.9999999606184,-1531659.138433868,300.6920739754206,1193.7035430204085,63.4
1130000,2259.999999960382,-1531343.2842835775,300.41729325992503,1192.2096878302802,63.4
1135000,2269.9999999601455,-1531777.0307596782,300.0043608921517,1193.1917585860172,63.4
1140000,2279.999999959909,-1532807.499305481,301.0173176426254,1194.0820419155243,63.4
1145000,2289.9999999596726,-1531870.414686651,299.32926354680995,1192.223464760461,63.4
1150000,2299.999999959436,-1532189.6489170007,301.59239020868625,1194.444934155726,63.4
1155000,2309.9999999591996,-1532470.1630750615,301.0141170982744,1193.2015985939217,63.4
1160000,2319.999999958963,-1530551.3680334594,298.1995956838855,1195.5035790320867,63.4
1165000,2329.9999999587267,-1532967.038902768,299.3484978861622,1195.0469794462917,63.4
1170000,2339.99999995849,-1533005.4735657126,301.5009727185825,1193.1360195878503,63.4
1175000,2349.9999999582537,-1532341.450448716,301.09416178029596,1195.5163816456027,63.4
1180000,2359.9999999580173,-1531724.6481148647,300.3440536188052,1197.2249375618305,63.4
1185000,2369.999999957781,-1532378.7132329084,299.8807515190609,1193.3109232802356,63.4
1190000,2379.9999999575443,-1534602.4771655286,300.1018376652501,1195.149691691792,63.4
1195000,2389.999999957308,-1532601.8994944002,301.22355077716617,1193.1414873546942,63.4
1200000,2399.9999999570714,-1533140.465717391,300.565046545256,1194.951958697301,63.4
1205000,2409.999999956835,-1532353.7978505855,301.14903713295513,1191.0963260539454,63.4
1210000,2419.9999999565985,-1534156.6064585587,300.1714728098193,1192.2764063610987,63.4
1215000,2429.999999956362,-1534975.6201908048,299.70481479949336,1191.1665427321539,63.4
1220000,2439.9999999561255,-1531577.3185809515,298.88935960139884,1193.6375229032146,63.4
1225000,2449.999999955889,-1531554.9435887327,301.61936178632396,1194.5480072700962,63.4
1230000,2459.9999999556526,-1531443.9732463853,300.23473793893265,1191.7795631976558,63.4
1235000,2469.999999955416,-1531514.2393704066,299.4818331852905,1196.9686181173474,63.4
1240000,2479.9999999551796,-1532269.3262159843,299.6583602965344,1191.128391967791,63.4
1245000,2489.999999954943,-1532320.0234212792,300.10317381483355,1191.2728269533493,63.4
1250000,2499.9999999547067,-1532328.0799111389,300.3871522111825,1195.584288250072,63.4
1255000,2509.9999999544702,-1533899.894904119,301.1370428599503,1192.1083852238448,63.4
1260000,2519.9999999542338,-1531690.1861066865,301.16152857789797,1191.0213073336527,63.4
1265000,2529.9999999539973,-1531314.5556528252,300.7296415299874,1194.103780579972,63.4
1270000,2539.999999953761,-1532082.3586840462,299.9542708193959,1190.4062959585297,63.4
1275000,2549.9999999535244,-1533917.9735899316,300.1964556997049,1193.459448729154,63.4
1280000,2559.999999953288,-1532468.5061172666,300.8491803078356,1191.971690478707,63.4
1285000,2569.9999999530514,-1528333.667339583,299.7225265497854,1192.298590703635,63.4
1290000,2579.999999952815,-1532599.4783208845,301.2093813769326,1191.932184149149,63.4
1295000,2589.9999999525785,-1531694.4830373246,300.6271308910165,1192.1957503207652,63.4
1300000,2599.999999952342,-1532893.5043099215,300.1093263175665,1191.7966360707737,63.3
1305000,2609.9999999521056,-1533610.7497175792,299.91592643367596,1193.062389946277,63.3
1310000,2619.999999951869,-1530843.4764326522,298.9613563126737,1195.4510585717294,63.3
1315000,2629.9999999516326,-1533492.1290003518,300.74639000964953,1191.2065216837264,63.3
1320000,2639.999999951396,-1532455.0106432913,300.2752574518814,1192.4253934913118,63.3
1325000,2649.9999999511597,-1532594.452284623,298.5874208687888,1192.1055292167773,63.3
1330000,2659.999999950923,-1531663.2816152852,301.07284553345323,1194.6638822135537,63.3
1335000,2669.9999999506867,-1532112.674390044,299.59500194768276,1193.7846420475346,63.3
1340000,2679.9999999504503,-1532088.314498866,298.76466266469373,1193.9459822706558,63.3
1345000,2689.999999950214,-1533868.7252504341,301.4545803621158,1193.5568637949762,63.3
1350000,2699.9999999499773,-1531724.263696175,298.8152499093874,1193.328670886832,63.3
1355000,2709.999999949741,-1532718.8329424253,300.0480498762053,1193.3337197504109,63.3
1360000,2719.9999999495044,-1531536.3591170423,301.93891904948765,1196.0994077141106,63.3
1365000,2729.999999949268,-1534293.565512049,300.7141359801704,1192.1207636041736,63.3
1370000,2739.9999999490315,-1534130.5442027152,300.4377083826301,1190.5948959506281,63.3
1375000,2749.999999948795,-1533353.3087825049,299.9028756703029,1192.9897295865896,63.3
1380000,2759.9999999485585,-1531726.148668019,298.94414173431966,1194.9575669688506,63.3
1385000,2769.999999948322,-1534389.5231105099,302.4766105004585,1189.27167638644,63.3
1390000,2779.9999999480856,-1531804.7585457647,300.39283861522364,1193.629810489523,63.3
1395000,2789.999999947849,-1535315.9459496262,300.749683773739,1193.2074463919819,63.3
1400000,2799.9999999476127,-1531040.6562170312,299.78572953240644,1192.5916090159653,63.3
1405000,2809.999999947376,-1534462.9306983203,300.4010730254471,1192.824331551411,63.3
1410000,2819.9999999471397,-1533518.4169009812,300.0493860257888,1192.3863945968956,63.3
1415000,2829.9999999469032,-1531192.5887602437,300.96359200007294,1193.7821509476887,63.3
1420000,2839.999999946667,-1532764.475000644,299.3571051753392,1195.6534275666631,63.3
1425000,2849.9999999464303,-1530396.1557405787,301.8862188240573,1192.166383926675,63.3
1430000,2859.999999946194,-1533098.449077922,299.0581184011112,1191.7017687054195,63.3
1435000,2869.9999999459574,-1533219.9499576157,299.752419012559,1193.9761148745783,63.3
1440000,2879.999999945721,-1531860.956722688,299.49159018457414,1195.0953559821983,63.3
1445000,2889.9999999454844,-1533949.8382317303,301.3797249121974,1190.301386013173,63.3
1450000,2899.999999945248,-1530669.9379906785,300.6568990608056,1195.2231713906413,63.3
1455000,2909.9999999450115,-1531844.1915765638,301.21279943400646,1192.05726006116,63.3
1460000,2919.999999944775,-1533370.6772266915,301.2155960261578,1192.6980553665621,63.3
1465000,2929.9999999445386,-1533846.6676250966,300.5002277538364,1191.6604156121734,63.3
1470000,2939.999999944302,-1531858.5373673672,300.7848276151079,1192.2884001432587,63.3
1475000,2949.9999999440656,-1535478.462722836,301.1031108751804,1191.2518686585279,63.3
1480000,2959.999999943829,-1534724.3336202726,299.79955712693265,1191.9291662801031,63.3
1485000,2969.9999999435927,-1531124.6409150166,300.19661106593554,1192.4891665788862,63.3
1490000,2979.999999943356,-1533087.7042249627,300.1343713539444,1192.1990249600801,63.3
1495000,2989.9999999431197,-1536431.6596019687,300.2044725972055,1190.3437264039915,63.3
1500000,2999.9999999428833,-1533060.538072532,299.24430929190044,1192.0897179164729,63.3
1505000,3009.999999942647,-1531826.906323418,301.9361224573363,1191.5368222587529,63.3
1510000,3019.9999999424103,-1531712.3821646105,300.93534641934406,1196.5202170419088,63.2
1515000,3029.999999942174,-1531468.1839722376,299.96123122652824,1192.6811522693827,63.2
1520000,3039.9999999419374,-1530263.1492350614,300.0601062957023,1192.4537418506377,63.2
1525000,3049.999999941701,-1531583.3351369845,302.0568730917834,1191.528440129348,63.2
1530000,3059.9999999414645,-1532301.7608801574,299.4170143938709,1192.3607679991853,63.2
1535000,3069.999999941228,-1533611.1819732348,299.78212503585576,1194.854446356523,63.2
1540000,3079.9999999409915,-1534102.7292077886,301.7081069772609,1190.756898199119,63.2
1545000,3089.999999940755,-1530675.6246016892,299.9403500051313,1191.4164345865295,63.2
1550000,3099.9999999405186,-1535275.5360596282,300.5350297894979,1191.3523608630076,63.2
1555000,3109.999999940282,-1532248.9052767977,300.10814553421375,1194.9442927977052,63.2
1560000,3119.9999999400457,-1532194.7909621987,300.3766805272379,1193.206028862253,63.2
1565000,3129.999999939809,-1530776.5418476947,298.6966744021692,1195.5498274308732,63.2
1570000,3139.9999999395727,-1531005.4081908166,300.21043866046176,1194.7015589337539,63.2
1575000,3149.9999999393362,-1533424.092678615,299.79427467509123,1192.9002724912264,63.2
1580000,3159.9999999391,-1530369.143673962,299.13306707076805,1193.9898054597656,63.1
1585000,3169.9999999388633,-1531683.0385847557,300.34473723022,1192.165160800179,63.1
1590000,3179.999999938627,-1530313.9396906346,299.50259011370287,1192.2963232361988,63.1
1595000,3189.9999999383904,-1530940.4430448748,301.3566374903255,1192.2958001019747,63.1
1600000,3199.999999938154,-1530433.8794122245,300.2809749291687,1191.5556171623682,63.1
1605000,3209.9999999379174,-1534091.224615342,300.120015514234,1193.3079245082395,63.1
1610000,3219.999999937681,-1532127.7024119627,300.7642881994184,1193.339466123309,63.1
1615000,3229.9999999374445,-1532516.2032502666,299.9707085665968,1191.6098327862958,63.1
1620000,3239.999999937208,-1533713.265590826,300.8795388693011,1192.3831867842457,63.1
1625000,3249.9999999369716,-1532922.3244293276,299.3535628252808,1192.364260118108,63.1
1630000,3259.999999936735,-1532496.699479404,301.6523305004641,1194.498164734272,63.1
1635000,3269.9999999364986,-1531993.9208323592,299.0795589409384,1193.2467602100137,63.1
1640000,3279.999999936262,-1531092.0508585358,300.34467508372774,1193.0397638280451,63.1
1645000,3289.9999999360257,-1531006.9392082375,300.2206928316835,1192.796174080195,63.1
1650000,3299.999999935789,-1531638.958970815,300.78035306766566,1191.9656438696602,63.1
1655000,3309.9999999355528,-1532350.5446700659,300.60761689244913,1195.6314729780358,63.1
1660000,3319.9999999353163,-1532536.564729305,301.0007866756862,1192.5680943813313,63.1
1665000,3329.99999993508,-1533261.3709406722,299.387059784605,1191.6372604332025,63.1
1670000,3339.9999999348433,-1532090.227020639,301.10907693843666,1192.8280764371045,63.1
1675000,3349.999999934607,-1533232.245673214,301.3071999557384,1193.8125853860856,63.1
1680000,3359.9999999343704,-1533197.730814715,300.6480121124134,1194.287839565794,63.1
1685000,3369.999999934134,-1530081.202656297,300.9527163639287,1191.3677812844335,63.1
1690000,3379.9999999338975,-1530241.376289133,298.19027371004756,1194.6857573165762,63.1
1695000,3389.999999933661,-1533029.2096857186,300.4576263333971,1193.7095028605138,63.1
1700000,3399.9999999334245,-1534435.197304611,299.0609771397548,1193.8250346046275,63.1
1705000,3409.999999933188,-1532080.28842319,301.0406847237125,1193.3357928548533,63.1
1710000,3419.9999999329516,-1531191.728330874,301.2058390268742,1194.4532924198934,63.1
1715000,3429.999999932715,-1532594.2512737904,300.37425681404005,1193.9069984438515,63.1
1720000,3439.9999999324787,-1531609.7409497583,300.7656554222479,1193.3480922719439,63.1
1725000,3449.999999932242,-1531295.985410911,301.0347497337023,1194.350695091165,63.1
1730000,3459.9999999320057,-1530767.273520207,301.00131492087036,1196.7962640037522,63.1
1735000,3469.9999999317693,-1533506.9775683861,300.08375303600457,1194.618521610272,63.1
1740000,3479.999999931533,-1531128.0951699233,299.7136706746394,1193.7127492285933,63.1
1745000,3489.9999999312963,-1531565.195340518,300.0886315356464,1194.5073734101795,63.1
1750000,3499.99999993106,-1533010.0975537952,299.66134332816256,1194.7489807124275,63.1
1755000,3509.9999999308234,-1531847.392266198,299.84663309481414,1195.3723918015146,63.1
1760000,3519.999999930587,-1530956.3691250319,299.8420964008797,1192.023491459807,63.1
1765000,3529.9999999303504,-1532787.1487798318,301.528627907635,1192.373379083263,63.1
1770000,3539.999999930114,-1533648.1398363616,300.40865489750195,1191.8485650318316,63.1
1775000,3549.9999999298775,-1531880.9936476108,301.2787368622866,1191.133947906944,63.1
1780000,3559.999999929641,-1533251.37647166,299.4215510878053,1193.3574338722171,63.1
1785000,3569.9999999294046,-1531900.5014494285,300.80269473163054,1194.2577157201572,63.1
1790000,3579.999999929168,-1533816.3166477475,298.86384846632905,1193.1190417616867,63.1
1795000,3589.9999999289316,-1530792.537144403,299.24343924100896,1195.3876469701675,63.1
1800000,3599.999999928695,-1535274.1310016317,299.55165476933644,1189.610229066237,63.2
1805000,3609.9999999284587,-1531126.8896015398,299.1657871989391,1195.577377800262,63.2
1810000,3619.999999928222,-1531730.4569913652,301.09714481192407,1191.1420859652474,63.2
1815000,3629.9999999279858,-1531508.9532089839,300.36114390417475,1194.6308981301752,63.2
1820000,3639.9999999277493,-1532832.3657150054,300.84178487525753,1192.7966705701556,63.2
1825000,3649.999999927513,-1530971.3138407385,299.97005602842813,1194.908439089513,63.2
1830000,3659.9999999272763,-1532621.583343234,300.12759738628887,1194.7157263841461,63.2
1835000,3669.99999992704,-1533996.7127735782,301.8173915838874,1190.9089571997727,63.2
1840000,3679.9999999268034,-1532187.3616210232,301.1685200582764,1192.3377434727402,63.2
1845000,3689.999999926567,-1535414.60118258,300.5961508646285,1191.553929748201,63.2
1850000,3699.9999999263305,-1536101.234613889,301.50059983962893,1191.8057925663377,63.2
1855000,3709.999999926094,-1529795.2760576615,300.81092914185405,1194.0766349996766,63.2
1860000,3719.9999999258575,-1535066.8204387166,300.08235473992886,1192.2588743093165,63.2
1865000,3729.999999925621,-1533583.6598662278,299.9135027204781,1192.456958465391,63.2
1870000,3739.9999999253846,-1530523.9995806525,300.0422391791797,1194.3105765221724,63.2
1875000,3749.999999925148,-1533245.7469355492,301.25303928774014,1193.745206285165,63.2
1880000,3759.9999999249117,-1533654.2645325372,301.5072805875462,1191.8400896685096,63.2
1885000,3769.999999924675,-1532876.1475193314,302.26916550931884,1193.7338780855375,63.2
1890000,3779.9999999244387,-1530993.4527943665,299.6940323830875,1192.4478240032847,63.2
1895000,3789.9999999242023,-1531233.6386479381,300.62883991955346,1193.4629556724142,63.2
1900000,3799.999999923966,-1532110.153921905,301.15313880144384,1192.2422000134766,63.2
1905000,3809.9999999237293,-1532091.987093429,299.99019149191804,1192.5789892469318,63.2
1910000,3819.999999923493,-1533043.4710482303,300.68772372096294,1191.647224040137,63.2
1915000,3829.9999999232564,-1531949.3627338698,300.5384478465718,1193.146008570753,63.2
1920000,3839.99999992302,-1532682.3135384964,299.4845054844574,1192.8414009433727,63.2
1925000,3849.9999999227834,-1535171.4266108926,301.8292304906616,1191.1054688593251,63.2
1930000,3859.999999922547,-1535525.9172015619,299.70055776477403,1191.3806017499326,63.2
1935000,3869.9999999223105,-1534585.444606116,299.77876912527415,1190.9664897267598,63.2
1940000,3879.999999922074,-1532723.4589303816,300.1236200107847,1191.0590953902038,63.2
1945000,3889.9999999218376,-1530976.196485795,300.6064361090963,1193.3501567907238,63.2
1950000,3899.999999921601,-1531166.9732518373,300.06116278607067,1195.2421341230024,63.2
1955000,3909.9999999213646,-1532926.9374942034,299.0785024505701,1194.6725034651668,63.2
1960000,3919.999999921128,-1530927.1916500796,299.7676449031609,1193.094639174177,63.2
1965000,3929.9999999208917,-1532808.942642942,298.75273053818114,1193.3885973031038,63.2
1970000,3939.9999999206552,-1535341.6819824213,298.99578546938164,1191.9722862954507,63.2
1975000,3949.9999999204188,-1530853.2245327458,300.5521822213597,1193.6949685306688,63.2
1980000,3959.9999999201823,-1534111.0911018988,300.7947089073761,1193.2738603575829,63.2
1985000,3969.999999919946,-1532809.6142084487,298.624833057125,1194.8185614254605,63.2
1990000,3979.9999999197094,-1531855.099194182,299.2340240474326,1195.156278830895,63.2
1995000,3989.999999919473,-1532254.9787931396,300.13297305786875,1194.3945253588215,63.2
2000000,3999.9999999192364,-1533175.2966926815,300.2847658651961,1193.7178851366114,63.2
2005000,4009.999999919,-1531834.073685741,300.5547923740343,1192.909336174161,63.2
2010000,4019.9999999187635,-1532213.5890110377,300.0735299380289,1192.8825500065918,63.2
2015000,4029.999999918527,-1531631.7464485476,299.40800315249425,1195.144221298915,63.2
2020000,4039.9999999182905,-1531383.6750695165,299.8989915145371,1194.3185690642674,63.2
2025000,4049.999999918054,-1534681.4702636832,300.4673522594347,1192.5438263451774,63.2
2030000,4059.9999999178176,-1534741.3471196322,300.2443084987395,1193.3388282673113,63.2
2035000,4069.999999917581,-1531787.2656615963,299.38556826879096,1191.0332434123595,63.2
2040000,4079.9999999173447,-1531824.7050269712,299.9151185292767,1193.6577156232627,63.2
2045000,4089.999999917108,-1533113.9196708137,300.679116431786,1189.9221052010812,63.2
2050000,4099.999999917781,-1533967.2676380463,300.97480944192455,1193.8531283438929,63.2
2055000,4109.999999919818,-1531512.6220176723,300.3151554999077,1193.0689117076731,63.2
2060000,4119.999999921855,-1533286.1339762807,299.62731812365416,1191.2775087040347,63.2
2065000,4129.999999923893,-1533457.5366051644,300.99382626855385,1193.5301806893556,63.2
2070000,4139.99999992593,-1533685.6359460428,300.3489631916932,1192.019651335764,63.2
2075000,4149.999999927967,-1530183.9262138177,300.7746045171323,1195.5544842698123,63.2
2080000,4159.999999930004,-1533275.4460773729,301.65553104481506,1192.4695912457394,63.2
2085000,4169.999999932042,-1531983.7550779441,299.5137764823084,1194.6093216837157,63.2
2090000,4179.999999934079,-1533551.7481520139,300.26932246187124,1194.6972587455352,63.2
2095000,4189.999999936116,-1529814.2897611978,300.3377146765954,1192.6256294306331,63.2
2100000,4199.999999938153,-1532777.478351079,300.2634496183534,1192.8290882958318,63.2
2105000,4209.999999940191,-1533866.3473489005,300.1116257377799,1193.7001952075502,63.2
2110000,4219.999999942228,-1533294.4206791744,300.3262797220209,1192.2773564332758,63.2
2115000,4229.999999944265,-1533800.4517698241,299.92061849384106,1194.2214816874105,63.2
2120000,4239.9999999463025,-1533422.6066980483,300.5537669569121,1193.5106796961118,63.2
2125000,4249.99999994834,-1534309.2046174603,300.65901204154216,1189.5793927366908,63.2
2130000,4259.999999950377,-1533175.0222111838,300.27864443570917,1191.1951731885126,63.2
2135000,4269.999999952414,-1532958.0829247236,300.8365645699083,1191.4290084380514,63.2
2140000,4279.999999954452,-1532447.77034109,300.1016512257733,1191.9499890548975,63.2
2145000,4289.999999956489,-1532272.8062418308,300.43444569178683,1194.0768017255791,63.2
2150000,4299.999999958526,-1531869.8408643734,300.6164106211029,1192.7042180747972,63.2
2155000,4309.999999960563,-1532304.9086322738,300.8587508676425,1194.3724926003365,63.2
2160000,4319.999999962601,-1532756.9309379337,299.7731137944791,1194.4717167742124,63.2
2165000,4329.999999964638,-1535747.9574029427,300.62010833739197,1192.3264598069325,63.3
2170000,4339.999999966675,-1532567.3453272907,299.46496041264385,1193.7542519944686,63.3
2175000,4349.9999999687125,-1531466.6402720101,302.1078953619229,1195.4192467332282,63.3
2180000,4359.99999997075,-1532526.0785402823,300.63291051479604,1192.1991317267673,63.3
2185000,4369.999999972787,-1533989.3516367925,299.0325761927953,1195.154671742182,63.3
2190000,4379.999999974824,-1530857.0925710732,300.03664599487695,1194.6531144263272,63.3
2195000,4389.999999976862,-1530952.7604988413,302.4945086902273,1194.8800816087673,63.3
2200000,4399.999999978899,-1531833.0976127554,300.71307948980206,1195.4822810638132,63.3
2205000,4409.999999980936,-1531912.4325572634,300.32441532725335,1192.627728897594,63.3
2210000,4419.999999982973,-1531330.6736483658,299.9634063537571,1197.485116728309,63.3
2215000,4429.999999985011,-1530729.5490522142,300.68735084200944,1193.1925622117922,63.3
2220000,4439.999999987048,-1530612.926208838,301.76574784882536,1195.810590479667,63.3
2225000,4449.999999989085,-1532019.6435549185,298.78249870797026,1194.4836830445015,63.3
2230000,4459.999999991122,-1532481.9547699392,299.9736605249788,1190.4727391846156,63.3
2235000,4469.99999999316,-1534882.405303237,300.92465722267656,1192.568589953611,63.3
2240000,4479.999999995197,-1533825.8993728226,299.3938958987528,1193.490580512304,63.3
2245000,4489.999999997234,-1532062.4436496794,299.50488953391624,1193.332291034017,63.3
2250000,4499.9999999992715,-1530534.7324625952,300.4027820539841,1195.3521284990802,63.3
2255000,4510.000000001309,-1533041.2673165407,300.1635802053032,1193.9973493220366,63.3
2260000,4520.000000003346,-1530775.3218160467,300.2819381997986,1195.7938756749593,63.3
2265000,4530.000000005383,-1532481.418534506,299.4092460823393,1191.9134958306477,63.3
2270000,4540.000000007421,-1533163.9567388333,300.1228121063854,1193.2228457477268,63.3
2275000,4550.000000009458,-1531673.560552775,299.5467141232024,1192.5687460590195,63.3
2280000,4560.000000011495,-1532244.8494819226,300.9982075962577,1190.847573170656,63.3
2285000,4570.000000013532,-1533464.3683017418,300.4237875683655,1190.3258575346551,63.3
2290000,4580.00000001557,-1534160.9842352942,298.5750226435844,1191.3190697681778,63.3
2295000,4590.000000017607,-1531284.994201989,299.83920658898995,1194.4764888116617,63.3
2300000,4600.000000019644,-1533094.184635737,300.6357071069474,1192.746891341416,63.3
2305000,4610.000000021681,-1532710.4921510238,300.0918320799974,1192.883035528126,63.3
2310000,4620.000000023719,-1532947.875106858,300.52632928058256,1193.3246911659382,63.3
2315000,4630.000000025756,-1532106.2889842968,301.5644242871726,1192.3929427843254,63.3
2320000,4640.000000027793,-1533796.0504896091,298.56262441838,1190.3691899152536,63.3
2325000,4650.0000000298305,-1532495.2844831143,300.47070817001634,1193.3974405879012,63.3
2330000,4660.000000031868,-1533439.7017345838,299.66003825182526,1191.8912742117311,63.3
2335000,4670.000000033905,-1533937.5283757187,298.52278851684594,1191.4654884452837,63.3
2340000,4680.000000035942,-1532529.9640352782,299.56277899144965,1191.785868161919,63.3
2345000,4690.00000003798,-1532553.7189018913,300.9474960585795,1193.101364044339,63.3
2350000,4700.000000040017,-1531798.8977239728,300.61877218780853,1191.9337871503153,63.3
2355000,4710.000000042054,-1533458.839420395,298.5756130352608,1192.0597885501134,63.3
2360000,4720.000000044091,-1534323.0313936174,300.80608171545833,1190.6928793893292,63.3
2365000,4730.000000046129,-1530913.3223330304,299.4190341548691,1190.9867332613521,63.3
2370000,4740.000000048166,-1532733.4660914969,301.9536477681516,1189.1617308714704,63.3
2375000,4750.000000050203,-1534255.220082556,300.2477887023057,1191.8214492129184,63.3
2380000,4760.0000000522405,-1535420.000892247,301.0339729025492,1194.939105098444,63.3
2385000,4770.000000054278,-1531912.6133721713,301.00190531254674,1191.5824551113658,63.3
2390000,4780.000000056315,-1533873.6672530947,300.9295978688107,1190.1361139517326,63.3
2395000,4790.000000058352,-1534093.8286245763,301.5777857830069,1193.2160101574905,63.3
2400000,4800.0000000603895,-1533127.5096482672,300.61025811836987,1193.092560433916,63.3
2405000,4810.000000062427,-1535266.0689759897,299.41583361051806,1193.2297207958761,63.3
2410000,4820.000000064464,-1533239.294906565,300.8425927796568,1191.0226126898558,63.3
2415000,4830.000000066501,-1532774.9104150347,298.61004219196883,1194.6253662503834,63.3
2420000,4840.000000068539,-1535628.7110120151,299.1235586574533,1189.089799927319,63.3
2425000,4850.000000070576,-1532196.850904394,299.71842488129676,1190.3589235677794,63.3
2430000,4860.000000072613,-1531841.699008232,300.05292837584716,1194.709847810475,63.3
2435000,4870.00000007465,-1533034.5027180389,299.6556879973676,1191.8309732471344,63.3
2440000,4880.000000076688,-1534908.5477054669,300.3644687415102,1194.106245983659,63.3
2445000,4890.000000078725,-1531411.200160564,300.00423659916714,1195.0633321907903,63.3
2450000,4900.000000080762,-1531215.2829909576,300.34538976838866,1192.6376581806592,63.3
2455000,4910.0000000827995,-1533107.439111297,300.2985623864762,1189.5211575896064,63.3
2460000,4920.000000084837,-1531962.208962366,299.7994017607021,1191.6357186318583,63.3
2465000,4930.000000086874,-1533711.679332111,299.0465280803061,1193.9158055237879,63.3
2470000,4940.000000088911,-1532978.2966254903,300.13179227451593,1191.6001548380502,63.3
2475000,4950.000000090949,-1534554.4838841232,300.5550409600033,1192.9209169277133,63.3
2480000,4960.000000092986,-1531395.7751239724,300.3817454663565,1192.871789773764,63.3
2485000,4970.000000095023,-1535089.382265959,300.61187392716846,1192.268726328573,63.3
2490000,4980.00000009706,-1533092.9779639943,300.2944917912336,1194.8937441686976,63.3
2495000,4990.000000099098,-1534622.0440609865,300.2743252544976,1192.0839121693266,63.3
2500000,5000.000000101135,-1533543.583734055,301.7613975943677,1193.6082886598365,63.3
2505000,5010.000000103172,-1534077.7372509455,300.7480058184481,1191.6057531384524,63.3
2510000,5020.000000105209,-1531348.694977847,300.0775694600254,1192.9538261801383,63.3
2515000,5030.000000107247,-1534240.329409699,299.30222982268003,1195.12387527395,63.3
2520000,5040.000000109284,-1532945.4738988,300.8996432595448,1189.508480688666,63.3
2525000,5050.000000111321,-1535692.8982069613,300.40713230844176,1191.0357167398327,63.3
2530000,5060.0000001133585,-1533346.8327298407,300.9226996081706,1191.1675095731748,63.3
2535000,5070.000000115396,-1532678.5683271522,300.21814482550116,1193.342106082772,63.3
2540000,5080.000000117433,-1533743.6221010135,299.3534385322963,1192.7968932357044,63.3
2545000,5090.00000011947,-1534098.3045262462,299.24816237442013,1192.7598827232398,63.3
2550000,5100.000000121508,-1533708.4806016618,301.2607454527795,1191.8429425137833,63.3
2555000,5110.000000123545,-1532786.4028068027,300.5654194242095,1195.547128800205,63.3
2560000,5120.000000125582,-1531863.7272526752,300.8959766165019,1195.033381527977,63.3
2565000,5130.000000127619,-1533101.892739485,300.45719130795135,1193.1181391758805,63.3
2570000,5140.000000129657,-1532160.119422242,300.2063369919731,1191.911409195227,63.3
2575000,5150.000000131694,-1532071.2699102797,302.1487566805791,1193.2447075371254,63.3
2580000,5160.000000133731,-1531441.3546761572,301.54503458158973,1196.1270826574735,63.3
2585000,5170.0000001357685,-1533400.9558681762,299.978880830328,1189.7320444611587,63.3
2590000,5180.000000137806,-1531142.2034705365,300.56119346273636,1194.3960431473536,63.3
2595000,5190.000000139843,-1532788.5881432798,300.8774569618106,1191.0584397010175,63.3
2600000,5200.00000014188,-1532139.0823939797,301.1879719103515,1193.681770863087,63.3
2605000,5210.0000001439175,-1534516.1127838194,299.4188166421462,1189.3305013155632,63.3
2610000,5220.000000145955,-1532545.0102039436,300.77715252331467,1193.0339126025651,63.3
2615000,5230.000000147992,-1532179.0141680613,301.00265107045374,1191.9071139317582,63.3
2620000,5240.000000150029,-1533619.1470447844,300.3049634751782,1190.9969907485743,63.3
2625000,5250.000000152067,-1535520.6936843134,300.4314937334048,1190.0992285946083,63.3
2630000,5260.000000154104,-1532471.4526572395,299.3909750136169,1190.8558307636774,63.3
2635000,5270.000000156141,-1533231.6860480448,300.4486461652666,1193.0869734955038,63.3
2640000,5280.000000158178,-1532027.4805111066,300.0522447644324,1193.7343386157172,63.3
2645000,5290.000000160216,-1532091.0080263494,300.8105873361466,1193.0135136396668,63.3
2650000,5300.000000162253,-1532767.608690003,300.3890476791962,1195.2649881937696,63.3
2655000,5310.00000016429,-1531852.7360497816,301.42092803656095,1194.2552355306293,63.2
2660000,5320.0000001663275,-1532149.2413549442,301.46160291574034,1194.2116208606956,63.2
2665000,5330.000000168365,-1529545.803919104,300.300240341767,1195.8812570058376,63.2
2670000,5340.000000170402,-1532227.4572378667,300.4562901838137,1192.9604505965056,63.3
2675000,5350.000000172439,-1533909.048477278,299.29697844408463,1193.4843718355849,63.3
2680000,5360.000000174477,-1532478.5984845394,300.83367475801856,1194.2510893861438,63.3
2685000,5370.000000176514,-1532618.750539991,300.4563212570598,1192.5854243556696,63.3
2690000,5380.000000178551,-1532370.770722189,299.9660165064317,1192.5578949070664,63.3
2695000,5390.000000180588,-1532666.9137891913,300.64322683251,1191.443182158438,63.3
2700000,5400.000000182626,-1533246.7629386093,300.20428615772875,1192.3677584793054,63.3
2705000,5410.000000184663,-1532592.459881505,301.8589365139583,1190.804872978048,63.3
2710000,5420.0000001867,-1533440.31944805,299.69250979402733,1190.669948228284,63.3
2715000,5430.000000188737,-1533497.7444678852,300.1878173372818,1193.2718699900022,63.3
2720000,5440.000000190775,-1532960.3409369579,300.8248499561186,1193.9809470331365,63.3
2725000,5450.000000192812,-1531587.8598672738,301.50898961608306,1193.5968771804394,63.3
2730000,5460.000000194849,-1534381.5639742538,300.1430718628598,1188.8278681443035,63.3
2735000,5470.0000001968865,-1535035.7195814094,300.7933106113004,1190.935857774287,63.3
2740000,5480.000000198924,-1534731.7538499553,299.93289242606096,1192.9568322220928,63.3
2745000,5490.000000200961,-1534063.0373022575,298.11162732410173,1190.6372798851487,63.3
2750000,5500.000000202998,-1532050.8692369303,299.99218017967013,1193.959414622298,63.3
2755000,5510.000000205036,-1531698.6720954636,301.2426297502878,1192.4136136298248,63.3
2760000,5520.000000207073,-1534064.7753452864,299.7127695505017,1191.8566676357125,63.3
2765000,5530.00000020911,-1533543.0887616202,301.70785839129195,1191.8553072736743,63.3
2770000,5540.000000211147,-1531144.1524260174,301.54941590929354,1194.2145336606848,63.3
2775000,5550.000000213185,-1532975.8042736053,300.7547487128576,1191.0734387147688,63.3
2780000,5560.000000215222,-1532435.4944465961,301.3516968441914,1190.0864850190426,63.3
2785000,5570.000000217259,-1530273.993620526,300.64397259041704,1193.8373379563352,63.3
2790000,5580.000000219296,-1531092.0174600435,300.390477048518,1194.394587274167,63.3
2795000,5590.000000221334,-1533789.821931214,301.04599824880006,1193.6443264325094,63.3
2800000,5600.000000223371,-1533051.7888549222,301.0462468347691,1194.3777887549925,63.3
2805000,5610.000000225408,-1534011.3422478763,301.297256516978,1193.166291187597,63.3
2810000,5620.0000002274455,-1532686.4750864636,300.97856930470584,1193.7278583622804,63.3
2815000,5630.000000229483,-1532848.7056577438,300.037888924722,1191.529137822033,63.3
2820000,5640.00000023152,-1533102.9889653688,300.3830505426938,1192.6103928107425,63.3
2825000,5650.000000233557,-1533092.8009443143,301.0250548809109,1191.9123409243664,63.3
2830000,5660.000000235595,-1534039.2509710686,300.07819092494793,1193.8972718778061,63.3
2835000,5670.000000237632,-1530887.3610624,299.05653366555873,1194.0694483802588,63.3
2840000,5680.000000239669,-1534438.7979121571,299.6979165388533,1192.6499596540611,63.3
2845000,5690.000000241706,-1533443.5403543897,299.8102152503541,1192.925517533645,63.3
2850000,5700.000000243744,-1532669.446951867,300.9335130978226,1190.75948530475,63.3
2855000,5710.000000245781,-1531802.3969591502,300.2063369919731,1189.5677250031329,63.3
2860000,5720.000000247818,-1535161.5119012296,300.4077537733643,1194.415021584173,63.3
2865000,5730.0000002498555,-1534262.26789325,298.3902921953631,1190.6949792793641,63.4
2870000,5740.000000251893,-1533567.372056731,299.5612253291434,1190.4175775752044,63.4
2875000,5750.00000025393,-1533529.3206935376,301.76043432373774,1192.626898129396,63.4
2880000,5760.000000255967,-1533989.6642248267,300.19919014536407,1194.28725703856,63.4
2885000,5770.000000258005,-1531993.121169311,301.16093818622153,1193.7734193409387,63.4
2890000,5780.000000260042,-1531075.1014261926,299.8882712446235,1192.7879257266936,63.4
2895000,5790.000000262079,-1532087.3834411437,299.8547742852993,1193.709208889901,63.4
2900000,5800.000000264116,-1531579.1081049107,300.18601508900645,1192.977148856007,63.4
2905000,5810.000000266154,-1530938.9400396673,299.68374713861965,1194.3749133745112,63.4
2910000,5820.000000268191,-1534126.6716095153,299.53248257647647,1191.7827400298543,63.4
2915000,5830.000000270228,-1532984.594458324,300.1127754478866,1195.8418012582738,63.4
2920000,5840.000000272265,-1532189.9173491625,301.1696076218908,1193.0959941025512,63.4
2925000,5850.000000274303,-1531944.2162344651,298.9718590698644,1197.5841262418498,63.4
2930000,5860.00000027634,-1533390.6529634213,300.4605161452869,1194.605738565188,63.4
2935000,5870.000000278377,-1530568.8086703708,301.0679981070575,1196.2373230366316,63.4
2940000,5880.0000002804145,-1532245.8830269445,299.90446040585533,1193.6982816512016,63.4
2945000,5890.000000282452,-1531179.6515013687,300.51601296286856,1193.5048987999078,63.4
2950000,5900.000000284489,-1533259.878649081,299.9005451768434,1190.8065718168136,63.4
2955000,5910.000000286526,-1531543.1910229642,300.7158139354612,1191.6166058306326,63.4
2960000,5920.000000288564,-1531207.6334998915,299.77348667343267,1194.9929895263301,63.4
2965000,5930.000000290601,-1532219.5988491643,301.0605094547411,1194.7683537194603,63.4
2970000,5940.000000292638,-1532819.1610243246,301.57884227337524,1190.7650742305937,63.4
2975000,5950.000000294675,-1531289.3342778971,300.52632928058256,1195.9390118593785,63.4
2980000,5960.000000296713,-1534155.6790084094,299.8834238182278,1190.8959768794216,63.4
2985000,5970.00000029875,-1532348.8864366207,301.6330340146196,1191.5934662836705,63.4
2990000,5980.000000300787,-1532441.3080093376,300.1314504688085,1193.4792196032686,63.4
2995000,5990.000000302824,-1531835.4024616424,299.7426620132753,1192.575128425711,63.4
3000000,6000.000000304862,-1532857.6933014896,300.11827541245094,1195.107252591366,63.4
3005000,6010.000000306899,-1533077.128647102,301.4818005257225,1194.3759627609436,63.4
3010000,6020.000000308936,-1534342.8181108935,299.84442689433916,1191.7550420709445,63.4
3015000,6030.0000003109735,-1530318.0993051436,299.71948137166504,1194.2534058926556,63.4
3020000,6040.000000313011,-1533415.7333480082,301.64415823673284,1195.1805552514907,63.4
3025000,6050.000000315048,-1532174.4155966379,301.05159143310283,1192.563326831282,63.4
3030000,6060.000000317085,-1533928.576137675,300.1815405415643,1192.8613867166662,63.4
3035000,6070.000000319123,-1530972.8145386176,300.12809455822685,1194.2062821632353,63.4
3040000,6080.00000032116,-1531315.2264110455,300.0292505622989,1191.639085844109,63.4
3045000,6090.000000323197,-1534196.2828787556,299.7059334363539,1192.6827860122075,63.4
3050000,6100.000000325234,-1534027.3823612817,301.1391247674408,1191.414009518218,63.4
3055000,6110.000000327272,-1531987.0839423016,300.43892023922905,1192.2299647907503,63.4
3060000,6120.000000329309,-1531934.2371733403,299.94920588027736,1190.7921194116636,63.4
3065000,6130.000000331346,-1532354.341413239,299.6262305600398,1192.9004700419862,63.4
3070000,6140.0000003333835,-1535056.2236916516,300.34964680310793,1192.0924472306856,63.4
3075000,6150.000000335421,-1532885.4370954754,301.00473297794423,1194.4621926693442,63.4
3080000,6160.000000337458,-1532511.0480134059,301.31686373528373,1195.535384491526,63.4
3085000,6170.000000339495,-1534455.7863655183,300.37991214483503,1190.0119954033087,63.4
3090000,6180.0000003415325,-1533016.5614293702,299.65935464041047,1194.681233473588,63.4
3095000,6190.00000034357,-1533407.4899669122,300.03720531330725,1192.8053237432,63.4
3100000,6200.000000345607,-1533632.9817070132,299.8690990517635,1192.5188811614698,63.4
3105000,6210.000000347644,-1535907.8826506492,301.66028525147243,1193.2270965873934,63.4
3110000,6220.000000349682,-1534291.7185399635,300.249342364612,1190.6175980616879,63.4
3115000,6230.000000351719,-1537647.989169022,300.2072691893569,1191.5811139876928,63.5
3120000,6240.000000353756,-1532038.5282127438,299.5127199919401,1195.1857677426526,63.5
3125000,6250.000000355793,-1531644.3183967685,299.9020677659036,1194.8967113314416,63.5
3130000,6260.000000357831,-1533219.258396686,300.35965238836064,1193.2245393433293,63.5
3135000,6270.000000359868,-1533303.1960892444,301.17172060262743,1191.4588360716145,63.5
3140000,6280.000000361905,-1534035.6999032553,300.7738587592252,1190.3326037388297,63.5
3145000,6290.0000003639425,-1533299.956133536,299.43901425212835,1192.517995509057,63.5
3150000,6300.00000036598,-1533630.7957014702,300.43491179047874,1192.0032725489893,63.5
3155000,6310.000000368017,-1533568.5881354064,299.27006901293925,1193.8873062798743,63.5
3160000,6320.000000370054,-1532767.1878381968,299.31419302243864,1193.4015550506772,63.5
3165000,6330.000000372092,-1533657.443608326,299.8730764272677,1191.264575274342,63.5
3170000,6340.000000374129,-1531329.175652855,300.5711369014968,1192.495935559809,63.5
3175000,6350.000000376166,-1532268.24811472,299.37289038437143,1194.236233516557,63.5
3180000,6360.000000378203,-1532762.6175662838,299.84318396449413,1193.5736942105445,63.5
3185000,6370.000000380241,-1533184.225703382,298.95110214145194,1191.387307310183,63.5
3190000,6380.000000382278,-1532682.7470397782,301.58667273139906,1192.9493569449537,63.5
3195000,6390.000000384315,-1533230.8773596985,300.36804216481477,1192.0891956766836,63.5
3200000,6400.000000386352,-1530762.077764783,300.8503610911884,1194.0832117284665,63.5
3205000,6410.00000038839,-1532849.4577969797,299.5871093431666,1193.6975848091206,63.5
3210000,6420.000000390427,-1532590.30191404,300.1405860031697,1193.6755440794466,63.5
3215000,6430.000000392464,-1531476.0081979968,301.0518089458257,1196.0110240099898,63.5
3220000,6440.0000003945015,-1535817.1966389222,300.3896691441187,1190.511661331318,63.5
3225000,6450.000000396539,-1532042.1066009821,298.35424722985647,1193.8685367504129,63.5
3230000,6460.000000398576,-1534329.859068471,301.5675626850313,1192.2260465093468,63.5
3235000,6470.000000400613,-1532406.8138850396,300.3793528264048,1192.5609121008083,63.5
3240000,6480.000000402651,-1532309.6334036542,298.62390085974124,1194.1038391134682,63.5
3245000,6490.000000404688,-1531900.6433091927,300.1304561249325,1194.9265858985734,63.5
3250000,6500.000000406725,-1531489.5798857128,300.78647449715254,1194.00100431365,63.5
3255000,6510.000000408762,-1532075.5750282705,301.8432134514184,1191.1991129899802,63.5
3260000,6520.0000004108,-1532625.5232524378,300.86776210901917,1195.5772463212918,63.5
3265000,6530.000000412837,-1530820.331580772,300.043295669548,1194.9680768901287,63.5
3270000,6540.000000414874,-1534071.5205966234,299.783896210885,1192.984713242811,63.5
3275000,6550.0000004169115,-1532631.915566763,299.7799188353808,1192.9169462557782,63.5
3280000,6560.000000418949,-1532932.7366408445,300.83451373566396,1192.4145132595395,63.5
3285000,6570.000000420986,-1533781.931165059,298.4380207014132,1193.1218990639074,63.5
3290000,6580.000000423023,-1534094.8419098612,299.37506551160027,1192.6979585003578,63.5
3295000,6590.0000004250605,-1532469.8220005808,301.22031915956904,1193.4196551139573,63.5
3300000,6600.000000427098,-1532164.5119491005,299.95722277777793,1191.7211870154742,63.5
3305000,6610.000000429135,-1531200.9041301133,298.7081715032359,1195.1476698160218,63.5
3310000,6620.000000431172,-1533483.4471731922,300.62138234048314,1192.6888460663556,63.5
3315000,6630.00000043321,-1531693.6606956096,300.760031164699,1194.0384657089273,63.5
3320000,6640.000000435247,-1534248.4347409224,300.8269940101014,1193.143303531466,63.5
3325000,6650.000000437284,-1533001.9109676937,299.8812486909989,1194.3782406270466,63.5
3330000,6660.000000439321,-1533996.5468405122,300.83457588215623,1190.3466817745332,63.5
3335000,6670.000000441359,-1532696.0082347263,300.05855263339606,1192.0432143511644,63.5
3340000,6680.000000443396,-1533274.4698314099,300.3136950573397,1191.6900146170117,63.5
3345000,6690.000000445433,-1533504.1632200787,300.42329039642743,1191.7390049745811,63.5
3350000,6700.0000004474705,-1531491.333378042,300.210252220985,1193.4483967841256,63.5
3355000,6710.000000449508,-1532519.8530288339,299.95265501059737,1191.7325586917107,63.5
3360000,6720.000000451545,-1532976.6753389854,301.13300333795394,1192.2498252029711,63.5
3365000,6730.000000453582,-1531585.2306069192,299.21597049143315,1194.1155205265088,63.5
3370000,6740.00000045562,-1531236.810108862,301.4445747768631,1194.4368235905472,63.5
3375000,6750.000000457657,-1532645.9500313606,300.23013909850596,1195.0229579713698,63.5
3380000,6760.000000459694,-1533050.5925968168,300.107710508768,1192.6344523688656,63.5
3385000,6770.000000461731,-1531926.6296507167,300.07166554326136,1193.3398487036511,63.5
3390000,6780.000000463769,-1531083.7630003188,299.6930691124576,1192.7017387788014,63.5
3395000,6790.000000465806,-1535011.4968879195,300.6271308910165,1192.7652209287653,63.5
3400000,6800.000000467843,-1531427.7929918598,300.8719259240001,1190.4408018759582,63.5
3405000,6810.00000046988,-1533772.415081935,301.17886744923646,1193.3404160380771,63.5
3410000,6820.000000471918,-1533458.451123788,299.8745368698356,1195.217439751758,63.5
3415000,6830.000000473955,-1532402.2052485887,300.2740766685286,1193.1022762193893,63.5
3420000,6840.000000475992,-1530873.8941362398,301.4099281074322,1192.9703031076963,63.5
3425000,6850.0000004780295,-1531354.350091923,299.77261662254114,1192.170188375382,63.5
3430000,6860.000000480067,-1532853.3382000206,301.1989407662341,1192.3377408994725,63.5
3435000,6870.000000482104,-1534154.6452479623,300.89955003980646,1190.3022384141584,63.5
3440000,6880.000000484141,-1531026.3518401338,301.4987665181075,1192.970807998165,63.6
3445000,6890.000000486179,-1533057.358605734,300.88640605669497,1192.3321211094255,63.6
3450000,6900.000000488216,-1533818.4194068993,300.6778113554486,1195.290983354256,63.6
3455000,6910.000000490253,-1533446.2887351532,299.84520372549235,1193.1173004007044,63.6
3460000,6920.00000049229,-1532573.1790652303,298.4835430069884,1190.9676923761117,63.6
3465000,6930.000000494328,-1532604.0004989859,299.87674307031057,1191.595170132154,63.6
3470000,6940.000000496365,-1532926.9376888843,300.5071570877226,1192.256427786237,63.6
3475000,6950.000000498402,-1533462.1561669419,299.81400618638145,1191.0709553159938,63.6
3480000,6960.0000005004395,-1532338.279278948,299.8976864381998,1192.8735803929862,63.6
3485000,6970.000000502477,-1533175.631478522,301.17078840524357,1194.011263962718,63.6
3490000,6980.000000504514,-1534360.5158935413,298.8136962470811,1190.4814563659745,63.6
3495000,6990.000000506551,-1532721.1765977824,302.23660074737836,1193.9980971467928,63.6
3500000,7000.0000005085885,-1533642.1344541516,299.9062937273768,1191.4830367176112,63.6
3505000,7010.000000510626,-1533847.0099795768,301.35850188509306,1191.8067095418128,63.6
3510000,7020.000000512663,-1534885.2918928647,301.1596641831304,1192.251142376413,63.6
3515000,7030.0000005147,-1531902.4908602983,301.0357440775784,1194.5295995629926,63.6
3520000,7040.000000516738,-1533686.1926611084,301.7822477425185,1192.2032647141543,63.6
3525000,7050.000000518775,-1531716.175986086,299.46188416127734,1196.1379628597301,63.6
3530000,7060.000000520812,-1533411.5780418422,301.8554873836383,1191.7352347352773,63.6
3535000,7070.000000522849,-1534040.1386160161,301.0047951244365,1193.8305465725653,63.6
3540000,7080.000000524887,-1534014.6909573479,300.96029823598354,1189.9503529492217,63.6
3545000,7090.000000526924,-1533047.1214452162,300.1373233123264,1191.112839460975,63.6
3550000,7100.000000528961,-1532723.2577137984,299.16762052046056,1191.8545452336991,63.6
3555000,7110.0000005309985,-1533128.5167475604,300.58651815832934,1194.4240454254752,63.6
3560000,7120.000000533036,-1533040.200057568,300.82898269785346,1193.0433048420707,63.6
3565000,7130.000000535073,-1532844.0840692017,301.22488692674966,1192.6260300060778,63.6
3570000,7140.00000053711,-1534665.5403122157,300.49277017476606,1193.472218220927,63.6
3575000,7150.000000539148,-1533304.9556730557,300.5777244296756,1194.5130938346965,63.6
3580000,7160.000000541185,-1531891.0767114852,300.9669479106546,1194.1811532424042,63.6
3585000,7170.000000543222,-1534608.109818263,299.652363160032,1188.3424648164848,63.6
3590000,7180.000000545259,-1534744.7496528942,299.8000853721168,1192.3600820450674,63.6
3595000,7190.000000547297,-1531186.192114544,299.75981444513707,1189.7669382145918,63.6
3600000,7200.000000549334,-1532808.659516015,300.57728940422976,1191.1008335798301,63.6
3605000,7210.000000551371,-1532177.6429143818,299.7489388089928,1193.9007309134477,63.6
3610000,7220.000000553408,-1531037.6727180742,301.17700305446886,1193.4002554501665,63.6
3615000,7230.000000555446,-1533639.5363455536,300.79104226433316,1193.279973407813,63.6
3620000,7240.000000557483,-1535040.2169246292,300.35188407682904,1193.477582222796,63.6
3625000,7250.00000055952,-1532079.608615321,300.36633313627783,1195.05564208784,63.6
3630000,7260.0000005615575,-1535124.2860625777,301.2794204737014,1191.8269943374958,63.6
3635000,7270.000000563595,-1532593.8865598282,299.2029197280601,1192.559324517009,63.6
3640000,7280.000000565632,-1532142.0528956987,299.4946975091868,1193.5471705984464,63.6
3645000,7290.000000567669,-1533214.3427995788,300.3091894366514,1192.7075739223992,63.6
3650000,7300.000000569707,-1532586.380081853,300.4676629918959,1189.4139031142686,63.6
3655000,7310.000000571744,-1532791.362951967,300.7847654686156,1196.2594645715963,63.6
3660000,7320.000000573781,-1533159.8915352216,299.79343569744583,1191.0100062997708,63.6
3665000,7330.000000575818,-1531948.6178333852,300.0401572716893,1192.2941272545638,63.6
3670000,7340.000000577856,-1532373.7883269042,299.15547088122514,1194.522168858147,63.6
3675000,7350.000000579893,-1531584.1121541,299.99317452354614,1192.5082801278886,63.6
3680000,7360.00000058193,-1532627.6858178498,299.7734245269404,1194.552893016843,63.6
3685000,7370.000000583967,-1528959.847407477,301.3327421640543,1191.9793806970677,63.6
3690000,7380.000000586005,-1534164.7628584923,300.1904274899564,1191.4788561311998,63.6
3695000,7390.000000588042,-1532507.4596484052,298.9999182111165,1196.2724943648395,63.6
3700000,7400.000000590079,-1533292.0211316627,301.68004783600884,1193.1151691339696,63.6
3705000,7410.0000005921165,-1532604.2960254485,300.6830005875517,1192.8209633651481,63.6
3710000,7420.000000594154,-1532812.965391009,299.9789119035741,1191.9074103862401,63.6
3715000,7430.000000596191,-1531902.9516842207,298.2533834729303,1191.457964693466,63.6
3720000,7440.000000598228,-1533598.6034532348,302.00634799358187,1192.6534839904755,63.6
3725000,7450.000000600266,-1532034.853103906,299.4879546147774,1194.0279219163867,63.6
3730000,7460.000000602303,-1530051.5952927098,300.7064919616233,1193.3098203450195,63.6
3735000,7470.00000060434,-1532441.3659514142,300.6881587464087,1190.1938646604801,63.6
3740000,7480.000000606377,-1531856.0870370828,298.8086002347164,1192.5670516468222,63.6
3745000,7490.000000608415,-1532033.480923823,300.01790882746275,1191.3402655394677,63.6
3750000,7500.000000610452,-1532859.6142671993,301.81450177199764,1192.0327740981927,63.6
3755000,7510.000000612489,-1533080.0375100505,301.6195482258007,1192.4809221465773,63.6
3760000,7520.0000006145265,-1534940.6160904923,299.8380258056372,1189.7666119352511,63.6
3765000,7530.000000616564,-1533621.4865602655,297.82258398863416,1192.9009837515823,63.6
3770000,7540.000000618601,-1533145.0971997231,299.0174124486856,1191.7748567221938,63.6
3775000,7550.000000620638,-1535577.4636840876,301.354058410897,1190.002653209142,63.6
3780000,7560.0000006226755,-1533062.5693812836,300.36170322260494,1196.440505197339,63.6
3785000,7570.000000624713,-1531586.1859314013,300.0527108631243,1192.0544862498264,63.6
3790000,7580.00000062675,-1531316.1995739946,300.14617918747246,1192.1108241165525,63.6
3795000,7590.000000628787,-1532960.2853892613,299.60917134791634,1193.338708024221,63.6
3800000,7600.000000630825,-1531364.6347093163,300.80263258513827,1197.0968332282823,63.6
3805000,7610.000000632862,-1531975.6343438523,302.4135007375758,1194.5572822315612,63.6
3810000,7620.000000634899,-1533164.8112813542,300.03148783601995,1190.5460727277368,63.6
3815000,7630.000000636936,-1532817.649476776,300.30583352606976,1195.3479916772799,63.6
3820000,7640.000000638974,-1531160.0982414456,300.3733556899024,1192.785983921448,63.7
3825000,7650.000000641011,-1531810.9239154067,301.8494902471359,1192.1172608236247,63.7
3830000,7660.000000643048,-1533633.218739192,300.0803039056845,1193.6751122131855,63.7
3835000,7670.0000006450855,-1532212.2176807914,300.6347749095636,1194.1370978602545,63.7
3840000,7680.000000647123,-1534001.5521674547,300.4512563179412,1193.825740136133,63.7
3845000,7690.00000064916,-1534751.2093448518,300.07812877845566,1191.916876432565,63.6
3850000,7700.000000651197,-1534316.9373463485,300.28426869325807,1192.2442976039372,63.6
3855000,7710.000000653235,-1533439.742090934,299.6710692542001,1189.7421912855466,63.6
3860000,7720.000000655272,-1531207.125159531,301.27823969034864,1194.5097987826302,63.6
3865000,7730.000000657309,-1533728.5691467123,300.0466205068835,1193.582483149586,63.6
3870000,7740.000000659346,-1531931.412725472,298.4733199090128,1196.4994649031923,63.6
3875000,7750.000000661384,-1531659.546284304,299.64012030105823,1196.7313069086374,63.6
3880000,7760.000000663421,-1532672.1403005635,300.8228301951204,1193.02945686976,63.6
3885000,7770.000000665458,-1532594.5607856372,301.7293921508575,1190.8171296036812,63.6
3890000,7780.000000667495,-1533585.5848691314,300.58365941968566,1189.4936800718033,63.6
3895000,7790.000000669533,-1533793.2572771357,298.9432716834281,1192.5514598600676,63.6
3900000,7800.00000067157,-1530893.7052160092,300.3707455372278,1192.569334970763,63.6
3905000,7810.000000673607,-1534629.9786850521,299.8326501340573,1188.5782767389562,63.6
3910000,7820.0000006756445,-1531784.8830552138,299.8777063409405,1192.9500766505382,63.6
3915000,7830.000000677682,-1535028.658994169,300.43522252294,1190.7058420017197,63.6
3920000,7840.000000679719,-1534652.0509702452,300.6619950731703,1191.8368461671216,63.6
3925000,7850.000000681756,-1533654.8395822477,298.1262628230273,1191.7711741784674,63.5
3930000,7860.000000683794,-1534093.9004462939,301.077941545818,1189.9396551022012,63.5
3935000,7870.000000685831,-1532928.9018786596,300.06352435277626,1191.9440990781065,63.5
3940000,7880.000000687868,-1533972.1745533925,299.0205819197905,1188.6762788650267,63.5
3945000,7890.000000689905,-1532175.4761087503,300.3745364732552,1193.2173794057333,63.5
3950000,7900.000000691943,-1532810.9789083982,300.29414998552625,1191.451291277357,63.5
3955000,7910.00000069398,-1533996.445028713,301.0793087686476,1193.1490178872505,63.5
3960000,7920.000000696017,-1533638.9772323668,299.9688130985831,1193.4491129683197,63.5
3965000,7930.0000006980545,-1531631.4038055725,299.34194143122954,1193.823285153488,63.5
3970000,7940.000000700092,-1534801.3546746233,298.0559129937971,1191.423187875525,63.5
3975000,7950.000000702129,-1534489.3670134237,302.1214122239879,1191.4687181804845,63.4
3980000,7960.000000704166,-1534124.1849192213,299.89582204343225,1194.112890442499,63.4
3985000,7970.0000007062035,-1533863.0576764299,299.8526923778088,1191.7225831163844,63.4
3990000,7980.000000708241,-1531819.7143319324,301.7738579660643,1193.4499080289797,63.4
3995000,7990.000000710278,-1535986.1849298235,300.2321588595041,1189.7231638999808,63.4
4000000,8000.000000712315,-1534236.5366582712,301.2461721003462,1190.7929287698378,63.4
4005000,8010.000000714353,-1534766.1164917098,300.1566197981709,1189.152942045142,63.4
4010000,8020.00000071639,-1532025.88083232,300.53061738854797,1191.5432266794887,63.4
4015000,8030.000000718427,-1532561.340471251,299.90225420538036,1192.5933345455178,63.4
4020000,8040.000000720464,-1531144.5969076157,301.39843100636546,1192.078109101897,63.4
4025000,8050.000000722502,-1533474.2089725276,301.1668110297394,1192.8211374817422,63.4
4030000,8060.000000724539,-1534411.226317159,298.61902236009934,1192.9806483996203,63.4
4035000,8070.000000726576,-1534806.0177175505,299.2486906196043,1191.6935087332186,63.4
4040000,8080.0000007286135,-1529199.3905365197,302.1411437352781,1191.7206280538494,63.3
4045000,8090.000000730651,-1531711.746997864,300.48776738213974,1192.1789546280081,63.3
4050000,8100.000000732688,-1532817.874308492,299.93397998967544,1193.4078195462907,63.3
4055000,8110.000000734725,-1533293.1506306995,299.80443562657456,1192.9253768151752,63.3
4060000,8120.000000736763,-1534044.1745000733,299.6672783181727,1195.0832666924914,63.3
4065000,8130.0000007388,-1534638.9014710058,299.19754405648024,1190.4227214678288,63.3
4070000,8140.000000740837,-1534723.014636158,298.20534423441893,1190.956807860008,63.3
4075000,8150.000000742874,-1532847.4243397713,299.2401144036734,1192.0794351293305,63.3
4080000,8160.000000744912,-1532464.5524077248,300.1662525044701,1193.181055624663,63.3
4085000,8170.000000746949,-1532567.5851005828,300.8666434721586,1191.168356675532,63.3
4090000,8180.000000748986,-1532045.631150974,300.8827394136521,1193.295674785872,63.3
4095000,8190.000000751023,-1531851.6415609801,301.1103198682817,1192.576829313628,63.3
4100000,8200.00000075306,-1532425.219905519,301.4745604593751,1192.1283616869891,63.3
4105000,8210.000000755097,-1533700.3398053823,300.7075795252377,1192.7275502755017,63.3
4110000,8220.000000757134,-1533245.595573469,299.9228868408083,1192.4608945030927,63.3
4115000,8230.000000759172,-1533473.3828913514,298.8868426684626,1192.9501022348925,63.3
4120000,8240.000000761209,-1532354.9508979786,299.5367706844419,1193.7377469039118,63.3
4125000,8250.000000763246,-1532505.260847954,300.08142254254506,1190.8382688109955,63.3
4130000,8260.000000765283,-1533796.7348010652,300.25698638315913,1194.819251722081,63.3
4135000,8270.00000076732,-1534206.922495734,298.9993899659323,1192.358712499875,63.3
4140000,8280.000000769358,-1535789.5006552748,301.52197823296393,1193.2879899117515,63.3
4145000,8290.000000771395,-1531400.8599703396,300.05078432186446,1192.941483121859,63.3
4150000,8300.000000773432,-1532526.467760818,299.46244347970764,1193.5922242993627,63.3
4155000,8310.00000077547,-1534292.6090964507,299.91723151001327,1192.55751469787,63.3
4160000,8320.000000777507,-1533741.7625773195,301.99938758644964,1190.1735058227282,63.3
4165000,8330.000000779544,-1532806.9600580325,300.9896935268191,1193.6740267318773,63.3
4170000,8340.000000781582,-1533474.6696302127,302.3592779230853,1191.5834274558022,63.3
4175000,8350.000000783619,-1534835.4423863487,300.8744428569363,1193.5534529782233,63.3
4180000,8360.000000785656,-1533004.6115519004,300.10802124122927,1193.6356907670945,63.3
4185000,8370.000000787693,-1534593.9420629218,301.57374626101046,1193.2373418530642,63.3
4190000,8380.00000078973,-1533308.1906318823,298.6779061615089,1194.9864867277881,63.3
4195000,8390.000000791768,-1534875.8447648166,301.81742265713353,1191.382149128083,63.3
4200000,8400.000000793805,-1531807.8248658665,301.18461599976985,1191.0811773398214,63.3
4205000,8410.000000795842,-1533368.1201277738,300.67243568386874,1192.9447763331684,63.3
4210000,8420.00000079788,-1532453.889869308,301.1149808552006,1193.052703770123,63.3
4215000,8430.000000799917,-1531162.4655726273,300.3877115296127,1194.057988661385,63.3
4220000,8440.000000801954,-1534760.2164449338,300.55212007486745,1191.5225900836042,63.3
4225000,8450.000000803991,-1533232.016917956,300.10230376394196,1191.9712246883714,63.3
4230000,8460.000000806029,-1533145.7329505775,299.79856278305664,1191.554092448261,63.3
4235000,8470.000000808066,-1532322.9002990704,301.1706019657668,1191.3771509448716,63.3
4240000,8480.000000810103,-1533066.4053919688,299.73253213503807,1191.6306762037161,63.3
4245000,8490.00000081214,-1533808.822899931,299.15916859751417,1191.4549038540401,63.3
4250000,8500.000000814178,-1535022.6825664593,300.07458642839725,1193.6978651101263,63.3
4255000,8510.000000816215,-1534576.9386367416,301.2941181191192,1190.9795761662476,63.3
4260000,8520.000000818252,-1532412.987745556,300.8155590555269,1189.1814007765968,63.3
4265000,8530.00000082029,-1531125.0038550878,300.2679552390417,1190.9913109009142,63.3
4270000,8540.000000822327,-1528694.8425701074,301.71168040056546,1193.0808306866147,63.3
4275000,8550.000000824364,-1533230.3999224342,299.4498277417803,1192.049138392464,63.3
4280000,8560.000000826401,-1533262.3253442906,300.31813853153585,1191.01301236408,63.3
4285000,8570.000000828439,-1534412.3301389879,301.23293489749636,1191.0536058698758,63.3
4290000,8580.000000830476,-1533341.6652458413,299.2916959922432,1190.1898461828896,63.3
4295000,8590.000000832513,-1532506.7769441986,301.7751008959094,1191.303904702921,63.3
4300000,8600.00000083455,-1530531.3673025547,300.5785944805671,1192.6257205071827,63.2
4305000,8610.000000836588,-1533767.4619958578,299.1142988301077,1191.6474172028086,63.2
4310000,8620.000000838625,-1531720.8241216103,298.7742953709929,1192.5507819969598,63.2
4315000,8630.000000840662,-1533546.0884072734,301.39234065012465,1192.925333634622,63.2
4320000,8640.0000008427,-1533050.749721297,299.9722622289031,1193.395547902234,63.2
4325000,8650.000000844737,-1531990.5199887054,300.87403890473666,1193.7110676702869,63.2
4330000,8660.000000846774,-1534722.1654928923,300.9474339120872,1192.1916639485735,63.2
4335000,8670.000000848811,-1532811.2833262747,301.0297780143221,1192.8888039899516,63.2
4340000,8680.000000850849,-1532950.8982027853,299.0577455221577,1194.0355317520252,63.2
4345000,8690.000000852886,-1532744.4956999794,300.0298720272214,1189.9017998120062,63.2
4350000,8700.000000854923,-1534401.5592346378,301.27177645515434,1190.541531501431,63.2
4355000,8710.00000085696,-1533523.8876299998,299.732252475823,1192.6286440877836,63.2
4360000,8720.000000858998,-1531728.6449564565,299.27671868761024,1193.9285121306455,63.2
4365000,8730.000000861035,-1532178.776718664,299.6511513034331,1193.3278569187664,63.2
4370000,8740.000000863072,-1532275.1174414624,299.07583015140324,1190.8265469159262,63.2
4375000,8750.00000086511,-1532221.219698416,299.07185277589906,1194.7518748286245,63.1
4380000,8760.000000867147,-1532609.1606761348,301.6317600115284,1193.7244928816604,63.1
4385000,8770.000000869184,-1530264.0221835487,299.8327122805495,1192.74298189165,63.1
4390000,8780.000000871221,-1532458.9695539689,302.0313308834675,1194.6907266784874,63.1
4395000,8790.000000873259,-1531752.2746064002,300.1786196564284,1190.9820026951934,63.1
4400000,8800.000000875296,-1531604.5032769032,298.73977299454646,1192.5277049744518,63.1
4405000,8810.000000877333,-1533790.6419649469,300.58353512670124,1192.9755214806466,63.1
4410000,8820.00000087937,-1531997.51748324,300.4125390532678,1192.9290883429971,63.1
4415000,8830.000000881408,-1532171.4766557869,300.82242624292076,1193.336898978773,63.1
4420000,8840.000000883445,-1533942.1694529792,301.91828641405976,1194.1385317205306,63.1
4425000,8850.000000885482,-1533782.180998941,299.8960395561551,1194.4411354001388,63.1
4430000,8860.00000088752,-1530986.4847835982,299.6881906128158,1192.525714644423,63.1
4435000,8870.000000889557,-1532346.5216665538,300.5735295414485,1192.5784707199446,63.1
4440000,8880.000000891594,-1533460.5120901829,300.47614598808843,1192.311837839655,63.1
4445000,8890.000000893631,-1533973.5006779814,300.45144275741796,1191.7898974818168,63.1
4450000,8900.000000895669,-1533901.7686071163,300.55013138711536,1190.6073814929964,63.1
4455000,8910.000000897706,-1534160.3625300564,300.42210961307467,1192.0500959742965,63.1
4460000,8920.000000899743,-1531711.8357165204,300.82991489523727,1196.3385664110347,63
4465000,8930.00000090178,-1533309.5323444577,300.77336158728724,1192.356201451488,63
4470000,8940.000000903818,-1531025.7382911248,301.3781091033988,1196.5550871626342,63
4475000,8950.000000905855,-1532053.6604798092,301.4807129621081,1193.0141064690076,63
4480000,8960.000000907892,-1533595.5406797854,300.4593353619341,1191.8019254232618,63
4485000,8970.00000090993,-1533080.187573242,300.64036809386636,1193.938952499904,63
4490000,8980.000000911967,-1531964.9118670085,299.46878242191735,1193.1297936181786,63
4495000,8990.000000914004,-1532439.6622153027,300.33162432035465,1192.7308809367275,63
4500000,9000.000000916041,-1533057.3164402936,300.7639774669571,1192.2607162529061,63
4505000,9010.000000918079,-1530980.3820256172,301.1932854354391,1191.0966003792655,63
4510000,9020.000000920116,-1530489.2132573985,301.4216116479757,1192.9046218142444,63
4515000,9030.000000922153,-1532679.2236720826,300.6591984810189,1192.9103140730472,63
4520000,9040.00000092419,-1533779.3953821193,300.6343398841178,1195.6340569245249,63
4525000,9050.000000926228,-1534420.8149670828,299.0194322096838,1192.6485173324309,63
4530000,9060.000000928265,-1531922.9987459844,301.87444206377546,1192.1348279657977,63
4535000,9070.000000930302,-1532961.6300261673,298.36279237254126,1195.4649492541257,63
4540000,9080.00000093234,-1533096.7270558896,301.3959140734292,1193.172080700784,63
4545000,9090.000000934377,-1532494.1854286296,299.2693543282783,1193.3396783427636,63
4550000,9100.000000936414,-1535069.2243280346,299.8760283856497,1191.4775564841573,63
4555000,9110.000000938451,-1534423.4934303816,300.5097050939049,1190.9698336148763,63
4560000,9120.000000940488,-1533467.5498437611,298.44939350949545,1192.0355097861066,63
4565000,9130.000000942526,-1532450.3937828215,300.1614672245666,1195.3941999276024,62.9
4570000,9140.000000944563,-1534223.3943298273,300.60488244679,1191.2698148882773,62.9
4575000,9150.0000009466,-1532201.0428098775,300.3070143094226,1191.5435514409603,62.9
4580000,9160.000000948638,-1533084.7274228642,302.0655736006988,1192.2575414412552,62.9
4585000,9170.000000950675,-1533491.2206934048,299.4401950354811,1192.4645321748794,62.9
4590000,9180.000000952712,-1535003.2662548982,301.66559877656005,1192.3782086935723,62.9
4595000,9190.00000095475,-1533691.4220669735,300.8606774089024,1194.1185675549546,62.9
4600000,9200.000000956787,-1530498.5939636854,300.2833675691204,1195.5269539741748,62.9
4605000,9210.000000958824,-1531993.6539370278,301.20795200761074,1195.731971343377,62.9
4610000,9220.000000960861,-1533484.2796751792,300.6742379321441,1194.9554019971843,62.9
4615000,9230.000000962898,-1531954.0851591928,299.8638165999221,1195.3054136480978,62.9
4620000,9240.000000964936,-1533570.2354420824,299.9472171925253,1193.5174202403102,62.9
4625000,9250.000000966973,-1533647.3635059614,300.57446173883227,1191.2697485419176,62.9
4630000,9260.00000096901,-1534380.857054159,300.6403059473741,1189.8954245837729,62.9
4635000,9270.000000971047,-1532392.6945940936,299.4861834397482,1192.2675347353077,62.9
4640000,9280.000000973085,-1534637.0747041497,300.0530526688317,1196.3206681792285,62.9
4645000,9290.000000975122,-1532589.5863649165,300.15646443194026,1191.5890962053259,62.9
4650000,9300.00000097716,-1532757.5838116696,299.18377860844623,1190.797747011883,62.9
4655000,9310.000000979197,-1534074.3253922854,299.4799066440306,1190.7395054087667,62.9
4660000,9320.000000981234,-1532947.2860871572,299.3444894374119,1194.586119298355,62.9
4665000,9330.000000983271,-1534365.8832311118,300.21603184476453,1190.8058589786733,62.9
4670000,9340.000000985308,-1532128.1770878518,299.24716803054406,1194.40873173225,62.9
4675000,9350.000000987346,-1533792.029096174,300.9668857641623,1192.1215690482995,62.9
4680000,9360.000000989383,-1534507.9440748114,300.203851132283,1191.5711007280838,62.9
4685000,9370.00000099142,-1531591.1125626788,300.1911111013712,1195.6490066827337,62.9
4690000,9380.000000993457,-1531883.2391882278,300.2636982043224,1191.6736096161715,62.8
4695000,9390.000000995495,-1534207.0748837981,300.35788121333144,1192.3349437219224,62.8
4700000,9400.000000997532,-1530677.164551721,299.27734015253276,1197.4373864444626,62.8
4705000,9410.00000099957,-1532394.9784271317,300.4437365923786,1189.9979351685902,62.8
4710000,9420.000001001607,-1533089.8487759074,299.7574528784315,1190.3507530272284,62.8
4715000,9430.000001003644,-1532809.3910304857,300.43345134791076,1189.4328177761884,62.8
4720000,9440.000001005681,-1533521.279840378,298.5805226081488,1194.6458109384707,62.8
4725000,9450.000001007718,-1531508.1645922344,299.2091965237776,1193.931550271997,62.8
4730000,9460.000001009756,-1531821.8042589137,299.6245215315028,1194.3423657476142,62.8
4735000,9470.000001011793,-1534098.0527840536,300.5033972249413,1193.2993740832003,62.8
4740000,9480.00000101383,-1532403.2846883573,301.07893588969404,1195.6992074345385,62.8
4745000,9490.000001015867,-1532658.2087266222,299.31422409568484,1191.962028609667,62.8
4750000,9500.000001017905,-1535067.7653586417,300.8033161965531,1195.208596896281,62.8
4755000,9510.000001019942,-1534238.8266760726,299.93289242606096,1194.1432683929697,62.8
4760000,9520.00000102198,-1532947.518622362,301.650341812712,1192.5740696164055,62.8
4765000,9530.000001024016,-1532814.4820389068,300.18570435654516,1193.0151317352634,62.8
4770000,9540.000001026054,-1533646.8875594074,300.8941432949805,1193.2971146334717,62.7
4775000,9550.000001028091,-1536292.8073963188,300.7783954531597,1191.099704296347,62.7
4780000,9560.000001030128,-1532165.1863119463,300.30819509277535,1193.9073834364679,62.7
4785000,9570.000001032166,-1532266.755391432,299.42043245094476,1193.989439084778,62.7
4790000,9580.000001034203,-1533259.7822152106,299.88733904723966,1190.1935225514394,62.7
4795000,9590.00000103624,-1533059.481368213,299.0835363164426,1192.4811490382892,62.7
4800000,9600.000001038277,-1533078.0440521576,300.4206180972606,1191.5713476515514,62.7
4805000,9610.000001040315,-1533428.3952312712,298.97592966510695,1191.583577225051,62.7
4810000,9620.000001042352,-1532290.070271139,299.8233281602194,1195.612754742544,62.7
4815000,9630.00000104439,-1534364.183891736,301.48083725509264,1192.6762878897778,62.7
4820000,9640.000001046426,-1534056.462900363,300.83886399012164,1191.2846825688653,62.7
4825000,9650.000001048464,-1532321.7433709633,299.29874961911383,1191.1595291864246,62.7
4830000,9660.000001050501,-1533696.9781888742,299.79604585012044,1192.1173253775287,62.7
4835000,9670.000001052538,-1534615.6610014457,299.0099237963692,1192.7615547379462,62.7
4840000,9680.000001054575,-1531999.7022154313,299.8223338163433,1194.5258651269326,62.7
4845000,9690.000001056613,-1530597.1802644813,300.2382181424988,1192.7500123654243,62.7
4850000,9700.00000105865,-1532372.174369976,299.7256028011519,1193.0082777841126,62.7
4855000,9710.000001060687,-1532414.952142506,299.9534007685044,1193.4383839672805,62.7
4860000,9720.000001062725,-1534695.8295236658,301.97254030179636,1190.7716760222747,62.7
4865000,9730.000001064762,-1535884.1460993877,300.69446661537233,1190.3931916482748,62.7
4870000,9740.000001066799,-1533321.8324009748,298.95100892171354,1192.0243448151457,62.7
4875000,9750.000001068836,-1534353.2244035155,301.53944139728696,1191.0664146308093,62.7
4880000,9760.000001070874,-1533760.9161065426,300.30415557077896,1190.7885906227593,62.7
4885000,9770.00000107291,-1533198.8351691319,301.1770652009612,1194.3411962844357,62.7
4890000,9780.000001074948,-1533684.0242407108,299.9307794453244,1193.7995678564234,62.7
4895000,9790.000001076985,-1530678.2444017231,301.8631624754315,1193.9190689800032,62.7
4900000,9800.000001079023,-1532210.8264949583,299.86002566389465,1191.827998352014,62.7
4905000,9810.00000108106,-1532262.4753835853,300.5152050584693,1196.1706784002981,62.7
4910000,9820.000001083097,-1534214.6753235916,299.7807888862724,1192.9690930587003,62.7
4915000,9830.000001085134,-1533582.0184131125,301.067376642135,1191.905234641108,62.7
4920000,9840.000001087172,-1533357.3043584907,301.3083807390912,1192.1736649705103,62.7
4925000,9850.000001089209,-1533219.1076861639,299.2388404005822,1190.1441565140913,62.7
4930000,9860.000001091246,-1534770.9905414674,300.67787350194084,1192.6467208564525,62.7
4935000,9870.000001093284,-1534434.510631116,299.7557749231407,1190.08275626532,62.7
4940000,9880.00000109532,-1531737.4597251378,300.18585972277583,1195.2185405501941,62.7
4945000,9890.000001097358,-1533087.8806770025,301.75853885572405,1193.4312394434419,62.7
4950000,9900.000001099395,-1533092.3064713124,300.35834731202334,1193.5209710921877,62.7
4955000,9910.000001101433,-1532020.0346976146,300.9248125889072,1194.152280273025,62.7
4960000,9920.00000110347,-1532527.1201419765,301.3223636998481,1192.6484412725208,62.7
4965000,9930.000001105507,-1534492.4116772134,300.73818667267216,1190.0714256346243,62.7
4970000,9940.000001107544,-1530826.2028735029,300.23986502454346,1191.5393066780796,62.7
4975000,9950.000001109582,-1531989.1899453364,300.2261617230017,1192.9973064498577,62.7
4980000,9960.000001111619,-1534464.5367968874,301.37792266392205,1192.8699674862291,62.7
4985000,9970.000001113656,-1533008.6677048793,301.2177400801406,1194.4468847890546,62.7
4990000,9980.000001115694,-1532324.0623879293,300.60569035118925,1191.0551526809459,62.7
4995000,9990.00000111773,-1534650.2867713897,301.0827889722137,1193.4569005805774,62.7
5000000,10000.000001119768,-1532765.5711274622,300.8815897035454,1193.7397141289382,62.7
5005000,10010.000001121805,-1531178.545827224,300.0484849016511,1192.763679311646,62.7
5010000,10020.000001123843,-1533649.4151645387,301.0404672109896,1194.258992545738,62.7
5015000,10030.00000112588,-1532665.4073000364,300.7390877968099,1195.4129025740451,62.7
5020000,10040.000001127917,-1531641.316303173,301.167681080631,1195.5790712205633,62.7
5025000,10050.000001129954,-1532110.3601583196,300.2555570138373,1194.172253435701,62.7
5030000,10060.000001131992,-1531729.5027416712,301.000009844533,1190.211459136526,62.7
5035000,10070.000001134029,-1533441.816277341,300.3879911888279,1195.1724562459267,62.7
5040000,10080.000001136066,-1532166.7118406817,301.6371978296005,1192.9792492165077,62.7
5045000,10090.000001138103,-1534922.4102197653,301.1617150173747,1193.1410324138694,62.7
5050000,10100.00000114014,-1530853.197229674,300.7482544044171,1194.425143860841,62.7
