-I: Adding /home/aritr/miniconda3/envs/mdgbsa/dat/leap/prep to search path.
-I: Adding /home/aritr/miniconda3/envs/mdgbsa/dat/leap/lib to search path.
-I: Adding /home/aritr/miniconda3/envs/mdgbsa/dat/leap/parm to search path.
-I: Adding /home/aritr/miniconda3/envs/mdgbsa/dat/leap/cmd to search path.
-f: Source build.leap.

Welcome to LEaP!
(no leaprc in search path)
Sourcing: ./build.leap
----- Source: /home/aritr/miniconda3/envs/mdgbsa/dat/leap/cmd/leaprc.protein.ff14SB
----- Source of /home/aritr/miniconda3/envs/mdgbsa/dat/leap/cmd/leaprc.protein.ff14SB done
Log file: ./leap.log
Loading parameters: /home/aritr/miniconda3/envs/mdgbsa/dat/leap/parm/parm10.dat
Reading title:
PARM99 + frcmod.ff99SB + frcmod.parmbsc0 + OL3 for RNA
Loading parameters: /home/aritr/miniconda3/envs/mdgbsa/dat/leap/parm/frcmod.ff14SB
Reading force field modification type file (frcmod)
Reading title:
ff14SB protein backbone and sidechain parameters
Loading library: /home/aritr/miniconda3/envs/mdgbsa/dat/leap/lib/amino12.lib
Loading library: /home/aritr/miniconda3/envs/mdgbsa/dat/leap/lib/aminoct12.lib
Loading library: /home/aritr/miniconda3/envs/mdgbsa/dat/leap/lib/aminont12.lib
----- Source: /home/aritr/miniconda3/envs/mdgbsa/dat/leap/cmd/leaprc.gaff2
----- Source of /home/aritr/miniconda3/envs/mdgbsa/dat/leap/cmd/leaprc.gaff2 done
Log file: ./leap.log
Loading parameters: /home/aritr/miniconda3/envs/mdgbsa/dat/leap/parm/gaff2.dat
Reading title:
AMBER General Force Field for organic molecules (Version 2.2.30, Oct 2025)
----- Source: /home/aritr/miniconda3/envs/mdgbsa/dat/leap/cmd/leaprc.water.tip3p
----- Source of /home/aritr/miniconda3/envs/mdgbsa/dat/leap/cmd/leaprc.water.tip3p done
Loading library: /home/aritr/miniconda3/envs/mdgbsa/dat/leap/lib/atomic_ions.lib
Loading library: /home/aritr/miniconda3/envs/mdgbsa/dat/leap/lib/solvents.lib
Loading parameters: /home/aritr/miniconda3/envs/mdgbsa/dat/leap/parm/frcmod.tip3p
Reading force field modification type file (frcmod)
Reading title:
This is the additional/replacement parameter set for TIP3P water
Loading parameters: /home/aritr/miniconda3/envs/mdgbsa/dat/leap/parm/frcmod.ions1lm_126_tip3p
Reading force field modification type file (frcmod)
Reading title:
Li/Merz ion parameters of monovalent ions for TIP3P water model (12-6 normal usage set)
Loading parameters: /home/aritr/miniconda3/envs/mdgbsa/dat/leap/parm/frcmod.ionsjc_tip3p
Reading force field modification type file (frcmod)
Reading title:
Monovalent ion parameters for Ewald and TIP3P water from Joung & Cheatham JPCB (2008)
Loading parameters: /home/aritr/miniconda3/envs/mdgbsa/dat/leap/parm/frcmod.ions234lm_126_tip3p
Reading force field modification type file (frcmod)
Reading title:
Li/Merz ion parameters of divalent to tetravalent ions for TIP3P water model (12-6 normal usage set)
Loading parameters: ./cand_003_AC.frcmod
Reading force field modification type file (frcmod)
Reading title:
Remark line goes here
Loading library: ./cand_003_AC.lib
Loading parameters: ./FAD_AC.frcmod
Reading force field modification type file (frcmod)
Reading title:
Remark line goes here
Loading library: ./FAD_AC.lib
Loading PDB file: ./2Z5X_prot.pdb
  Added missing heavy atom: .R<CLEU 513>.A<OXT 20>
  total atoms in file: 4100
  Leap added 4100 missing atoms according to residue templates:
       1 Heavy
       4099 H / lone pairs
Loading PDB file: ./FAD_NEW.pdb
  total atoms in file: 84
Loading PDB file: ./cand_003_NEW.pdb
  total atoms in file: 35
Scaling up box by a factor of 1.086833 to meet diagonal cut criterion
  Solute vdw bounding box:              105.347 53.122 67.817
  Total bounding box for atom centers:  136.231 136.231 136.231
      (box expansion for 'iso' is 123.8%)
  Solvent unit box:                     18.774 18.774 18.774
  Volume: 1292204.998 A^3 (oct)
  Total mass 723193.788 amu,  Density 0.929 g/cc
  Added 36850 residues.

/home/aritr/miniconda3/envs/mdgbsa/bin/teLeap: Warning!
addIonsRand: 1st Ion & target unit have charges of the same sign:
     unit charge = 0.000999; ion1 charge = 1;
     can't neutralize.
 0.000999 0 1 0
0 Cl- ion required to neutralize.
Checking Unit.
Building topology.
Building atom parameters.
Building bond parameters.
Building angle parameters.
Building proper torsion parameters.
Building improper torsion parameters.
 total 1702 improper torsions applied
Building H-Bond parameters.
Incorporating Non-Bonded adjustments.
Not Marking per-residue atom chain types.
Marking per-residue atom chain types.
  (Residues lacking connect0/connect1 - 
   these don't have chain types marked:

	res	total affected

	CLEU	1
	FAD	1
	MOL	1
	NHIE	1
	WAT	36850
  )
 (no restraints)
Writing pdb file: complex_dry_check.pdb
   printing CRYST1 record to PDB file with box info

/home/aritr/miniconda3/envs/mdgbsa/bin/teLeap: Warning!
 Converting N-terminal residue name to PDB format: NHIE -> HIE

/home/aritr/miniconda3/envs/mdgbsa/bin/teLeap: Warning!
 Converting C-terminal residue name to PDB format: CLEU -> LEU
	Quit

Exiting LEaP: Errors = 0; Warnings = 3; Notes = 0.
