#"Step","Time (ps)","Potential Energy (kJ/mole)","Temperature (K)","Box Volume (nm^3)","Speed (ns/day)"
55000,109.99999999992504,-622187.6260110093,300.1922408150267,480.1504997433848,--
60000,119.99999999990173,-622140.0329320105,300.2850064325065,480.5906931283927,129
65000,129.99999999989262,-622666.3216269296,300.4855925717391,482.0785450241032,127
70000,139.99999999994037,-622399.2906922842,298.5837451514127,482.4383818982218,127
75000,149.99999999998812,-621698.9291519248,301.0334883104325,481.6412980279104,127
80000,160.00000000003587,-623217.7309559551,300.7601019071744,480.8486809804896,128
85000,170.00000000008362,-623592.9882922582,299.87380389544217,479.9844155262239,127
90000,180.00000000013137,-624140.3579081176,302.2187146742653,479.0048299637648,127
95000,190.0000000001791,-623579.5231674449,300.44914485785444,479.7175195479858,125
100000,200.00000000022686,-621821.2514671679,300.3936072969587,480.4207322333148,125
105000,210.0000000002746,-622835.9225714998,299.9200725076895,481.55225952114756,126
110000,220.00000000032236,-623308.8983248114,301.1890239333388,481.28398479761586,125
115000,230.0000000003701,-623649.3086197223,299.9648565655332,481.1987075331102,126
120000,240.00000000041786,-623246.695747802,300.1431363232134,480.82041392971166,125
125000,250.0000000004656,-622517.8898564135,299.3042488886544,481.05987793199756,126
130000,260.00000000051335,-623046.0754035097,301.0001810000941,482.96909420449293,126
135000,270.0000000005611,-623634.2207031539,300.49347212972776,480.6304314457185,126
140000,280.00000000060885,-623345.2592222709,300.1869687436188,480.02590045597094,126
145000,290.0000000006566,-622745.8353394163,301.3455111936833,478.9754991512687,126
150000,300.00000000070435,-622576.2727337372,300.1696679749916,479.8321949764057,126
155000,310.0000000007521,-621766.64445314,300.8620413095589,480.74203039240916,126
160000,320.00000000079984,-622608.7223565029,302.0947734143087,481.6016066949456,126
165000,330.0000000008476,-623451.2719964455,301.457956673386,479.79351890866906,126
170000,340.00000000089534,-622866.0603690734,301.2481967492487,480.9991527640465,126
175000,350.0000000009431,-622846.7673640288,298.3481577872015,479.7086089497073,126
180000,360.00000000099084,-624280.7264665775,302.3363941598783,481.65165460053345,126
185000,370.0000000010386,-621961.6920230468,302.0693837274564,482.4646740612086,126
190000,380.00000000108633,-624468.2622471428,299.3360335790917,480.0113657129664,126
195000,390.0000000011341,-622910.898201419,302.25809343145977,481.60999113089855,127
200000,400.00000000118183,-622971.2992148176,300.916665298514,480.2300092995136,127
205000,410.0000000012296,-623959.2777378815,303.1412510396458,481.33363273840297,128
210000,420.00000000127733,-622440.8720542146,298.7269856186169,480.39171857279337,129
215000,430.0000000013251,-621604.7323781722,299.5765884907305,481.48408528754356,129
220000,440.0000000013728,-622885.7125187591,301.2924288573782,480.7596672139929,130
225000,450.0000000014206,-622724.0350501155,299.6374742540292,481.9668370842975,131
230000,460.0000000014683,-622666.7504077912,300.8813024513089,480.80916673428237,131
235000,470.00000000151607,-622723.2708584974,297.796550662499,480.3432876674401,132
240000,480.0000000015638,-621942.9767294261,300.62298998507254,481.97723238798477,132
245000,490.00000000161157,-622356.7245797766,300.7808095378305,483.7424685503191,133
250000,500.0000000016593,-620310.3866307908,302.0032639582473,480.72847712273494,133
255000,510.00000000170706,-621453.8118417868,301.7437904943363,481.9060523185601,134
260000,520.0000000015274,-623933.1962228101,297.9776282342477,480.39345389235683,134
265000,530.0000000012909,-622533.3441632916,301.30105069256865,481.2156991592254,134
270000,540.0000000010544,-621287.1673221816,302.777915865725,482.0649159981794,135
275000,550.000000000818,-621094.947070084,299.5619903724279,481.09387258853303,135
280000,560.0000000005815,-623805.7759287376,300.0822505599147,480.080381523665,135
285000,570.000000000345,-621912.4764413475,301.6014635990729,481.3047990643366,136
290000,580.0000000001086,-622827.9227437638,298.9669885805415,480.89392878552366,136
295000,589.9999999998721,-622959.2679992653,300.99157819765236,481.228124248951,136
300000,599.9999999996356,-622586.1530694016,299.63987238037356,482.2512516456412,137
305000,609.9999999993992,-623396.9103394165,299.60230173431177,479.9490305132255,137
310000,619.9999999991627,-623433.6195696932,301.9297975480151,480.7592605087378,137
315000,629.9999999989262,-621644.7565015801,297.23314323356226,481.94962383296183,138
320000,639.9999999986898,-622054.204171285,300.9684343751543,482.0342170274499,138
325000,649.9999999984533,-622389.4759864681,299.892189530749,480.92964133869947,138
330000,659.9999999982168,-622585.2558972961,298.418693154124,479.67411422736944,138
335000,669.9999999979804,-623152.0304412902,299.3772585129163,481.83160630686973,138
340000,679.9999999977439,-621885.1500622472,302.9824037184544,480.5177917236308,139
345000,689.9999999975074,-623655.3678369424,302.8803120540798,482.47193124299116,139
350000,699.999999997271,-622597.5609637443,297.795656123307,481.8716982754667,139
355000,709.9999999970345,-620531.7171573113,300.67662427109184,482.8083007021733,139
360000,719.999999996798,-624151.6863871906,298.98038763567195,481.99191730179786,140
365000,729.9999999965615,-623369.9641461633,299.3940834628244,478.9823848159973,140
370000,739.9999999963251,-622696.4159784494,299.17419811634426,481.1631780693052,140
375000,749.9999999960886,-622316.5591915012,300.1344573897766,480.13790227006945,140
380000,759.9999999958521,-623467.5123037738,298.9969461270973,480.5407090677934,140
385000,769.9999999956157,-623014.395926673,299.8799514732932,481.0396324423939,140
390000,779.9999999953792,-623346.7647929518,301.0727528711344,480.69282924418815,141
395000,789.9999999951427,-620866.5950486069,298.0666824657183,481.81970540117885,141
400000,799.9999999949063,-621825.2944622049,301.7530023447385,482.2656489944176,141
405000,809.9999999946698,-624307.4159969627,300.00697603854974,480.47654590686085,141
410000,819.9999999944333,-623001.150059815,298.0290547214102,482.0871998330619,141
415000,829.9999999941969,-622518.3982530138,298.0662827779942,480.4474752306763,141
420000,839.9999999939604,-623376.8293544217,301.02505680272975,481.11561383750626,141
425000,849.9999999937239,-622701.8965378539,301.3114235406455,480.7769106801372,141
430000,859.9999999934874,-623168.271874601,304.0357902315932,480.40994648552885,141
435000,869.999999993251,-623089.5342501323,297.64923718705916,480.22473179536377,141
440000,879.9999999930145,-621796.6704762108,303.3384303168495,480.9981783946414,141
445000,889.999999992778,-622402.4587444309,299.5972770886379,481.7614210591324,141
450000,899.9999999925416,-622672.1479952554,301.40790054413446,479.22611186499313,141
455000,909.9999999923051,-620891.4360154714,299.2143001179918,482.1445124468174,141
460000,919.9999999920686,-622670.6934479303,300.76036836565714,481.0918087833548,141
465000,929.9999999918322,-623661.291706108,299.1547085816091,480.22276983274816,141
470000,939.9999999915957,-623351.1144191413,303.73809900816235,480.0575728433901,141
475000,949.9999999913592,-621361.7994435537,301.9694046981947,481.6385220669718,141
480000,959.9999999911228,-623482.5892126504,301.7129193758397,482.741261858791,141
485000,969.9999999908863,-621872.0369024482,301.3428846743538,481.3085698571604,141
490000,979.9999999906498,-623127.3350744708,300.22374001423253,481.44312987869387,141
495000,989.9999999904134,-623026.820916574,300.179184349374,480.4862492426697,141
500000,999.9999999901769,-623057.4669160545,299.65251012555336,481.08891600865616,141
505000,1009.9999999899404,-622481.1458244026,299.15204399678197,480.39800530023143,140
510000,1019.999999989704,-623592.4652583916,300.5022652596571,482.21212131067097,140
515000,1029.9999999894676,-624213.3898868398,300.9926440315832,480.1481681341981,140
520000,1039.9999999892311,-622880.8328045337,300.04374730916345,481.2647766716543,139
525000,1049.9999999889947,-622657.8543527089,299.1705057630839,481.60028047338034,139
530000,1059.9999999887582,-622370.0964900418,302.12109570585045,481.5803175688564,138
535000,1069.9999999885217,-623791.2164829508,301.820054718637,479.61100640148715,138
540000,1079.9999999882853,-622470.8146480736,297.3603771590552,481.78336951788106,138
545000,1089.9999999880488,-622336.1577969054,299.4953757517509,482.6478963437905,138
550000,1099.9999999878123,-621083.4409587593,302.3057324016182,482.4752897562364,138
555000,1109.9999999875758,-623015.6547721471,301.3713766992547,480.52545299941715,138
560000,1119.9999999873394,-622887.9830894368,300.40894769246313,479.9598827879114,138
565000,1129.999999987103,-621032.5550664007,300.03674325761796,482.4452482578717,138
570000,1139.9999999868664,-623812.6218792261,301.4377819596952,480.8832635429488,138
575000,1149.99999998663,-622939.7052724962,296.4507069318397,482.34799331242016,138
580000,1159.9999999863935,-622228.6210252573,299.38352028725996,480.19468049295523,138
585000,1169.999999986157,-623093.3893505218,301.1249977664939,480.7892219468427,138
590000,1179.9999999859206,-622137.7402058556,298.36201362830235,482.8598518483493,138
595000,1189.999999985684,-622611.5291812276,297.6346961670028,483.0982731289998,138
600000,1199.9999999854476,-623846.2684349637,301.1104948119351,480.56977538824344,138
605000,1209.9999999852112,-623659.5064292285,300.6196782867874,482.23299161630285,138
610000,1219.9999999849747,-622687.7476030481,300.9018578199749,481.69021261480196,138
615000,1229.9999999847382,-622560.3929838203,300.8263168401273,481.8893761567533,138
620000,1239.9999999845018,-621514.6226394833,300.30491468771453,480.349589963345,138
625000,1249.9999999842653,-620860.8197954735,301.3031442949328,480.54317699757075,138
630000,1259.9999999840288,-623007.736949794,300.4350796565173,479.9811631792282,138
635000,1269.9999999837923,-624499.3860778599,301.7131858343224,479.2493559728694,138
640000,1279.9999999835559,-623362.5549344816,300.32033121421404,480.7924588171433,138
645000,1289.9999999833194,-623002.0629410595,301.8095676740676,482.33082739143396,138
650000,1299.999999983083,-622943.0251447526,301.97587583277476,481.4867189252788,138
655000,1309.9999999828465,-624024.3829024145,300.3713770464014,482.4801482046633,138
660000,1319.99999998261,-623364.779692003,300.70513532874156,482.34215680750856,138
665000,1329.9999999823735,-623424.9757397594,299.27221677248315,481.1598273512193,138
670000,1339.999999982137,-621215.3712172299,300.28835619628916,481.25793611279767,138
675000,1349.9999999819006,-623012.0373085518,299.1532811254517,479.9312065575615,138
680000,1359.9999999816641,-621432.0450579207,303.24741571225604,483.13027417830307,138
685000,1369.9999999814277,-622744.1617118651,300.15990417487524,481.3869533165196,138
690000,1379.9999999811912,-622892.1433994169,298.73625456726535,480.8555565520002,138
695000,1389.9999999809547,-622416.1473051589,300.87148155294625,481.7722699817915,138
700000,1399.9999999807183,-621548.2246478074,299.81805697430997,481.7020127675855,138
705000,1409.9999999804818,-621979.7846139213,303.35158194624603,482.6234992217261,138
710000,1419.9999999802453,-624403.5208010525,300.4285514236909,479.09664330974334,138
715000,1429.9999999800089,-622431.2843765179,300.56931763355567,480.5492673623039,138
720000,1439.9999999797724,-623241.2194621488,299.24079370427245,481.6521138236886,138
725000,1449.999999979536,-621894.6168315057,300.74304856428114,480.86784958654073,138
730000,1459.9999999792994,-620980.9822755298,298.79645515160854,481.17821811445066,138
735000,1469.999999979063,-622555.9612301034,301.78117081291043,481.139439670971,138
740000,1479.9999999788265,-622404.8507402488,301.19933968316934,481.5475651374345,138
745000,1489.99999997859,-622930.774116992,297.80850322872334,483.12728035861625,138
750000,1499.9999999783536,-624014.8407863444,300.01061129356384,479.2468306654135,138
755000,1509.999999978117,-623691.6886054794,301.5454121539604,480.3643400478011,138
760000,1519.9999999778806,-622315.155753816,299.58243154460126,481.50613993293916,138
765000,1529.9999999776442,-621871.6594032487,300.6454676613638,483.3300155220425,138
770000,1539.9999999774077,-623928.6745311818,299.65778219696125,480.10106627507895,138
775000,1549.9999999771712,-622437.1944719325,301.4675111132659,480.9022619826162,137
780000,1559.9999999769348,-621308.0236177971,300.7289452974464,482.22521427116106,137
785000,1569.9999999766983,-622737.1329137632,300.40536953569534,479.49299643819546,137
790000,1579.9999999764618,-622431.5053271782,300.67036249674817,483.179313709172,137
795000,1589.9999999762254,-623190.8952652486,298.51290526050997,480.7952715738202,137
800000,1599.9999999759889,-622486.9756375896,299.02031834258054,481.9704371673527,137
805000,1609.9999999757524,-623513.7634304822,301.69392469257247,479.51628760037323,137
810000,1619.999999975516,-620902.6506908201,297.1076412882069,480.39066398579007,137
815000,1629.9999999752795,-624242.234663045,299.79830098109204,478.37605478260343,137
820000,1639.999999975043,-622766.5146525013,298.10596605916896,480.80417789502764,137
825000,1649.9999999748065,-623010.047706964,300.22973533009343,480.6865283649849,137
830000,1659.99999997457,-623911.0022448036,302.3001938717276,481.8578085997276,137
835000,1669.9999999743336,-621909.6189699662,298.97947406373123,481.57959122346074,137
840000,1679.9999999740971,-621797.850621976,302.1021390880807,481.99044219282933,137
845000,1689.9999999738607,-622865.9501015656,299.22353100114276,480.7072822283312,137
850000,1699.9999999736242,-622203.3396763448,302.14334498915656,480.25944758497155,137
855000,1709.9999999733877,-623023.852535449,297.95553121293165,480.9340305778256,137
860000,1719.9999999731513,-622753.0628176443,300.07343839723654,481.49589325369567,137
865000,1729.9999999729148,-622464.0503295842,300.19258340450443,478.46642161449785,137
870000,1739.9999999726783,-622664.9605623111,300.28237991317695,480.72015636059837,137
875000,1749.9999999724419,-622211.1817195616,301.3745742010472,480.84729862531464,137
880000,1759.9999999722054,-622859.4034900777,301.01240002480114,480.3484971041587,137
885000,1769.999999971969,-622099.1277080355,297.89951783331674,481.5247613868505,137
890000,1779.9999999717324,-624012.2587851263,300.9560630884572,479.9609877651968,137
895000,1789.999999971496,-623524.157594298,299.2772985164034,481.13870635057873,137
900000,1799.9999999712595,-623251.7189901234,298.6434318515392,480.0548291913442,137
905000,1809.999999971023,-621991.5283800163,300.40114426546955,481.1945127359165,137
910000,1819.9999999707866,-619760.2170469002,300.517815015398,482.9706889424082,137
915000,1829.99999997055,-623485.1862322632,298.7202289928053,480.05562637857514,137
920000,1839.9999999703136,-624039.4940484357,299.99532799630566,479.75626563229287,137
925000,1849.9999999700772,-624024.957457176,298.4744400752562,480.42405403748035,137
930000,1859.9999999698407,-622800.8570316685,299.6399675441174,481.82517057767313,137
935000,1869.9999999696042,-621837.6341411578,302.7758222633609,482.0083701405172,137
940000,1879.9999999693678,-622957.0048967181,300.21915312178015,481.88349377023184,137
945000,1889.9999999691313,-623018.7843090328,299.67148577607196,481.62252832756155,137
950000,1899.9999999688948,-623428.7478538323,299.7523939910713,481.3129041412088,137
955000,1909.9999999686584,-623206.7381840455,300.4006494140017,478.83775945208816,137
960000,1919.999999968422,-622909.9586442485,301.08209795077795,480.9749259110673,137
965000,1929.9999999681854,-622821.9877677611,303.02281024408217,481.51192904703305,137
970000,1939.999999967949,-622036.5139701203,299.50352176822224,482.31807505433034,137
975000,1949.9999999677125,-623454.7037698594,300.82388064828535,480.04844286548973,137
980000,1959.999999967476,-623522.6220765049,299.0830502825095,482.13225253986946,137
985000,1969.9999999672395,-622630.0524281948,298.709170965773,481.45172501556317,137
990000,1979.999999967003,-623032.8887402122,297.8724913300707,479.8863902198926,137
995000,1989.9999999667666,-622446.3962052856,300.3217586703714,481.79705410196306,136
1000000,1999.9999999665301,-622554.8285442386,300.8004132690583,481.17408946030713,137
1005000,2009.9999999662937,-623215.9568090551,301.58374410997277,479.9985376815358,136
1010000,2019.9999999660572,-623040.188060536,299.43028375097515,480.54244167703393,137
1015000,2029.9999999658207,-623818.6291274684,302.46867176379396,478.7407356787823,136
1020000,2039.9999999655843,-623067.7723620641,297.1061186683057,479.5006290695731,136
1025000,2049.999999965348,-624208.2517130012,301.064530723668,479.797651352585,136
1030000,2059.9999999651113,-623177.8506459091,299.63766458151684,479.8776264964914,136
1035000,2069.999999964875,-623151.051641603,300.9614493563576,479.9101274637342,136
1040000,2079.9999999646384,-619966.531953257,299.9584996274457,481.7036515668766,136
1045000,2089.999999964402,-622906.755522999,300.970242486287,480.91171142800584,136
1050000,2099.9999999641655,-621988.3007800104,301.7886697159238,482.8057365631373,137
1055000,2109.999999963929,-623499.8598453416,301.00063778606443,480.38862301105405,137
1060000,2119.9999999636925,-623335.1586391549,301.21985698633785,480.26281261506114,137
1065000,2129.999999963456,-621604.0541015635,302.1613880349856,482.0048853110256,137
1070000,2139.9999999632196,-622982.8598117381,301.66488071795726,480.8680210246836,137
1075000,2149.999999962983,-621751.4546827674,300.3871932606249,481.3857962772902,136
1080000,2159.9999999627466,-621548.7127558459,300.57422808273697,482.1399606397816,136
1085000,2169.99999996251,-623284.0628937623,299.8512120226583,481.6185814087243,136
1090000,2179.9999999622737,-623309.3397892048,299.2035275821909,481.1605804442956,136
1095000,2189.9999999620372,-623289.373475946,302.251032281668,479.86823283871087,136
1100000,2199.9999999618008,-622919.1540614441,301.71076867522936,481.4129569988895,136
1105000,2209.9999999615643,-623197.6071692314,300.3370610003783,482.01295383616844,137
1110000,2219.999999961328,-621875.8858281234,300.87799075302377,481.6271662287786,137
1115000,2229.9999999610914,-624943.4190581711,301.3221009127026,480.828395456732,137
1120000,2239.999999960855,-623000.1821808782,302.1909458938174,481.01232787525623,137
1125000,2249.9999999606184,-623649.0922154649,299.07970051872684,480.2631030171525,137
1130000,2259.999999960382,-623045.8009681893,301.4438724393,482.1155468486672,137
1135000,2269.9999999601455,-622322.912991296,297.24087052956077,479.1075850007693,137
1140000,2279.999999959909,-623378.969001737,299.0800431082046,479.66173666974964,137
1145000,2289.9999999596726,-622755.1962951631,301.96325712034366,481.5374592241103,137
1150000,2299.999999959436,-622654.8052216512,300.43865781328503,481.59916761933795,137
1155000,2309.9999999591996,-623813.1497957841,301.8632400255844,479.9931298113175,137
1160000,2319.999999958963,-622698.4182532495,301.79647314291736,480.3408500464164,137
1165000,2329.9999999587267,-622354.4596048933,301.6515577938219,482.1827850272818,137
1170000,2339.99999995849,-624179.5592146274,301.18137276833534,480.85241221041986,137
1175000,2349.9999999582537,-624922.6518176845,300.7571327983671,479.95804619609254,137
1180000,2359.9999999580173,-622671.0785559923,302.1823621241245,482.94184610673636,137
1185000,2369.999999957781,-622568.9107344183,300.1752636031285,481.2752109984726,137
1190000,2379.9999999575443,-623447.3152353563,301.4318437420806,481.4425969759015,137
1195000,2389.999999957308,-622841.810315025,299.12775820935803,480.1124221088851,137
1200000,2399.9999999570714,-623173.8712712629,300.09285180097675,480.1506225182213,137
1205000,2409.999999956835,-621487.4889992373,299.1194789636454,481.7386888678408,137
1210000,2419.9999999565985,-623015.668538529,302.9824798494495,479.72256533005736,137
1215000,2429.999999956362,-622808.1214725031,299.5977338746082,480.6396004467386,137
1220000,2439.9999999561255,-622838.2291765497,300.95206621121656,481.29312030683633,137
1225000,2449.999999955889,-624076.0027376269,300.8010223170188,482.0119300779974,137
1230000,2459.9999999556526,-622758.6752291704,300.4567198918629,481.8298299545471,137
1235000,2469.999999955416,-623645.0165332914,299.44132274525873,480.0990225929395,137
1240000,2479.9999999551796,-621812.3512268486,302.90992701115795,481.3135034339554,137
1245000,2489.999999954943,-623197.5769353337,302.38022658028376,480.53059717880706,137
1250000,2499.9999999547067,-621973.0962076895,298.7703422203032,480.9069694480869,137
1255000,2509.9999999544702,-622499.6645737458,300.5399691349603,482.55882271219093,137
1260000,2519.9999999542338,-621580.1750589269,301.2571040756706,481.3364000716325,137
1265000,2529.9999999539973,-623025.8901832066,302.46191513798243,480.65500108610934,137
1270000,2539.999999953761,-621787.6239147289,300.8777433272899,481.4752715023442,137
1275000,2549.9999999535244,-622693.4316428374,301.2543443270997,481.3955697127181,137
1280000,2559.999999953288,-622692.699507555,299.73431287974466,479.9674128425034,137
1285000,2569.9999999530514,-623459.3198794844,300.154175317497,480.05981726142534,137
1290000,2579.999999952815,-623197.0261060228,302.6916975138203,480.39837848600314,137
1295000,2589.9999999525785,-621645.0589687824,300.42177576513063,481.4889413716328,137
1300000,2599.999999952342,-622638.4121165434,299.0232493858903,481.1426596296624,137
1305000,2609.9999999521056,-621801.4254317558,299.2684482882277,480.4570055113179,137
1310000,2619.999999951869,-622868.9418521533,300.39191338231865,480.794737184405,137
1315000,2629.9999999516326,-622534.5150371166,301.2252242214895,480.5679711767122,137
1320000,2639.999999951396,-623190.3142115492,299.00667186171614,482.6661864917771,137
1325000,2649.9999999511597,-622808.0364890187,298.35664639315064,481.57068624174946,137
1330000,2659.999999950923,-623274.6322564897,299.5451844552685,480.5489461779946,137
1335000,2669.9999999506867,-622135.1812469144,300.6355515992573,481.59033277075434,137
1340000,2679.9999999504503,-623318.3527093381,301.4619916161241,480.36318213887887,137
1345000,2689.999999950214,-623275.0588828763,301.13995750702304,480.4983961940829,137
1350000,2699.9999999499773,-623425.0281442832,300.07766366746233,479.7569960253102,137
1355000,2709.999999949741,-622987.43908526,298.15094044450024,482.54035642360594,137
1360000,2719.9999999495044,-624382.1688352753,300.66990571077787,480.1019051163683,137
1365000,2729.999999949268,-622776.7626471617,301.6069450307171,481.1269239630614,137
1370000,2739.9999999490315,-622074.174190362,300.5705357294766,480.8567785440817,137
1375000,2749.999999948795,-623827.3893056386,300.0298153370676,479.31940064478783,137
1380000,2759.9999999485585,-622732.7377636591,302.1893852084187,481.77130988577704,137
1385000,2769.999999948322,-623498.7997180233,299.62856692760727,481.87249738926164,137
1390000,2779.9999999480856,-623555.3873293702,300.2519084824045,479.12739057447516,137
1395000,2789.999999947849,-622751.6918280907,301.87713393218274,479.2646778980199,137
1400000,2799.9999999476127,-624719.2417998333,301.2819798783063,479.93129292124354,137
1405000,2809.999999947376,-623505.6635793853,299.1006365423682,482.10491448822773,137
1410000,2819.9999999471397,-622142.5268094651,299.86716146612326,481.3852384885591,137
1415000,2829.9999999469032,-623009.3078362788,299.7610919572568,480.52765190441653,137
1420000,2839.999999946667,-622430.4132383266,300.153851760768,480.56570047203354,137
1425000,2849.9999999464303,-623171.0063989535,301.0912336701851,480.8596378036708,137
1430000,2859.999999946194,-624798.4820200247,299.04492768673344,480.932213296914,137
1435000,2869.9999999459574,-622726.9420441329,301.1803069344045,481.1191676077462,137
1440000,2879.999999945721,-623021.5581016606,301.21133031489114,481.4208038580222,137
1445000,2889.9999999454844,-622936.854865978,300.498553873648,481.32279411434246,137
1450000,2899.999999945248,-623474.997958383,299.59019690609733,480.83405121402916,137
1455000,2909.9999999450115,-621355.6284054047,302.042300125964,480.18352219379943,137
1460000,2919.999999944775,-622227.9500730331,300.8561411574418,481.7751614708833,137
1465000,2929.9999999445386,-623108.5849224152,298.14344154148694,481.2656193937618,137
1470000,2939.999999944302,-622607.4670530967,299.90119202091483,479.51162353707485,137
1475000,2949.9999999440656,-623543.1124669588,302.3531049132938,481.4526680448131,137
1480000,2959.999999943829,-623163.4372273893,300.65582147669187,480.68236637054184,137
1485000,2969.9999999435927,-623777.9446863006,300.3925795285254,479.8905157798552,137
1490000,2979.999999943356,-621858.8576708795,301.3268020016475,481.3105259883259,137
1495000,2989.9999999431197,-622992.3878403171,299.195419631217,480.2339301429456,137
1500000,2999.9999999428833,-622184.135473392,300.7801624243726,480.1758631053481,137
1505000,3009.999999942647,-623010.2569985492,301.48943683984305,480.44439950061974,137
1510000,3019.9999999424103,-623248.978301974,300.64348825549223,480.99627092965903,137
1515000,3029.999999942174,-624544.8295798949,298.8396214258072,481.03384844517325,137
1520000,3039.9999999419374,-624168.9063506797,300.47331644878585,480.42381397614787,137
1525000,3049.999999941701,-621960.7091351794,300.9576047411071,480.8302651746885,137
1530000,3059.9999999414645,-621792.3736581267,300.6507397327716,479.8992428160446,137
1535000,3069.999999941228,-622908.2052891385,299.66564272220114,480.71516739460094,137
1540000,3079.9999999409915,-622705.4424096392,300.6227425593386,481.8846509667863,137
1545000,3089.999999940755,-622256.1984893596,298.9186073331813,481.0061635657586,137
1550000,3099.9999999405186,-623266.4314624178,300.64613380757055,482.4110599904532,137
1555000,3109.999999940282,-622404.042975883,301.49870578849146,480.38494756361445,137
1560000,3119.9999999400457,-622359.2766655516,301.4460802381567,479.8847757850161,137
1565000,3129.999999939809,-622532.8148909654,300.20008230751785,481.67792132108167,137
1570000,3139.9999999395727,-622835.8764239349,304.1133106173123,478.9900903308618,137
1575000,3149.9999999393362,-623070.4069073461,301.66008446526854,481.8473236954029,137
1580000,3159.9999999391,-623292.4329994451,300.4809295482917,479.49625464575104,137
1585000,3169.9999999388633,-623207.7673727702,299.7886513774683,481.73911538220733,137
1590000,3179.999999938627,-621988.692231996,303.2524213251812,481.83657878807605,137
1595000,3189.9999999383904,-622092.7816387233,302.31526780874935,481.39551248363085,137
1600000,3199.999999938154,-623080.4384671808,301.1548791820547,479.4114007351672,137
1605000,3209.9999999379174,-622498.1641246085,299.3547618038763,480.4373572130652,137
1610000,3219.999999937681,-623644.0842183079,301.9039701079412,479.565289122007,137
1615000,3229.9999999374445,-621397.0019370611,300.139767526682,481.4927602763562,137
1620000,3239.999999937208,-623146.580838542,302.09163301076245,480.56172015462874,137
1625000,3249.9999999369716,-622276.3353945916,300.60803024454333,482.6615798717125,137
1630000,3259.999999936735,-621938.9655421185,298.0426631367771,480.25442697799906,137
1635000,3269.9999999364986,-622461.0021861065,299.93670713011,480.6093540854377,137
1640000,3279.999999936262,-623383.8593875077,301.19831191473605,480.99479394510934,137
1645000,3289.9999999360257,-622958.5183911338,301.6865780515492,483.20329531835597,137
1650000,3299.999999935789,-621658.5858177058,301.31359327400463,481.4687642757691,137
1655000,3309.9999999355528,-622805.3835707055,301.9557962828278,481.8658524355831,137
1660000,3319.9999999353163,-622768.3174305614,300.89725189477383,479.79373083691036,137
1665000,3329.99999993508,-622276.9606511467,296.35055660783917,481.7993725805739,137
1670000,3339.9999999348433,-622261.6464911206,297.8889736905011,480.6007402079832,137
1675000,3349.999999934607,-622527.5630751979,299.1309366784018,480.78779491408767,137
1680000,3359.9999999343704,-622452.8781374227,302.29768154889064,479.23361125682436,137
1685000,3369.999999934134,-623640.7048460562,298.8447031697274,480.9174682863738,137
1690000,3379.9999999338975,-623350.0997282108,297.81855252007114,480.0168891492099,137
1695000,3389.999999933661,-623315.0883363844,301.7204182788531,480.9176567395543,137
1700000,3399.9999999334245,-621600.0169673907,299.6766055854897,481.62365113786325,137
1705000,3409.999999933188,-622920.6269785655,298.22299843132396,481.66292733452684,137
1710000,3419.9999999329516,-622584.3637126945,299.9806727797568,482.19674013150876,137
1715000,3429.999999932715,-622769.3166893506,300.7792107869343,480.68430268459286,137
1720000,3439.9999999324787,-623118.9867865038,300.95964124522493,480.49088037354585,137
1725000,3449.999999932242,-622318.0730078192,301.0354677163041,481.0613872815217,137
1730000,3459.9999999320057,-622438.9990890301,299.66646113039803,481.36592005767034,137
1735000,3469.9999999317693,-624142.2835444128,300.1649859187954,480.4839832185717,137
1740000,3479.999999931533,-624112.8048056653,300.41598980950613,481.748914150086,137
1745000,3489.9999999312963,-623005.7831625631,299.8759355633038,480.1615873907813,137
1750000,3499.99999993106,-624026.7173157507,299.0005242838651,478.6103069466778,137
1755000,3509.9999999308234,-623299.5801567631,298.5877229959045,480.3106501297575,137
1760000,3519.999999930587,-622687.6174047771,300.0715731878576,481.5841643801278,137
1765000,3529.9999999303504,-624150.7403989332,300.1715712498681,480.708253370268,137
1770000,3539.999999930114,-622526.4406373054,298.27275003659526,481.962877198039,137
1775000,3549.9999999298775,-623654.9512166926,298.2809531513129,478.3403961654871,137
1780000,3559.999999929641,-625271.1906507206,299.9305785850077,478.43618561445123,137
1785000,3569.9999999294046,-623218.0919884308,300.4260010353564,480.9641661825937,137
1790000,3579.999999929168,-622923.7142567267,301.2727680279041,481.5243814955679,137
1795000,3589.9999999289316,-622830.3565960662,300.2061156888763,480.355410435069,137
1800000,3599.999999928695,-622655.7499907594,299.76925700647695,480.36335258132186,137
1805000,3609.9999999284587,-623294.7949233004,300.33894524250604,480.4877786409481,137
1810000,3619.999999928222,-623191.5644492023,299.8484142085899,481.9642130269825,137
1815000,3629.9999999279858,-621425.2719271104,299.0365342445282,480.89514609264,137
1820000,3639.9999999277493,-622737.320029791,300.46753049316135,481.78401967216803,137
1825000,3649.999999927513,-623377.6004737564,300.51054450536986,479.9288091979255,137
1830000,3659.9999999272763,-621782.2344041597,301.9257435725282,479.98671285111277,137
1835000,3669.99999992704,-623969.3640869469,302.23192340190815,479.2310874301727,137
1840000,3679.9999999268034,-623231.3997979565,299.62091576260383,480.23821193823983,137
1845000,3689.999999926567,-623835.4783318657,299.9174079228624,478.6289910517603,137
1850000,3699.9999999263305,-623196.6191387856,300.24705513146944,480.239563892135,137
1855000,3709.999999926094,-622799.3922877582,299.05111333008205,482.2011997230076,137
1860000,3719.9999999258575,-622902.9123022314,299.61261748414233,481.53699751351985,137
1865000,3729.999999925621,-623420.779351986,302.0327266533353,480.1149687237345,137
1870000,3739.9999999253846,-623100.0603797897,301.36707529803385,481.1542411785595,137
1875000,3749.999999925148,-623176.5253834357,300.0596967526283,481.2472617297209,137
1880000,3759.9999999249117,-622466.7268457115,300.4851738512663,481.827098650063,137
1885000,3769.999999924675,-623859.169377848,301.0016655544978,478.2037514021129,137
1890000,3779.9999999244387,-621940.9888167055,297.79274411274605,479.62781817006413,137
1895000,3789.9999999242023,-622984.4617753206,300.8861748349927,482.3717064314614,137
1900000,3799.999999923966,-622914.9402986495,301.1648713751562,483.18202159903046,137
1905000,3809.9999999237293,-623039.6022287277,298.2251871974319,481.98005720085933,137
1910000,3819.999999923493,-622326.029351837,301.24020299476746,479.79128799484016,137
1915000,3829.9999999232564,-622639.0667979331,298.10689866385843,481.706303827184,137
1920000,3839.99999992302,-622858.3556244327,300.6267775020767,481.2527289384225,137
1925000,3849.9999999227834,-621556.5510482518,302.5649394070465,481.3761554797462,137
1930000,3859.999999922547,-621691.506772893,299.9147623707841,480.83332616370467,137
1935000,3869.9999999223105,-622662.1418465218,301.4035420446673,481.3997270782744,137
1940000,3879.999999922074,-622168.9276298126,299.28350319250075,480.896381324553,137
1945000,3889.9999999218376,-621646.6490939148,297.93240642318244,480.50208752755276,137
1950000,3899.999999921601,-622686.8073256966,300.4078818585323,481.7294266118793,137
1955000,3909.9999999213646,-623748.3640555688,298.31013035516935,480.00327879103014,137
1960000,3919.999999921128,-622934.2619007095,298.5005720393103,481.2937693321351,137
1965000,3929.9999999208917,-622544.4548953278,302.9078334087938,480.9743252853799,137
1970000,3939.9999999206552,-624239.1747323531,300.5826215249423,479.4208749688997,137
1975000,3949.9999999204188,-623910.7945208149,298.6766249653851,481.23402577736584,137
1980000,3959.9999999201823,-622695.6255464698,302.5319746861858,479.8162092186201,137
1985000,3969.999999919946,-622580.0941314977,301.738632619421,481.25125042936156,137
1990000,3979.9999999197094,-622776.3084256272,297.9493455695831,480.7457929981852,137
1995000,3989.999999919473,-624723.9236131394,299.2373107112485,480.58203825240184,137
2000000,3999.9999999192364,-621887.5037014363,298.01249622998483,481.8517976462536,137
2005000,4009.999999919,-623907.1121127191,300.25531534443337,479.2889900097195,137
2010000,4019.9999999187635,-622611.6181693571,300.9896558900271,479.3526092933196,137
2015000,4029.999999918527,-622462.76603411,300.9038181930977,482.5666839794703,137
2020000,4039.9999999182905,-622799.6086397632,299.98061568151047,481.6369853622483,137
2025000,4049.999999918054,-624147.9576313728,299.94138918630614,482.04124238298635,137
2030000,4059.9999999178176,-621017.5442655082,299.64284148918085,481.18089394887966,137
2035000,4069.999999917581,-622703.121089864,299.20360371318594,481.6858042555887,137
2040000,4079.9999999173447,-623516.6164523833,297.75304179882255,480.43805086860186,137
2045000,4089.999999917108,-623102.3237452614,300.0834876885844,478.36931243166634,137
2050000,4099.999999917781,-623324.0957354391,299.4284566070937,479.49874483200995,137
2055000,4109.999999919818,-623978.2119241655,302.80530399119766,481.27746292760224,137
2060000,4119.999999921855,-621014.1553690895,301.4190727676594,481.4659842300505,137
2065000,4129.999999923893,-621799.6733544501,300.0754939341032,480.92933758094904,137
2070000,4139.99999992593,-624294.0477151684,299.1136549425233,479.7299924873817,137
2075000,4149.999999927967,-623452.0295243477,301.1499687328734,480.87382316591334,137
2080000,4159.999999930004,-622903.1373686502,300.27963919735487,481.3604842357402,137
2085000,4169.999999932042,-622100.2457313533,300.44510991511635,481.82313850814865,137
2090000,4179.999999934079,-621907.5592477876,299.3818644381174,481.05158166246923,137
2095000,4189.999999936116,-623202.4801964499,300.57182995639266,480.72533206951914,137
2100000,4199.999999938153,-622685.5510649937,301.08815036488517,480.432715914665,137
2105000,4209.999999940191,-624087.0518255564,300.0043495192202,481.93825999347104,137
2110000,4219.999999942228,-622952.6437603203,300.30323980582324,482.42595962367733,137
2115000,4229.999999944265,-622932.0962757687,300.86329747097733,481.328113158197,137
2120000,4239.9999999463025,-622989.9744940558,301.7161168776322,481.1464333127012,137
2125000,4249.99999994834,-623768.5240357178,296.949003327252,481.07238283431934,137
2130000,4259.999999950377,-621756.2809329154,301.1798691811829,483.34394382102283,137
2135000,4269.999999952414,-623102.1650244594,301.7460744241881,480.38538273627745,137
2140000,4279.999999954452,-624173.9760962105,299.861032921021,479.4793085297537,137
2145000,4289.999999956489,-622808.6570697124,299.16154133841565,481.78762175973316,137
2150000,4299.999999958526,-622746.1722820369,301.56183741614444,481.4299259751927,137
2155000,4309.999999960563,-622543.0430253353,300.16962990949406,479.8754717271364,137
2160000,4319.999999962601,-622999.86452848,300.4753910184012,480.0863170508324,137
2165000,4329.999999964638,-622092.813242638,301.9861915826053,480.166075429293,137
2170000,4339.999999966675,-622435.8849182357,300.00465404320045,481.336559675726,137
2175000,4349.9999999687125,-622722.1149773533,299.2186776502077,480.8811089746235,137
2180000,4359.99999997075,-622998.0749542653,297.69072857936646,481.2211420734136,137
2185000,4369.999999972787,-623602.5303850528,300.7856438560168,481.8434932698367,137
2190000,4379.999999974824,-622428.7532634991,302.71693493868247,481.6737385859299,137
2195000,4389.999999976862,-622474.6423043655,299.75875092915874,481.5324369090812,137
2200000,4399.999999978899,-623523.1097295014,300.90372302935384,481.17005411862954,137
2205000,4409.999999980936,-624035.5290869828,301.0604386826836,480.0014110389817,137
2210000,4419.999999982973,-623178.2753669214,298.60315855515285,480.98700425751326,137
2215000,4429.999999985011,-621731.1202372559,299.4411324177711,482.1449993507143,137
2220000,4439.999999987048,-624517.4963989262,297.6913756928245,480.0985361428067,137
2225000,4449.999999989085,-623261.116879133,298.9387059158769,479.7235560072376,137
2230000,4459.999999991122,-622166.2669685995,300.6039191708101,480.94985135383547,137
2235000,4469.99999999316,-623010.620680938,297.60418667073276,481.8477721814634,137
2240000,4479.999999995197,-623858.4341599299,299.96236327544494,477.8445795566141,137
2245000,4489.999999997234,-622687.5578753944,301.8695969636719,480.8139489129446,137
2250000,4499.9999999992715,-621887.7961866623,300.8970235017886,480.96718298131765,137
2255000,4510.000000001309,-622868.9391720635,299.8030972337808,480.34554027178007,137
2260000,4520.000000003346,-624266.8755741394,296.8810754469103,479.53969782263823,137
2265000,4530.000000005383,-624432.2782392609,301.2216460647217,479.65532566043834,137
2270000,4540.000000007421,-623377.9984822944,300.7786398044713,479.707077616819,137
2275000,4550.000000009458,-622122.6519551915,300.58947331449764,480.76486143332215,137
2280000,4560.000000011495,-624909.244073953,302.0322508346162,479.0306817483213,137
2285000,4570.000000013532,-622719.4329076391,299.30310692372854,481.10694278630945,137
2290000,4580.00000001557,-623819.690923003,300.623599033033,480.735168558191,137
2295000,4590.000000017607,-622651.1772327195,300.6180414703937,481.54607077365085,137
2300000,4600.000000019644,-623532.128013243,300.6767765330819,480.77993496517234,137
2305000,4610.000000021681,-623322.044921679,301.7770597391772,481.25072887625396,137
2310000,4620.000000023719,-622649.7124001882,299.58262187208896,481.7327864464125,137
2315000,4630.000000025756,-623218.6295801466,298.19720905674757,482.4716371203041,137
2320000,4640.000000027793,-623170.7930063149,300.6289091699384,482.33379054543667,137
2325000,4650.0000000298305,-623131.8321296875,300.28217055294056,480.1233044716297,137
2330000,4660.000000031868,-622344.9970403952,298.9099283997445,481.9997291650136,137
2335000,4670.000000033905,-624488.0287340228,300.58736067938474,480.2048247957106,137
2340000,4680.000000035942,-623028.6930183978,300.5768546020666,480.40832626509695,137
2345000,4690.00000003798,-623841.459469276,298.73975659303807,480.18999500571243,137
2350000,4700.000000040017,-621307.475143977,300.96186807683046,481.70859916651403,137
2355000,4710.000000042054,-621998.8086997964,299.1897098065876,481.2507131548265,137
2360000,4720.000000044091,-622422.6345523163,298.71042712719145,481.8428171464849,137
2365000,4730.000000046129,-621808.8321624249,299.5203086526329,481.9114415414238,137
2370000,4740.000000048166,-624312.002945919,299.64946488575106,480.61154793911055,137
2375000,4750.000000050203,-623879.1300768885,298.6696970448347,481.03273544619447,137
2380000,4760.0000000522405,-624260.3794584447,300.068546980804,480.7537622723558,137
2385000,4770.000000054278,-623602.6886770376,299.37177708127206,481.3239761866507,137
2390000,4780.000000056315,-622190.8066239678,298.8225871156626,482.04945318108327,137
2395000,4790.000000058352,-622913.0863635722,297.71288269892875,480.8582118387372,137
2400000,4800.0000000603895,-625012.6710257134,300.3202170177215,480.1700502758142,137
2405000,4810.000000062427,-623935.877866623,301.01331359674185,478.499649105582,137
2410000,4820.000000064464,-622949.1764624561,300.16765050362255,480.77479884461064,137
2415000,4830.000000066501,-622426.7006238545,298.7354551918172,481.14620842287223,137
2420000,4840.000000068539,-621353.7285731812,299.65584085658725,481.31778166017193,137
2425000,4850.000000070576,-622183.6226238525,298.18066959807095,481.11123658463794,137
2430000,4860.000000072613,-623252.9841514314,299.8229483907425,481.81326814383226,137
2435000,4870.00000007465,-623617.8341984302,301.44006588954704,480.61771619716853,137
2440000,4880.000000076688,-623703.8514601733,300.1322686236687,481.51418279712675,137
2445000,4890.000000078725,-623652.3562165461,301.07751105832557,480.6969212526171,137
2450000,4900.000000080762,-622460.0165011971,300.96571269208096,481.0899593566875,137
2455000,4910.0000000827995,-623001.9936433574,301.9065204962756,480.7195976256957,137
2460000,4920.000000084837,-622921.0454108585,300.41907311480605,482.2344546275343,137
2465000,4930.000000086874,-621426.155325348,301.43203406956826,480.7984012756079,137
2470000,4940.000000088911,-622182.3376990375,299.7868813318332,481.2767701541398,137
2475000,4950.000000090949,-622380.3848001203,301.74262949666166,481.5156092012773,137
2480000,4960.000000092986,-624224.8384301122,301.21951439686006,481.7088880098663,137
2485000,4970.000000095023,-623963.0611458025,300.721046706709,480.3819805426137,137
2490000,4980.00000009706,-622105.3410766302,302.9742196364856,482.2314421168028,137
2495000,4990.000000099098,-622349.9236990204,297.2394050079059,480.8297294982222,137
2500000,5000.000000101135,-622811.1087572239,299.35731219221077,480.23706443137036,137
2505000,5010.000000103172,-622273.1445390452,300.3333115488717,481.5185065283708,137
2510000,5020.000000105209,-622761.0913930032,300.34200951505716,480.8724736244279,137
2515000,5030.000000107247,-622157.8561714492,301.3616509646359,482.14969938303545,137
2520000,5040.000000109284,-623620.7081082021,300.3831202523893,480.12574934589,137
2525000,5050.000000111321,-622792.8840080881,301.5102967324892,481.1664626822134,137
2530000,5060.0000001133585,-622195.6203410886,297.6233907142365,481.04052755930434,137
2535000,5070.000000115396,-622975.0142342066,299.905226963653,479.86304082564413,137
2540000,5080.000000117433,-623015.3225713489,301.6376638872236,480.24757721529056,137
2545000,5090.00000011947,-622656.771582298,300.59413633794503,481.82451875901745,137
2550000,5100.000000121508,-621953.8646070776,301.0310330858419,482.92395925152255,137
2555000,5110.000000123545,-622441.1012513046,299.07612236195905,481.29528766992894,137
2560000,5120.000000125582,-623092.8851866433,301.30310622943523,478.95101629920174,137
2565000,5130.000000127619,-623395.6722104959,302.4817282294466,480.6289405737997,137
2570000,5140.000000129657,-622701.0097333877,298.30582895394855,481.3085440009937,137
2575000,5150.000000131694,-622839.0156654953,299.32389068537975,480.0534206762884,137
2580000,5160.000000133731,-622801.2692820476,298.38523358179543,480.9959874734283,137
2585000,5170.0000001357685,-622113.0405055387,299.52571395328204,481.8602455287743,137
2590000,5180.000000137806,-621891.3360086461,300.3562650438821,482.32188274705123,137
2595000,5190.000000139843,-622480.5818166924,300.36688531769283,480.9596074799621,138
2600000,5200.00000014188,-623146.1171452254,301.8520297365619,482.05670652719476,138
2605000,5210.0000001439175,-622295.567512529,300.21755437088393,481.15578623855293,138
2610000,5220.000000145955,-623943.3534003533,300.4747819704407,480.61084672294413,138
2615000,5230.000000147992,-623116.880084889,300.4212999464115,479.49341199403017,138
2620000,5240.000000150029,-623723.3821061826,299.8655246497295,481.1849464388847,138
2625000,5250.000000152067,-623098.6127514215,301.17564391095715,481.2213292919843,138
2630000,5260.000000154104,-623260.5290311929,299.26580273614945,481.8347126457526,138
2635000,5270.000000156141,-623301.1362751913,298.5099361517026,481.0780242024038,138
2640000,5280.000000158178,-621781.938309331,302.5425188290015,480.6092690262782,138
2645000,5290.000000160216,-623065.2658122345,300.62205738038307,481.56043773936096,138
2650000,5300.000000162253,-623989.5686500049,299.2125681378542,480.5531439200266,138
2655000,5310.00000016429,-621872.1113767386,300.508260575518,481.0199076777112,138
2660000,5320.0000001663275,-622869.1467056153,300.75892187675095,480.6572096421928,138
2665000,5330.000000168365,-622178.6522852173,300.4302834038285,481.75965637841705,138
2670000,5340.000000170402,-622385.2400903758,302.3234138252207,480.8632013910725,138
2675000,5350.000000172439,-624175.3881066847,301.1279288098037,481.31498287679375,138
2680000,5360.000000174477,-622512.7953508222,298.85755027514364,480.18137106782325,138
2685000,5370.000000176514,-622842.7863925337,302.175358072579,481.9964971005819,138
2690000,5380.000000178551,-624122.4696674817,298.4796931139153,480.6565302600509,138
2695000,5390.000000180588,-623525.4483490665,302.3625832221787,479.30901358493895,138
2700000,5400.000000182626,-622340.301268151,300.23017308331504,481.56357664136556,138
2705000,5410.000000184663,-623078.3571118745,302.8931020612498,480.3271176614329,138
2710000,5420.0000001867,-623235.0299509121,300.4668453142057,479.3016227972456,138
2715000,5430.000000188737,-621869.2397550088,301.57769169586555,481.40691974203713,138
2720000,5440.000000190775,-623030.2904937207,300.19726546070063,482.9236525168838,138
2725000,5450.000000192812,-622714.0520578604,300.4604503106208,482.7383605357704,138
2730000,5460.000000194849,-624538.4264826803,299.4750487760701,479.7952146806443,138
2735000,5470.0000001968865,-623830.5300254049,300.30118426895666,480.09674799286415,138
2740000,5480.000000198924,-623222.4007454598,299.55289271851825,480.04302170591745,138
2745000,5490.000000200961,-622000.5007600249,298.79674064284,480.5225295401,138
2750000,5500.000000202998,-623475.8329867497,299.1897669048339,481.9414614730825,138
2755000,5510.000000205036,-621559.7818341409,302.51781432110477,483.20653452166636,138
2760000,5520.000000207073,-623444.1871498926,298.8068850979316,480.2068077954944,138
2765000,5530.00000020911,-623407.1668672864,302.6869393266291,479.12649580425943,138
2770000,5540.000000211147,-622982.5753708822,299.40999484079185,480.3850667176715,138
2775000,5550.000000213185,-622229.2014155453,300.38637485242805,481.0100618824882,138
2780000,5560.000000215222,-622586.5469347714,300.04113982258264,482.48305766296727,138
2785000,5570.000000217259,-622722.2166641057,302.1959705394913,481.47975905574924,138
2790000,5580.000000219296,-623778.725502097,298.0906827619108,480.8468898732917,138
2795000,5590.000000221334,-624669.1405006289,300.4886187787927,480.04999400529226,138
2800000,5600.000000223371,-622606.4814057671,299.91188842572063,481.1549445674882,138
2805000,5610.000000225408,-622114.5257574492,298.91617114133936,478.94701661334824,138
2810000,5620.0000002274455,-622852.2138158772,302.3383735657498,480.1182924486558,138
2815000,5630.000000229483,-623252.0731383516,300.35255365787293,479.8612710484405,138
2820000,5640.00000023152,-622986.1686999956,300.97659942437446,479.26405921788967,138
2825000,5650.000000233557,-623177.768274616,299.26251007061313,480.39492536667325,138
2830000,5660.000000235595,-622972.9910760671,301.3917988386794,481.729403389558,138
2835000,5670.000000237632,-622394.1357473261,297.3846819792279,481.0584639875594,138
2840000,5680.000000239669,-623204.2079176828,299.4570437957385,481.1598634367773,138
2845000,5690.000000241706,-623021.1036700588,300.26829567909095,481.29406247513634,138
2850000,5700.000000243744,-622384.1831019712,301.6457337726999,482.2438869347911,138
2855000,5710.000000245781,-622241.9810619368,300.97991112265953,481.2656704272146,138
2860000,5720.000000247818,-624686.9511350151,299.4665030718747,479.1610051787598,138
2865000,5730.0000002498555,-623391.1114057028,300.87170994593146,480.4457082679344,138
2870000,5740.000000251893,-621416.4450184312,299.874470041649,482.7679676976569,138
2875000,5750.00000025393,-623420.4509180621,300.62281869033365,482.1626061097326,138
2880000,5760.000000255967,-621789.76798421,300.14781837940956,481.3556048470245,138
2885000,5770.000000258005,-623897.6623136341,301.2374622789453,481.1706541849197,138
2890000,5780.000000260042,-623123.0909605431,300.2649459153084,480.7528136374629,138
2895000,5790.000000262079,-622963.9618675313,301.2013571545384,481.77428129675013,138
2900000,5800.000000264116,-622589.0287216711,299.0451941452162,479.603007505418,138
2905000,5810.000000266154,-623036.5427886113,299.65597408582863,479.80051529203837,138
2910000,5820.000000268191,-622243.9196375404,300.46970022652056,483.12334627170287,138
2915000,5830.000000270228,-623120.7045108522,301.9692905017021,481.3320403575211,138
2920000,5840.000000272265,-623300.8622169187,300.32958113011375,481.06598628634333,138
2925000,5850.000000274303,-622513.6275677285,298.98198638656817,481.04176923959926,138
2930000,5860.00000027634,-622191.539864636,299.2854825983723,481.81630265320194,138
2935000,5870.000000278377,-624197.8072943506,297.22406461240143,480.3526008432198,138
2940000,5880.0000002804145,-622700.806449051,298.8980519645152,481.56136203605894,138
2945000,5890.000000282452,-622554.3892568233,299.08828428841974,480.88762185054543,138
2950000,5900.000000284489,-622574.8822622052,300.3052572771923,481.6760410954726,138
2955000,5910.000000286526,-622474.111506335,300.0568418403136,483.01058182415596,138
2960000,5920.000000288564,-622208.7259962885,297.5217558358322,481.1173236811194,138
2965000,5930.000000290601,-621910.7527612904,300.6431266332657,480.2535473341274,138
2970000,5940.000000292638,-621473.8720696564,297.7630339919241,482.1380551662124,138
2975000,5950.000000294675,-622452.2537503913,299.6388065464427,483.3138933293156,138
2980000,5960.000000296713,-622228.3895372669,297.6567931883188,479.82880369391415,138
2985000,5970.00000029875,-623637.215360851,300.71320521421785,480.2337314151923,138
2990000,5980.000000300787,-622487.6250252062,300.4714893049044,479.9292201270826,138
2995000,5990.000000302824,-622473.6574281603,299.86175616547405,481.1702211974054,138
3000000,6000.000000304862,-621938.9254302136,300.78014339162377,482.3666566549274,138
3005000,6010.000000306899,-622464.7162723858,298.81780989572263,482.6429721347156,138
3010000,6020.000000308936,-622810.9269273411,299.98151022070243,480.69080712728976,138
3015000,6030.0000003109735,-622062.909303274,300.75467757377646,481.12805403971885,138
3020000,6040.000000313011,-623592.6735431063,299.35514245885156,480.72677588422476,138
3025000,6050.000000315048,-622980.8133242889,302.34176139503,482.7445349042438,138
3030000,6060.000000317085,-622268.1081832494,300.7252339114372,480.8001715772448,138
3035000,6070.000000319123,-623424.7604751056,300.42691460729714,480.9003013587653,138
3040000,6080.00000032116,-623828.6079839566,301.4771797496384,481.16915665267504,138
3045000,6090.000000323197,-624448.3632832873,299.63711263180267,478.657553239126,138
3050000,6100.000000325234,-623232.9460091405,300.38102665002515,480.5187930585159,138
3055000,6110.000000327272,-624321.7149977619,300.2150801135445,480.576219579783,138
3060000,6120.000000329309,-623900.1500297417,298.7965312826036,480.7489940050827,138
3065000,6130.000000331346,-622837.1309486269,299.1377504024596,481.02740902745774,138
3070000,6140.0000003333835,-623214.8659778158,303.4830030764672,481.12435151754977,138
3075000,6150.000000335421,-623712.9948099628,297.96917769379604,480.5902661201664,138
3080000,6160.000000337458,-623208.5972626978,299.1808215129144,480.79486116910306,138
3085000,6170.000000339495,-621622.3068318036,298.3932654017742,482.4566041368364,138
3090000,6180.0000003415325,-621781.2784764282,299.92901789960894,481.5851864076664,138
3095000,6190.00000034357,-622852.6879606885,300.2166027334457,480.9557550317268,138
3100000,6200.000000345607,-623000.619020449,300.16471946031277,481.73823394141783,138
3105000,6210.000000347644,-624446.3652693722,298.11139039256693,481.70722540409395,138
3110000,6220.000000349682,-623474.6636651745,301.1941437427565,479.9686637477704,138
3115000,6230.000000351719,-624711.1416356256,300.3338444658371,480.758886200511,138
3120000,6240.000000353756,-621177.6089807628,300.786842919189,481.81213468747814,138
3125000,6250.000000355793,-622788.2736693537,302.350173869984,480.8741110835014,138
3130000,6260.000000357831,-622235.1508857887,300.9745438875078,483.89311817305764,138
3135000,6270.000000359868,-623909.1420615041,299.42666752870986,481.75422142254524,138
3140000,6280.000000361905,-622427.0051542376,299.14513510898036,479.77847312239544,138
3145000,6290.0000003639425,-621246.6635841113,301.69325854636566,481.782600406183,138
3150000,6300.00000036598,-622687.6187887336,300.66379619842434,484.54690116093366,138
3155000,6310.000000368017,-623735.7252419703,299.82589846680105,480.9617916235607,138
3160000,6320.000000370054,-621694.9082500199,299.83145602944046,482.1007751989645,138
3165000,6330.000000372092,-622638.1370009752,299.11245587935116,480.4007463249777,138
3170000,6340.000000374129,-623611.0328273838,300.9041417498267,480.25199488031643,138
3175000,6350.000000376166,-624722.4494234594,299.0547676178449,480.394133911101,138
3180000,6360.000000378203,-624231.2446879828,301.13512318883676,480.48424091916905,138
3185000,6370.000000380241,-622184.6735013053,300.0038546677523,481.4453644657418,138
3190000,6380.000000382278,-622354.4166637207,299.8180950398075,481.34111229708867,138
3195000,6390.000000384315,-623965.4243880804,302.52744489197977,480.82703112104815,138
3200000,6400.000000386352,-622863.3943918855,299.7906117505911,481.26809112789175,138
3205000,6410.00000038839,-623040.35476769,301.2206373290372,480.80788808561607,138
3210000,6420.000000390427,-623582.7522507184,299.83031406451454,483.40566576055005,138
3215000,6430.000000392464,-624334.0938764145,298.3041160065597,478.9109862016802,138
3220000,6440.0000003945015,-622876.4926015432,298.02873116468123,481.02245232811975,138
3225000,6450.000000396539,-623885.670382339,299.21197812264245,479.76939706745907,138
3230000,6460.000000398576,-621897.949028919,298.32665078109727,481.22937061347193,138
3235000,6470.000000400613,-623156.4911682629,298.2687912248522,480.9077718235927,138
3240000,6480.000000402651,-623122.8525432567,300.827553968797,480.65796244392993,138
3245000,6490.000000404688,-623464.0911220037,301.74771124058185,479.9730168292223,138
3250000,6500.000000406725,-622420.5808833288,301.2749377612633,481.42639624815246,138
3255000,6510.000000408762,-622499.59664468,301.0081747545753,480.0207935807227,138
3260000,6520.0000004108,-623352.2220828049,300.2178017966179,479.97875165982305,138
3265000,6530.000000412837,-623542.5887968014,300.46423782762497,480.9170114690691,138
3270000,6540.000000414874,-622050.5074164113,300.66870664760563,483.4401819286793,138
3275000,6550.0000004169115,-622207.1869045282,300.69053721043895,482.1791938989722,138
3280000,6560.000000418949,-624201.6322173085,298.7141956114469,480.91550163442764,138
3285000,6570.000000420986,-624655.2346317181,301.8281817023596,480.7004540082892,138
3290000,6580.000000423023,-622074.6563419802,298.54274861057326,482.20317404848436,138
3295000,6590.0000004250605,-622359.914442033,300.8463963900742,482.5774408184565,138
3300000,6600.000000427098,-622825.7300323504,298.4217383939264,481.16237038897634,138
3305000,6610.000000429135,-623613.6777642127,299.2882423469432,481.196395334611,138
3310000,6620.000000431172,-623105.134731865,300.42360290901206,482.8674175296341,138
3315000,6630.00000043321,-621598.0938830744,300.57314321605736,479.5670259267519,138
3320000,6640.000000435247,-623637.0253978823,298.8138320512308,479.7140326557021,138
3325000,6650.000000437284,-622862.4739822368,301.86697044434237,479.4434731551274,138
3330000,6660.000000439321,-621575.3403623118,301.1995680761545,480.42634458842434,138
3335000,6670.000000441359,-622186.170690495,299.62521716382463,479.79463025567367,139
3340000,6680.000000443396,-623767.088595754,300.002427211595,481.3263588926628,139
3345000,6690.000000445433,-623946.071559302,301.06028642069344,481.8443389295344,139
3350000,6700.0000004474705,-622942.5072256643,299.3128516910961,479.4520729070415,139
3355000,6710.000000449508,-622562.5233015004,302.46684461991254,483.20052323533884,139
3360000,6720.000000451545,-622678.3469811208,299.56541626720553,481.0087540700898,139
3365000,6730.000000453582,-623167.8914561942,301.34176174217663,480.86190311321445,139
3370000,6740.00000045562,-623055.4124403768,299.96297232340544,479.3810939814217,139
3375000,6750.000000457657,-622841.0152577171,300.2505190917446,480.9405787417314,139
3380000,6760.000000459694,-620779.960476459,299.1226954981866,480.52991337683704,139
3385000,6770.000000461731,-622555.8679946074,302.05817343843387,481.24800827464816,139
3390000,6780.000000463769,-624636.251635375,298.3017369129641,481.1288414899232,139
3395000,6790.000000465806,-622111.0292303097,300.2987671098635,481.4603674434628,139
3400000,6800.000000467843,-623179.4867587364,300.75227944743204,480.30829514748325,139
3405000,6810.00000046988,-623513.2894527032,300.49330083498893,480.104851672712,139
3410000,6820.000000471918,-623657.5351382806,297.40203984610145,481.228478211235,139
3415000,6830.000000473955,-622386.3554849769,302.03051885447854,481.34756668745985,139
3420000,6840.000000475992,-623847.32680427,300.3518875116661,480.3456935404058,139
3425000,6850.0000004780295,-622721.7062035217,301.82860042283244,480.83502596729875,139
3430000,6860.000000480067,-624142.9652839629,300.59548766310735,480.57156607076723,139
3435000,6870.000000482104,-621362.2913433872,299.3665621081105,482.5373472707242,139
3440000,6880.000000484141,-622909.7685205257,300.1493790648083,481.0939931381682,139
3445000,6890.000000486179,-622069.2584946649,302.825669032376,481.1567156841922,139
3450000,6900.000000488216,-623831.7796634934,298.9946050989992,481.25732208193915,139
3455000,6910.000000490253,-622499.3327892036,298.99789776453554,480.69922658319285,139
3460000,6920.00000049229,-623706.8117857552,299.99506153782295,478.58762014170185,139
3465000,6930.000000494328,-622429.6983399838,298.54990492410883,479.99547168706994,139
3470000,6940.000000496365,-622693.8822291163,298.60323468614786,481.61641056104753,139
3475000,6950.000000498402,-622712.4990434968,301.89928805174503,481.82496486909474,139
3480000,6960.0000005004395,-624026.8987692785,299.3513739745962,480.5306608664705,139
3485000,6970.000000502477,-622722.2464724635,299.502570130784,482.80160757904224,139
3490000,6980.000000504514,-622242.7385852267,298.54484221293734,481.756706352067,139
3495000,6990.000000506551,-623104.8969490672,299.65273851853857,478.87974137095694,139
3500000,7000.0000005085885,-622784.2034510002,300.2579037982654,479.1815817441268,139
3505000,7010.000000510626,-622360.4567982205,300.49105497063465,480.01607834049014,139
3510000,7020.000000512663,-622667.0817918093,299.1929073083801,482.7798843968981,139
3515000,7030.0000005147,-623289.6097624139,300.14610543202076,479.36789436957554,139
3520000,7040.000000516738,-621596.9182226555,300.5031217333516,481.0392236852754,139
3525000,7050.000000518775,-623663.7657126547,299.46867280523384,480.64454428574135,139
3530000,7060.000000520812,-621009.1111105485,300.2192292527752,481.8636791558366,139
3535000,7070.000000522849,-624008.5044485219,298.12663562432755,480.6315045059748,139
3540000,7080.000000524887,-621782.7681420553,301.51147676291265,482.0105131639576,139
3545000,7090.000000526924,-624306.370076579,300.8735370898128,480.32146379357096,139
3550000,7100.000000528961,-623560.9203891377,297.9628968867037,481.20384348613953,139
3555000,7110.0000005309985,-623037.2956208931,301.2739670910763,481.61129979915034,139
3560000,7120.000000533036,-623202.2583241602,301.43789615618783,480.237473606581,139
3565000,7130.000000535073,-622157.9630055446,302.9258764546229,482.17908837151367,139
3570000,7140.00000053711,-623747.5696567474,295.90214504693955,480.1927527694498,139
3575000,7150.000000539148,-622637.8399458472,301.2607773961822,481.30332061500303,139
3580000,7160.000000541185,-623226.0873430627,300.50521533571566,479.39929055399887,139
3585000,7170.000000543222,-623349.5747061181,297.4664466679216,481.5221969178627,139
3590000,7180.000000545259,-623326.6623896156,300.58094664305094,480.1169491574323,139
3595000,7190.000000547297,-621821.3456899459,299.1681266694883,480.6653169151558,139
3600000,7200.000000549334,-623767.17177149,301.52282028117656,479.44798590258944,139
3605000,7210.000000551371,-623018.5848862198,299.942455020237,482.253547236989,139
3610000,7220.000000553408,-623230.5041218088,301.10912445402397,478.651803833574,139
3615000,7230.000000555446,-624108.7619386222,298.4345284010964,481.06088693311534,139
3620000,7240.000000557483,-623313.8463369282,299.60549923610427,481.36684798171655,139
3625000,7250.00000055952,-623988.3159852559,298.2950754508964,479.2367128306391,139
3630000,7260.0000005615575,-622840.2490471983,298.980140209938,482.0333539754109,139
3635000,7270.000000563595,-624765.8573529986,299.6299943837646,480.69415831517955,139
3640000,7280.000000565632,-621693.976579845,301.2058488832469,481.7674652305112,139
3645000,7290.000000567669,-622576.3499421696,299.277736269625,480.46756350453694,139
3650000,7300.000000569707,-622920.2367722108,302.193001430684,480.935551923834,139
3655000,7310.000000571744,-622448.8237908185,302.66840142933216,481.95326096304586,139
3660000,7320.000000573781,-623799.0388305755,302.09772349036723,479.5205903133802,139
3665000,7330.000000575818,-623024.6548295887,300.7061440644261,481.22088309815433,139
3670000,7340.000000577856,-623796.579821412,300.989751053771,479.6064052202543,139
3675000,7350.000000579893,-623092.603876608,300.36250778547696,480.7961920799985,139
3680000,7360.00000058193,-623618.776917574,301.12863302150794,482.19860847355164,139
3685000,7370.000000583967,-624301.547245943,301.19454343048056,480.3972773021286,139
3690000,7380.000000586005,-622051.1231960328,300.0870087471059,481.4953395883435,139
3695000,7390.000000588042,-621925.4529064014,299.23790072646017,480.7535876759387,139
3700000,7400.000000590079,-623106.2558859512,300.0970770712025,480.40740804895194,139
3705000,7410.0000005921165,-623180.077788509,298.5440047719917,480.548913788967,139
3710000,7420.000000594154,-623211.970979305,299.15840093486946,482.80133196676405,139
3715000,7430.000000596191,-623408.8603748092,298.43675523270184,481.3853005300688,139
3720000,7440.000000598228,-623074.9889268102,301.2514513492875,478.80961192465963,139
3725000,7450.000000600266,-621911.5383479879,299.3032972512162,481.3887353436599,139
3730000,7460.000000602303,-622712.3251774614,298.59337572228765,480.7441845528156,139
3735000,7470.00000060434,-623908.026158738,300.98314668994954,480.27082310042545,139
3740000,7480.000000606377,-623238.773449989,297.22233263226383,482.83307953354466,139
3745000,7490.000000608415,-623593.8051077966,300.2587793047086,480.29390278230676,139
3750000,7500.000000610452,-623174.8314922359,299.86556271522704,480.36602227257436,139
3755000,7510.000000612489,-623294.141531562,298.75850385057146,480.9709887554767,139
3760000,7520.0000006145265,-622670.8261756706,298.4195115623209,481.6866717383758,139
3765000,7530.000000616564,-622632.9016811252,299.33359738724977,479.329052307619,139
3770000,7540.000000618601,-622779.2325006332,298.0183012183581,481.72198722207355,139
3775000,7550.000000620638,-622552.6400943808,301.54533602296533,482.5418334824439,139
3780000,7560.0000006226755,-621299.2505454919,301.06601527807163,483.2563698849757,139
3785000,7570.000000624713,-623041.1890951004,300.0047111414467,481.9839778782275,139
3790000,7580.00000062675,-624369.8371087508,299.63104118494664,479.5657253836016,139
3795000,7590.000000628787,-623877.0971542415,297.8360626489348,481.7049885036833,139
3800000,7600.000000630825,-622786.911292973,299.9126116701737,482.23406818516963,139
3805000,7610.000000632862,-621277.1396296704,301.0075466738661,482.2587629924285,139
3810000,7620.000000634899,-623999.5631829011,299.26523175368646,480.5772943684858,139
3815000,7630.000000636936,-622514.6465976285,299.9686250497886,481.32413365002463,139
3820000,7640.000000638974,-622744.3491075998,303.3541513673292,481.5015116208794,139
3825000,7650.000000641011,-622103.3312757825,298.2827612624455,479.08175969656975,139
3830000,7660.000000643048,-623054.2959107468,300.36498204281634,479.5181154304442,139
3835000,7670.0000006450855,-621328.8633170002,301.87378416840016,481.08661777398225,139
3840000,7680.000000647123,-623485.5267019793,299.59278535992934,480.79489783008603,139
3845000,7690.00000064916,-622504.8163203327,302.33940133418315,481.6224154987824,139
3850000,7700.000000651197,-623570.1596737234,301.64097558550867,479.1490373229725,139
3855000,7710.000000653235,-622902.0431365785,298.05341663982927,481.16285883267915,139
3860000,7720.000000655272,-622000.6971474136,299.74942488226395,480.715792753268,139
3865000,7730.000000657309,-623319.1652930398,297.97644820382425,481.3337980435443,139
3870000,7740.000000659346,-622363.4885989139,301.19001363627456,481.27756193530206,139
3875000,7750.000000661384,-622361.6971063484,300.02387711945295,480.0080166060488,139
3880000,7760.000000663421,-622527.4761282466,301.8701679461348,480.8955642655583,139
3885000,7770.000000665458,-622923.5740444497,301.3914562492016,482.9582357734915,139
3890000,7780.000000667495,-621236.94054334,300.4938908502006,482.6718027182385,139
3895000,7790.000000669533,-622961.4409137927,300.19222178227795,482.2952599103682,139
3900000,7800.00000067157,-623601.8058566283,299.94447249160606,481.31964081874594,139
3905000,7810.000000673607,-622932.8477098485,299.6831909165623,481.17992212298475,139
3910000,7820.0000006756445,-623744.2215776965,303.34227493210005,482.51169759869595,139
3915000,7830.000000677682,-623041.2270611157,299.18464709541615,481.0648888004613,139
3920000,7840.000000679719,-624029.1616140008,301.26488846991543,479.20519946533534,139
3925000,7850.000000681756,-622443.0239976984,301.4589083108242,482.187146093995,139
3930000,7860.000000683794,-621807.3506076187,297.7021482286254,479.4245898968954,139
3935000,7870.000000685831,-623130.0640816968,301.25936897277364,480.224940796952,139
3940000,7880.000000687868,-624152.3962379736,301.03706646720036,479.337306045366,139
3945000,7890.000000689905,-622216.6341648335,297.98581231621654,481.52322615420087,139
3950000,7900.000000691943,-622517.7981438846,302.3384496967449,482.0843521037622,139
3955000,7910.00000069398,-623475.8491006736,299.95046780746696,480.58208159485673,139
3960000,7920.000000696017,-624354.0887662591,300.6360464507252,480.6138712410764,139
3965000,7930.0000006980545,-623262.3105792007,301.44562345218634,480.10116505405824,139
3970000,7940.000000700092,-623095.8444833457,302.84003875769343,482.1256179030089,139
3975000,7950.000000702129,-623329.2023630585,303.5143690464317,480.4161646371072,139
3980000,7960.000000704166,-622322.0656611919,300.97979692616696,480.4109779215756,139
3985000,7970.0000007062035,-621912.4867208041,301.165290095629,480.60385388024105,139
3990000,7980.000000708241,-622870.8165145204,299.31283265834736,482.2240642200362,139
3995000,7990.000000710278,-623824.7429848136,300.22235062357265,482.49573026392864,139
4000000,8000.000000712315,-624602.1518299119,297.90931969893063,479.05795276027646,139
4005000,8010.000000714353,-624826.748982653,300.9439963257403,479.41771529777,139
4010000,8020.00000071639,-622788.1169399051,299.6683453725257,481.97207593968614,139
4015000,8030.000000718427,-624760.3325440325,299.2497390961919,479.7423902685608,139
4020000,8040.000000720464,-623623.3605139772,302.911297369069,482.58691823012134,139
4025000,8050.000000722502,-623752.2591760112,300.25586729414755,480.5158133082774,139
4030000,8060.000000724539,-623240.414294627,300.5227635300769,481.6530534746923,139
4035000,8070.000000726576,-623584.0101178959,300.35129749645444,479.7082385091911,139
4040000,8080.0000007286135,-622297.7413421278,302.0487712605441,480.74589300522985,139
4045000,8090.000000730651,-623334.2013385016,298.9222235554466,480.9159662898649,139
4050000,8100.000000732688,-622513.5869060745,299.53877041893475,480.5988688489774,139
4055000,8110.000000734725,-622904.3506375095,299.8498797302448,480.8794762318375,139
4060000,8120.000000736763,-621910.6580697638,297.0140762952789,481.4109174088071,139
4065000,8130.0000007388,-624872.1599250259,299.3896297996135,479.5478513304574,139
4070000,8140.000000740837,-623080.8864227976,301.5327173105343,481.5990011975662,139
4075000,8150.000000742874,-622956.6204923112,300.6375690706264,482.3385306883742,139
4080000,8160.000000744912,-622638.6895283111,303.52272442313944,481.26690322778444,139
4085000,8170.000000746949,-623094.7835125052,300.43064502605506,481.0611624878365,139
4090000,8180.000000748986,-623134.0574360914,300.54693512100823,481.53459335807935,139
4095000,8190.000000751023,-622902.1442386624,299.70837124317825,482.7967625955013,139
4100000,8200.00000075306,-623343.1482078643,299.8370897230748,480.0577742035099,139
4105000,8210.000000755097,-621630.8034221521,301.4568718067064,481.0691927794067,139
4110000,8220.000000757134,-623677.3663360407,301.8419233469678,480.00783097827156,139
4115000,8230.000000759172,-621470.2503048526,299.97288838551196,479.4074826581213,139
4120000,8240.000000761209,-620685.3985542324,299.7676963210782,480.5269466333389,139
4125000,8250.000000763246,-623783.0969132767,301.14985453638076,481.20893492692363,139
4130000,8260.000000765283,-624291.7857066342,300.34602542504655,479.5879164005801,139
4135000,8270.00000076732,-623745.8918965235,299.569907995914,480.7421195064621,139
4140000,8280.000000769358,-622366.7792755812,298.73901431583624,480.2171190998206,139
4145000,8290.000000771395,-623717.845509389,300.34132433610165,480.38382527046036,139
4150000,8300.000000773432,-621521.1936714547,300.2247868154146,481.1145940890639,139
4155000,8310.00000077547,-623445.8921272885,300.7539352965746,479.9798835807394,139
4160000,8320.000000777507,-623273.2670509308,300.994356978972,480.5757436853756,139
4165000,8330.000000779544,-622590.6218736516,300.3154207650327,483.3236648862362,139
4170000,8340.000000781582,-622783.0064246785,301.05156942175915,480.85270895964135,139
4175000,8350.000000783619,-621371.0191528653,303.48277468348203,481.19356622571115,139
4180000,8360.000000785656,-622620.4450105233,302.8886674307876,480.7585031851874,139
4185000,8370.000000787693,-622194.5397715215,299.23024956145673,480.22132818642996,139
4190000,8380.00000078973,-623566.8821142698,300.1436502074301,480.674067633993,139
4195000,8390.000000791768,-623113.6133572594,300.0465831887294,481.0060445063908,139
4200000,8400.000000793805,-623401.8026534896,300.75553404747086,480.0962919287024,139
4205000,8410.000000795842,-622098.5161640551,299.9576812192488,481.2281068019702,139
4210000,8420.00000079788,-622191.1485542613,300.10402402450165,481.2264353514319,139
4215000,8430.000000799917,-622429.7455271645,300.4134013556741,480.97236122283107,139
4220000,8440.000000801954,-621249.9384925212,300.35601761814814,479.4314747072268,139
4225000,8450.000000803991,-622341.4055503169,297.55784192749036,479.3717818916458,139
4230000,8460.000000806029,-621492.9462623638,300.60304366436696,481.4842274177108,139
4235000,8470.000000808066,-624349.221985939,300.82527003894523,480.0379964642407,139
4240000,8480.000000810103,-622063.3260437096,299.4036759682019,483.0417809349742,139
4245000,8490.00000081214,-622353.0433916249,300.51427492412773,481.2784135145633,139
4250000,8500.000000814178,-622810.2846048106,300.4254300528935,479.48735418875594,139
4255000,8510.000000816215,-623347.696982123,299.01038324772526,480.38268660106394,139
4260000,8520.000000818252,-621948.114043836,299.1809928076533,480.99035246194205,139
4265000,8530.00000082029,-622012.8071087725,300.50913608196123,480.88013611296657,139
4270000,8540.000000822327,-623363.952186673,302.116356551408,480.7222581793754,139
4275000,8550.000000824364,-623652.7388621308,302.26089124552817,480.9014747494619,139
4280000,8560.000000826401,-622665.5936751375,298.5593832329937,481.9413245333573,139
4285000,8570.000000828439,-622015.0225617592,301.58854036266155,480.38565369636143,139
4290000,8580.000000830476,-621715.6523639183,300.2874045588509,482.0610470862754,139
4295000,8590.000000832513,-621100.5512495968,299.31517368644546,483.0792561592378,139
4300000,8600.00000083455,-623970.4778048792,300.81681949849366,479.5011493341639,139
4305000,8610.000000836588,-622590.9384343852,301.0251900319711,481.6445540146125,139
4310000,8620.000000838625,-623702.5923279524,303.5520158234885,480.2199154991937,139
4315000,8630.000000840662,-623748.4967803345,299.6996161787464,482.3874091459922,139
4320000,8640.0000008427,-623301.3573878263,299.85787348472604,480.467041458303,139
4325000,8650.000000844737,-622999.9550156733,299.31209038114554,479.5242957010015,139
4330000,8660.000000846774,-621141.1961941193,301.0113341908703,480.8001538170624,139
4335000,8670.000000848811,-624072.8174800109,301.187063560216,480.620471904669,139
4340000,8680.000000850849,-622991.7062247833,301.0149504131356,480.24457517797725,139
4345000,8690.000000852886,-622128.4488414614,302.52807297268896,482.00282488188793,139
4350000,8700.000000854923,-622561.8296980895,303.7976524790475,480.9304782708803,139
4355000,8710.00000085696,-623939.5440052454,298.15971454168084,480.1093588137979,139
4360000,8720.000000858998,-623177.2616035547,300.95996480195396,480.6370788146982,139
4365000,8730.000000861035,-623606.8874787278,299.33161798137826,478.09058152907335,139
4370000,8740.000000863072,-623069.2376231458,299.29263891190783,482.41635883113725,139
4375000,8750.00000086511,-622344.4271754734,300.365819483762,481.04656304835714,139
4380000,8760.000000867147,-622837.6727137384,301.5391503796168,480.69633112220436,139
4385000,8770.000000869184,-622869.8832463813,298.525771398675,481.08280426875905,139
4390000,8780.000000871221,-623482.6509797303,298.25605831592844,479.72313685827146,139
4395000,8790.000000873259,-623147.2774581709,300.3251655324003,480.26343567494297,139
4400000,8800.000000875296,-623300.9806597647,302.3322259878988,480.95406291621276,139
4405000,8810.000000877333,-622728.3897108873,300.6547937082585,482.2424986360142,139
4410000,8820.00000087937,-623237.469231525,300.832730876461,480.3437002718591,139
4415000,8830.000000881408,-622943.9580207923,300.7415069116312,480.9493263693042,139
4420000,8840.000000883445,-622916.827397407,300.9790356162164,479.19061913936935,139
4425000,8850.000000885482,-623390.1433011587,302.36018509583437,480.2106784205391,139
4430000,8860.00000088752,-623053.6207930013,301.8011932646111,480.88457834126166,139
4435000,8870.000000889557,-623007.8772792262,299.9366309991149,480.50674619861456,139
4440000,8880.000000891594,-623259.2563912333,300.1912511120909,478.2292787807355,139
4445000,8890.000000893631,-623503.5635455153,302.0585921589067,481.92782567101,139
4450000,8900.000000895669,-624161.0210518921,299.53492580368425,481.7678215760589,139
4455000,8910.000000897706,-622946.4013314564,300.2366251851463,480.82293577513946,139
4460000,8920.000000899743,-622533.3059582096,299.4583760881521,480.2520400728549,139
4465000,8930.00000090178,-622350.6133556375,299.83375899204094,480.9939186700714,139
4470000,8940.000000903818,-624030.4903867813,298.76655470329894,480.31150292541105,139
4475000,8950.000000905855,-624058.6707746894,299.40761574719625,480.85786024805697,139
4480000,8960.000000907892,-622642.5891694687,298.21557565930567,479.39127896001725,139
4485000,8970.00000090993,-624563.8653887478,300.0407972331049,478.7341673211629,139
4490000,8980.000000911967,-623095.2516275491,298.32204485589614,479.8298408273821,139
4495000,8990.000000914004,-624652.5610761307,301.0745990477646,479.42838756414653,139
4500000,9000.000000916041,-623780.8592167529,299.69731321614586,481.6962508054188,139
4505000,9010.000000918079,-623452.036288322,301.07060217052396,480.3983170461255,139
4510000,9020.000000920116,-622718.5082242698,300.2674963036429,480.0628563639701,139
4515000,9030.000000922153,-622565.9003632674,296.82862119131437,482.1051368512928,139
4520000,9040.00000092419,-624127.521863821,301.28411154616794,480.6889019013614,139
4525000,9050.000000926228,-623046.8255450265,299.84744353840284,482.40502811125936,139
4530000,9060.000000928265,-624585.9450105359,300.46086903109364,479.7413612463571,139
4535000,9070.000000930302,-623395.6021767491,298.2701235172657,480.93783589746346,139
4540000,9080.00000093234,-623128.0958825238,302.3100528355878,479.6499760084469,139
4545000,9090.000000934377,-622959.7778256438,300.4317679582322,481.4507405274438,139
4550000,9100.000000936414,-623423.5816692552,301.6482460955368,480.93855745518874,139
4555000,9110.000000938451,-623553.988285414,300.3668662849441,480.41489960484034,139
4560000,9120.000000940488,-622112.3803191236,300.329885654094,482.60780332994506,139
4565000,9130.000000942526,-622658.0662276186,300.2847399740238,483.40282076706507,139
4570000,9140.000000944563,-622249.8428020147,299.8593009408834,480.40092772521183,139
4575000,9150.0000009466,-621490.7189031094,300.69933034036825,481.10768521002836,139
4580000,9160.000000948638,-622061.7225774033,299.54120661077667,482.43544110337206,139
4585000,9170.000000950675,-623128.6809447054,303.6474650585442,480.8696311591695,139
4590000,9180.000000952712,-622510.4315211098,301.7098360705398,479.8117104765104,139
4595000,9190.00000095475,-622911.8085745177,297.9129739866935,480.7304857149886,139
4600000,9200.000000956787,-622487.9766445206,300.9567863329102,481.98507215994016,139
4605000,9210.000000958824,-622977.6143483375,300.21245359421494,481.0082077956405,139
4610000,9220.000000960861,-622256.7320662541,299.73244767036573,481.15080227509765,139
4615000,9230.000000962898,-623952.5937713403,301.11207453008257,480.7120233028641,139
4620000,9240.000000964936,-622956.5755214593,299.58848395870854,482.08521714063824,139
4625000,9250.000000966973,-621079.9061948005,302.45112356943275,482.802835737614,139
4630000,9260.00000096901,-622879.1626189966,300.75707570012077,481.464331906141,139
4635000,9270.000000971047,-624131.7823322243,300.9069966621414,479.36693207821133,139
4640000,9280.000000973085,-623266.6537071932,299.7672205023591,479.89453384063046,139
4645000,9290.000000975122,-622457.8012345252,298.77186484020433,482.45714609341337,139
4650000,9300.00000097716,-622341.9402989079,297.7977306929224,481.5858077594922,139
4655000,9310.000000979197,-624114.5913486583,299.54432798157404,479.4451679867605,139
4660000,9320.000000981234,-621236.1428999281,300.3765920195629,482.6091282965103,139
4665000,9330.000000983271,-623210.7512887437,300.76506945460204,480.79288188843185,139
4670000,9340.000000985308,-623342.6249330598,299.0928711808721,481.29380617012544,139
4675000,9350.000000987346,-623394.7596300398,301.88394765624054,479.6043781081067,139
4680000,9360.000000989383,-622996.9620856731,302.596381508006,480.07022544074056,139
4685000,9370.00000099142,-623334.2644595797,300.8145736341394,479.49949461532344,139
4690000,9380.000000993457,-621932.9712235089,302.1422981879745,481.6674862119672,139
4695000,9390.000000995495,-623658.4961037072,300.51338038493583,478.74477079318984,139
4700000,9400.000000997532,-624676.619197594,300.64813224619087,480.70653906528776,139
4705000,9410.00000099957,-622942.2592181517,300.095173796326,481.8440256350668,139
4710000,9420.000001001607,-622758.9872965515,301.55051293062934,481.00389152959553,139
4715000,9430.000001003644,-622374.8688254813,300.0939937659026,481.26233644883496,139
4720000,9440.000001005681,-621180.6368836169,299.5834593130346,480.5750651503442,139
4725000,9450.000001007718,-622005.6153078312,301.8521249003058,483.2622690148347,139
4730000,9460.000001009756,-623425.8044297337,302.74424693316007,479.71550749952155,139
4735000,9470.000001011793,-623015.0329872859,300.9986774129417,481.2432464557371,139
4740000,9480.00000101383,-623583.8907860634,303.1814482050371,480.66730940358104,139
4745000,9490.000001015867,-622723.5400842507,298.6711815992383,480.5380511624906,139
4750000,9500.000001017905,-622900.538458196,300.6442114999453,479.82959451652084,139
4755000,9510.000001019942,-622628.8747952231,300.6832857331595,481.2380427273547,139
4760000,9520.00000102198,-624094.1441494054,300.147704182917,479.40184741282707,139
4765000,9530.000001024016,-623528.1994861318,299.68555097740915,482.2196878077348,139
4770000,9540.000001026054,-622849.9405691884,300.2439718261695,482.5381016909126,139
4775000,9550.000001028091,-622428.5022546151,301.6149768506959,479.22686250632063,139
4780000,9560.000001030128,-622985.1387746013,296.267535757727,480.6056261222863,139
4785000,9570.000001032166,-622765.9706046297,298.9888952743698,479.55271046064854,139
4790000,9580.000001034203,-622437.0548893269,303.8185694699401,480.4502988045595,139
4795000,9590.00000103624,-623903.1034061299,302.9631045112069,481.0918380709044,139
4800000,9600.000001038277,-623715.7583053936,299.85433339345576,480.7255074722575,139
4805000,9610.000001040315,-622252.6115625463,298.7254439659669,480.5577631367488,139
4810000,9620.000001042352,-623719.0562411277,299.5871706990437,480.39278305923887,139
4815000,9630.00000104439,-623360.5936156409,299.63235444461145,479.03011895923714,139
4820000,9640.000001046426,-623514.9076694516,300.98525932506243,483.0491208108563,139
4825000,9650.000001048464,-623426.0288716326,299.01398043724186,480.26553004237195,139
4830000,9660.000001050501,-623173.5741520175,299.110038720258,482.95501797518824,139
4835000,9670.000001052538,-623502.6944661192,299.77839272588403,480.76954403178263,139
4840000,9680.000001054575,-622278.3795865397,300.90187685272366,481.479060043677,139
4845000,9690.000001056613,-622551.1106458819,298.90113526981514,481.1860986329051,139
4850000,9700.00000105865,-622492.4509536754,304.0198978863745,480.31961861484376,139
4855000,9710.000001060687,-621609.1258633016,301.410527063464,481.16651183570815,139
4860000,9720.000001062725,-623445.1691596117,300.46362877966453,481.5802577124799,139
4865000,9730.000001064762,-621967.3987025539,300.8854515905396,481.5763431462449,139
4870000,9740.000001066799,-622101.9339248305,301.3898574983054,481.71036675127544,139
4875000,9750.000001068836,-622862.8750432348,301.6536894616836,479.521984606742,139
4880000,9760.000001070874,-623665.2581402035,300.642213061325,481.3269929773593,139
4885000,9770.00000107291,-623509.1258889716,297.88117026350744,482.5035606492209,139
4890000,9780.000001074948,-623438.5609988356,300.2381287722987,481.48025103212706,139
4895000,9790.000001076985,-622649.9253406879,299.50605312380793,482.1974499862987,139
4900000,9800.000001079023,-623519.4918544218,300.67367419503324,481.13202135693297,139
4905000,9810.00000108106,-624602.4145240705,301.6210292648031,480.85618678136217,139
4910000,9820.000001083097,-624583.5019736555,301.1631393950186,479.64109949633473,139
4915000,9830.000001085134,-622786.3557285322,298.6719238764402,480.03584659764823,139
4920000,9840.000001087172,-623609.8025618559,301.04091108245086,479.16732844117786,139
4925000,9850.000001089209,-622718.1854372174,300.7399652589812,482.05091687991575,139
4930000,9860.000001091246,-622701.9130434822,299.80728443850904,480.23539675604246,139
4935000,9870.000001093284,-622449.7697300948,303.07001146101896,480.2248567691877,139
4940000,9880.00000109532,-623960.2975544436,296.77108519179825,479.0497590238415,139
4945000,9890.000001097358,-621031.1780118272,302.0215734625591,482.3532070779115,139
4950000,9900.000001099395,-622140.5243048137,298.4565683241661,481.14628796889076,139
4955000,9910.000001101433,-623313.4178688028,300.1635203971406,480.80462597973485,139
4960000,9920.00000110347,-622495.3693591119,298.5774833770691,481.1276066994033,139
4965000,9930.000001105507,-623121.6533254916,296.21702284250506,482.32842450773717,139
4970000,9940.000001107544,-623348.0606250162,297.5398750126564,481.60068238003305,139
4975000,9950.000001109582,-623390.1941965288,298.8350155006061,482.12328194537736,139
4980000,9960.000001111619,-621668.0897048581,301.08830262687525,481.51476688195163,139
4985000,9970.000001113656,-623084.9047950939,299.1450209124878,479.8090340047378,139
4990000,9980.000001115694,-622504.3639689106,301.3586437903311,481.85601138140635,139
4995000,9990.00000111773,-622509.5340803601,299.81086259527683,480.7600596086915,139
5000000,10000.000001119768,-623845.9757579309,298.6849613093441,479.8471506980563,139
5005000,10010.000001121805,-624069.6993927751,300.54762029996374,481.4765314198953,139
5010000,10020.000001123843,-622688.2188910325,300.99835385621265,481.61572428912024,139
5015000,10030.00000112588,-622612.0443354724,299.03638198253805,482.08607769795583,139
5020000,10040.000001127917,-622252.5969868144,300.7928953332962,482.8116539120475,139
5025000,10050.000001129954,-623352.099848982,299.65123493138617,479.7608124812104,139
5030000,10060.000001131992,-623765.5812823046,300.5626942369855,477.63514703159564,139
5035000,10070.000001134029,-623599.6554599898,299.0984287435114,480.18788088525963,139
5040000,10080.000001136066,-622461.2701069149,301.91778788354446,481.58932084953744,139
5045000,10090.000001138103,-622762.3569088364,300.00554858239235,481.1352256160508,138
5050000,10100.00000114014,-622940.5798721248,298.51829152841043,480.13888370551024,138
