#"Step","Time (ps)","Potential Energy (kJ/mole)","Temperature (K)","Box Volume (nm^3)","Speed (ns/day)"
55000,109.99999999992504,-621799.9852697277,301.23004915034574,482.2594977464078,--
60000,119.99999999990173,-621698.1242508073,301.4274046748978,481.62222199627337,114
65000,129.99999999989262,-623284.9408823154,301.89319264613493,478.5374395949825,116
70000,139.99999999994037,-621591.669114402,301.2774083850183,479.97236707888516,119
75000,149.99999999998812,-623972.251716109,301.90802095956343,480.06834402903564,121
80000,160.00000000003587,-623214.2353530051,301.7650866777481,481.6022787166392,122
85000,170.00000000008362,-623110.8484487999,299.56927804636103,480.8294083516918,123
90000,180.00000000013137,-622701.5725301537,299.5316266933938,480.31982116778164,124
95000,190.0000000001791,-622505.2047457285,299.5007518225582,480.6642761232738,124
100000,200.00000000022686,-622253.0830639931,298.85434014641413,480.80599918741615,125
105000,210.0000000002746,-623864.2241482064,299.40163625385236,481.325304282442,126
110000,220.00000000032236,-623381.1383902142,298.48644949990404,479.53044480860007,124
115000,230.0000000003701,-622572.2717225142,301.67518407913127,480.6241104502246,124
120000,240.00000000041786,-621607.4416821366,298.6383492960002,480.9683308159096,125
125000,250.0000000004656,-622670.1844454277,301.0197878536442,479.97442321924854,127
130000,260.00000000051335,-622625.9065044574,302.5259371476428,482.0645920628664,128
135000,270.0000000005611,-622022.1473412304,298.47776951155566,482.45146614340916,128
140000,280.00000000060885,-622582.3867312483,300.9447135684558,480.1385078302154,129
145000,290.0000000006566,-623680.7139136763,299.1102475221932,479.81112368512703,130
150000,300.00000000070435,-623472.8913897015,300.1432803460201,479.71635261615825,130
155000,310.0000000007521,-622744.5030800174,298.0150271502652,481.02076226326983,131
160000,320.00000000079984,-622387.8446514397,302.52469986860194,481.1386580298055,131
165000,330.0000000008476,-621817.4192190552,299.13436494595936,482.9993844183005,132
170000,340.00000000089534,-623123.6440778389,300.28257893096145,481.80725913109353,132
175000,350.0000000009431,-623670.677970848,300.54819418844585,479.1102516006975,133
180000,360.00000000099084,-623702.3744347612,300.64106625676084,480.3582461408794,133
185000,370.0000000010386,-623475.6052283873,299.26479319193066,480.17768217719805,133
190000,380.00000000108633,-621798.149215023,301.05797218835204,480.36236835953395,134
195000,390.0000000011341,-622266.1399961524,300.4015290344458,482.3689007213583,134
200000,400.00000000118183,-622936.7594526745,302.20536766568097,480.21395793509396,134
205000,410.0000000012296,-622989.1009123432,298.8898595724186,481.2273223934024,134
210000,420.00000000127733,-622352.1063885624,301.13081937126685,480.3948955715244,134
215000,430.0000000013251,-621942.5159089458,299.43919243150873,480.96890711461066,134
220000,440.0000000013728,-622726.1352632227,299.31319935502245,479.3206098913465,134
225000,450.0000000014206,-623174.5922093373,297.6238185526001,480.23400064285437,134
230000,460.0000000014683,-622756.0353735546,300.5964861411647,482.1496008810829,134
235000,470.00000000151607,-622412.932527212,299.9695092634936,481.19009869900054,134
240000,480.0000000015638,-623718.4167446825,299.0314042946957,479.5093446831643,134
245000,490.00000000161157,-623077.8887397349,300.28771839774663,480.11519311708315,134
250000,500.0000000016593,-622191.0296543501,301.67177680300335,480.7368569268178,134
255000,510.00000000170706,-622634.9152458645,300.6403048542741,482.0337094625525,134
260000,520.0000000015274,-623603.6262708362,300.5251427281611,479.89903456779325,135
265000,530.0000000012909,-622421.4769025948,301.2949396772745,479.8948596569781,135
270000,540.0000000010544,-622611.9421439762,300.6522017681288,481.78158553428335,135
275000,550.000000000818,-622929.5025928617,300.8015699009567,480.24663348163097,135
280000,560.0000000005815,-623041.7949187183,299.96298023717014,480.93314778449115,135
285000,570.000000000345,-622232.816966854,299.70602593297184,480.8496439310814,135
290000,580.0000000001086,-621113.6254679239,303.58213564212747,484.0728730866487,135
295000,589.9999999998721,-622248.416359379,297.0185035756755,482.7634809465401,135
300000,599.9999999996356,-623296.4730744855,300.2700919301796,480.2187434996948,134
305000,609.9999999993992,-621900.0684409738,300.7773573018797,479.3920872938874,134
310000,619.9999999991627,-621853.6155304792,299.9032672471509,480.70571358551626,134
315000,629.9999999989262,-623094.8165740878,300.03183005702977,480.44945537682713,134
320000,639.9999999986898,-623073.7605667859,299.8431545208261,479.2855819717932,134
325000,649.9999999984533,-623441.5335776326,300.5931359702232,479.539820253823,134
330000,659.9999999982168,-623062.126406867,300.9692307285275,481.1221137155263,134
335000,669.9999999979804,-623373.8449906893,297.71926035430755,481.49861880113446,134
340000,679.9999999977439,-621964.2193728364,302.6798736953909,479.85084111743686,134
345000,689.9999999975074,-622995.2885145838,301.3290314736164,479.9504760530043,134
350000,699.999999997271,-623489.9380752705,300.5777556399919,481.2895851397386,134
355000,709.9999999970345,-621689.4985228563,302.99861581138464,481.5566154473942,134
360000,719.999999996798,-622064.5013228315,300.0683012361426,482.3651253911289,134
365000,729.9999999965615,-622966.0993794044,300.61675848237303,479.8101586122487,134
370000,739.9999999963251,-623001.8736114427,300.57733686862423,480.8219391254304,134
375000,749.9999999960886,-623276.5423732074,297.9484425028036,479.95508349112157,134
380000,759.9999999958521,-622791.4997048639,299.1923267102592,481.37068421939375,134
385000,769.9999999956157,-621863.2271297136,300.8515940443327,481.02228906602414,134
390000,779.9999999953792,-621760.4352410105,302.5396233573412,481.08943135014187,134
395000,789.9999999951427,-622462.9982095109,302.95873735614384,481.37119488695333,134
400000,799.9999999949063,-623033.8844011738,298.2863148562756,481.6073993687307,134
405000,809.9999999946698,-623421.9546529339,299.1939256554813,482.4336447547679,134
410000,819.9999999944333,-623769.1917888415,297.5552923287973,479.62737984156485,134
415000,829.9999999941969,-621936.4258670425,299.618045875634,481.07839584647104,134
420000,839.9999999939604,-622184.6903788927,300.97189563723094,478.82380375617015,134
425000,849.9999999937239,-622977.7174660037,301.1780453605043,479.41753247348515,134
430000,859.9999999934874,-622935.0192549047,300.1140044204066,480.34956331624454,134
435000,869.999999993251,-621526.2276245304,299.7767792590483,482.27369785586495,134
440000,879.9999999930145,-622591.9965094891,299.2219643020539,480.26854629081606,134
445000,889.999999992778,-623319.1956537794,302.00546144279855,479.2050924836337,134
450000,899.9999999925416,-621005.3910155962,298.43914737041797,483.17866005823976,134
455000,909.9999999923051,-621668.5611532792,301.657195945383,481.77696950612057,134
460000,919.9999999920686,-622767.6598162316,299.07767853082476,480.9435910945988,134
465000,929.9999999918322,-622676.6074289624,300.2798949871958,482.64021920455616,134
470000,939.9999999915957,-621222.0907056034,298.1023409804273,481.16524868997465,134
475000,949.9999999913592,-623665.809360411,301.4619723477938,480.78382118120436,134
480000,959.9999999911228,-622712.7224782468,300.8947846003906,480.7975217136493,134
485000,969.9999999908863,-623429.6040123925,300.1544539275124,482.1362121533968,134
490000,979.9999999906498,-623878.2116340948,299.93867246278234,480.1113601497703,134
495000,989.9999999904134,-622032.1407264229,302.772536378022,482.3856375830505,134
500000,999.9999999901769,-622952.1856825948,298.40846285020405,481.14541724047155,134
505000,1009.9999999899404,-623065.894334795,301.01006093687664,480.28360807204007,134
510000,1019.999999989704,-624033.5397874122,300.73471876262465,480.5485076079521,134
515000,1029.9999999894676,-623201.2587080048,301.7287868141948,481.63732377111637,134
520000,1039.9999999892311,-623515.6259388048,298.0050337426274,481.6358696136156,134
525000,1049.9999999889947,-622095.0230227988,301.9726830657462,480.6732282155645,134
530000,1059.9999999887582,-623348.9191062953,300.39551395480083,480.09086818124615,134
535000,1069.9999999885217,-622854.8174725887,300.788987724864,481.11147393748325,134
540000,1079.9999999882853,-623121.3548035966,300.4684372779643,480.335796934078,134
545000,1089.9999999880488,-623222.2185178897,301.57578298449295,480.3288215253364,134
550000,1099.9999999878123,-623743.8337286683,299.8336750598667,481.8307009266108,134
555000,1109.9999999875758,-624170.3603145364,298.4714498709161,481.0179019075302,134
560000,1119.9999999873394,-621595.5884161517,299.66799387876137,481.23379676650916,134
565000,1129.999999987103,-622005.9787558825,299.5382128249037,481.3610606027741,134
570000,1139.9999999868664,-622996.1012413967,299.8142212263316,480.61929142015845,134
575000,1149.99999998663,-621547.3542848076,300.89236714749535,481.714085094868,134
580000,1159.9999999863935,-622419.7174659893,302.506864015351,481.7758013409891,134
585000,1169.999999986157,-623083.1453830455,299.16316499501863,481.32192900419335,134
590000,1179.9999999859206,-620930.143269144,300.1970163265188,482.70554624841384,134
595000,1189.999999985684,-622534.9799151272,300.6049948139535,480.40634736301973,134
600000,1199.9999999854476,-622041.5766624147,299.1725112105429,482.7940059511118,134
605000,1209.9999999852112,-623038.0283573885,300.4222772522083,481.6691587020504,134
610000,1219.9999999849747,-621762.5785846752,300.0473055625719,481.6188579834455,134
615000,1229.9999999847382,-623358.4476767415,302.4083194985102,479.4336365133992,134
620000,1239.9999999845018,-622767.5989484154,298.1111542142108,481.5509949764084,134
625000,1249.9999999842653,-622085.9476178181,299.3265048634775,481.60758265287933,134
630000,1259.9999999840288,-623689.5322213429,300.2772681486167,480.1087302403594,134
635000,1269.9999999837923,-622510.4527113028,298.4187798538988,479.46015440153536,134
640000,1279.9999999835559,-623287.3174729645,302.5029618276067,483.22547988112046,134
645000,1289.9999999833194,-622437.6518941117,298.21009846735717,481.7669862843123,134
650000,1299.999999983083,-623103.1117624948,301.1220442076077,481.4226428456618,134
655000,1309.9999999828465,-622976.6394419097,299.8497025822117,481.2857976399114,134
660000,1319.99999998261,-623576.6219829647,299.687847448602,480.1734866218624,134
665000,1329.9999999823735,-621763.6995625901,299.2302826242211,480.225662853841,134
670000,1339.999999982137,-623519.6508377814,300.42387619743033,479.9693068833089,133
675000,1349.9999999819006,-623901.9392735991,300.9193588656488,481.1451749225379,133
680000,1359.9999999816641,-623753.9129913794,298.7707000832504,482.03375421238593,133
685000,1369.9999999814277,-622927.5945463046,302.05240190610346,480.38972882317495,133
690000,1379.9999999811912,-622917.5782139897,302.6119375585153,480.6382611330422,133
695000,1389.9999999809547,-623296.6807851251,302.68657403727383,480.2877361864206,133
700000,1399.9999999807183,-622602.211349926,302.10442473100704,480.8863211099692,133
705000,1409.9999999804818,-623966.1561749028,301.2126701385869,479.49827027365774,132
710000,1419.9999999802453,-622303.0089282584,301.9861979598851,481.099621337003,132
715000,1429.9999999800089,-621908.7006577831,299.36065376500585,480.78429890276993,132
720000,1439.9999999797724,-624045.971518842,298.11568455900664,480.18702401851147,132
725000,1449.999999979536,-622584.3587104818,299.66156002774875,481.7464500154912,131
730000,1459.9999999792994,-623434.6825063638,298.69096220783103,481.2259418268592,131
735000,1469.999999979063,-623590.4427171382,299.90722654008175,481.20477592602094,131
740000,1479.9999999788265,-623973.7668526787,301.3129468460849,480.19991499212074,130
745000,1489.99999997859,-620975.1448464491,299.7758084708777,481.132099015259,130
750000,1499.9999999783536,-621215.136350072,298.9087994592752,482.08498984399836,130
755000,1509.999999978117,-621943.9720486016,299.04531892514007,482.98131721596275,130
760000,1519.9999999778806,-622407.2063413211,298.2077571547106,480.6366460422663,130
765000,1529.9999999776442,-622529.1227206741,302.0247439607742,480.82033932551553,130
770000,1539.9999999774077,-622596.6357814614,300.19764448357034,481.53540641491304,130
775000,1549.9999999771712,-622450.8278119238,298.77266069465367,482.02465103295043,130
780000,1559.9999999769348,-622257.2809825419,299.4114393108686,482.0704708952777,130
785000,1569.9999999766983,-621333.2046266375,300.0691768490023,482.3264754710739,130
790000,1579.9999999764618,-621081.6099551138,300.00552360111436,482.55030716218,130
795000,1589.9999999762254,-623136.8254015534,300.35177138194007,481.6998317766855,130
800000,1599.9999999759889,-622941.0652181278,300.76060644717234,480.6009672589249,130
805000,1609.9999999757524,-622897.9969223095,298.89593175724997,480.88481638414027,129
810000,1619.999999975516,-624324.9855164774,299.5838398689191,480.0862645718507,129
815000,1629.9999999752795,-624379.4118563444,298.8439660375329,480.1690503128686,129
820000,1639.999999975043,-623175.380689614,299.2771659823395,481.3032849581657,129
825000,1649.9999999748065,-622201.4373285831,302.884062807261,482.08467045901716,129
830000,1659.99999997457,-623618.3041510773,299.6566870518339,479.8119278407632,129
835000,1669.9999999743336,-623683.709439382,301.3027630878253,480.5465297623043,129
840000,1679.9999999740971,-623401.5467786482,303.20746851348576,481.165679446076,129
845000,1689.9999999738607,-623355.2396871834,301.0560877171975,481.27789723277397,129
850000,1699.9999999736242,-621900.0800157911,300.7803267715778,480.4996278108746,129
855000,1709.9999999733877,-623298.7064497033,298.4503780570967,481.0643399914704,129
860000,1719.9999999731513,-624171.7873162739,298.05625709491994,479.90034101150275,128
865000,1729.9999999729148,-623544.5784497308,299.733664843239,481.08991585850123,128
870000,1739.9999999726783,-622891.7198556052,300.28269314133445,481.40402955330546,128
875000,1749.9999999724419,-622859.5436994643,299.2721787960516,481.61650160609776,128
880000,1759.9999999722054,-623509.2471531862,299.8297919071846,481.68276287663616,128
885000,1769.999999971969,-622710.7379454183,298.6488185801923,481.62245025028716,128
890000,1779.9999999717324,-622329.8076108908,301.5795519268021,481.7546084022728,128
895000,1789.999999971496,-621941.5813226853,299.53101757140445,483.4292706393055,128
900000,1799.9999999712595,-623109.420602947,299.0974178902924,481.7734818578489,128
905000,1809.999999971023,-622131.4104536874,300.1352475497855,481.85583112408017,128
910000,1819.9999999707866,-622846.2784447055,301.9863121702581,481.463048171472,128
915000,1829.99999997055,-621308.5179190352,302.97577373678376,482.2026885225719,128
920000,1839.9999999703136,-621979.5688957805,300.13423869149057,481.4639998237742,128
925000,1849.9999999700772,-623332.731771546,299.10701156162474,482.0368820274169,128
930000,1859.9999999698407,-622138.7619590755,300.4215729549081,479.9730754675481,128
935000,1869.9999999696042,-619646.7177756024,302.6025913429911,483.26280292932734,128
940000,1879.9999999693678,-622119.4432826927,301.11719026675496,481.6435484966958,128
945000,1889.9999999691313,-623585.2087349389,298.02115644028316,480.6262007591427,128
950000,1899.9999999688948,-623587.0903206961,300.0207516508483,479.26441264367264,128
955000,1909.9999999686584,-622767.3056187294,300.2877755029332,480.83227365818254,128
960000,1919.999999968422,-622714.4590184237,299.951254638875,479.9840330247673,128
965000,1929.9999999681854,-624038.8959267647,302.4679563482808,480.5276562018116,128
970000,1939.999999967949,-621785.5095898616,300.1340102707446,480.87457382605805,128
975000,1949.9999999677125,-622730.7388038267,297.7911367490518,482.94009773101334,128
980000,1959.999999967476,-621838.5444177734,302.6909901716966,480.5236133175684,128
985000,1969.9999999672395,-623718.2184448321,301.128668409242,480.28189656511825,128
990000,1979.999999967003,-622181.8389056665,301.09166424838844,481.66713139479555,128
995000,1989.9999999667666,-622585.9887288329,300.7720845896593,480.3235377731486,128
1000000,1999.9999999665301,-623289.1104613096,302.3892844363428,481.2900877498477,128
1005000,2009.9999999662937,-621715.0827643704,298.6894965080441,481.84185593753824,128
1010000,2019.9999999660572,-622526.4390711226,300.3071531962196,482.3784483557952,128
1015000,2029.9999999658207,-623548.5410987502,300.498303290505,480.1727420260505,128
1020000,2039.9999999655843,-624206.8926562434,302.34369546245176,479.2403893823144,128
1025000,2049.999999965348,-622971.5297226426,299.8853742887135,480.93885850047985,128
1030000,2059.9999999651113,-622123.0739867343,300.0468296860177,481.05417841076917,128
1035000,2069.999999964875,-621832.5795280566,300.33608649071414,483.51969307893273,128
1040000,2079.9999999646384,-622481.462001129,300.13003194275154,482.1105962184355,128
1045000,2089.999999964402,-622631.0957553061,301.8807817856018,480.8401953692104,128
1050000,2099.9999999641655,-623599.4007567782,301.0985168707687,480.82398843237155,128
1055000,2109.999999963929,-622032.4335659007,299.15001176706096,482.0214185432357,128
1060000,2119.9999999636925,-623981.8190057203,301.14482917702213,481.25603780790937,128
1065000,2129.999999963456,-622447.8728863467,301.44385096861043,480.4183886420984,128
1070000,2139.9999999632196,-623260.0720375245,301.7280063766459,482.5890866425396,128
1075000,2149.999999962983,-623116.1494213128,301.06501516135404,479.54116587439677,128
1080000,2159.9999999627466,-623148.4749734472,301.78766226147866,481.95118803041487,128
1085000,2169.99999996251,-623685.2173148906,298.85184655327026,481.1242677204577,128
1090000,2179.9999999622737,-623101.9541094154,300.34960138485303,479.98389309957867,128
1095000,2189.9999999620372,-624111.6860647416,299.7319136175196,479.6127164190819,128
1100000,2199.9999999618008,-623596.3300862764,302.7830437323384,480.8491483598459,128
1105000,2209.9999999615643,-622300.2627291754,298.2221666967713,481.85659476370336,128
1110000,2219.999999961328,-621654.206886577,298.2136580239825,482.35546937277184,128
1115000,2229.9999999610914,-622894.4752174835,301.58448200790343,480.43325613896275,128
1120000,2239.999999960855,-622810.6995364651,298.7318114512423,480.9264602901267,128
1125000,2249.9999999606184,-623880.2635169551,299.8325329561367,479.31124247953073,128
1130000,2259.999999960382,-622296.3924008603,301.18739157602846,480.9363492691687,128
1135000,2269.9999999601455,-622291.5933892904,303.37476767487544,480.24505367342084,128
1140000,2279.999999959909,-623685.4188621468,300.95234662838493,479.0723378445154,128
1145000,2289.9999999596726,-622995.6176712876,301.58295920293006,480.09556759913374,128
1150000,2299.999999959436,-623318.9487723983,300.54699497952936,479.7639306149907,128
1155000,2309.9999999591996,-623362.5754086375,299.98176784352944,480.2785090619032,128
1160000,2319.999999958963,-622704.8364921599,300.9236607896986,479.72787352217046,128
1165000,2329.9999999587267,-623642.0517864185,297.18532686051094,479.57216438056435,128
1170000,2339.99999995849,-623583.6429575668,299.3246394273851,480.6053487694097,128
1175000,2349.9999999582537,-622968.3251320734,301.8877866884794,481.2013664384138,128
1180000,2359.9999999580173,-622417.2685128557,299.65518328192263,482.11380668295726,128
1185000,2369.999999957781,-622817.2667461438,299.42396438177474,480.02010875922497,128
1190000,2379.9999999575443,-621931.2669295915,299.41977666809794,480.3645947867798,128
1195000,2389.999999957308,-623128.7809275868,300.75759890734986,480.31472436090036,128
1200000,2399.9999999570714,-623233.9080830519,300.02457769834393,480.19550847871136,128
1205000,2409.999999956835,-623155.160100549,300.8496143978673,479.6822937169721,128
1210000,2419.9999999565985,-622191.8429168337,299.37268392429564,481.0118104165204,128
1215000,2429.999999956362,-624123.6826538071,299.2834856229791,481.44599077509434,128
1220000,2439.9999999561255,-623067.2897225628,298.04329421758393,480.52632365427917,128
1225000,2449.999999955889,-622920.6619692519,299.6139343022058,479.0736353295245,128
1230000,2459.9999999556526,-623942.5744054704,297.92221218713684,481.6493006357988,128
1235000,2469.999999955416,-622328.5428937268,299.62550762000365,483.6676181760854,128
1240000,2479.9999999551796,-621153.678943526,301.2938166086067,481.6862159403314,128
1245000,2489.999999954943,-624092.2529972238,301.69062151454904,481.2308294002425,128
1250000,2499.9999999547067,-622534.4730512775,298.9201062862026,480.07400430857996,128
1255000,2509.9999999544702,-623365.1930548269,300.99070227865235,481.8272308249144,128
1260000,2519.9999999542338,-623545.2092411625,301.12657455240355,480.92704668560066,128
1265000,2529.9999999539973,-623295.5541229988,300.0159167450578,479.41341042532184,128
1270000,2539.999999953761,-623731.0476907836,301.0548123680323,480.97777976101753,128
1275000,2549.9999999535244,-621993.9093248383,301.2807585559598,481.3545674029773,128
1280000,2559.999999953288,-622465.6744974535,300.26813131877634,481.52127630230524,128
1285000,2569.9999999530514,-623070.0471003084,300.1535402445284,480.76024340216054,128
1290000,2579.999999952815,-623417.6255656844,297.9695714218094,479.46603626268745,128
1295000,2589.9999999525785,-622934.8353879652,301.2118135607893,480.1227649408277,128
1300000,2599.999999952342,-622879.0974592082,299.2620711780407,480.53884367349895,128
1305000,2609.9999999521056,-622913.8596116928,299.37287427491736,480.8797083074719,128
1310000,2619.999999951869,-621438.8165548109,301.3756293058023,481.9129528171549,128
1315000,2629.9999999516326,-624011.7003167416,298.91968751483495,481.2704259023597,128
1320000,2639.999999951396,-622860.4929840849,299.166381920525,480.98269150309,128
1325000,2649.9999999511597,-622273.1165586133,301.53381067241367,481.9000239497219,128
1330000,2659.999999950923,-621210.9245781065,301.2427645718736,482.05900734876616,128
1335000,2669.9999999506867,-621275.9194343858,299.5728185679241,483.40269373560426,128
1340000,2679.9999999504503,-623405.2501688427,301.61128337543516,481.0313012376259,128
1345000,2689.999999950214,-621725.0793981915,299.83506461940493,483.31232011423987,128
1350000,2699.9999999499773,-622609.7584883976,298.7248446184891,481.2028467004735,128
1355000,2709.999999949741,-623604.3586498173,299.1790592719285,481.1432329583672,128
1360000,2719.9999999495044,-624212.3421125887,300.4986649566862,480.4946729830731,128
1365000,2729.999999949268,-622708.378187927,300.4296628563293,479.7329441742348,128
1370000,2739.9999999490315,-621424.7168427058,300.4068207817283,480.1341867196214,128
1375000,2749.999999948795,-623953.0419087717,299.244596990971,478.62614283381765,128
1380000,2759.9999999485585,-623890.4639896951,299.0833509793506,479.9533963773118,128
1385000,2769.999999948322,-623385.2422728981,302.23380604855913,480.71612838964654,128
1390000,2779.9999999480856,-621898.5425913339,300.90698607523996,481.0758644784942,128
1395000,2789.999999947849,-621288.3178478912,303.9884200090293,481.44332345491296,128
1400000,2799.9999999476127,-623468.3612813838,299.27560510724174,479.65386101910684,128
1405000,2809.999999947376,-622331.1142403092,300.2645336920267,482.6150738131282,128
1410000,2819.9999999471397,-623333.1199986748,298.16679370092623,481.82271172363346,128
1415000,2829.9999999469032,-622239.5554382154,301.35309179219604,481.7705744222604,128
1420000,2839.999999946667,-621734.50575794,300.5892908876654,482.88634007045823,128
1425000,2849.9999999464303,-623370.9075092166,300.81544646127674,479.2169965915887,128
1430000,2859.999999946194,-622135.4033390619,299.778454344519,480.4562483349247,128
1435000,2869.9999999459574,-624077.7070671674,298.89593175724997,479.84632905285594,128
1440000,2879.999999945721,-623246.73314146,298.31918840863875,480.5655152083109,128
1445000,2889.9999999454844,-622953.4621038488,299.06913178791154,479.4673827386295,128
1450000,2899.999999945248,-621458.7220632499,301.35636582288885,481.9464014050033,128
1455000,2909.9999999450115,-622562.6015586755,299.6724861534328,481.77763945816594,128
1460000,2919.999999944775,-623384.5500217346,297.30058416193475,480.08711995446504,128
1465000,2929.9999999445386,-621725.4932132522,301.952886601092,481.4755012131248,128
1470000,2939.999999944302,-622640.6229508566,302.1126288428012,479.7598569100557,128
1475000,2949.9999999440656,-622886.4035230284,300.7698003821992,481.3444367886934,128
1480000,2959.999999943829,-621851.1300946698,300.3063727586707,482.0679341313877,128
1485000,2969.9999999435927,-622484.6407848047,300.328339220412,480.39731212654095,128
1490000,2979.999999943356,-623115.4057400203,300.91667492188316,478.56630846673926,128
1495000,2989.9999999431197,-624545.013829398,302.2429428783995,480.1698531781829,128
1500000,2999.9999999428833,-622684.3879521564,299.9363121150735,480.0083006171515,128
1505000,3009.999999942647,-623499.3588486342,298.9109694563623,478.5154317918656,128
1510000,3019.9999999424103,-622001.5882814676,299.1815147949481,483.6345553744787,128
1515000,3029.999999942174,-623421.553512644,300.49514347018527,480.9803841261587,128
1520000,3039.9999999419374,-621747.6482907054,300.7530304924297,480.31959384636895,128
1525000,3049.999999941701,-622386.6191989924,299.5737703210325,479.5071472806623,128
1530000,3059.9999999414645,-622561.2305912403,300.161116199271,482.2729665684353,128
1535000,3069.999999941228,-622879.9084167713,300.03390487880597,482.24276232587556,128
1540000,3079.9999999409915,-622615.632019191,299.80786351556765,480.11416909566975,128
1545000,3089.999999940755,-624569.2995148082,298.78238761142126,481.78014450010284,128
1550000,3099.9999999405186,-621845.3406972289,301.99365970425475,482.0659534172982,128
1555000,3109.999999940282,-623442.4837617045,297.7703123910407,481.0057132469027,128
1560000,3119.9999999400457,-622045.8419973641,300.7840386087004,480.6477603623322,128
1565000,3129.999999939809,-624120.8177817082,300.3170133584223,480.6772897800614,128
1570000,3139.9999999395727,-621734.5194408703,301.44651587731386,480.9654975330216,128
1575000,3149.9999999393362,-621857.0775015745,301.0532514929345,480.9701962434561,128
1580000,3159.9999999391,-622749.7261411864,301.029876436593,481.1437659126843,128
1585000,3169.9999999388633,-622494.706540064,300.6041001660317,481.06663751864056,128
1590000,3179.999999938627,-624467.4215273522,298.79436066552455,479.06421230173027,128
1595000,3189.9999999383904,-622977.5604670085,300.16610338555887,482.64953650924105,128
1600000,3199.999999938154,-622685.8552010115,300.6023870104366,481.0819146841093,128
1605000,3209.9999999379174,-621817.9367397386,300.24698336470834,483.1523153706046,128
1610000,3219.999999937681,-622198.1817100197,302.34504695186564,481.26768709829315,128
1615000,3229.9999999374445,-623520.8084245552,296.28416894738,481.25384580715274,128
1620000,3239.999999937208,-622578.7165475525,300.35763418108763,480.23467390924435,128
1625000,3249.9999999369716,-623445.5764940097,300.2453653844241,481.2037661317292,128
1630000,3259.999999936735,-622942.3778983816,301.7526948522771,481.6894407725908,128
1635000,3269.9999999364986,-622917.9520785259,301.0612462190449,481.0297480366944,128
1640000,3279.999999936262,-621513.5365162836,301.3698045767791,481.25564308190576,128
1645000,3289.9999999360257,-622709.0202462398,300.8913202190762,480.52343342354374,128
1650000,3299.999999935789,-624361.3292866349,299.90836864381174,480.9910117732201,128
1655000,3309.9999999355528,-623686.7770011988,297.8754620744536,480.8662282856084,128
1660000,3319.9999999353163,-621590.5745418696,300.797287011969,481.49441406122554,128
1665000,3329.99999993508,-623277.5171651803,298.42283432214043,480.8443044033535,128
1670000,3339.9999999348433,-621202.7308193031,300.27947621582814,483.3605710508594,128
1675000,3349.999999934607,-622299.4762363886,299.6215863971971,481.4114734159915,128
1680000,3359.9999999343704,-622805.336998756,298.0241259099813,480.43895141619544,128
1685000,3369.999999934134,-622800.5021383171,301.58988796555894,481.413133354956,128
1690000,3379.9999999338975,-623555.6698869346,303.3122184605932,480.17218384294455,128
1695000,3389.999999933661,-622532.9163635001,301.1727726482839,481.7631018634352,128
1700000,3399.9999999334245,-620799.326654125,302.93947387323044,483.7636202093032,128
1705000,3409.999999933188,-622626.1536337533,299.06429688212097,482.47522619969584,128
1710000,3419.9999999329516,-623151.7228067424,299.1741862960136,481.4330995770776,128
1715000,3429.999999932715,-623717.7652862994,300.7153410693382,481.2769990223512,128
1720000,3439.9999999324787,-624281.2168790177,299.4827827238721,481.28069525568975,128
1725000,3449.999999932242,-622934.789478987,298.96023219725157,480.4658422135217,128
1730000,3459.9999999320057,-621837.8825271344,302.9448227256995,481.76058850467524,128
1735000,3469.9999999317693,-622925.8415750447,301.71338744890136,481.40711885449156,128
1740000,3479.999999931533,-622860.6270556389,298.0635665587922,478.8253552638586,128
1745000,3489.9999999312963,-623815.9440673548,300.0176108655907,480.2892332730138,128
1750000,3499.99999993106,-622123.827997013,300.36528627607896,480.96521435153636,128
1755000,3509.9999999308234,-623092.755661929,301.3980526090355,479.3367715923899,128
1760000,3519.999999930587,-624340.5600328082,299.69681296288286,479.9286202477636,128
1765000,3529.9999999303504,-621141.3356167399,297.1513873446664,481.74234354890103,128
1770000,3539.999999930114,-624750.726494154,299.94468754242723,481.3694937259808,128
1775000,3549.9999999298775,-622304.3871782911,299.23755401796905,480.1600241261755,128
1780000,3559.999999929641,-624069.4298084574,300.3687696924556,480.92677806785326,128
1785000,3569.9999999294046,-621818.5965893962,300.87896646372945,482.5226516928255,128
1790000,3579.999999929168,-621850.378145685,302.33503450916555,482.3053247751293,128
1795000,3589.9999999289316,-621846.1671361886,299.6197590312291,481.08142046367783,128
1800000,3599.999999928695,-622754.9131884002,298.5980330343296,481.4844634619182,128
1805000,3609.9999999284587,-622596.8010308733,301.1988316483911,480.0179362459902,128
1810000,3619.999999928222,-623808.7555240178,298.58339507152283,480.75744128458723,128
1815000,3629.9999999279858,-623402.8561319183,297.9734545744916,480.2544028829454,128
1820000,3639.9999999277493,-621629.1978148152,298.67965538090357,481.89955924654765,128
1825000,3649.999999927513,-623670.2149365116,299.13642073267346,479.993801759226,128
1830000,3659.9999999272763,-623937.4121015077,301.5801420137293,479.1896661166052,128
1835000,3669.99999992704,-623098.2379846941,303.0054684337649,479.28287585871186,128
1840000,3679.9999999268034,-624919.0108067561,300.2130819189881,480.79301355502685,128
1845000,3689.999999926567,-621542.5994934645,299.71786574164,480.66078362699363,128
1850000,3699.9999999263305,-622906.8730445993,301.04603720437314,480.05076252484946,128
1855000,3709.999999926094,-623827.7920121909,299.9457535059086,482.40206061743055,128
1860000,3719.9999999258575,-622493.3013354582,300.1637620729123,482.6697966434787,128
1865000,3729.999999925621,-622610.9382037432,302.19573592422427,480.5326580060256,128
1870000,3739.9999999253846,-622716.3920754641,301.1844601764547,480.8581706602717,128
1875000,3749.999999925148,-622437.9473196268,299.4633098552749,480.03550958490814,128
1880000,3759.9999999249117,-623117.3670559186,297.6503153591371,479.9846325399137,128
1885000,3769.999999924675,-622376.1709784702,302.8028782671169,481.6688627462542,128
1890000,3779.9999999244387,-622742.3794537028,300.26645623330563,481.43390868857267,128
1895000,3789.9999999242023,-622901.4247428924,299.643057947322,481.1224754423644,128
1900000,3799.999999923966,-623058.2873484669,302.09245167690375,481.59920369286215,128
1905000,3809.9999999237293,-623418.4463295797,301.3909715659093,480.0460101423045,128
1910000,3819.999999923493,-622056.7598622073,300.90222730969805,481.7454680947669,128
1915000,3829.9999999232564,-624195.8227587263,299.43319638692594,479.47666408169863,128
1920000,3839.99999992302,-623665.2409598986,299.3943648601044,480.65979426592435,128
1925000,3849.9999999227834,-623164.2356510158,299.40565265196966,478.0471888445357,128
1930000,3859.999999922547,-621494.2752731177,301.13801462476613,481.29373555909706,128
1935000,3869.9999999223105,-622525.4150138586,301.6631348847793,481.82849337925734,128
1940000,3879.999999922074,-623114.230425186,298.89258158630855,482.0977057220583,128
1945000,3889.9999999218376,-622163.4280616483,299.47910895687386,481.4145587106761,128
1950000,3899.999999921601,-622916.7108883811,302.42676447375044,479.28455988768667,128
1955000,3909.9999999213646,-621825.8926726631,298.73957775660665,482.72948467234215,128
1960000,3919.999999921128,-623535.7679740526,299.0820185249989,481.50076964619007,128
1965000,3929.9999999208917,-623262.2919961205,300.661890614772,480.82389766424444,128
1970000,3939.9999999206552,-623164.0940926014,299.8492457407197,481.3899688313546,128
1975000,3949.9999999204188,-622953.595565558,299.6412876865404,481.34260740363743,128
1980000,3959.9999999201823,-622841.4288737271,297.80316690834167,481.1467135473534,128
1985000,3969.999999919946,-623394.1232969402,301.3697665066547,482.3362442099026,128
1990000,3979.9999999197094,-622838.1748316456,302.2921485141023,480.413319557236,128
1995000,3989.999999919473,-623282.9431244484,302.52224434558235,481.78955244176854,128
2000000,3999.9999999192364,-623674.6481998223,300.75114602127513,479.24100908224096,128
2005000,4009.999999919,-623247.2696635304,301.41670696995965,480.3313596079808,128
2010000,4019.9999999187635,-624108.4634743067,301.9609955375754,481.28958389458614,128
2015000,4029.999999918527,-622364.9597779475,298.6260145757157,480.8689466324039,128
2020000,4039.9999999182905,-621097.3475911831,300.49110803700574,482.0109839157079,128
2025000,4049.999999918054,-622430.8849366875,300.88768452220216,482.7850345381484,128
2030000,4059.9999999178176,-622473.6175436722,300.15165577337376,480.1085331472999,128
2035000,4069.999999917581,-624163.6615277342,301.6259023031798,480.53774751537753,128
2040000,4079.9999999173447,-622840.002936718,300.5680096881622,481.08981840485785,128
2045000,4089.999999917108,-623020.4374266043,299.6892370081402,479.39211005786893,128
2050000,4099.999999917781,-622079.9830808803,299.71952179204857,480.29096807869826,128
2055000,4109.999999919818,-623167.4757945854,299.8107568450171,480.49713829149914,128
2060000,4119.999999921855,-623385.9824415562,301.6426912280115,479.5424557026823,128
2065000,4129.999999923893,-622559.7320308913,299.0324892932392,481.79218319051176,128
2070000,4139.99999992593,-623442.6145293014,299.7414121135412,481.2276195768785,128
2075000,4149.999999927967,-623144.944338297,299.685353855458,481.1915300954376,128
2080000,4159.999999930004,-623156.8696950492,298.4161720503818,480.9766633794987,128
2085000,4169.999999932042,-622406.6236303034,299.79638537308074,482.23777271166165,128
2090000,4179.999999934079,-621783.2067659809,302.7985002028184,481.1593469238247,128
2095000,4189.999999936116,-623994.266638834,300.88290672159815,481.4170605628555,128
2100000,4199.999999938153,-622203.7830659398,301.59752102548816,481.4779883463836,128
2105000,4209.999999940191,-622521.2998796981,297.7273883258531,481.9310819180841,128
2110000,4219.999999942228,-622886.1312242895,300.04207092047585,479.98427187463153,128
2115000,4229.999999944265,-621167.239445548,298.4121556522645,481.2319678535839,128
2120000,4239.9999999463025,-622919.3293494214,300.7764245838335,478.96889497152665,128
2125000,4249.99999994834,-622137.3159578773,302.1541633484506,480.60374111751895,128
2130000,4259.999999950377,-623102.5995528889,300.24270047572065,481.38800318444925,128
2135000,4269.999999952414,-621872.1841512946,298.47365793812753,482.2760953685201,128
2140000,4279.999999954452,-623161.5548591549,304.5900421838934,481.40879621325627,128
2145000,4289.999999956489,-622515.0691306805,301.0173894358111,480.93332200938863,128
2150000,4299.999999958526,-623049.8226890336,300.4039845574654,481.241905796606,128
2155000,4309.999999960563,-623974.2328850003,298.9706063061329,480.2567354857571,128
2160000,4319.999999962601,-623362.2550294464,298.0863134580823,481.32362384468246,128
2165000,4329.999999964638,-621734.8189353701,299.99417870406256,481.7946473703614,128
2170000,4339.999999966675,-622297.9763908712,298.6770856475109,479.9898146592728,129
2175000,4349.9999999687125,-622778.0734833064,301.5762207909228,479.8306361175959,129
2180000,4359.99999997075,-623489.568921871,299.05428443942094,481.3292011825739,129
2185000,4369.999999972787,-622973.3147439198,300.5740247678071,479.8988913486716,129
2190000,4379.999999974824,-622812.673901448,300.6077168278435,480.4197945773322,129
2195000,4389.999999976862,-620684.189389674,300.6296452194603,481.23446206361797,129
2200000,4399.999999978899,-623136.7679722803,302.29270053090517,480.97495455160526,129
2205000,4409.999999980936,-622926.1927718953,298.8910587813352,480.50028166115294,129
2210000,4419.999999982973,-624637.7493203073,300.5884152748057,479.9364071927365,129
2215000,4429.999999985011,-622921.2294335742,299.3944219652909,479.6020344259776,129
2220000,4439.999999987048,-622261.0608003433,299.86881378462783,480.50534492752337,129
2225000,4449.999999989085,-623204.8180277031,299.21983237509113,480.81312606509704,129
2230000,4459.999999991122,-623158.2748744977,300.3550454126329,480.5951020598523,129
2235000,4469.99999999316,-622297.1075813342,302.9820743423611,482.8633091632113,129
2240000,4479.999999995197,-623466.5175039954,299.9336472063701,480.32995014421874,129
2245000,4489.999999997234,-623242.195835269,300.44070319238637,480.5557435711738,129
2250000,4499.9999999992715,-623374.5449571363,300.7122954593914,480.63307884684986,129
2255000,4510.000000001309,-622703.8266009777,301.52355077390547,481.04830375317573,129
2260000,4520.000000003346,-622429.3689342774,299.61389623208146,481.9092370802701,129
2265000,4530.000000005383,-623062.4462690647,300.26101220552573,481.37541578475486,129
2270000,4540.000000007421,-622901.2878642734,300.6800500640797,482.0268125773186,129
2275000,4550.000000009458,-623050.996764658,300.4797250698296,478.46467411861784,129
2280000,4560.000000011495,-623951.4424863444,301.2747434763149,481.77487123520723,129
2285000,4570.000000013532,-623887.0796407815,301.815662837927,482.5440644113593,129
2290000,4580.00000001557,-622628.3338379543,301.24006159304577,482.213499643228,129
2295000,4590.000000017607,-623361.0401695585,300.7735883595705,480.77136471957596,129
2300000,4600.000000019644,-623084.9470347879,299.02685491483766,481.04955671566444,129
2305000,4610.000000021681,-622055.8279797393,299.6600372227754,480.5999484112112,129
2310000,4620.000000023719,-623806.2644531284,299.9875925725526,480.1838632363717,129
2315000,4630.000000025756,-622704.8563571572,301.4647514668702,478.7723031643217,129
2320000,4640.000000027793,-624299.4582148818,300.18407248424495,479.99709207327294,129
2325000,4650.0000000298305,-621995.717345559,300.1909441416874,480.27198157989466,129
2330000,4660.000000031868,-623913.0969192688,299.8973283077546,479.67980908641596,129
2335000,4670.000000033905,-623293.4794422542,298.5722976302792,480.2782599528175,129
2340000,4680.000000035942,-623672.7915682183,299.8832423617507,481.4952481938622,129
2345000,4690.00000003798,-622223.7471458344,303.9242528144629,481.37916170701345,129
2350000,4700.000000040017,-623507.6708831759,300.26322027273716,479.06917670536325,129
2355000,4710.000000042054,-623581.4117911072,301.0625215682101,479.54623685651615,129
2360000,4720.000000044091,-622263.6653600982,301.0588097310875,480.5931045671194,129
2365000,4730.000000046129,-621348.8556537363,301.13567331211954,481.77848060418114,129
2370000,4740.000000048166,-623874.1225141254,299.9459819266546,481.61263559881684,129
2375000,4750.000000050203,-624029.4155673324,298.0279709925391,480.3190623667142,129
2380000,4760.0000000522405,-623536.9058982213,304.32811972846946,481.2625456188073,129
2385000,4770.000000054278,-622740.1811406054,300.6271325912542,480.9046413710816,129
2390000,4780.000000056315,-623122.37206874,299.30069331917844,481.63557470261463,129
2395000,4790.000000058352,-623291.6908115693,299.7807956571656,480.6233684022909,129
2400000,4800.0000000603895,-622916.6293687047,299.171388141875,481.14710265158124,129
2405000,4810.000000062427,-622213.0587905482,300.41569112069834,481.4536341104055,129
2410000,4820.000000064464,-623392.9960136781,302.4337503415659,482.50594044608096,129
2415000,4830.000000066501,-622350.0595405218,300.82642969214737,481.1848876503622,129
2420000,4840.000000068539,-622151.7343910364,300.5388289378595,483.0642209910454,129
2425000,4850.000000070576,-621944.6309700115,302.5062358582995,481.4467031083336,129
2430000,4860.000000072613,-621964.1949608512,301.16993642402093,479.64931119476006,129
2435000,4870.00000007465,-622200.3820569031,297.98144930060187,481.5790867814001,129
2440000,4880.000000076688,-622634.0024935203,298.4262225632063,481.34106105289004,129
2445000,4890.000000078725,-623186.0602640663,300.50719266453723,479.7748242226532,129
2450000,4900.000000080762,-622204.153722031,300.8613399961624,480.3297359934648,129
2455000,4910.0000000827995,-622848.6382786576,300.242966966591,481.43260150752633,129
2460000,4920.000000084837,-622664.4209861439,300.0062278984146,481.47867842200736,129
2465000,4930.000000086874,-621985.2180637405,300.14556455348026,481.6578275369313,129
2470000,4940.000000088911,-623767.6265004203,300.85460158415515,479.30526434578246,129
2475000,4950.000000090949,-624301.5633203271,302.08993904869766,480.900693571125,129
2480000,4960.000000092986,-623219.2350150486,301.72825383245413,481.52272769044873,129
2485000,4970.000000095023,-624088.9557971759,299.79290195670404,480.2947023719839,129
2490000,4980.00000009706,-623261.7937477757,299.68832332515615,480.0325265751385,129
2495000,4990.000000099098,-623271.7672342998,299.6238134994707,479.1530317436753,130
2500000,5000.000000101135,-624149.2525638212,299.47328422785057,480.3174664079126,130
2505000,5010.000000103172,-622653.6075157677,302.01619721786096,481.3665774526255,130
2510000,5020.000000105209,-621873.0514999055,297.7795063260675,480.4352565591658,130
2515000,5030.000000107247,-622002.7149503971,299.0202687833277,481.80456828338225,130
2520000,5040.000000109284,-623659.7526040017,297.4802180436089,479.5248544362919,130
2525000,5050.000000111321,-623096.1207522945,299.0046981024748,482.09252818187394,130
2530000,5060.0000001133585,-623416.4214886623,303.997366488248,479.9907089870543,130
2535000,5070.000000115396,-624666.2110994067,300.91313440032,478.47646448243245,130
2540000,5080.000000117433,-622187.2360751918,302.45767741471036,481.183909153989,130
2545000,5090.00000011947,-623279.9678405854,299.3886733765163,481.82210463629013,130
2550000,5100.000000121508,-622402.0279304595,299.95953489091784,479.4686156817294,130
2555000,5110.000000123545,-623689.9419690962,300.3774116106796,479.73218121584154,130
2560000,5120.000000125582,-623243.4362287489,300.88342066827664,479.58943676995,130
2565000,5130.000000127619,-623408.4229891999,302.27385581935937,480.13460481069706,130
2570000,5140.000000129657,-624202.4105196306,298.9634681578201,480.24293181813465,130
2575000,5150.000000131694,-623540.3544758614,301.2806253105246,481.403472547602,130
2580000,5160.000000133731,-623870.9623340894,300.1185728353268,480.09974864538964,130
2585000,5170.0000001357685,-623313.8232343043,301.67569802580977,479.47573334130584,130
2590000,5180.000000137806,-623497.3050432848,298.7433086287915,480.5007188492187,130
2595000,5190.000000139843,-623466.7716944278,300.24369029895337,481.00732424957044,130
2600000,5200.00000014188,-623353.4225185602,300.54212200361445,477.8647920918377,130
2605000,5210.0000001439175,-623199.8196674562,300.0405671505646,481.4054459102452,130
2610000,5220.000000145955,-621935.2125286623,300.21361490072877,482.09746291232716,130
2615000,5230.000000147992,-623875.1672179289,300.10246917273315,481.5359576356453,130
2620000,5240.000000150029,-622558.650293164,298.91561401153115,480.3616333373651,130
2625000,5250.000000152067,-623619.5837154756,300.78291554003255,481.5141802052621,130
2630000,5260.000000154104,-623467.2039025114,300.97829141811917,482.6508627071343,130
2635000,5270.000000156141,-622858.7223671554,303.6594560646517,482.0765656467175,130
2640000,5280.000000158178,-623947.6409171703,301.6755457453125,479.86238623512753,130
2645000,5290.000000160216,-622740.3480573208,297.9011594083796,482.2897639174333,130
2650000,5300.000000162253,-622141.0274828365,300.48988979302703,479.0340641924393,130
2655000,5310.00000016429,-622792.7478110855,302.9560724474404,481.82751040060646,130
2660000,5320.0000001663275,-624660.5509726228,299.5543926277461,479.48359546845825,130
2665000,5330.000000168365,-623519.5677944236,300.6651265753404,481.0334315000786,130
2670000,5340.000000170402,-621953.6430641115,301.9022343006645,481.459956564309,130
2675000,5350.000000172439,-622981.4664517175,297.6170420704685,480.44492114278114,130
2680000,5360.000000174477,-623554.5330797881,301.6155281942985,479.94753832857634,130
2685000,5370.000000176514,-621800.3686613981,302.27267564550505,478.3954160199141,130
2690000,5380.000000178551,-622389.8610730642,300.50370924816053,481.17061566868256,130
2695000,5390.000000180588,-624014.6100129508,301.10529335290033,480.0869141132488,130
2700000,5400.000000182626,-624661.0202981024,301.75730133732156,480.9832734235656,130
2705000,5410.000000184663,-624306.040793329,301.2227777565978,480.71530850599237,130
2710000,5420.0000001867,-622963.7714710576,299.9769139026767,479.8854257666698,130
2715000,5430.000000188737,-623542.8003184628,301.84354920400233,480.8549900517898,130
2720000,5440.000000190775,-623626.6127333427,299.5074140943168,480.5103624400551,130
2725000,5450.000000192812,-623865.2970231213,299.11706207444917,478.5696425819854,130
2730000,5460.000000194849,-622377.151405239,303.3532770896884,481.8806497594097,130
2735000,5470.0000001968865,-622957.8891771766,300.3316703562913,479.64631358627895,130
2740000,5480.000000198924,-624178.0781619758,302.37799664447743,479.1635791659826,130
2745000,5490.000000200961,-621959.171028785,301.2473329867937,481.2207032172151,130
2750000,5500.000000202998,-623238.749554392,300.35451243089216,480.77765283005755,130
2755000,5510.000000205036,-622478.8795883115,299.69588024483664,481.9033077873463,130
2760000,5520.000000207073,-623165.5227968721,301.00315120930986,479.3290934852474,130
2765000,5530.00000020911,-622540.5585085899,300.12102835834634,480.1051456236767,130
2770000,5540.000000211147,-622143.173560421,299.1768512047171,480.8448601347623,130
2775000,5550.000000213185,-621864.6739789597,298.8603552260591,480.5569514639691,130
2780000,5560.000000215222,-624241.7507845662,298.0768530321851,482.434917353412,130
2785000,5570.000000217259,-624464.301046879,301.0785681256172,479.0572473416513,130
2790000,5580.000000219296,-622515.0954442285,300.6823723416642,480.7937826772616,130
2795000,5590.000000221334,-623517.214669913,300.5769371323187,481.73507999699575,130
2800000,5600.000000223371,-621663.2438370553,300.43463100755497,480.6726350260184,130
2805000,5610.000000225408,-623445.4160767598,300.376992839312,479.56397822076514,130
2810000,5620.0000002274455,-621535.9685312007,302.3249078560925,482.40049855905727,130
2815000,5630.000000229483,-623904.7962562232,300.41662383874456,481.4193273713105,130
2820000,5640.00000023152,-623186.3340382441,299.53604282781663,479.1988288507527,130
2825000,5650.000000233557,-623973.0373463053,301.56411449138426,480.0958916594589,130
2830000,5660.000000235595,-624473.6229981221,301.72185805156585,479.4032940563664,130
2835000,5670.000000237632,-623110.6117314133,302.72982169851826,480.04006020340665,130
2840000,5680.000000239669,-623080.2296708655,297.9522875853614,481.48879268095743,130
2845000,5690.000000241706,-623352.8416369585,299.2223450032973,480.34695414169533,130
2850000,5700.000000243744,-622443.61969948,299.1888052237582,481.27137303158503,130
2855000,5710.000000245781,-622551.7140079765,300.415995681693,481.3947714120996,130
2860000,5720.000000247818,-622372.289200638,299.3733120813472,479.56138336806004,130
2865000,5730.0000002498555,-622865.5921727596,301.85694988776817,481.25578874981403,130
2870000,5740.000000251893,-622450.5515974341,302.51167988607943,481.52270159098356,130
2875000,5750.00000025393,-623290.9537567394,303.3536577909317,480.0987105017529,130
2880000,5760.000000255967,-623313.4938659142,299.16657227114666,481.28074808045,130
2885000,5770.000000258005,-623082.3303485699,300.2239319044235,481.60643672204117,130
2890000,5780.000000260042,-622074.6998022748,301.59959584726437,482.7896280252689,130
2895000,5790.000000262079,-624162.5208784644,301.37197457386617,480.47521376443615,130
2900000,5800.000000264116,-623663.9330874146,299.16607735953033,481.0100293149381,130
2905000,5810.000000266154,-621914.3730000458,299.01979290677355,481.62964578272954,130
2910000,5820.000000268191,-622262.098564011,301.327737089389,480.46317647582697,130
2915000,5830.000000270228,-623781.5851286012,301.66043190595155,479.67091663554174,130
2920000,5840.000000272265,-624257.0220053364,301.8354212324568,479.49301706676346,130
2925000,5850.000000274303,-623017.6117743887,300.8043680550953,480.45431242821326,130
2930000,5860.00000027634,-622598.6262525073,302.25036655264483,480.29059265222963,130
2935000,5870.000000278377,-621455.1425890415,299.3135800562658,483.38191127130074,130
2940000,5880.0000002804145,-623834.7035927558,299.6045119464329,479.5538715347388,130
2945000,5890.000000282452,-624016.6071337224,298.03097853236153,480.8281251411668,130
2950000,5900.000000284489,-623431.8597395457,300.82642969214737,479.6460471215047,130
2955000,5910.000000286526,-622620.0271378937,301.02983836646865,481.2743773328584,130
2960000,5920.000000288564,-623611.4685348342,299.48057465666074,480.61898745572074,130
2965000,5930.000000290601,-621779.988276111,302.5851932961701,481.316272554831,130
2970000,5940.000000292638,-622302.439796146,299.9383488667255,480.8239918501703,130
2975000,5950.000000294675,-622724.2144269347,303.11071329248875,480.59537569754957,130
2980000,5960.000000296713,-623163.7957303524,296.6552194142099,479.84506577865886,130
2985000,5970.00000029875,-622200.4829965336,300.8406488835864,480.8357893454034,130
2990000,5980.000000300787,-623517.1564101931,302.35694386572027,479.1414952997996,130
2995000,5990.000000302824,-624428.9577140473,299.9810064410427,479.7950822913297,130
3000000,6000.000000304862,-622741.7091964427,298.20754776902675,480.92387766967164,130
3005000,6010.000000306899,-622191.220524034,300.5038615286579,480.7072259126873,130
3010000,6020.000000308936,-624942.3253973052,303.17752636069645,480.226691249695,130
3015000,6030.0000003109735,-624422.6532185571,301.2048276929739,481.6002674769217,130
3020000,6040.000000313011,-623110.762977093,298.99070733178166,480.7338392231744,130
3025000,6050.000000315048,-624378.1858562478,300.2221045384555,480.2334401100464,130
3030000,6060.000000317085,-623001.5837652502,295.3439891568059,481.0261598972869,130
3035000,6070.000000319123,-622123.9398802025,299.799602298587,480.9584913443703,130
3040000,6080.00000032116,-622694.3045606278,300.83762230870184,482.4771803305462,130
3045000,6090.000000323197,-624489.8276965241,298.9545216786014,480.61325250472726,130
3050000,6100.000000325234,-622497.6084952462,302.2818886155941,481.27505531247346,130
3055000,6110.000000327272,-624124.5849930318,298.0364035250793,480.25320040862846,130
3060000,6120.000000329309,-621980.2179931235,301.5143568388786,479.97437248916765,130
3065000,6130.000000331346,-623059.8034182568,301.74631810645104,482.83878621044255,130
3070000,6140.0000003333835,-623395.7640908798,301.5446796929113,479.7336386884016,130
3075000,6150.000000335421,-624515.4638572149,300.71271423075905,480.16714389864734,130
3080000,6160.000000337458,-623326.2616039012,301.15855345684486,480.0484779621597,130
3085000,6170.000000339495,-622850.9958497826,300.84999509911063,480.91672789833535,130
3090000,6180.0000003415325,-624315.4884892516,302.75264473805703,481.17372603768945,130
3095000,6190.00000034357,-623567.7137528714,298.7308025929475,479.5058811897439,130
3100000,6200.000000345607,-622394.4531902331,297.6317181033996,480.89734123170143,130
3105000,6210.000000347644,-622520.5351869105,298.97625971959656,480.1546196528944,130
3110000,6220.000000349682,-625332.2094554412,301.6529701615819,479.67848265243987,130
3115000,6230.000000351719,-623454.0864973459,298.1926242802875,480.08261034520865,130
3120000,6240.000000353756,-623068.6396653298,301.49136248378034,481.1189966690017,130
3125000,6250.000000355793,-623518.6594808223,298.85593909163623,480.1973172294354,130
3130000,6260.000000357831,-622932.1318274769,301.6367142184909,481.0242514612406,130
3135000,6270.000000359868,-623440.4288820769,301.16245564458916,480.9378856586693,130
3140000,6280.000000361905,-622469.3164381459,300.04856187667497,480.9495992082599,130
3145000,6290.0000003639425,-624616.1593653839,301.3217981499928,480.68337764123936,130
3150000,6300.00000036598,-622506.721004012,300.1745930232856,482.62796404211184,130
3155000,6310.000000368017,-621934.7189397346,300.8579136849723,481.6762310485935,130
3160000,6320.000000370054,-622552.7213246357,299.5349768643353,480.7924984773169,130
3165000,6330.000000372092,-622357.6890263171,297.1488556813981,480.4884427413459,130
3170000,6340.000000374129,-623195.1151622338,298.75638571650046,481.4024683801739,130
3175000,6350.000000376166,-624003.7515235883,300.3443286726326,479.0573492979674,130
3180000,6360.000000378203,-621914.2342972807,305.12329041545206,482.74172688995884,130
3185000,6370.000000380241,-623015.7442608485,299.87105992196354,479.82821118527517,130
3190000,6380.000000382278,-623204.7841565544,299.4119151874228,480.4441533487494,130
3195000,6390.000000384315,-622953.9173469571,300.02556752157665,481.4025497859596,130
3200000,6400.000000386352,-622492.3202338009,300.4431967855303,480.85464468756965,131
3205000,6410.00000038839,-623340.5328975315,300.177486352735,480.46479617637345,131
3210000,6420.000000390427,-623071.1118136775,302.17651051143514,481.1262950553894,131
3215000,6430.000000392464,-622601.3038358339,301.77037842503063,482.81399070047394,131
3220000,6440.0000003945015,-622465.1357853697,300.7791275626613,482.83553524812896,131
3225000,6450.000000396539,-622562.6805291642,298.9983403917108,480.63584323597286,130
3230000,6460.000000398576,-622629.7816930641,298.40319013798364,480.5551788358636,130
3235000,6470.000000400613,-622122.253363111,300.39937807242086,482.22574906074124,130
3240000,6480.000000402651,-622409.4555502567,299.9814252124104,481.6278316207797,130
3245000,6490.000000404688,-621232.9393364443,299.9459438565303,480.26286673795147,130
3250000,6500.000000406725,-623650.7951381463,300.35828137320135,480.08467473609414,130
3255000,6510.000000408762,-622053.1955171973,299.28127755576764,481.36048743626424,130
3260000,6520.0000004108,-623647.8200369747,302.329400130764,481.5367554846246,130
3265000,6530.000000412837,-622982.9311750685,301.29101845446803,482.0209035158079,130
3270000,6540.000000414874,-622903.3020743406,302.6254524526542,481.94235250553635,130
3275000,6550.0000004169115,-623281.3791394057,299.6367002365581,482.06894620324044,130
3280000,6560.000000418949,-621699.6244701385,299.02169641299025,480.69054927529623,130
3285000,6570.000000420986,-623669.4316406054,299.11430199043485,481.4394866231636,130
3290000,6580.000000423023,-623330.1069105421,299.6725432586194,481.3328303385124,130
3295000,6590.0000004250605,-624221.639491016,299.86736711990307,479.47001627202525,130
3300000,6600.000000427098,-623096.8725323635,300.05703247933945,481.04151121837344,130
3305000,6610.000000429135,-623061.0493053095,301.1589722282125,479.832756745205,130
3310000,6620.000000431172,-623114.6310341209,299.8761993887488,480.39442934487226,130
3315000,6630.00000043321,-623530.9698660825,298.96483868229615,481.5455216829639,130
3320000,6640.000000435247,-622195.6307962267,300.3516381365049,481.28476447617385,130
3325000,6650.000000437284,-622009.1707256152,300.4547129981416,482.56974803716446,130
3330000,6660.000000439321,-622921.3441183614,301.3613530091767,481.11764451445407,131
3335000,6670.000000441359,-622710.806023309,300.52097404954645,481.26518682058156,131
3340000,6680.000000443396,-622664.8527540774,301.6110549546892,481.50267745710056,131
3345000,6690.000000445433,-620862.6541327573,301.47046198552044,483.98056029377653,131
3350000,6700.0000004474705,-622842.0266519897,301.41533644548355,482.03833832987885,131
3355000,6710.000000449508,-622384.0528270542,301.41057767994175,482.0092205122401,131
3360000,6720.000000451545,-622340.3061428796,302.6285170976631,481.38835778204617,131
3365000,6730.000000453582,-622639.7353423559,300.89088241264625,481.55364812920584,131
3370000,6740.00000045562,-623822.9813652192,299.67195317169217,481.07712043911675,131
3375000,6750.000000457657,-621484.9087740588,300.44281608428696,481.64229426500447,131
3380000,6760.000000459694,-622615.5888243816,299.4993812980822,480.3237540622983,131
3385000,6770.000000461731,-622152.7919944203,302.20464433331864,481.76040099835944,131
3390000,6780.000000463769,-623312.1305856854,298.94527063838797,481.3168906402012,131
3395000,6790.000000465806,-622294.9902902669,300.41018998773194,480.6564326661599,131
3400000,6800.000000467843,-622768.3919687155,302.0508981361922,480.503454931275,131
3405000,6810.00000046988,-623367.857361991,301.1177803536822,480.37430086708747,131
3410000,6820.000000471918,-623282.4145350684,300.8384979215615,481.31706931894814,131
3415000,6830.000000473955,-623469.0336466748,301.37734246139735,480.95473541058834,131
3420000,6840.000000475992,-622782.1909568049,298.65704172704864,480.96208574379114,131
3425000,6850.0000004780295,-622424.3810418933,300.03902531052904,481.38738929208716,131
3430000,6860.000000480067,-623038.1148094083,303.2037566763632,479.77685633783665,131
3435000,6870.000000482104,-623864.8220593724,300.5138359012337,480.8275358881805,131
3440000,6880.000000484141,-622830.4075488695,297.3087882737289,481.4294578668347,131
3445000,6890.000000486179,-622267.2981420676,301.2841848671499,481.48096325060794,131
3450000,6900.000000488216,-622344.3552806368,300.25655800097854,479.7561356431748,131
3455000,6910.000000490253,-622859.0509336884,298.16517572064197,481.7776162788802,131
3460000,6920.00000049229,-621779.4617728256,300.93814647200804,480.3122499975828,131
3465000,6930.000000494328,-622067.7580878707,299.1257039926732,482.9954531623719,131
3470000,6940.000000496365,-623906.7085500611,300.02638602924986,479.21495198111126,131
3475000,6950.000000498402,-622191.1026181187,299.27636650972846,480.7171388753644,131
3480000,6960.0000005004395,-624873.7494479311,302.5353404683535,481.3253177409018,131
3485000,6970.000000502477,-623123.1286285552,301.8868730054954,481.41059841543637,131
3490000,6980.000000504514,-624619.618562337,299.4478533847949,480.9136018224388,131
3495000,6990.000000506551,-623529.4676825744,299.273244759533,481.7100128784247,131
3500000,7000.0000005085885,-624421.4729390945,304.12493947489423,479.54873188546395,131
3505000,7010.000000510626,-623289.2552398248,304.2716617340808,479.33740715146297,131
3510000,7020.000000512663,-623357.6327457177,297.20870191685253,478.6494455915533,131
3515000,7030.0000005147,-624572.5779019701,299.461958365861,479.8138932457746,131
3520000,7040.000000516738,-623458.1763819852,302.1722085873853,480.6534685370028,131
3525000,7050.000000518775,-623699.0631292434,299.118185143117,479.561024130809,131
3530000,7060.000000520812,-622217.3450918831,298.2905025699524,480.1932783283823,131
3535000,7070.000000522849,-623707.1848619888,300.62661864457573,480.2433741988429,131
3540000,7080.000000524887,-622571.3877594541,301.0459229940001,481.9783421676035,131
3545000,7090.000000526924,-621843.4622130995,300.99454736121015,480.96298567514293,131
3550000,7100.000000528961,-622541.2246454954,302.600992397769,479.538434826869,131
3555000,7110.0000005309985,-622395.9878307362,300.9324930585443,479.21466771549575,131
3560000,7120.000000533036,-621692.7043434037,300.02398761141677,480.1800574030943,131
3565000,7130.000000535073,-623207.1000789488,299.5848867973383,479.76781812216484,131
3570000,7140.00000053711,-623059.4135474302,299.65640152590134,480.7990142123256,131
3575000,7150.000000539148,-624753.7737537776,301.5663606287201,478.57733663352883,131
3580000,7160.000000541185,-622548.8158313707,300.1630197054877,479.33826096324,131
3585000,7170.000000543222,-623395.6077649519,300.21456665383715,480.8208175767706,131
3590000,7180.000000545259,-622978.656271263,298.37574157833825,481.93007524140455,131
3595000,7190.000000547297,-621461.9560838351,303.5926239613818,481.7531547015974,131
3600000,7200.000000549334,-622869.0608414114,299.2415894511485,481.1211225490154,131
3605000,7210.000000551371,-621484.1029195716,301.78954673263326,481.85016754331116,131
3610000,7220.000000553408,-623106.9874031148,298.4081582892094,481.7175154594153,131
3615000,7230.000000555446,-623361.7200085414,299.81979849954666,481.1883095997208,131
3620000,7240.000000557483,-623296.6895396137,298.90381227298735,479.8043650063318,131
3625000,7250.00000055952,-625033.0870515993,299.5552872756679,478.2275572757808,131
3630000,7260.0000005615575,-623252.7780973446,298.92189558204643,480.02131331510185,131
3635000,7270.000000563595,-622610.2681022133,299.8390239123358,480.8917889492027,131
3640000,7280.000000565632,-622288.5567748002,299.18720627853617,480.98307820005846,131
3645000,7290.000000567669,-623456.6054648669,299.8212261292092,481.85007967714193,131
3650000,7300.000000569707,-623305.8498564987,301.88736791711176,480.09704095345217,131
3655000,7310.000000571744,-621779.5575479204,302.0769571362994,480.0768055933708,131
3660000,7320.000000573781,-621883.4088335647,299.7640067323339,480.71027912767465,131
3665000,7330.000000575818,-623006.7051963797,301.87903055988244,481.4574070355645,131
3670000,7340.000000577856,-624172.7686372339,298.55436660171745,480.58852710307235,131
3675000,7350.000000579893,-623780.9800280095,299.6645294974469,481.37128423798254,131
3680000,7360.00000058193,-623556.1546459994,297.80379506539316,481.0119243952543,131
3685000,7370.000000583967,-622080.8914692136,297.1238816798344,481.13751070154143,131
3690000,7380.000000586005,-620773.6554773534,301.2867736356047,481.0331733907445,131
3695000,7390.000000588042,-622642.4276200361,297.150778222677,480.4192460851488,131
3700000,7400.000000590079,-622575.0261522187,298.2538600752801,482.7110616549226,131
3705000,7410.0000005921165,-623853.9878142131,299.67825377726956,480.80391237134205,131
3710000,7420.000000594154,-622535.0404252121,299.8442585544318,480.4838562224258,131
3715000,7430.000000596191,-622026.9203465567,301.21763828981256,478.99678970384167,131
3720000,7440.000000598228,-624670.4652422103,298.62885079997864,480.87564349857087,131
3725000,7450.000000600266,-622110.0510090748,300.4205260264889,482.82226801236874,131
3730000,7460.000000602303,-623540.5160190319,299.2537718909357,479.9914568053926,131
3735000,7470.00000060434,-623347.5500732865,300.5722735420877,481.933082505112,131
3740000,7480.000000606377,-624056.7687744922,300.021398842962,480.46054066631774,131
3745000,7490.000000608415,-622063.0205953177,300.7167496639386,482.12945455217846,131
3750000,7500.000000610452,-622134.6149190213,302.4586482028809,481.1657118492661,131
3755000,7510.000000612489,-623480.5595422708,300.50540336869346,480.6006518658692,131
3760000,7520.0000006145265,-623315.3975742105,301.4989194034608,478.91308314360566,131
3765000,7530.000000616564,-623620.1987661109,301.57298483035436,481.0735646242193,131
3770000,7540.000000618601,-622151.1190344063,297.3984243814754,481.132161359014,131
3775000,7550.000000620638,-623559.9546583579,299.1303866179664,481.36838886196364,131
3780000,7560.0000006226755,-623356.0600731727,298.41346907155406,480.39106833163146,131
3785000,7570.000000624713,-624995.3997886553,299.75262376515775,479.93064567962097,131
3790000,7580.00000062675,-623644.7857391806,298.7168118222544,481.09421106709084,131
3795000,7590.000000628787,-622568.2230991414,302.1045770115044,480.8765028344922,131
3800000,7600.000000630825,-622724.0384636433,300.132925272201,480.7724822384036,131
3805000,7610.000000632862,-624175.565264726,298.9081332320994,478.84070544032454,131
3810000,7620.000000634899,-622546.2526319292,302.49924999048403,480.8432773000008,131
3815000,7630.000000636936,-623653.3039146685,300.94307655310945,479.43610568260306,131
3820000,7640.000000638974,-623453.0533533762,301.61160697149205,480.5810966682533,131
3825000,7650.000000641011,-623540.2635581605,300.054938622501,482.5027489401212,131
3830000,7660.000000643048,-623677.5790775572,301.20564620064704,479.30620503720957,131
3835000,7670.0000006450855,-623180.4007189781,300.3640870671625,481.2318025116218,131
3840000,7680.000000647123,-623307.0765539231,300.50506073757447,480.3641547907271,131
3845000,7690.00000064916,-622390.3402518076,302.16006421772244,481.223986190746,131
3850000,7700.000000651197,-623370.3520502034,297.4112920835006,479.9215729463965,131
3855000,7710.000000653235,-624300.9854914565,300.5373632380726,480.97282650622293,131
3860000,7720.000000655272,-622403.6544895582,299.733436422493,480.2979472943027,131
3865000,7730.000000657309,-621919.0157557488,300.9707535335009,481.1572655211493,131
3870000,7740.000000659346,-622861.6020555734,301.10049651723415,480.1352718083095,131
3875000,7750.000000661384,-622842.1408038954,299.52740090959264,480.87827366153186,131
3880000,7760.000000663421,-622019.350041375,298.262597168815,483.0857136523468,131
3885000,7770.000000665458,-624346.4434850905,299.4216801743147,478.6291145985633,131
3890000,7780.000000667495,-623759.774217146,300.0620577357517,480.4585852036052,131
3895000,7790.000000669533,-623486.6432045088,299.2166915898335,480.78961243814615,131
3900000,7800.00000067157,-623263.2438360685,300.071080355219,479.9265769327162,131
3905000,7810.000000673607,-623032.3293566676,299.7836699515529,481.32563199371737,131
3910000,7820.0000006756445,-623750.712734702,301.1220251725455,479.03038393337584,131
3915000,7830.000000677682,-621871.9474414163,300.03708373418795,481.75182935978506,131
3920000,7840.000000679719,-623695.3246601801,299.57877654238257,479.3530253110845,131
3925000,7850.000000681756,-624406.8660981026,299.7097568051567,477.47174156116813,131
3930000,7860.000000683794,-624136.6524696215,298.7711949948668,480.18165739170587,131
3935000,7870.000000685831,-622139.6552480366,299.2126751917162,481.04822654767764,131
3940000,7880.000000687868,-623723.8832800332,298.2437524572692,480.06507596531037,131
3945000,7890.000000689905,-621866.6306718756,299.6893512185132,481.06168198772986,131
3950000,7900.000000691943,-622903.0801503095,302.5246617984776,479.38147526626744,131
3955000,7910.00000069398,-622878.4995968891,299.7575728813213,480.14432411631674,131
3960000,7920.000000696017,-621936.351231284,298.4401942988372,480.973618031791,131
3965000,7930.0000006980545,-623883.5738368151,299.52212819737224,482.2234030635797,131
3970000,7940.000000700092,-623530.1280682939,300.8021219177595,480.09863929108474,131
3975000,7950.000000702129,-624540.595042631,301.06290226945345,480.23847677933395,131
3980000,7960.000000704166,-622658.424120924,300.75369671960556,481.2783511244341,131
3985000,7970.0000007062035,-624149.4314470962,300.8148563743495,481.1142605696508,131
3990000,7980.000000708241,-621874.751938777,299.176736994344,483.70469528891215,131
3995000,7990.000000710278,-622015.3948072828,299.66268309641663,481.00760328537723,131
4000000,8000.000000712315,-623310.3738283985,301.0272876681382,481.1661275206971,131
4005000,8010.000000714353,-623125.262575034,299.50543444785137,480.8357477335931,131
4010000,8020.00000071639,-622995.2373960605,301.17637027503355,481.1516364659402,131
4015000,8030.000000718427,-621993.6449259529,299.9596110311665,481.95814180885,131
4020000,8040.000000720464,-623364.3482591915,301.28783959908606,480.49866510516824,131
4025000,8050.000000722502,-623462.8157235635,299.95030288576663,480.7543192006068,131
4030000,8060.000000724539,-622181.6916866391,301.3010689672924,480.75359997420645,131
4035000,8070.000000726576,-623869.4286062242,299.7181512675726,481.08059061002797,131
4040000,8080.0000007286135,-623659.7189141214,301.43991071074174,482.14351539799344,131
4045000,8090.000000730651,-623558.3860742515,302.99143959294753,481.54115161639254,131
4050000,8100.000000732688,-623461.9862749018,301.48123583070725,479.8828446398148,131
4055000,8110.000000734725,-622840.1220181035,302.93776071763534,478.78288435154167,131
4060000,8120.000000736763,-622125.0252998704,298.1032736984735,481.10875594987215,131
4065000,8130.0000007388,-623401.1202299604,300.2134245501071,481.46796870685506,131
4070000,8140.000000740837,-622735.5269737397,301.9038903510731,479.8259843077627,131
4075000,8150.000000742874,-623656.6887934543,298.97047306069766,480.9736665906728,131
4080000,8160.000000744912,-623664.9975413457,298.608768809392,481.502639523923,131
4085000,8170.000000746949,-623702.51558644,300.71545527971114,479.37546791178056,131
4090000,8180.000000748986,-623740.753787932,299.9117759199397,479.1289280513597,131
4095000,8190.000000751023,-624322.7948777163,302.0639561888391,479.58179214137664,131
4100000,8200.00000075306,-623013.9586660527,300.75759890734986,480.977369918992,131
4105000,8210.000000755097,-623146.5115773538,302.8702433521275,481.044922056775,131
4110000,8220.000000757134,-622756.2298978963,301.6605841864489,480.9340978083853,131
4115000,8230.000000759172,-622845.0762079591,302.10017991214374,480.7230583804239,131
4120000,8240.000000761209,-623012.7370292912,297.4988914395951,480.7988345339431,131
4125000,8250.000000763246,-622840.2886208971,301.3117857072927,479.1026152058976,131
4130000,8260.000000765283,-621884.13067326,297.93172971822054,480.2119243736375,131
4135000,8270.00000076732,-623574.5915693562,300.46345009167646,480.41724618661107,131
4140000,8280.000000769358,-623403.050955087,301.70423158399876,481.8599068573919,131
4145000,8290.000000771395,-623971.1201148238,301.7046884254908,479.2161784856705,131
4150000,8300.000000773432,-622289.2885704301,299.2960487640096,480.5976931938181,131
4155000,8310.00000077547,-623419.2239779774,300.7472247984686,481.05799252732885,131
4160000,8320.000000777507,-622908.5219385787,302.2525936549184,479.849716316345,131
4165000,8330.000000779544,-622547.0172381075,297.8442065023746,480.5861390314404,131
4170000,8340.000000781582,-621246.2903177226,299.5959461684576,480.69432346600246,131
4175000,8350.000000783619,-621859.4241326242,299.35298263495235,481.45275017444,131
4180000,8360.000000785656,-623247.5687356349,301.31475517699084,481.1739901330843,131
4185000,8370.000000787693,-623957.5275167362,300.63720213914087,480.671699492236,131
4190000,8380.00000078973,-623565.6193631683,298.4631125136868,480.3077330645641,131
4195000,8390.000000791768,-622548.175059062,298.5326285607223,479.2195805679187,131
4200000,8400.000000793805,-622655.9550017179,298.9504101051732,481.8437148252624,131
4205000,8410.000000795842,-624690.7664462556,298.7251111093594,479.3478070384825,131
4210000,8420.00000079788,-622941.9277952565,301.5356190033196,480.82922787914555,131
4215000,8430.000000799917,-623210.1544542513,301.7430440757582,479.92449647938065,131
4220000,8440.000000801954,-622809.0429743007,300.57691809725657,481.2437020884698,131
4225000,8450.000000803991,-623364.9208425609,299.9299734393718,481.7737360276915,131
4230000,8460.000000806029,-622685.3788958355,302.6928746428513,479.34477435727376,131
4235000,8470.000000808066,-624030.4736329135,299.7713542663305,479.9686538352001,131
4240000,8480.000000810103,-622982.5518208793,298.8312506160051,479.9180418604615,131
4245000,8490.00000081214,-622657.7928325273,299.4331392817395,481.60244387569975,131
4250000,8500.000000814178,-624774.7782984832,301.5896405097508,480.1130484293002,131
4255000,8510.000000816215,-622113.136776926,300.5032714417307,479.3582442007675,131
4260000,8520.000000818252,-623664.0267658266,300.83126459793783,480.98433853437575,131
4265000,8530.00000082029,-624225.9552106205,300.63356644226684,479.1122724890721,131
4270000,8540.000000822327,-624555.07780512,298.5255094474716,480.4705611626317,131
4275000,8550.000000824364,-623514.2153687715,301.4530639386994,481.3569694394018,131
4280000,8560.000000826401,-623523.331572088,299.60184703772944,480.85152623705017,131
4285000,8570.000000828439,-622581.447636913,300.82513530791994,480.9466618328104,131
4290000,8580.000000830476,-623134.1015874664,298.91184506922195,480.8722351162114,131
4295000,8590.000000832513,-622096.7833733978,300.3882235259907,480.959684242839,131
4300000,8600.00000083455,-624349.1998818158,300.64630089885685,479.6471518711102,131
4305000,8610.000000836588,-623355.0079819825,299.20846844297716,480.64084440045946,131
4310000,8620.000000838625,-622911.581705742,301.5077326372443,481.8060811475013,131
4315000,8630.000000840662,-623239.4253826179,297.8247526688395,479.75990142306836,131
4320000,8640.0000008427,-622420.1151315584,302.62453876967015,482.38682975438223,131
4325000,8650.000000844737,-624633.087199688,300.11297652704957,476.42423846997383,131
4330000,8660.000000846774,-622846.5961171328,299.98361424455965,478.8087119097672,131
4335000,8670.000000848811,-621755.528161977,298.4558982251253,483.10167767233577,131
4340000,8680.000000850849,-622452.4260940813,300.4973134672723,480.2518635420095,131
4345000,8690.000000852886,-624501.2076198393,302.37835831065865,479.49358108292677,131
4350000,8700.000000854923,-622991.2142609144,297.19644333681674,480.3674653186763,131
4355000,8710.00000085696,-622495.8826007764,300.8971639831616,482.0986010079069,131
4360000,8720.000000858998,-623587.1772259064,300.459871499989,480.527937166179,131
4365000,8730.000000861035,-622706.2311737523,300.29839706762255,480.48712307958306,131
4370000,8740.000000863072,-622081.863095405,299.97360180185956,480.38814537492306,131
4375000,8750.00000086511,-623316.1455854946,301.434371507651,479.0780437751258,131
4380000,8760.000000867147,-623726.6610347163,300.47115929185424,481.42836294510886,131
4385000,8770.000000869184,-621781.7100893417,300.61316085562333,481.7971765525457,131
4390000,8780.000000871221,-622846.9818890844,299.84711381375695,480.70439384942955,131
4395000,8790.000000873259,-623138.6421512463,301.4899158190556,482.3569634021886,131
4400000,8800.000000875296,-622643.009745589,298.8706531946916,479.70268072955605,131
4405000,8810.000000877333,-623041.8862050106,299.7816712700253,482.2254544353197,131
4410000,8820.00000087937,-622110.3109554034,299.0071345904322,480.2414857960081,131
4415000,8830.000000881408,-622930.4734378075,298.46969864519673,480.6171103714913,131
4420000,8840.000000883445,-622174.5706126778,300.243423808083,481.65855000696797,131
4425000,8850.000000885482,-623746.4481427283,301.56879711667744,481.50214527870617,131
4430000,8860.00000088752,-623435.2182154963,301.0075292736083,480.08277153565194,131
4435000,8870.000000889557,-623071.6108310032,299.4820403564476,480.1204553875736,131
4440000,8880.000000891594,-622960.5652967826,299.28923421175364,481.21814075966313,131
4445000,8890.000000893631,-623347.9659271832,298.85553935533073,481.4445337804443,131
4450000,8900.000000895669,-622738.1553424308,300.69935161711754,481.0008473839394,131
4455000,8910.000000897706,-622664.7374065532,299.85434713738056,480.3899752656123,131
4460000,8920.000000899743,-623235.8806715962,299.9603914687154,479.8598701113548,131
4465000,8930.00000090178,-622335.7154070605,299.2511640874188,481.5250543588793,131
4470000,8940.000000903818,-622270.331255551,301.18782938245835,480.7722198515136,131
4475000,8950.000000905855,-622609.4465543828,301.17134501862137,482.0763382669838,131
4480000,8960.000000907892,-621755.0173481447,303.07808719593373,483.15544138453754,131
4485000,8970.00000090993,-623294.1400633096,297.5203820247822,479.52503262466166,131
4490000,8980.000000911967,-623096.6572652915,298.86890196897224,480.9745739696214,131
4495000,8990.000000914004,-623281.0897174235,300.0967015488964,479.44347043306493,131
4500000,9000.000000916041,-623276.0329096471,296.79577431325424,480.40256410863884,131
4505000,9010.000000918079,-623535.888294925,298.7689298224688,479.85961053391406,131
4510000,9020.000000920116,-623785.4947483456,301.1406985685318,480.36584963627854,131
4515000,9030.000000922153,-623346.8182222773,300.3272161517441,480.5541114649279,131
4520000,9040.00000092419,-622461.1694895346,300.3273684322414,481.1908718889153,131
4525000,9050.000000926228,-622777.014036647,297.54783058442763,480.10709331816366,131
4530000,9060.000000928265,-623490.2861901326,300.0351802279712,481.02193125021944,131
4535000,9070.000000930302,-622498.1864381591,299.5293044158094,481.2380786258948,131
4540000,9080.00000093234,-622699.3509981479,301.5286712056285,480.1595994377097,131
4545000,9090.000000934377,-622159.481832731,303.7270686054704,481.8348073684082,131
4550000,9100.000000936414,-623473.9208266167,299.052247687769,481.55018405799507,131
4555000,9110.000000938451,-623629.7278139708,301.9613952738809,480.1066749888439,131
4560000,9120.000000940488,-622130.803317646,298.35834353151716,481.758721490973,131
4565000,9130.000000942526,-623690.4515711237,300.6058704268132,481.93726676076335,131
4570000,9140.000000944563,-622681.0774915614,301.08275583929407,481.2594072508777,131
4575000,9150.0000009466,-623309.9232278825,301.0246988996834,479.76826279790316,131
4580000,9160.000000948638,-621374.2909607929,299.26686801370687,482.7135099697527,131
4585000,9170.000000950675,-622964.976300546,298.91801242936424,480.355033299681,131
4590000,9180.000000952712,-623203.4683400295,301.8554270827948,482.10762382925685,131
4595000,9190.00000095475,-623226.2949508699,301.31509780810984,480.7063298909155,131
4600000,9200.000000956787,-622631.7234839369,300.2786577081549,480.6655467386801,131
4605000,9210.000000958824,-622457.2825632514,298.26840286277604,481.3814369473821,131
4610000,9220.000000960861,-623347.3226458146,299.5514612281723,479.97334242700714,131
4615000,9230.000000962898,-622387.760816006,298.4532904216084,481.1926755752446,131
4620000,9240.000000964936,-621569.2272588573,299.82019823585216,482.2470447768702,131
4625000,9250.000000966973,-623806.0845525372,299.4551057434807,478.27874048041576,131
4630000,9260.00000096901,-622796.8167235544,299.50844198767385,480.5759522139212,131
4635000,9270.000000971047,-622948.6719711949,298.53161970242735,479.30518375816456,131
4640000,9280.000000973085,-625121.9215095891,300.07728578548557,480.4215878164045,131
4645000,9290.000000975122,-622506.1418297486,299.3929372304419,481.36091778215126,131
4650000,9300.00000097716,-622803.8612892046,301.4373029072248,478.71436487276924,131
4655000,9310.000000979197,-623137.7704810351,299.71034689208386,479.17060987957507,131
4660000,9320.000000981234,-623535.1605203152,303.86073281201016,479.1781472906807,131
4665000,9330.000000983271,-623544.7029446266,302.0557901471692,480.86822468324203,131
4670000,9340.000000985308,-623496.1522824191,298.2727047868259,479.27194604169387,131
4675000,9350.000000987346,-622478.6306390055,299.6857916618879,479.9806197382779,131
4680000,9360.000000989383,-621591.7176292762,297.61479593313265,480.84181163590085,131
4685000,9370.00000099142,-622845.0488376543,300.87036261562974,480.57138530274307,131
4690000,9380.000000993457,-624527.5662717582,301.74610872076715,480.2602782924234,131
4695000,9390.000000995495,-623418.1183899883,298.94085450396517,480.85878452927517,131
4700000,9400.000000997532,-623118.7649234352,299.8829568358182,480.09286524043927,131
4705000,9410.00000099957,-622484.5013905456,299.6488826763452,480.5383211590808,131
4710000,9420.000001001607,-622725.7544082734,300.2912398842476,481.0396279025405,131
4715000,9430.000001003644,-622877.6726077069,299.40717545694304,479.7324434955805,131
4720000,9440.000001005681,-623289.1688727466,302.38915119090757,482.1474677188238,131
4725000,9450.000001007718,-623682.3079087543,302.1690106969412,479.7444300810717,131
4730000,9460.000001009756,-624216.698525927,300.27117692872315,480.22236141643344,131
4735000,9470.000001011793,-622843.452679744,301.96746745871235,481.39182102480595,131
4740000,9480.00000101383,-622949.2329923478,301.6520945487222,480.2829191686891,131
4745000,9490.000001015867,-623215.0096805245,300.2466216985272,481.1737694061033,131
4750000,9500.000001017905,-624479.3695867923,297.5111309845688,480.7443440828615,131
4755000,9510.000001019942,-623495.217079204,299.1884245225149,479.3295315264769,131
4760000,9520.00000102198,-622599.1592345079,303.1903369575351,480.6701308073665,131
4765000,9530.000001024016,-623166.4727803515,299.06264083171243,480.08555136793177,131
4770000,9540.000001026054,-623552.3184725931,299.627829897588,480.1574851917897,131
4775000,9550.000001028091,-622231.8742381232,300.71254291519955,480.6701072025968,131
4780000,9560.000001030128,-621066.8763076318,300.7641469687355,481.3577211892107,131
4785000,9570.000001032166,-622365.9329967038,301.5457456563927,479.15851377576234,131
4790000,9580.000001034203,-622060.2625623029,299.83576891670515,480.7558246979977,131
4795000,9590.00000103624,-624815.0598875075,301.65795734786974,479.5973855224661,131
4800000,9600.000001038277,-622761.9192898488,298.9316034637518,479.32765832709873,131
4805000,9610.000001040315,-623576.0926643186,300.09363690388744,481.09185782775864,131
4810000,9620.000001042352,-623167.104037466,297.74571909072034,479.2136650846501,131
4815000,9630.00000104439,-622498.6488673952,300.2866333992031,480.57824179729926,131
4820000,9640.000001046426,-623690.3987178453,301.30377194612026,481.6576842266976,131
4825000,9650.000001048464,-624046.7036267025,298.1574665204642,478.92490721695737,131
4830000,9660.000001050501,-623553.1613613744,300.646434144292,479.94590516881783,131
4835000,9670.000001052538,-622261.1557576181,302.8266149896397,483.25369446615946,131
4840000,9680.000001054575,-622137.9216766902,299.814716137948,479.6645087802548,131
4845000,9690.000001056613,-622905.9442464667,299.3207562747029,480.41564137109845,131
4850000,9700.00000105865,-622538.6192787625,299.57380839115683,482.8208265031283,131
4855000,9710.000001060687,-624424.2698248383,300.40826744645307,481.01741981441256,131
4860000,9720.000001062725,-622311.3047401016,301.170850107005,481.586204064271,131
4865000,9730.000001064762,-622625.9945479115,301.21356478650875,478.37729022893495,131
4870000,9740.000001066799,-623330.2911262186,300.2489059059872,481.59690672886796,131
4875000,9750.000001068836,-624136.2672382537,298.3070821091003,479.9754613074801,131
4880000,9760.000001070874,-624129.7180389585,298.46166584896207,479.57700981169666,131
4885000,9770.00000107291,-622845.8652003943,300.22697751437033,480.6835542806495,131
4890000,9780.000001074948,-622485.8346839268,301.44720113955185,481.5780026762667,131
4895000,9790.000001076985,-622531.4854149818,299.6959944552096,481.00200334596417,131
4900000,9800.000001079023,-623048.5404224265,299.2018632764051,480.95979710829107,131
4905000,9810.00000108106,-623651.9144016304,297.8603101649683,479.2503848618494,131
4910000,9820.000001083097,-623544.9074606397,300.00864535130984,480.0764732387832,131
4915000,9830.000001085134,-623994.3527767658,302.1655272805645,480.10150172546804,131
4920000,9840.000001087172,-623404.2874453198,301.6646005845662,480.57076059014264,131
4925000,9850.000001089209,-623787.6470970069,300.2390076736602,480.7261462054765,131
4930000,9860.000001091246,-622143.815488521,298.46417847716816,482.3648777078525,131
4935000,9870.000001093284,-623003.7305818275,299.5982874811042,481.0469062892009,131
4940000,9880.00000109532,-624524.0839425856,298.82451220399776,481.4950468807872,131
4945000,9890.000001097358,-622689.9871537928,300.1503423540842,480.360633160391,131
4950000,9900.000001099395,-622555.331832822,300.2937525124537,480.6408987173632,131
4955000,9910.000001101433,-622085.34557964,301.6745939922041,480.86013492501115,131
4960000,9920.00000110347,-624140.1292106742,298.31410604704007,480.81938045361363,131
4965000,9930.000001105507,-622534.6831443189,300.5853506297967,480.1754106248781,131
4970000,9940.000001107544,-623196.9191707601,299.8734583397967,482.38692616323226,131
4975000,9950.000001109582,-622904.7082613059,300.0445074084333,481.70764473656203,131
4980000,9960.000001111619,-622775.4924318194,300.00575202186036,479.8572198015024,131
4985000,9970.000001113656,-621838.5476749507,299.7484741216053,481.3962647085558,131
4990000,9980.000001115694,-622075.6824260289,300.1084652173159,480.5934684651089,131
4995000,9990.00000111773,-623471.2878843644,301.46539865898393,479.4975714025076,131
5000000,10000.000001119768,-622188.9874164918,299.1029190232588,481.22475266527937,131
5005000,10010.000001121805,-623921.90141623,298.6832720427154,480.48736394471285,131
5010000,10020.000001123843,-622754.7980415607,302.0348515787851,480.90295171810953,131
5015000,10030.00000112588,-622660.6078096228,300.2036405281531,479.1947671514541,131
5020000,10040.000001127917,-621539.4409156116,299.34858553559167,481.54083938321025,131
5025000,10050.000001129954,-621697.3563286965,300.37152977646986,481.84908209103105,131
5030000,10060.000001131992,-622808.8580334121,302.6206746520502,480.6376072907705,131
5035000,10070.000001134029,-622948.8840089445,300.08539472196895,479.6401816972666,131
5040000,10080.000001136066,-622293.4450096102,299.2994560401375,480.52704218266655,131
5045000,10090.000001138103,-623443.2724436773,301.2183235520506,480.9356038529496,131
5050000,10100.00000114014,-623338.9059870313,299.3657932317911,481.91533294787195,131
