#"Step","Time (ps)","Potential Energy (kJ/mole)","Temperature (K)","Box Volume (nm^3)","Speed (ns/day)"
55000,109.99999999992504,-515837.2241929639,300.19907382962975,399.6517843630705,--
60000,119.99999999990173,-517363.95040178485,298.02398007748235,397.08748506693735,154
65000,129.99999999989262,-516045.4767165496,300.6836148546105,399.972061299907,153
70000,139.99999999994037,-517488.0524157402,301.16779224655187,398.682101653287,154
75000,149.99999999998812,-515748.9430746618,300.8612041402202,399.39545775345124,154
80000,160.00000000003587,-516049.0088215489,300.4525942392761,400.9344174502048,154
85000,170.00000000008362,-516527.5094886264,298.1528652628794,400.6718784268592,155
90000,180.00000000013137,-516649.3311733403,299.8569860478282,400.2771209381714,154
95000,190.0000000001791,-515669.53326012054,299.7386916747032,399.5166888512219,154
100000,200.00000000022686,-516669.8737081364,299.8420770932134,399.52943186508713,154
105000,210.0000000002746,-515525.4570311047,300.2472552073483,399.04259130433746,154
110000,220.00000000032236,-515172.5594224287,298.3257727731071,399.60444795090854,154
115000,230.0000000003701,-515777.8412243342,301.5731749042714,398.7815881137919,154
120000,240.00000000041786,-516351.5488126334,300.76672773117497,398.99168436599234,154
125000,250.0000000004656,-516507.6879168679,299.6901466639452,399.50157803340494,154
130000,260.00000000051335,-517208.90190227283,302.3948719379572,399.97130795601237,154
135000,270.0000000005611,-517544.15082981903,300.8439315708494,400.22403120495215,154
140000,280.00000000060885,-516969.01790967444,301.00852097530117,398.3953257424438,154
145000,290.0000000006566,-516646.53218796244,300.62052452227715,399.01435869584674,154
150000,300.00000000070435,-517597.8295620796,299.84144073539443,398.36716087650626,154
155000,310.0000000007521,-516001.00839485927,301.27260947015463,400.80251248101627,154
160000,320.00000000079984,-516440.93301021913,300.80468192966083,401.05292851572835,154
165000,330.0000000008476,-517682.98417075584,301.4055173460499,399.3781663967152,154
170000,340.00000000089534,-516764.21320919506,302.3632585905956,399.8834479461393,154
175000,350.0000000009431,-515759.5748204184,301.87042218690385,400.60079731751483,154
180000,360.00000000099084,-517309.41364484513,298.3786359262077,399.07687569887355,154
185000,370.0000000010386,-516249.39695924567,300.45807146193187,400.9285960453751,154
190000,380.00000000108633,-515998.97457288485,301.58244754677577,400.4573731732817,154
195000,390.0000000011341,-517648.3649187959,302.6493696113968,397.9184345406069,154
200000,400.00000000118183,-516636.36007474177,301.078997603747,399.437965906786,154
205000,410.0000000012296,-517147.53939651605,300.2585505586342,399.425752204174,154
210000,420.00000000127733,-516300.33007802255,302.0356479491745,399.0456518234288,154
215000,430.0000000013251,-516332.780990317,297.6175519747745,398.816279570707,154
220000,440.0000000013728,-514970.40937546175,301.62392444033065,400.9967571966387,154
225000,450.0000000014206,-515380.46749543585,299.8430316299417,400.4001143316537,154
230000,460.0000000014683,-516012.37905465625,302.55021142696955,400.257101134455,154
235000,470.00000000151607,-516083.36736915493,300.779159435709,399.5744093995268,154
240000,480.0000000015638,-517551.63580122776,300.6248199375549,398.06908096164625,154
245000,490.00000000161157,-515807.8085252284,298.45631703424635,399.5468290531207,154
250000,500.0000000016593,-515417.28420290817,301.6855602405064,400.86870555616247,154
255000,510.00000000170706,-516034.7390916394,300.55425240084924,398.8719953903697,154
260000,520.0000000015274,-517183.5049505802,301.2791321377986,400.57521858502497,154
265000,530.0000000012909,-516048.470313516,299.0596751548462,401.88198635592784,154
270000,540.0000000010544,-516248.68357317336,298.31431833236644,398.96192457028417,154
275000,550.000000000818,-515441.49999996694,300.2466643036593,400.50753070556175,154
280000,560.0000000005815,-515787.58056574315,300.2779367450464,401.9064125779886,154
285000,570.000000000345,-516311.07043596497,301.0609068600376,399.31848770065005,154
290000,580.0000000001086,-516030.3468032861,299.48021676489515,401.0554966419266,154
295000,589.9999999998721,-516384.6320606149,299.223650928544,400.7047683047245,154
300000,599.9999999996356,-515426.0303097861,300.4634123221978,400.45105823749174,154
305000,609.9999999993992,-517616.2090387102,303.8772674771407,399.25275588260075,154
310000,619.9999999991627,-516501.68161948584,300.42607175446597,398.9024169276129,154
315000,629.9999999989262,-515571.98033510894,299.758305131765,399.18567050367244,154
320000,639.9999999986898,-516147.723515735,303.5609976411355,399.15852335761485,154
325000,649.9999999984533,-516332.8827773528,302.3503950718274,400.89833839860756,154
330000,659.9999999982168,-516936.4443833437,299.7961911490559,398.8672392251502,154
335000,669.9999999979804,-515722.5179148372,301.09163385186565,399.11823551583007,154
340000,679.9999999977439,-515732.88915537344,297.9546398022846,399.6625400922356,154
345000,689.9999999975074,-516709.25164877623,301.5377434099963,399.96346181240045,154
350000,699.999999997271,-515188.38917399896,300.47436676750925,400.01841801699516,154
355000,709.9999999970345,-516332.12761206366,302.7946864647611,398.9846345296771,154
360000,719.999999996798,-515421.6354715377,302.52387075867904,400.13808909507367,154
365000,729.9999999965615,-516796.7196559352,299.0425844019951,399.57542182949516,154
370000,739.9999999963251,-515665.8620553557,301.6014701001486,401.7878741045135,154
375000,749.9999999960886,-516202.4261345994,300.9412488630149,400.7635336894474,154
380000,759.9999999958521,-516178.51078292914,298.325227323548,399.6806056496734,154
385000,769.9999999956157,-516387.1008441211,300.49493476129953,400.2222379484426,154
390000,779.9999999953792,-515614.5647010328,301.58065210864385,399.8180888538069,154
395000,789.9999999951427,-517268.90435340675,300.9617032214803,399.8223059146994,154
400000,799.9999999949063,-516766.2829369176,302.15460140718335,399.85252045740634,154
405000,809.9999999946698,-515595.90196621465,300.37757219783794,401.1487556750393,154
410000,819.9999999944333,-516451.1764314147,299.66798777560774,400.5934999696778,154
415000,829.9999999941969,-516092.62366190087,297.84059539030744,400.08131946296146,154
420000,839.9999999939604,-516154.59762915876,299.52058003226693,399.34637235383565,154
425000,849.9999999937239,-516097.06803146144,295.6327519375504,400.07138633319107,154
430000,859.9999999934874,-514761.40948532615,300.15248334645855,400.78164215375546,154
435000,869.999999993251,-514962.2519198009,300.22984627558776,401.6777252374437,154
440000,879.9999999930145,-518250.97012321977,299.647715233662,397.76636600313924,154
445000,889.999999992778,-515159.5775122526,298.82390458293486,400.5622795434479,154
450000,899.9999999925416,-517132.3165964838,298.2477053049641,398.17250074973975,154
455000,909.9999999923051,-514988.28756907675,300.42891263758617,400.56044350927726,154
460000,919.9999999920686,-516933.0909693865,301.5459706075124,398.6938388038246,154
465000,929.9999999918322,-516868.9193473072,301.1775876115503,399.22889422242406,154
470000,939.9999999915957,-517454.2443422908,299.88084946603783,397.5888533393169,154
475000,949.9999999913592,-515801.6680447543,297.59305219874597,399.9332222576818,154
480000,959.9999999911228,-515982.42931809975,302.4389169898527,398.88217119536483,154
485000,969.9999999908863,-516782.12598272786,302.4476669098629,401.60485794027943,154
490000,979.9999999906498,-515725.09644671483,300.26466413910885,400.2455392981965,154
495000,989.9999999904134,-515549.3476908342,299.8538724399284,400.0075812343473,154
500000,999.9999999901769,-516739.0582676763,301.34492699086235,399.5998697691498,154
505000,1009.9999999899404,-517911.715475583,300.05771148556875,399.45219383768034,154
510000,1019.999999989704,-516478.5185142704,299.71232827934773,399.62814998015216,154
515000,1029.9999999894676,-516072.20248713205,299.2410144061746,397.8012100364289,154
520000,1039.9999999892311,-516644.7126747607,299.31060467908696,400.09933863268253,154
525000,1049.9999999889947,-516176.77595337294,298.9240400311556,400.59547528948275,154
530000,1059.9999999887582,-516866.2568494198,299.761873280964,399.93337093931063,154
535000,1069.9999999885217,-517035.71830043383,298.4336354234147,401.3515936938151,154
540000,1079.9999999882853,-515866.07101119123,297.56200702800845,400.64649454229624,154
545000,1089.9999999880488,-516278.36292019626,300.13986982540484,399.89304504041945,154
550000,1099.9999999878123,-516894.3219432533,301.53485707274626,398.6176804044566,154
555000,1109.9999999875758,-515815.5700422847,297.87109511148583,399.3436205470963,154
560000,1119.9999999873394,-515868.15670020785,299.7617141915092,398.8890047454755,154
565000,1129.999999987103,-516602.6097429716,302.9572304333663,398.93989937770027,154
570000,1139.9999999868664,-514755.00830409257,296.384699608869,401.9639962514073,154
575000,1149.99999998663,-516328.42924588826,303.48643014099656,400.9537262758049,154
580000,1159.9999999863935,-516002.03029803326,300.6141609440879,400.36981986680445,154
585000,1169.999999986157,-516758.33704473823,303.4155444253814,399.43567752358683,154
590000,1179.9999999859206,-517365.20953003876,297.44832624907065,398.0101854894252,154
595000,1189.999999985684,-516513.0769151901,299.7876457726304,398.34868204206015,154
600000,1199.9999999854476,-515306.5609731106,301.527925317933,401.81922966050206,154
605000,1209.9999999852112,-515885.61622978887,302.25073689197086,399.6437686191093,154
610000,1219.9999999849747,-516872.3633581875,300.9132945731122,398.3557082790312,154
615000,1229.9999999847382,-514819.9701532456,300.13859710976703,399.9799889028495,154
620000,1239.9999999845018,-516755.3186899023,300.51266187196956,400.052275819536,154
625000,1249.9999999842653,-516454.65425945166,298.7976320958393,400.59359868111943,154
630000,1259.9999999840288,-515885.850694363,299.70628288006793,399.796742733615,154
635000,1269.9999999837923,-516074.8968177913,297.7175056064755,400.2332825292082,154
640000,1279.9999999835559,-516133.55969750136,300.9670440817463,399.74731359042477,154
645000,1289.9999999833194,-515995.102031359,299.6224427374247,400.3281684200275,154
650000,1299.999999983083,-515641.6242078352,297.9750487066201,400.77071422033686,154
655000,1309.9999999828465,-516488.45524920896,297.3779632559496,399.28560736482945,154
660000,1319.99999998261,-516520.4466459369,300.48598029770466,399.5075823481812,154
665000,1329.9999999823735,-517025.8514802656,299.2193100591363,400.85089199523793,154
670000,1339.999999982137,-516325.52682331763,299.15976514893697,399.31105715865624,154
675000,1349.9999999819006,-516040.4992649853,301.7789002963036,398.60246970481717,154
680000,1359.9999999816641,-516948.7066324721,297.43687180833,400.2387054445561,154
685000,1369.9999999814277,-516316.339192546,297.8551407118828,399.75203190380927,154
690000,1379.9999999811912,-515573.9982259739,300.1176200288075,399.6581181568146,153
695000,1389.9999999809547,-516772.76861635176,299.5861703417461,399.61139342379687,153
700000,1399.9999999807183,-515836.0009232671,300.49961653668163,399.9018027650558,153
705000,1409.9999999804818,-515414.5794037478,300.9450897369934,399.98392026589494,153
710000,1419.9999999802453,-515679.3690008586,300.5641159470426,399.83211028011704,153
715000,1429.9999999800089,-516366.87799821794,300.0607341852087,400.0605627995597,153
720000,1439.9999999797724,-516706.43216288695,300.61302459083987,398.5445556950139,153
725000,1449.999999979536,-515412.38382038334,298.5087711001777,399.9618764589941,153
730000,1459.9999999792994,-515670.2800517478,300.0207800050062,398.73916851540633,153
735000,1469.999999979063,-516917.8192671696,301.4873347799116,398.7533152945458,153
740000,1479.9999999788265,-516887.46120979777,304.1768556474642,398.97106086915693,153
745000,1489.99999997859,-516052.3103060764,297.827209149045,400.579608642989,153
750000,1499.9999999783536,-515679.3429576452,298.5445889545571,400.4586024319166,153
755000,1509.999999978117,-516463.7237466243,299.94689431681616,398.7113422895432,153
760000,1519.9999999778806,-516923.82817697525,300.8759085512504,398.3762308905829,153
765000,1529.9999999776442,-515730.1428991603,299.4057629000811,399.5169300377336,153
770000,1539.9999999774077,-517554.4081747313,300.2558460379038,400.18324027267283,153
775000,1549.9999999771712,-516589.0637490321,299.5373526062086,399.4206039579435,153
780000,1559.9999999769348,-516169.0684824651,298.72290550624564,401.1678042172591,153
785000,1569.9999999766983,-516618.794216631,299.9161673249881,400.3977945703656,153
790000,1579.9999999764618,-516826.2262505116,299.197628439163,399.69670598188975,153
795000,1589.9999999762254,-515316.86242455617,301.1020201205531,400.6643882117929,153
800000,1599.9999999759889,-515658.9750157944,299.0183346236811,400.5834410186549,153
805000,1609.9999999757524,-517270.85122387717,300.1578469337894,399.7327221353184,153
810000,1619.999999975516,-515730.92042886,298.3300681883848,400.6958906214927,153
815000,1629.9999999752795,-516109.03785713157,297.4228037551188,398.2688463530838,153
820000,1639.999999975043,-515972.04190753866,302.0995564558465,401.35477788318616,153
825000,1649.9999999748065,-517238.6471508611,300.7160236492457,399.1109519978202,153
830000,1659.99999997457,-517345.24768944224,300.3561633026441,400.2577334799399,153
835000,1669.9999999743336,-517013.8437460498,299.2654232739433,398.55878517787727,153
840000,1679.9999999740971,-516975.9955651667,301.1855648113518,399.5125891746426,153
845000,1689.9999999738607,-515728.67601147015,301.4279035050371,400.1216522333589,153
850000,1699.9999999736242,-517507.0604594117,298.1454789667669,400.6496926133216,153
855000,1709.9999999733877,-515899.13044342585,302.7040509296944,400.276217736896,153
860000,1719.9999999731513,-517191.66782961646,302.17757846985955,399.1695231746599,153
865000,1729.9999999729148,-518218.9541672794,299.8743495254588,399.5592226969961,153
870000,1739.9999999726783,-517170.8101471686,300.3342998661511,399.8715368004643,153
875000,1749.9999999724419,-515714.2419649982,299.6790785833089,398.85657558158033,153
880000,1759.9999999722054,-516512.1426168615,300.141528901147,401.23053351887194,153
885000,1769.999999971969,-516655.90457332786,302.6932328467727,399.4500141871435,153
890000,1779.9999999717324,-515331.75052350014,299.4560124407111,400.04917220580927,153
895000,1789.999999971496,-516243.8211611635,298.59195215793704,399.3256282987373,153
900000,1799.9999999712595,-517036.7358169942,299.55098884518554,398.6088231062383,153
905000,1809.999999971023,-517717.58070871374,299.94057619275685,398.5048569856176,153
910000,1819.9999999707866,-516369.6465139962,303.795472770344,400.03050838515435,153
915000,1829.99999997055,-515630.4004223575,300.39195842995866,400.09958287804824,153
920000,1839.9999999703136,-516470.57919056853,298.94115351107166,398.43321872498615,153
925000,1849.9999999700772,-517096.36001706263,300.0993020144484,400.8112053866917,153
930000,1859.9999999698407,-516451.6217119042,302.65991496953905,399.6728475427658,153
935000,1869.9999999696042,-516566.01422703126,299.51830732577076,400.43263188694215,153
940000,1879.9999999693678,-516669.91142542614,297.04678446532955,398.95367575303476,153
945000,1889.9999999691313,-514703.7159434138,299.69657842332936,401.08697582714643,153
950000,1899.9999999688948,-515970.4930168474,301.8736494301284,398.99768357929423,153
955000,1909.9999999686584,-517002.126192681,302.6596422447595,398.6424537499697,153
960000,1919.999999968422,-517011.59650871856,298.71395104265076,400.1235279741976,153
965000,1929.9999999681854,-516693.6334021883,298.93840353621124,398.76419598416413,153
970000,1939.999999967949,-516879.2851379663,303.4829983541874,400.51005580643556,153
975000,1949.9999999677125,-515935.7268718765,300.8789312508903,400.05116030216675,153
980000,1959.999999967476,-516014.75619824696,300.9804757771386,398.9404596901398,152
985000,1969.9999999672395,-517042.812019113,299.0436298469833,399.8740628899956,152
990000,1979.999999967003,-516745.8341106321,301.27904122953873,398.1301309714409,152
995000,1989.9999999667666,-516993.00863646856,299.5410116636674,398.6602778281378,152
1000000,1999.9999999665301,-515310.09152615024,301.847876938462,400.93516323477024,152
1005000,2009.9999999662937,-516576.6628991389,299.39444482173025,397.96946698725066,152
1010000,2019.9999999660572,-517067.9003049326,299.3638996464218,400.08953062690887,152
1015000,2029.9999999658207,-516267.1396402754,300.56725228200725,399.5759708500531,152
1020000,2039.9999999655843,-515799.09290090343,301.04842970137366,399.0641369149226,152
1025000,2049.999999965348,-516661.56910497136,301.05579327042125,399.9876306490992,152
1030000,2059.9999999651113,-516503.1297398745,299.75157792053636,399.5268971070891,152
1035000,2069.999999964875,-516489.681278992,300.50598011487085,399.8067246396364,152
1040000,2079.9999999646384,-515789.89740459854,300.6077973658987,399.1036795805531,152
1045000,2089.999999964402,-517422.066845085,300.540797978392,399.6438481441706,152
1050000,2099.9999999641655,-516757.1624030988,298.92501729494893,399.39593264789727,152
1055000,2109.999999963929,-516908.7509328006,299.3202182275657,398.44960357525343,152
1060000,2119.9999999636925,-517051.43862042855,299.0653569210866,400.3936110869771,152
1065000,2129.999999963456,-516442.80952289747,299.9643032485767,398.1391568887519,152
1070000,2139.9999999632196,-516694.9004167407,301.8812857239555,399.5208766385628,152
1075000,2149.999999962983,-515934.69144137343,299.2580142507659,398.9168671056288,152
1080000,2159.9999999627466,-517922.3425614047,299.17642408755387,397.8413844202882,152
1085000,2169.99999996251,-516694.5985738104,297.45441710248036,400.4939463393562,152
1090000,2179.9999999622737,-515631.5664919764,300.46186688178045,400.4097266623636,152
1095000,2189.9999999620372,-515854.48008029396,298.0223210017401,399.2725949724396,152
1100000,2199.9999999618008,-515770.4484772468,301.0977474323403,400.71907538042655,152
1105000,2209.9999999615643,-516372.2846246199,298.80954107787915,398.8207649077244,152
1110000,2219.999999961328,-516749.97525223065,301.05577054335623,397.9517776767547,152
1115000,2229.9999999610914,-517093.76078448724,302.2148281293315,399.7640790898328,152
1120000,2239.999999960855,-516070.1420143801,300.8112273243698,399.7617922552396,152
1125000,2249.9999999606184,-515216.392115131,301.0656113624846,401.765199700625,152
1130000,2259.999999960382,-516421.2619275679,299.1696286951303,400.88791320639723,152
1135000,2269.9999999601455,-516349.400161013,299.80689559665285,398.79737817630735,152
1140000,2279.999999959909,-516799.8373598326,296.2669734123681,399.34644421659743,152
1145000,2289.9999999596726,-515493.28493142733,299.16085604805517,401.7296317962141,152
1150000,2299.999999959436,-516767.0070051239,301.078429427123,399.0630179443091,152
1155000,2309.9999999591996,-515935.0260661086,299.7844639835358,399.6845621876001,152
1160000,2319.999999958963,-515933.944443719,300.5310253404585,399.606364517655,151
1165000,2329.9999999587267,-516031.16403422505,302.47948480080913,399.39848709838367,151
1170000,2339.99999995849,-517039.0701182708,299.8166227804564,399.64198514085604,151
1175000,2349.9999999582537,-517186.4884125786,300.1698468240891,400.0120406312564,151
1180000,2359.9999999580173,-517285.7235288834,298.7860867468388,398.77388034656724,151
1185000,2369.999999957781,-516429.46440902306,298.6172928353692,400.05322429805517,151
1190000,2379.9999999575443,-516255.5187704698,298.7007238908431,399.2308701943766,151
1195000,2389.999999957308,-515864.4849370527,301.0838839227137,400.4351524362036,151
1200000,2399.9999999570714,-515551.2084244108,300.04948428805267,398.0723527603719,151
1205000,2409.999999956835,-516018.07154142903,301.06033868341353,401.2855018559456,151
1210000,2419.9999999565985,-516455.4771566349,298.23161454297133,399.27719021182816,151
1215000,2429.999999956362,-515530.8980285032,300.09007482607404,400.9778803404495,151
1220000,2439.9999999561255,-517677.95820528874,297.440439957529,399.4936617815849,151
1225000,2449.999999955889,-516922.7944090897,300.41398095590637,397.95913595621676,151
1230000,2459.9999999556526,-516804.50953104347,300.8458406443062,399.73940795006183,151
1235000,2469.999999955416,-516520.6665393594,298.71026925812697,399.16246870057614,151
1240000,2479.9999999551796,-517193.2027733065,299.3828540185998,400.8105061109892,151
1245000,2489.999999954943,-515141.43764325976,300.555002393993,400.02266328135,151
1250000,2499.9999999547067,-516076.3527431865,299.0193573416044,399.6945386785305,151
1255000,2509.9999999544702,-515388.50030889595,296.5861977668183,401.08118691761246,151
1260000,2519.9999999542338,-515273.93707670085,300.8709767781537,400.9613080542025,151
1265000,2529.9999999539973,-515748.678435185,300.23966436765113,399.60279215548127,151
1270000,2539.999999953761,-515957.0008202833,302.62000624346655,401.90805792483275,151
1275000,2549.9999999535244,-515868.1249847384,299.95007610591074,399.028126155734,151
1280000,2559.999999953288,-516991.56571749365,300.56961589676325,399.4250618957548,151
1285000,2569.9999999530514,-516462.9775830596,301.6466287782273,398.9856956201369,151
1290000,2579.999999952815,-516440.8326987587,298.34536350310395,399.18026625648224,151
1295000,2589.9999999525785,-515802.6289660055,300.8081818976649,400.2601930235529,151
1300000,2599.999999952342,-516094.2383842892,299.72294181868483,399.75192407769435,151
1305000,2609.9999999521056,-517123.94364458136,301.429721670234,398.891530367937,151
1310000,2619.999999951869,-516255.73590005375,300.2495051867795,400.558888856221,151
1315000,2629.9999999516326,-516668.89262402523,303.41606714787554,399.77566714011914,151
1320000,2639.999999951396,-516134.5239129071,300.82038633154923,399.28222119220777,151
1325000,2649.9999999511597,-516868.0371630215,302.5484387159025,398.99974121920894,151
1330000,2659.999999950923,-517755.3297409816,300.2956184015865,400.5319644095581,151
1335000,2669.9999999506867,-518100.49263385125,303.99888000175014,400.25229978891684,151
1340000,2679.9999999504503,-516559.35314679705,301.66456043248195,399.56723494733313,151
1345000,2689.999999950214,-515204.37833037646,303.3027272749121,398.5552582921525,151
1350000,2699.9999999499773,-516079.8801667243,300.227891748001,399.1506714617206,151
1355000,2709.999999949741,-515805.7161202156,299.52098911943625,400.10024373321903,151
1360000,2719.9999999495044,-517281.21964503126,299.34508163663367,399.0702884495327,151
1365000,2729.999999949268,-517622.6168461088,298.9873121800086,398.0042219170988,151
1370000,2739.9999999490315,-516758.53031916823,301.27333673623343,399.550857276813,151
1375000,2749.999999948795,-516839.6950032925,300.64695609882745,398.8846646772147,151
1380000,2759.9999999485585,-516917.840858974,301.63151528002777,399.93224945564515,151
1385000,2769.999999948322,-517718.0317322719,301.797604670767,399.5743664617009,151
1390000,2779.9999999480856,-516685.58342481405,301.2935865511142,400.60068362740583,151
1395000,2789.999999947849,-516220.35852150945,299.095265738576,400.6944028131854,151
1400000,2799.9999999476127,-516847.8032536735,299.83053174421286,398.1295213254864,151
1405000,2809.999999947376,-517029.735641852,298.78031407233857,400.65426622395415,151
1410000,2819.9999999471397,-515443.19003773713,299.86532688066904,399.05586336227407,151
1415000,2829.9999999469032,-515730.6191914496,298.71806464140883,400.51144728174756,151
1420000,2839.999999946667,-515369.9766734317,301.1735649210521,400.07635750790666,151
1425000,2849.9999999464303,-515923.93032870535,301.5541978050286,399.65888938614,151
1430000,2859.999999946194,-516234.6105483952,298.3255455024575,401.2599073735046,151
1435000,2869.9999999459574,-517864.9332783981,297.76795969069025,400.40166037479975,151
1440000,2879.999999945721,-518329.73364369944,300.17875583355413,398.50033339160944,151
1445000,2889.9999999454844,-515182.1333963801,299.1071974476809,399.5238648580973,151
1450000,2899.999999945248,-516223.72994710924,299.10722017474586,398.87718885932793,151
1455000,2909.9999999450115,-515547.7089631553,299.0912203210129,400.1597357194915,151
1460000,2919.999999944775,-517086.64435590943,301.4422215559629,398.8026503505967,151
1465000,2929.9999999445386,-515822.5725747105,301.3816993819702,401.0246982776102,151
1470000,2939.999999944302,-517045.9192045927,303.2570458743394,396.8407760375693,151
1475000,2949.9999999440656,-516419.96540087974,300.15839238334854,398.54510580788207,151
1480000,2959.999999943829,-516069.12828787137,298.2296372883196,400.5227548130514,151
1485000,2969.9999999435927,-516499.67983696936,302.0097390951183,400.28089590345263,151
1490000,2979.999999943356,-516207.9094374939,300.1791194665935,399.9559744065031,151
1495000,2989.9999999431197,-515805.8182826261,299.9731440768468,400.80064240227455,151
1500000,2999.9999999428833,-516582.70999751845,302.1274652916193,399.9308524111194,151
1505000,3009.999999942647,-517264.28702022927,301.35001785341376,400.3024879515544,151
1510000,3019.9999999424103,-517546.58629094297,298.5266573003024,400.47833361420305,151
1515000,3029.999999942174,-516439.56006734865,300.82547719410064,400.5398336282434,151
1520000,3039.9999999419374,-515522.2336079208,299.65035157319755,399.4086268498386,151
1525000,3049.999999941701,-516127.5218268875,299.0153119240412,398.86678024958604,151
1530000,3059.9999999414645,-516650.54154428095,300.87765853525246,400.6103417818384,151
1535000,3069.999999941228,-516269.8947995468,301.6637422581434,397.6603936025722,151
1540000,3079.9999999409915,-516648.8509211973,299.83434989112646,400.791461159985,151
1545000,3089.999999940755,-516734.7622036864,301.5903792924474,398.12454105897746,151
1550000,3099.9999999405186,-517120.84078851994,300.4380034635708,399.52520782366463,151
1555000,3109.999999940282,-516639.7868488794,297.4066675389961,400.6309266488373,151
1560000,3119.9999999400457,-516301.63847180875,300.02705267493565,399.97295055694894,151
1565000,3129.999999939809,-516579.1196759688,297.9185492231256,399.50351320167545,151
1570000,3139.9999999395727,-517489.1038439218,299.9801894669848,398.81425053335937,151
1575000,3149.9999999393362,-516892.3637605049,301.27392763992236,399.44190032331244,151
1580000,3159.9999999391,-515816.3896530634,297.28678227132383,399.0313227319892,151
1585000,3169.9999999388633,-516962.9382444448,297.42296284457353,400.87856979656164,151
1590000,3179.999999938627,-516543.27563919034,303.2807047489644,400.5820617828382,151
1595000,3189.9999999383904,-516646.49061510386,300.623001772358,399.19534235670193,151
1600000,3199.999999938154,-515270.8121192716,299.3599678641835,400.55439657703215,151
1605000,3209.9999999379174,-516288.5638563745,301.15329237910635,398.9867603913276,151
1610000,3219.999999937681,-515915.2341642482,301.2678822406427,401.26798409283623,151
1615000,3229.9999999374445,-516401.4807353737,298.3597042810947,400.86347620798625,151
1620000,3239.999999937208,-515655.0853749206,300.93022623650853,397.8493160290228,151
1625000,3249.9999999369716,-515691.0828161733,299.09308394033974,400.16773423421716,151
1630000,3259.999999936735,-515135.8873534645,298.71311014124717,399.8560232820917,151
1635000,3269.9999999364986,-516712.44573424105,296.0234301842398,400.18961175134,151
1640000,3279.999999936262,-516067.7250224999,299.76312326953683,400.6341953119738,151
1645000,3289.9999999360257,-515758.9539681333,299.5297617665114,399.17188881351535,151
1650000,3299.999999935789,-516313.16669446696,303.34911321449874,400.57863550444335,151
1655000,3309.9999999355528,-515654.40411419794,299.83821349216987,400.0199140011152,151
1660000,3319.9999999353163,-516035.9220228684,298.652883419099,398.98442916518854,151
1665000,3329.99999993508,-516655.6128216819,300.17821038399507,399.2361186252879,151
1670000,3339.9999999348433,-516865.1959500215,302.1677831048611,398.24419721491904,151
1675000,3349.999999934607,-517274.6560100969,299.29676389652536,399.635852355167,151
1680000,3359.9999999343704,-516111.2138102334,300.1383016579225,399.02743657753365,151
1685000,3369.999999934134,-518304.3659081473,297.53405273810574,397.1164873366303,151
1690000,3379.9999999338975,-518047.95702852774,299.32326365427053,397.4831242647778,151
1695000,3389.999999933661,-517491.231209069,301.24897332259457,399.0091013427523,151
1700000,3399.9999999334245,-515674.7224353738,301.5289707629212,400.13206727714135,151
1705000,3409.999999933188,-515927.3253900334,300.25139153317133,400.41293263192074,151
1710000,3419.9999999329516,-516883.4494633791,296.2961776908437,399.8105480978252,151
1715000,3429.999999932715,-517712.54745601583,299.94343980294195,398.8917662779827,151
1720000,3439.9999999324787,-514829.9704219373,299.88280399362446,400.7728859501304,151
1725000,3449.999999932242,-514929.9927852559,301.8633767967658,400.1467772478958,151
1730000,3459.9999999320057,-518558.73338013794,297.95995793548565,398.370279028758,151
1735000,3469.9999999317693,-516858.23586896714,300.52066179883604,398.83326130518157,151
1740000,3479.999999931533,-515006.17993239406,301.6241062568503,399.8605488971705,151
1745000,3489.9999999312963,-516722.3777230908,298.9541533922296,399.6479868719126,151
1750000,3499.99999993106,-515967.6574119716,299.3712632154694,399.93362580959916,151
1755000,3509.9999999308234,-514995.25906736124,301.63792431234697,401.522264772371,151
1760000,3519.999999930587,-516310.8002892886,303.1179789638395,399.9358187811658,151
1765000,3529.9999999303504,-516130.88894374855,300.2920047982576,399.0489518868596,151
1770000,3539.999999930114,-516683.81344891805,301.7300598337012,400.15763824503426,151
1775000,3549.9999999298775,-517322.68689214904,301.1607923105437,399.41724519260043,151
1780000,3559.999999929641,-515368.03797201626,299.53594352818095,401.10781135336555,151
1785000,3569.9999999294046,-515895.2617204315,301.4171536033102,400.4935172497953,151
1790000,3579.999999929168,-516770.4315399234,300.62047906814723,399.8069666209766,151
1795000,3589.9999999289316,-516925.6850020462,302.1875101972478,399.78664267604194,151
1800000,3599.999999928695,-516638.5580589208,300.3967765677305,399.86205727826695,151
1805000,3609.9999999284587,-517415.32220955426,298.9866758221896,400.28064540844406,151
1810000,3619.999999928222,-517424.07110594073,300.9723394878823,398.18211096784216,151
1815000,3629.9999999279858,-517507.3525708141,301.0362934486842,399.0711071097484,151
1820000,3639.9999999277493,-516329.1298809708,299.31303647503785,399.41172315190676,151
1825000,3649.999999927513,-515892.0298902807,301.21138275714816,398.8378364799048,151
1830000,3659.9999999272763,-517170.08111152286,299.0871067222549,396.8518114868351,151
1835000,3669.99999992704,-517280.0630664779,300.0100982844743,398.1375465105392,151
1840000,3679.9999999268034,-515884.0332790194,300.2033010637126,400.45651644047945,151
1845000,3689.999999926567,-516879.12031703815,299.769555028921,399.56310885414115,151
1850000,3699.9999999263305,-516487.8677941556,300.406526478599,400.4273013560014,151
1855000,3709.999999926094,-517491.4689885741,298.93744899948285,399.12938312948165,151
1860000,3719.9999999258575,-516111.37378035486,298.2062284114092,400.4236410950789,151
1865000,3729.999999925621,-518329.9015457174,301.18311028833597,398.47564941268416,151
1870000,3739.9999999253846,-516407.7947812835,302.5210980567537,400.0378026613441,151
1875000,3749.999999925148,-516703.3271852685,303.33034065884044,398.5170120071797,151
1880000,3759.9999999249117,-516522.89358126745,301.64492424835515,399.62311766921346,151
1885000,3769.999999924675,-513977.05327489786,298.2970912171256,400.51417982201895,151
1890000,3779.9999999244387,-516267.89436067874,297.71507381052464,399.4118866035708,151
1895000,3789.9999999242023,-517538.779803141,298.3427044365035,398.4990476930763,151
1900000,3799.999999923966,-515930.25104766106,300.383481234728,399.96578395616825,151
1905000,3809.9999999237293,-516629.56275168946,299.40176293664786,399.6486190713495,151
1910000,3819.999999923493,-515968.84438496176,297.5668251657803,400.45951848580626,151
1915000,3829.9999999232564,-514817.42686664034,302.9365942583812,400.4485261008928,151
1920000,3839.99999992302,-515876.1825825684,298.95740336251913,400.24019270165667,151
1925000,3849.9999999227834,-517779.7210430531,299.68380581282094,398.98356737667456,151
1930000,3859.999999922547,-516304.4689939595,301.02638444836094,402.5121896965424,151
1935000,3869.9999999223105,-516251.6728529795,301.69092382783737,399.07472893801986,151
1940000,3879.999999922074,-516933.6892372989,300.6183881781708,400.04927805661424,151
1945000,3889.9999999218376,-515080.3000539341,299.6043974478452,401.7923152505384,151
1950000,3899.999999921601,-517092.92905142484,301.06638408269333,400.051016030147,151
1955000,3909.9999999213646,-517131.53663595114,299.49962567837235,400.37899413595295,151
1960000,3919.999999921128,-516696.8972222847,298.21513742087416,400.6436842449623,151
1965000,3929.9999999208917,-516441.65544148255,300.4699122627768,399.42981798289827,151
1970000,3939.9999999206552,-516711.9496674328,297.9700487523285,398.70504503660044,151
1975000,3949.9999999204188,-517000.84350814857,300.4377989199861,396.77413019409363,151
1980000,3959.9999999201823,-515797.8767937757,301.925330775851,399.5083532490709,151
1985000,3969.999999919946,-516137.9262252315,297.8334590919095,400.53942076445173,151
1990000,3979.9999999197094,-516798.1404283461,299.21540100396294,399.759785164979,151
1995000,3989.999999919473,-516512.15627339017,300.7659322839013,398.3338127216712,151
2000000,3999.9999999192364,-515359.2196383197,301.69683286472736,399.71635436285646,151
2005000,4009.999999919,-517003.9166948581,298.9296308891361,400.12382580923406,151
2010000,4019.9999999187635,-518257.34296276094,303.83244970503654,399.59463461888134,151
2015000,4029.999999918527,-515863.83979399875,301.17981486391653,400.02576648924025,151
2020000,4039.9999999182905,-516802.9847514271,299.32362728730993,399.95330217462384,151
2025000,4049.999999918054,-516295.53699188074,298.37209053149877,399.8958043620612,151
2030000,4059.9999999178176,-517522.2038227259,299.53462535841317,397.3949826160164,151
2035000,4069.999999917581,-517375.997664799,303.74349597277694,399.9914261952398,151
2040000,4079.9999999173447,-516589.5346513898,300.23223261740867,396.70926058922856,151
2045000,4089.999999917108,-516185.73623626307,300.43293532808434,399.97936427888465,151
2050000,4099.999999917781,-516932.20632460667,299.52998903716104,399.685876206691,151
2055000,4109.999999919818,-516754.1924457848,300.48818482300595,398.6449745657408,151
2060000,4119.999999921855,-517275.3508580127,297.1611016020863,397.9425606891675,151
2065000,4129.999999923893,-516238.26098654605,302.9340033729756,400.0152396579619,151
2070000,4139.99999992593,-516279.7761317976,300.68029670312615,399.85572869233204,151
2075000,4149.999999927967,-516885.43550468795,297.7342099992223,398.8231965413003,151
2080000,4159.999999930004,-516829.74943714263,301.4080627773256,399.2609211595567,151
2085000,4169.999999932042,-516963.66040058294,300.04607522830844,399.3087192676174,151
2090000,4179.999999934079,-516078.44728031754,299.51614825459944,400.1773579597732,151
2095000,4189.999999936116,-516530.68159906473,299.54294346418914,399.2187929365868,151
2100000,4199.999999938153,-516746.4759160285,301.1280198828691,397.8479450834265,151
2105000,4209.999999940191,-516660.98105672654,299.5502161249768,399.9901691463796,151
2110000,4219.999999942228,-515053.69181090035,300.1708240878825,400.07351876146055,151
2115000,4229.999999944265,-516947.91544030746,300.02425724594536,399.473834840374,151
2120000,4239.9999999463025,-517476.4677806292,299.6157155261961,398.80304121949536,151
2125000,4249.99999994834,-518191.7347865426,300.10627922339165,398.59036969904,151
2130000,4259.999999950377,-515786.714977765,299.93291717186474,399.3446774688756,151
2135000,4269.999999952414,-517199.71165992506,301.0469751692161,401.6824087484191,151
2140000,4279.999999954452,-515836.8897670023,301.1358834473458,401.5611656292118,151
2145000,4289.999999956489,-516090.9949026089,299.42226274924315,400.15374807804017,151
2150000,4299.999999958526,-516716.5706815887,299.1360380931171,400.4836558697134,151
2155000,4309.999999960563,-516125.33468709607,298.60483840377026,401.44686403631135,151
2160000,4319.999999962601,-516220.4522450813,300.42607175446597,399.40892169196155,151
2165000,4329.999999964638,-517260.66741946246,300.78938661494163,398.9633904362,151
2170000,4339.999999966675,-515395.6006772565,299.88989483789254,401.20844614620313,151
2175000,4349.9999999687125,-516680.2797197737,300.0029847131413,398.7911719523085,151
2180000,4359.99999997075,-516181.92439760733,300.3519360685613,401.6607240965031,151
2185000,4369.999999972787,-518366.2654249682,299.6127610077511,397.89600981265534,151
2190000,4379.999999974824,-517023.05067896424,299.92339453164584,399.1798191529268,151
2195000,4389.999999976862,-517215.2091327612,299.8098046609679,399.9030313358474,151
2200000,4399.999999978899,-517027.37514529936,299.52489817460963,400.0699202606357,151
2205000,4409.999999980936,-516850.9914170047,301.17531490505417,400.0127288862926,151
2210000,4419.999999982973,-516643.5990693881,301.20949641075634,398.583842714348,151
2215000,4429.999999985011,-515933.13976352615,300.95761234978727,400.63157383703367,151
2220000,4439.999999987048,-515975.53371733613,298.5498616336282,399.36830977688453,151
2225000,4449.999999989085,-516915.87943474436,302.377235735547,398.00409864387944,151
2230000,4459.999999991122,-517806.856721757,301.4887438579392,398.1011698291572,151
2235000,4469.99999999316,-516838.5490399813,298.3050684169271,399.6530899835775,151
2240000,4479.999999995197,-518099.26888995804,300.5787067227479,400.3132069003084,151
2245000,4489.999999997234,-516514.20254212944,299.30303656645475,399.5717289211642,151
2250000,4499.9999999992715,-517290.5516833593,302.503780033253,399.28773164420386,151
2255000,4510.000000001309,-516442.70407336205,302.2003282618861,398.6369351658827,151
2260000,4520.000000003346,-515349.4240424456,300.3519360685613,400.62300611862804,151
2265000,4530.000000005383,-516060.86689655203,300.9672940794609,399.88129994154053,151
2270000,4540.000000007421,-516157.6092148009,298.02245736412993,400.54455327957146,151
2275000,4550.000000009458,-517721.1006283476,304.2094235315542,398.7724702690498,151
2280000,4560.000000011495,-516894.6025086157,304.0958109338112,400.4493866570991,151
2285000,4570.000000013532,-516907.86948201526,299.55914786150674,400.16723817673414,151
2290000,4580.00000001557,-516360.5405821311,301.77646850035273,401.171821175301,151
2295000,4590.000000017607,-515973.67521008756,302.4728712249053,399.15817049734284,151
2300000,4600.000000019644,-516522.41888002027,299.0703114212482,399.63568787982905,151
2305000,4610.000000021681,-516270.73526090663,298.80501839195176,399.1660362392246,151
2310000,4620.000000023719,-517128.597794794,302.738596068436,398.06810064334314,151
2315000,4630.000000025756,-515489.40849996125,302.2999182605477,400.5010419078624,151
2320000,4640.000000027793,-516503.7627465022,301.17206493476465,399.55420376496033,151
2325000,4650.0000000298305,-517750.2564123771,299.20256021225964,398.90205716555187,151
2330000,4660.000000031868,-516169.0548014818,299.83316808374843,399.931540005926,151
2335000,4670.000000033905,-515952.61375010153,300.99043023159174,398.6664376940166,151
2340000,4680.000000035942,-514882.83584599383,301.2013601215001,399.43668495436566,151
2345000,4690.00000003798,-516991.83968231035,301.440948840325,398.3119382041817,151
2350000,4700.000000040017,-516048.5827391171,300.00112109381445,400.36762128696967,151
2355000,4710.000000042054,-516147.9811799824,299.65173792416016,401.171375157339,151
2360000,4720.000000044091,-516401.9825152317,298.8991311679577,398.57348221053655,151
2365000,4730.000000046129,-517218.07348194113,302.02473895799295,398.8216278598697,151
2370000,4740.000000048166,-516877.3605258148,302.46709855040507,398.80218377126727,151
2375000,4750.000000050203,-517536.8991908422,301.1130654741244,398.94790911295325,151
2380000,4760.0000000522405,-516062.28691738984,300.5733885895469,399.4790779376149,151
2385000,4770.000000054278,-517801.1334514092,299.6461016120497,397.9794509998088,151
2390000,4780.000000056315,-514748.91497238865,300.65109242465047,399.12566896188207,151
2395000,4790.000000058352,-516642.12824098114,302.7692321520042,399.29742678968466,151
2400000,4800.0000000603895,-518624.3654330666,298.6223155167257,399.0634311250726,151
2405000,4810.000000062427,-517516.8080103765,301.1424061149898,398.84356286478,151
2410000,4820.000000064464,-516911.71227196837,300.6581378147886,399.3759959772742,150
2415000,4830.000000066501,-516241.6073430558,302.0226935221464,399.02590956326503,150
2420000,4840.000000068539,-516721.5260457117,298.919040076864,399.35101215233533,150
2425000,4850.000000070576,-515899.1847487679,301.87855847616015,399.47135719932413,150
2430000,4860.000000072613,-516284.9354436607,302.53618882788817,398.54964023880007,150
2435000,4870.00000007465,-516706.969537633,299.86412234622605,399.33761812214186,150
2440000,4880.000000076688,-516403.63266042667,297.8130047334441,398.9736244659323,150
2445000,4890.000000078725,-516270.28794239275,297.7105738516623,399.4201058235302,150
2450000,4900.000000080762,-515789.170059219,302.2523505135831,400.14068836580293,150
2455000,4910.0000000827995,-516961.06993705314,300.6554560211231,399.66294192458236,150
2460000,4920.000000084837,-517166.0298634446,299.8611905548461,400.21701614140574,150
2465000,4930.000000086874,-517340.8874770412,299.35703607280345,399.0213391104287,150
2470000,4940.000000088911,-517952.6636379431,300.56325231857403,399.5929088316629,150
2475000,4950.000000090949,-517302.5518086278,301.0946565515055,398.73357374441036,150
2480000,4960.000000092986,-517593.8049629405,300.044575242021,398.2154306849915,150
2485000,4970.000000095023,-516939.3045628816,300.3114364387998,399.63583588372654,150
2490000,4980.00000009706,-516539.9256743216,302.33125888312975,400.06156669497614,150
2495000,4990.000000099098,-516224.87492076214,300.5036392271798,400.1577855281187,150
2500000,5000.000000101135,-517672.4993227888,300.24386887466903,400.18361304817245,150
2505000,5010.000000103172,-517352.39009628585,299.83421352873665,398.96700306028544,150
2510000,5020.000000105209,-515891.1315695648,300.15298334188765,397.9340595886966,150
2515000,5030.000000107247,-516342.25867884187,299.7261236077794,398.08516415546785,150
2520000,5040.000000109284,-515528.28307037055,299.3558542654254,401.2029939983491,150
2525000,5050.000000111321,-518450.8313742406,299.15060614175746,397.5638417867226,150
2530000,5060.0000001133585,-516603.2906945939,302.2616686102174,399.5820135214139,150
2535000,5070.000000115396,-516371.2919224929,302.11316996775844,400.1061705399409,150
2540000,5080.000000117433,-517188.95213787537,300.1062110421968,399.969708909386,150
2545000,5090.00000011947,-516576.9836253049,300.8693404294765,400.2905435547663,150
2550000,5100.000000121508,-514942.8003974543,300.07184771997487,400.9613023725759,150
2555000,5110.000000123545,-517217.77229089895,301.58051574625404,398.44906670869716,150
2560000,5120.000000125582,-516122.4446862405,297.6790741396255,400.01857954516356,150
2565000,5130.000000127619,-517731.08153584646,302.4784166287559,399.4431545858682,150
2570000,5140.000000129657,-516414.0961266807,301.0859748126902,400.3292950105336,150
2575000,5150.000000131694,-517845.5769970855,303.3371815053939,400.07261954308973,150
2580000,5160.000000133731,-515779.15172046097,300.56741137146196,399.22806570921745,150
2585000,5170.0000001357685,-516592.5225056135,300.9628168476635,398.84750380015174,150
2590000,5180.000000137806,-515420.15565838665,300.87095405108875,398.7785343511198,150
2595000,5190.000000139843,-515935.93347814865,299.76144146672965,400.05066187701414,150
2600000,5200.00000014188,-516814.8197418484,302.27396395236156,399.64594585821027,150
2605000,5210.0000001439175,-514995.6902219872,300.07982491977634,401.3190532417902,150
2610000,5220.000000145955,-517029.4912095973,298.4862713058657,399.5687167428887,150
2615000,5230.000000147992,-516677.35783169325,298.34879528991314,399.3217902273129,150
2620000,5240.000000150029,-515944.83766136784,301.8581268447597,400.403889045882,150
2625000,5250.000000152067,-515165.06638528174,299.9649850605255,401.48048042553967,150
2630000,5260.000000154104,-516874.5170099288,299.7780776782816,398.2562846063115,150
2635000,5270.000000156141,-515965.72108407505,301.6593104804758,399.7694758180666,150
2640000,5280.000000158178,-516516.94864599407,302.32864527065914,399.14731386337894,150
2645000,5290.000000160216,-516707.1750397994,298.6763604772043,399.05939125818725,150
2650000,5300.000000162253,-515710.04643351166,300.6236608572419,398.62325011898685,150
2655000,5310.00000016429,-516269.3990573818,299.44558071789373,399.9373365387302,150
2660000,5320.0000001663275,-516932.66248463886,299.8368725953371,399.9563768519706,150
2665000,5330.000000168365,-515925.72038291907,299.8660768738128,400.4571336726789,150
2670000,5340.000000170402,-516969.21227579284,298.7252236668717,400.35408758684855,150
2675000,5350.000000172439,-516822.3070475003,299.11649281725016,399.7368034708251,150
2680000,5360.000000174477,-516887.0675558564,300.48595757063975,401.2300922463389,150
2685000,5370.000000176514,-517231.30671836436,298.68106497965135,399.39484859138514,150
2690000,5380.000000178551,-517399.8530555661,300.75356876056225,399.4852507059165,150
2695000,5390.000000180588,-514822.7652308424,301.86946765017547,400.4313672208637,150
2700000,5400.000000182626,-515902.03610004345,298.66847418566266,399.2504008928845,150
2705000,5410.000000184663,-518254.96033709124,299.98068946241403,398.870250270728,150
2710000,5420.0000001867,-517902.95269160764,304.065174850243,398.95892411124953,150
2715000,5430.000000188737,-515329.21655774536,300.28002763502286,398.97864328892797,150
2720000,5440.000000190775,-515652.8658063407,297.1518744137119,399.9289592747892,150
2725000,5450.000000192812,-516816.79319424275,299.86925866290744,399.88122606376356,150
2730000,5460.000000194849,-515207.69157949975,298.7839958568623,400.90195914398527,150
2735000,5470.0000001968865,-516680.81275293324,299.5476934207661,398.6617474959285,150
2740000,5480.000000198924,-517025.2961999406,302.2611913418532,399.7715815026593,150
2745000,5490.000000200961,-516172.7949588848,299.6346244442441,399.85219773013455,150
2750000,5500.000000202998,-515986.38235360617,300.53943435449423,399.14451391975035,150
2755000,5510.000000205036,-516795.9244215386,300.4043674074276,399.82753620374126,150
2760000,5520.000000207073,-516415.2881594589,300.89879470566666,399.2448154680984,150
2765000,5530.00000020911,-516780.7584138103,300.2458915834506,399.0536350283482,150
2770000,5540.000000211147,-516813.8893119027,301.7418551804162,399.9652832616019,150
2775000,5550.000000213185,-517258.0915566301,301.1600650444649,398.19610951693966,150
2780000,5560.000000215222,-515313.40679576667,300.2777549285267,400.82665827696565,150
2785000,5570.000000217259,-516566.35688469,301.7555596005881,400.1463802807667,150
2790000,5580.000000219296,-518006.0942082042,299.56089784550875,400.4390897897637,150
2795000,5590.000000221334,-517637.34807023546,300.95983960215347,397.39529863732463,150
2800000,5600.000000223371,-516203.8891313318,301.22824623934963,397.87627659449146,150
2805000,5610.000000225408,-517213.56984180864,300.16721048455366,398.8899698710598,150
2810000,5620.0000002274455,-517067.2582413154,299.2064692674331,400.236627569694,150
2815000,5630.000000229483,-516316.31920776237,301.1364288969049,399.55925038894986,150
2820000,5640.00000023152,-516291.30337336333,302.91582172100635,399.99267781418666,150
2825000,5650.000000233557,-517356.20392112713,300.8887038888238,398.49678676694526,150
2830000,5660.000000235595,-515527.0263394816,300.83611346050265,400.02841955222715,150
2835000,5670.000000237632,-515274.46293881396,296.2970185922473,399.46538113377983,150
2840000,5680.000000239669,-516502.135318174,299.03358448427036,400.88421333503055,150
2845000,5690.000000241706,-516620.53204333223,298.3355454110406,398.9935162799418,150
2850000,5700.000000243744,-515842.10581031675,299.76844140273784,399.6307463461388,150
2855000,5710.000000245781,-517150.65823663864,300.0773476696956,399.5900534650656,150
2860000,5720.000000247818,-516189.973599995,303.6339742467271,400.6658126124377,150
2865000,5730.0000002498555,-517014.60549964476,302.54893871133163,398.6170749184026,150
2870000,5740.000000251893,-516849.2000959236,301.32524535260563,399.2540311506996,150
2875000,5750.00000025393,-515717.1381430137,300.01628004614383,400.4260634329403,150
2880000,5760.000000255967,-516082.20655168034,301.78303662212664,400.82848998094204,150
2885000,5770.000000258005,-517061.3805040852,297.8508225695401,400.38261845101675,150
2890000,5780.000000260042,-517574.3058534595,300.714069121659,398.708831664585,150
2895000,5790.000000262079,-517305.3060661042,301.88046754961687,399.50562377505526,150
2900000,5800.000000264116,-516783.2369249305,300.5590023574262,400.74581964959106,150
2905000,5810.000000266154,-517109.9981699418,300.77584128422455,398.968578986074,150
2910000,5820.000000268191,-517087.28280310845,299.1280381662507,398.8668859314603,150
2915000,5830.000000270228,-517062.16739949817,298.94769890578056,398.3388872287652,150
2920000,5840.000000272265,-516514.3814872857,301.3272907884522,399.84205659832446,150
2925000,5850.000000274303,-517827.3080664878,300.4721167880781,399.94113391682833,150
2930000,5860.00000027634,-517082.4614441106,301.04170249014504,398.31350665005544,150
2935000,5870.000000278377,-516558.43464699853,301.20190557105917,400.47459021074036,150
2940000,5880.0000002804145,-517606.10902876593,300.08139308725873,400.02608853271306,150
2945000,5890.000000282452,-515548.3785275058,297.79159583825026,398.9961866529459,150
2950000,5900.000000284489,-516261.24050673936,301.1377925208026,399.81333714462556,150
2955000,5910.000000286526,-516933.7232138971,300.717069094234,399.68346253728373,150
2960000,5920.000000288564,-515665.39831926953,300.27355042150884,400.09932465074064,150
2965000,5930.000000290601,-515950.4771079398,299.51210283703625,400.1196489570854,150
2970000,5940.000000292638,-517112.4706725348,298.01766195342304,398.1356924199854,150
2975000,5950.000000294675,-515981.27029568795,297.0315573318053,400.4819177077375,150
2980000,5960.000000296713,-516871.53262816416,300.99115749767054,399.1108505828614,150
2985000,5970.00000029875,-515982.70236259047,298.22700094878405,399.7015157993675,150
2990000,5980.000000300787,-517240.2457403485,302.19710101866156,399.1500663532389,150
2995000,5990.000000302824,-517464.40928884875,299.6182609574718,400.57325007144465,150
3000000,6000.000000304862,-516299.85094102845,300.51213914947544,399.84586678999995,150
3005000,6010.000000306899,-517471.0121111893,298.3566361273249,399.4282527392455,150
3010000,6020.000000308936,-515931.30031534145,301.02095267983515,398.769347321563,150
3015000,6030.0000003109735,-516293.1766632232,301.80490005861964,399.62146076195285,150
3020000,6040.000000313011,-515483.9658458708,301.98378478693223,398.1516105368195,150
3025000,6050.000000315048,-516748.05945401965,303.0056845358644,399.1671534950012,150
3030000,6060.000000317085,-517745.29679084755,300.5585705431919,399.580026835031,150
3035000,6070.000000319123,-518028.801291483,303.08704742842684,398.44411564508954,150
3040000,6080.00000032116,-514635.3111473657,298.68883763586825,400.1283129331126,150
3045000,6090.000000323197,-516388.8499514675,300.13321079537116,399.8666812110696,150
3050000,6100.000000325234,-516141.23072725255,302.88954923391077,399.2195855752668,150
3055000,6110.000000327272,-515119.13328906987,298.1765923186993,400.6734532313961,150
3060000,6120.000000329309,-516821.5511516272,301.6867875020144,399.3440864506909,150
3065000,6130.000000331346,-516372.2001902638,299.94612159660744,398.2627174069512,150
3070000,6140.0000003333835,-516883.6654961542,299.4794894988164,398.4925342407435,150
3075000,6150.000000335421,-517007.33228563983,301.4994255784712,400.3828111156755,150
3080000,6160.000000337458,-516834.41766380053,300.7373189091147,400.22973546709176,150
3085000,6170.000000339495,-517148.90818927437,301.5754248837026,398.67511531278063,150
3090000,6180.0000003415325,-516522.20535338065,298.9111310582574,399.46033007124873,150
3095000,6190.00000034357,-516732.2490357938,299.07333412088815,400.84512300835,150
3100000,6200.000000345607,-516413.49323721556,300.4563896591247,398.3686023078663,150
3105000,6210.000000347644,-517734.5757768112,300.82499992573645,399.70006756716793,150
3110000,6220.000000349682,-516022.3681399394,301.26135957299863,400.0793134125102,150
3115000,6230.000000351719,-517222.3602290158,301.8207408228979,398.57476197978986,150
3120000,6240.000000353756,-516689.4790113452,300.8916584072687,401.2259671673941,150
3125000,6250.000000355793,-515645.0167029016,301.52651623990533,398.3627753358364,150
3130000,6260.000000357831,-514236.6107656937,301.22938259259774,400.83271278604235,150
3135000,6270.000000359868,-515845.43436087575,299.6016247459199,401.8222836863084,150
3140000,6280.000000361905,-517001.75190481544,299.54157984029143,398.79401778225815,150
3145000,6290.0000003639425,-517117.41720087314,298.2742505168392,398.47620000473773,150
3150000,6300.00000036598,-515831.2960240836,298.9748350213447,400.11956921530685,150
3155000,6310.000000368017,-516399.9743622304,303.1781829589227,398.7220878924781,150
3160000,6320.000000370054,-517173.6939928173,299.81448643635,398.62115382433495,150
3165000,6330.000000372092,-515999.84604027774,298.15781976304106,401.2814099069349,150
3170000,6340.000000374129,-518042.6969803935,300.3692086379321,400.2014662195373,150
3175000,6350.000000376166,-515992.33962494275,299.0794022472329,400.3534706830769,150
3180000,6360.000000378203,-516038.60296441754,298.2144556089253,399.12615552914275,150
3185000,6370.000000380241,-517290.9922431656,302.29225923965566,400.2506762861868,150
3190000,6380.000000382278,-516462.4889707933,297.67355146283984,399.94571104195745,150
3195000,6390.000000384315,-517240.0312299547,302.90509454634446,398.9530250146561,150
3200000,6400.000000386352,-516916.9316057395,300.48870754550006,400.91097571510437,150
3205000,6410.00000038839,-517190.0525739291,302.20353277804566,399.3263294985904,150
3210000,6420.000000390427,-515901.21162404167,300.5486160887388,400.5276129168232,150
3215000,6430.000000392464,-517219.4533897168,302.57387030159447,399.5478971893922,150
3220000,6440.0000003945015,-517101.73041539406,301.6351061562917,398.7770684851992,150
3225000,6450.000000396539,-517116.986948268,301.6968555917923,400.71607409829323,150
3230000,6460.000000398576,-516233.59202966746,298.733905405687,398.61815675933565,150
3235000,6470.000000400613,-516260.65182244405,302.24823691482504,398.9197268623137,150
3240000,6480.000000402651,-516645.6728890226,300.75929598093256,398.00818159801076,150
3245000,6490.000000404688,-516858.4126799372,299.8693495711672,399.08480504021094,150
3250000,6500.000000406725,-515419.4811357851,300.25084608361226,399.44689170402285,150
3255000,6510.000000408762,-516805.8514289614,298.8530406802156,399.1828862386506,150
3260000,6520.0000004108,-516612.1972580566,296.723628328641,397.2673655232712,150
3265000,6530.000000412837,-516871.4403650486,298.854586120633,399.0394009016695,150
3270000,6540.000000414874,-517481.6587406676,298.088684031428,399.84737711813585,150
3275000,6550.0000004169115,-515818.7618215047,298.3765904903612,400.29462095785544,150
3280000,6560.000000418949,-517225.1146121323,300.9844757405718,400.64696469734196,150
3285000,6570.000000420986,-517868.56918116985,300.27209588935125,398.00931599014655,150
3290000,6580.000000423023,-515035.25256266026,301.58310663165963,400.5752809992961,150
3295000,6590.0000004250605,-516528.4441106091,302.302100058784,399.23650297130837,150
3300000,6600.000000427098,-516223.1501444201,301.2418824783266,398.52940113308506,150
3305000,6610.000000429135,-516852.3093905323,301.3923356483722,399.9476521233558,150
3310000,6620.000000431172,-515550.78226809064,297.30219122136776,400.8880776615274,150
3315000,6630.00000043321,-515383.9051445769,300.39939018020107,401.4972541088466,150
3320000,6640.000000435247,-517073.62518489733,299.51939822488896,401.21110461891845,150
3325000,6650.000000437284,-516367.23399996944,301.1457242664742,400.65225818204885,149
3330000,6660.000000439321,-516373.66174386814,301.7071736792849,399.75087419364115,149
3335000,6670.000000441359,-516617.2682734467,300.57852490622815,398.79085531721375,149
3340000,6680.000000443396,-519049.9390155203,299.04092532625293,398.6996160122794,149
3345000,6690.000000445433,-517532.9335184349,298.61672465874517,399.7994221856137,149
3350000,6700.0000004474705,-515127.15210099705,301.38360845542695,401.6814203848844,149
3355000,6710.000000449508,-515594.89343789173,302.6416878634398,399.9557485116199,149
3360000,6720.000000451545,-516353.24303960335,299.91600823553335,398.8075062966783,149
3365000,6730.000000453582,-516141.61985953944,303.542952351556,399.8342221214672,149
3370000,6740.00000045562,-517335.11560542975,301.29397291121853,398.82980796610644,149
3375000,6750.000000457657,-517091.68308296474,299.6576469610502,400.1919840046075,149
3380000,6760.000000459694,-517205.56560359104,299.5182164175109,399.1921698017752,149
3385000,6770.000000461731,-517128.3657214572,300.222005438176,400.18792342157593,149
3390000,6780.000000463769,-515326.7113609952,301.33269982991305,399.5545690053832,149
3395000,6790.000000465806,-515980.77722827625,298.7997911670106,401.4633149062158,149
3400000,6800.000000467843,-517108.66084857285,300.9832484790639,397.9335087530184,149
3405000,6810.00000046988,-518033.47223253595,300.06789321067157,397.55635237255285,149
3410000,6820.000000471918,-515638.1804160867,299.43398991476334,400.3359719791486,149
3415000,6830.000000473955,-517251.4233862483,300.53193442305695,400.5056322012572,149
3420000,6840.000000475992,-517127.2783604432,301.2586777793332,399.5215718754906,149
3425000,6850.0000004780295,-516591.7251627119,299.3541270084884,400.2240148486194,149
3430000,6860.000000480067,-515272.76215953706,300.82399993487815,399.760252490674,149
3435000,6870.000000482104,-516697.2166745197,297.8689360403145,399.257515985645,149
3440000,6880.000000484141,-516336.58846114716,300.41970817627674,399.823908310249,149
3445000,6890.000000486179,-515862.59635618515,300.1164836755594,399.92782981520753,149
3450000,6900.000000488216,-517035.05456161173,300.1574151195552,399.7089619345065,149
3455000,6910.000000490253,-517609.26372561,300.24270979435596,399.6617642271664,149
3460000,6920.00000049229,-516385.42881578254,301.4461306111363,402.5310360098668,149
3465000,6930.000000494328,-517681.83623632183,301.5674704109661,399.5587709826138,149
3470000,6940.000000496365,-516579.0965215517,299.1502197816531,398.7958396420177,149
3475000,6950.000000498402,-515613.654894629,301.65083328524514,398.79031344611406,149
3480000,6960.0000005004395,-516284.22470048396,296.58210689512526,399.0609421591797,149
3485000,6970.000000502477,-516523.1288856515,301.3956992539865,400.1983500230845,149
3490000,6980.000000504514,-516637.30136239436,300.6976374536918,399.95550888180566,149
3495000,6990.000000506551,-517355.74048277596,301.5264935128404,399.385626727806,149
3500000,7000.0000005085885,-516663.64028405957,298.82540456922237,398.92415013166396,149
3505000,7010.000000510626,-517437.98962369,302.1114654378863,399.1033411040211,149
3510000,7020.000000512663,-517298.4503542604,301.66021956307424,398.3452992681704,149
3515000,7030.0000005147,-516038.54998044856,299.9491670233123,400.661575268835,149
3520000,7040.000000516738,-515809.58628484746,298.48504404435783,400.3573103569498,149
3525000,7050.000000518775,-516469.96193416836,300.09232480550526,399.2924538927309,149
3530000,7060.000000520812,-517778.4734275923,296.979125992939,398.33564724021136,149
3535000,7070.000000522849,-516665.73024876276,300.9116582244349,398.65626087950955,149
3540000,7080.000000524887,-517094.1010059295,301.42033539240487,399.27234040029526,149
3545000,7090.000000526924,-515727.0170139801,297.8525498264772,402.18447633352133,149
3550000,7100.000000528961,-515505.7505988083,299.6697150325448,399.7582753052682,149
3555000,7110.0000005309985,-516512.9760747077,299.16240148847254,400.43362200436854,149
3560000,7120.000000533036,-516586.76041199965,299.93539442194555,399.6488417498837,149
3565000,7130.000000535073,-516554.3897954598,303.41722622818855,398.1668281429661,149
3570000,7140.00000053711,-514136.2741215038,300.21718730040413,401.5634789544475,149
3575000,7150.000000539148,-516461.9639610369,300.5866384684195,399.2665374919992,149
3580000,7160.000000541185,-516797.5690566092,298.2899094645977,401.67395493954183,149
3585000,7170.000000543222,-516150.2075738115,299.7693959394662,399.20617875842595,149
3590000,7180.000000545259,-516710.1077941917,297.00783027598544,399.9792978446853,149
3595000,7190.000000547297,-515575.5722002764,300.230278089822,399.80919593278753,149
3600000,7200.000000549334,-517999.8509925157,298.8821995045613,398.20668440570216,149
3605000,7210.000000551371,-516227.1945406874,298.51756647431785,400.8046719121009,149
3610000,7220.000000553408,-517003.1083557075,302.12594257826686,400.01332366531153,149
3615000,7230.000000555446,-515686.5104399747,295.5294119731701,401.3069665523545,149
3620000,7240.000000557483,-515845.70645370474,298.653497049853,400.21969891005006,149
3625000,7250.00000055952,-516609.5176024926,298.59713392874824,399.3460863612046,149
3630000,7260.0000005615575,-516136.9447634802,300.07357497691197,399.00817226059223,149
3635000,7270.000000563595,-516100.74804556463,299.46730779199703,398.77483823521334,149
3640000,7280.000000565632,-515729.88481730735,299.51362555038867,399.84884336903036,149
3645000,7290.000000567669,-515427.7332102759,301.75046873803666,400.89709670733106,149
3650000,7300.000000569707,-515800.4612127915,299.5005347609708,398.07832571792034,149
3655000,7310.000000571744,-517104.3345154007,297.69096039460044,398.58230256213636,149
3660000,7320.000000573781,-515602.53261825023,298.58261133423787,400.0484919966824,149
3665000,7330.000000575818,-518372.98308184464,304.4291260685377,399.3384722537497,149
3670000,7340.000000577856,-515897.0967985187,298.51663466465436,400.3510417873358,149
3675000,7350.000000579893,-518048.45046907524,299.43301265097,398.35775987591614,149
3680000,7360.00000058193,-517746.64231104264,302.5636431223618,399.7620290738631,149
3685000,7370.000000583967,-517136.03413811605,300.8210226893682,399.92331811408803,149
3690000,7380.000000586005,-518186.2141617262,299.24383256222984,399.47886906133834,149
3695000,7390.000000588042,-516860.42407524725,300.6705013381277,399.42966731251016,149
3700000,7400.000000590079,-515779.77649020497,299.12712908365216,399.561167160976,149
3705000,7410.0000005921165,-517222.10891917907,297.01658019599563,399.6986805304163,149
3710000,7420.000000594154,-515868.94480320625,299.08512946760317,400.3134679791977,149
3715000,7430.000000596191,-516690.5986152524,303.05825223712054,398.7646991271618,149
3720000,7440.000000598228,-516867.08316845447,301.55135692190834,398.82858722316536,149
3725000,7450.000000600266,-515447.58060437534,299.96443961096645,401.29207456004195,149
3730000,7460.000000602303,-516363.69712870894,301.47681214883437,400.1885724774049,149
3735000,7470.00000060434,-516487.666855216,299.2808094969223,399.00463636181536,149
3740000,7480.000000606377,-516915.9696544227,300.7048419332846,398.02784996760107,149
3745000,7490.000000608415,-516069.36997138197,298.78249587057485,399.5567423874352,149
3750000,7500.000000610452,-517344.58712507784,299.64207892155156,398.15767802839594,149
3755000,7510.000000612489,-517151.78570329864,298.8889494428549,400.3561614693669,149
3760000,7520.0000006145265,-516127.9720197972,298.5384071928876,399.7235516283257,149
3765000,7530.000000616564,-517941.04398404993,300.23834619788335,399.84060448080186,149
3770000,7540.000000618601,-516131.95041712234,299.612215558192,399.14622631190775,149
3775000,7550.000000620638,-517459.6961855404,299.8366680517525,399.49426247102554,149
3780000,7560.0000006226755,-517089.8103762949,300.446162479892,399.8513893509375,149
3785000,7570.000000624713,-515210.63865804765,300.73888707659705,399.36253288542474,149
3790000,7580.00000062675,-517733.67356051644,300.72415993850194,397.88191171017166,149
3795000,7590.000000628787,-516879.6558111622,298.2444326076096,400.14860435583546,149
3800000,7600.000000630825,-515918.2657574052,300.4410034361457,397.81686205232654,149
3805000,7610.000000632862,-514122.5721100443,302.0096936409884,399.8698255793619,149
3810000,7620.000000634899,-516853.06508340966,299.3204000440854,398.86312555518776,149
3815000,7630.000000636936,-517107.6230598679,299.3707859471052,400.52518687669,148
3820000,7640.000000638974,-516667.81803786615,301.9213762665477,398.92915254918734,148
3825000,7650.000000641011,-517702.64006770775,301.5780157691083,399.0974890264268,148
3830000,7660.000000643048,-515818.8042258085,298.88940398415417,400.72997771764636,148
3835000,7670.0000006450855,-515361.00855355896,298.6796786286887,401.2757246393685,148
3840000,7680.000000647123,-516260.8758957479,302.0851474966608,398.924530191914,148
3845000,7690.00000064916,-515764.6251315023,300.77152314188186,399.04424192225366,148
3850000,7700.000000651197,-517628.4854982076,298.9334944901796,400.62343648962224,148
3855000,7710.000000653235,-515954.4332712046,301.7893774732509,400.71592894933696,148
3860000,7720.000000655272,-516965.1332750097,299.3824222043656,398.47713498522705,148
3865000,7730.000000657309,-515322.71142105944,299.12771998734115,400.2746890602852,148
3870000,7740.000000659346,-516553.3461170695,300.80515919802497,399.78315442554253,148
3875000,7750.000000661384,-515782.4590753722,302.0475569312144,403.02610342192594,148
3880000,7760.000000663421,-515267.035624607,299.4431716490078,401.78537288699766,148
3885000,7770.000000665458,-516217.8211714439,301.29042748908455,399.87806209318086,148
3890000,7780.000000667495,-516432.1671891217,300.34086798792504,399.1083748599191,148
3895000,7790.000000669533,-516451.26312729437,299.43003540546005,400.0090620163463,148
3900000,7800.00000067157,-517656.62744437763,299.895553877068,398.1719040257033,148
3905000,7810.000000673607,-517517.351299345,304.4430804864241,399.9542321996841,148
3910000,7820.0000006756445,-516642.6040278007,299.71921458003106,400.6024926002181,148
3915000,7830.000000677682,-515621.15069135046,301.02590717999675,401.39089334299854,148
3920000,7840.000000679719,-517263.4061828265,302.554643204637,399.60206483783344,148
3925000,7850.000000681756,-516718.2708933158,300.5510024305597,399.89251911645584,148
3930000,7860.000000683794,-517316.21042411914,302.4205762484287,400.34455125123867,148
3935000,7870.000000685831,-516324.3774640411,301.67867393982306,399.45053831144753,148
3940000,7880.000000687868,-516950.777794254,299.7550778885404,399.97705038563487,148
3945000,7890.000000689905,-517242.5186354569,301.93851247352876,399.0176799781679,148
3950000,7900.000000691943,-517077.03621841455,300.0346662416977,401.17498031430995,148
3955000,7910.00000069398,-517891.72394012427,301.24508699448614,399.86431148902113,148
3960000,7920.000000696017,-516378.6259917617,299.1730150278096,399.53161593533343,148
3965000,7930.0000006980545,-517087.848200487,299.66778323202306,399.5152248381204,148
3970000,7940.000000700092,-516713.1441958938,299.6928966388056,399.81063103643646,148
3975000,7950.000000702129,-517086.2171211932,298.5692705471054,397.47976538435006,148
3980000,7960.000000704166,-517056.21305321204,299.0255845574039,399.41351151895594,148
3985000,7970.0000007062035,-515495.2861417271,300.5186390900544,400.7508148079605,148
3990000,7980.000000708241,-516770.92079333216,298.6577015568709,398.75998835560983,148
3995000,7990.000000710278,-516352.05791602563,302.1607831688529,400.13604923425913,148
4000000,8000.000000712315,-516481.4008559701,299.5198073120582,400.18988533352825,148
4005000,8010.000000714353,-517172.52717971103,301.4951074361285,399.4272171049937,148
4010000,8020.00000071639,-516955.964457043,300.2741640522628,398.9133125124532,148
4015000,8030.000000718427,-516967.8038972793,300.04837066186957,399.7375329878996,148
4020000,8040.000000720464,-517115.76283982536,299.09517483031624,399.77495491555845,148
4025000,8050.000000722502,-517245.7120452211,301.2445188178621,399.3712906141028,148
4030000,8060.000000724539,-516176.93207043223,299.87525860805727,397.1523462341874,148
4035000,8070.000000726576,-515572.79920130735,300.29543658506685,399.03168755109067,148
4040000,8080.0000007286135,-515775.06645846646,299.6987147674358,398.96775470414946,148
4045000,8090.000000730651,-516220.9914378519,299.7097146668772,400.02614628365563,148
4050000,8100.000000732688,-516930.3218013593,299.4736940972512,399.89557455359045,148
4055000,8110.000000734725,-516376.0001105014,300.8859766410283,400.2268770995117,148
4060000,8120.000000736763,-515077.7635418619,299.74773704655786,400.08030744016975,148
4065000,8130.0000007388,-515782.76773626124,301.149974227622,399.01864263514426,148
4070000,8140.000000740837,-516337.61462862,299.34203620992884,399.9285688608499,148
4075000,8150.000000742874,-516266.308176741,302.2285098224384,398.4567304437863,148
4080000,8160.000000744912,-515654.06005833996,302.75691408279505,398.8538337812579,148
4085000,8170.000000746949,-516297.6223919536,299.75955512033784,400.09129028439173,148
4090000,8180.000000748986,-516002.1250328603,300.77261404100005,400.8362767355097,148
4095000,8190.000000751023,-516547.2881711656,299.49135302672636,399.5092943997833,148
4100000,8200.00000075306,-514679.89332347875,299.40678561800433,399.432383893527,148
4105000,8210.000000755097,-517314.920290004,300.0866657663298,400.43798200134097,148
4110000,8220.000000757134,-516478.2056956664,300.2658914006168,400.04608280418597,148
4115000,8230.000000759172,-515894.4900403973,300.3039137802975,400.70132159420183,148
4120000,8240.000000761209,-517318.06769734947,301.47624397221034,398.64077374678175,148
4125000,8250.000000763246,-516091.05589751434,301.1544741864844,398.51226671321126,148
4130000,8260.000000765283,-516883.71847069124,300.25661875811244,400.599521778185,148
4135000,8270.00000076732,-518277.162210593,300.51004825949894,400.09677591350584,148
4140000,8280.000000769358,-515903.89562325785,300.0431888910583,398.11476201314406,148
4145000,8290.000000771395,-516109.48146335315,299.51889822945975,398.8605719251136,148
4150000,8300.000000773432,-517309.10525945993,302.0603295417228,398.781258572241,148
4155000,8310.00000077547,-516840.45436393144,299.07669772650246,399.9593278126076,148
4160000,8320.000000777507,-516517.03703242773,301.854376879041,399.64838695577555,148
4165000,8330.000000779544,-515879.0649719434,303.3287952184231,398.84590757483437,148
4170000,8340.000000781582,-516607.80081066163,299.8723040896122,398.92743417997644,148
4175000,8350.000000783619,-516300.2441028226,300.7440688474083,399.19762956010845,148
4180000,8360.000000785656,-518433.80394001864,298.63190633813946,398.96147184839833,148
4185000,8370.000000787693,-516247.8423686144,300.72652355325795,399.7915098709397,148
4190000,8380.00000078973,-516013.6005740692,300.6421606881206,400.72219714812246,148
4195000,8390.000000791768,-516729.7981586503,299.8807131036481,399.9425516808702,148
4200000,8400.000000793805,-516177.6098279976,301.95446687313176,400.46318731356877,148
4205000,8410.000000795842,-515580.7334111221,299.6073974204201,399.66107236541893,148
4210000,8420.00000079788,-516242.7735840343,301.8018546319148,401.2125164462706,148
4215000,8430.000000799917,-515521.540025644,300.99065750224133,400.29253780117455,148
4220000,8440.000000801954,-516025.54279959574,298.62031553500907,397.98067248914293,148
4225000,8450.000000803991,-516552.1087492625,301.53506161633095,398.3280829070945,148
4230000,8460.000000806029,-516228.8230260783,301.99973918653524,398.7444460765209,148
4235000,8470.000000808066,-516446.4847659231,300.9262490001403,398.9504635910464,148
4240000,8480.000000810103,-516952.5729241646,302.6810965940832,399.7892632901828,148
4245000,8490.00000081214,-516296.4278689292,301.7410597331426,400.429610382668,148
4250000,8500.000000814178,-517630.1299365801,298.5956339424608,398.87335403858816,148
4255000,8510.000000816215,-516487.80759892147,297.5370299836157,400.8150897643843,148
4260000,8520.000000818252,-516127.4938382227,299.48367127876935,397.62704443215574,148
4265000,8530.00000082029,-516540.6630082326,298.5741341390072,401.19187707496945,148
4270000,8540.000000822327,-515584.7993610441,299.7517597370561,400.02736068408336,148
4275000,8550.000000824364,-516367.6034515742,299.94848521136345,400.3556889722134,148
4280000,8560.000000826401,-516730.4252266353,301.5794703012658,399.76877185278744,148
4285000,8570.000000828439,-516956.94519372145,300.58813845470695,400.2893332382208,148
4290000,8580.000000830476,-516259.59198269807,298.71826918499346,399.9315297262698,148
4295000,8590.000000832513,-516525.271281308,298.5592933655873,399.4701569531353,148
4300000,8600.00000083455,-517009.5680898563,298.5810204396905,399.09104713333187,148
4305000,8610.000000836588,-515222.0728124557,300.28982300002133,400.4298314089394,148
4310000,8620.000000838625,-517091.13045933284,300.91411274745076,398.75739090941556,148
4315000,8630.000000840662,-516676.6187866051,299.51494372015645,399.59206177147325,148
4320000,8640.0000008427,-516645.39842337323,299.97980310688047,400.1110576110683,148
4325000,8650.000000844737,-516540.0771323452,300.83695436190624,399.54975036262306,148
4330000,8660.000000846774,-517672.1608227338,299.6155564367414,401.97244063400746,148
4335000,8670.000000848811,-517326.97873665346,297.8996857592075,399.13495267711653,148
4340000,8680.000000850849,-517686.97737438045,299.3928993813128,398.49179018852885,148
4345000,8690.000000852886,-515775.83351935307,301.97951209871945,400.8422438081916,148
4350000,8700.000000854923,-516540.42069037864,301.6205153805864,400.3054448845286,148
4355000,8710.00000085696,-516842.0981948548,298.84863162961307,399.087870766432,148
4360000,8720.000000858998,-516806.2264725473,299.6606014794952,399.85780311931194,148
4365000,8730.000000861035,-517113.32020363817,302.4339397626261,398.4847071576464,148
4370000,8740.000000863072,-517419.872185993,301.8783766596404,399.9241339866633,148
4375000,8750.00000086511,-517191.80965407845,301.8261271372938,400.60914377947387,148
4380000,8760.000000867147,-515339.85101742996,299.918030944315,400.9045898803108,148
4385000,8770.000000869184,-517032.97934931703,297.3423726722198,398.4432375271597,148
4390000,8780.000000871221,-517252.78743129363,299.61621552162524,399.98210042922386,148
4395000,8790.000000873259,-517131.2438918599,299.2422643947475,398.74042249058556,148
4400000,8800.000000875296,-516567.4065010692,301.4244717182279,399.28531739062373,148
4405000,8810.000000877333,-517131.6881874604,299.0343117503491,400.61760997927985,148
4410000,8820.00000087937,-517795.84640502883,299.3831494704443,398.33648882608446,148
4415000,8830.000000881408,-516365.89904013695,302.3269861949169,398.73057841513116,148
4420000,8840.000000883445,-515246.1936598513,304.06151579278423,401.86156921425186,148
4425000,8850.000000885482,-517527.6854817462,298.59367941487415,400.1692550089221,148
4430000,8860.00000088752,-516966.44812746905,299.6499879401581,399.8249839230697,148
4435000,8870.000000889557,-517658.4801931791,299.25962787237813,398.70431476441087,148
4440000,8880.000000891594,-517541.4965833789,300.35139061900225,397.9850071671982,148
4445000,8890.000000893631,-517573.4640514557,300.66931953074965,400.15257183163806,148
4450000,8900.000000895669,-515334.71038229857,296.34310907998935,400.4678154029244,148
4455000,8910.000000897706,-516146.05920836935,299.87044047028536,401.41956434281957,148
4460000,8920.000000899743,-515975.6601142739,300.6687740811906,399.8446665155304,148
4465000,8930.00000090178,-515821.4766699285,302.5184617172182,398.4602623306993,147
4470000,8940.000000903818,-515893.11405543843,298.00875294395814,398.3819517136514,147
4475000,8950.000000905855,-517949.843162233,298.9244945724548,397.60360433315884,147
4480000,8960.000000907892,-516211.4534868002,302.3543041270008,398.4929639696714,147
4485000,8970.00000090993,-517006.3644692418,301.11801997428597,399.6219751133787,147
4490000,8980.000000911967,-516841.49607038544,299.86621323620255,400.9359702827482,147
4495000,8990.000000914004,-517025.44200308295,299.12185640458114,399.7052296250624,147
4500000,9000.000000916041,-516214.22828976624,299.8105773811766,399.91342400585336,147
4505000,9010.000000918079,-516604.0904870997,300.0798021927114,401.03336132082876,147
4510000,9020.000000920116,-515933.0496044834,302.0805566295386,400.30180390555233,147
4515000,9030.000000922153,-517643.1813512882,298.74079170637043,398.00891987843545,147
4520000,9040.00000092419,-516361.9407845773,300.6914784190872,400.32132431296503,147
4525000,9050.000000926228,-516755.4309718348,301.2943592713229,397.5588724695434,147
4530000,9060.000000928265,-516288.64286589297,298.203955704913,399.5847163816383,147
4535000,9070.000000930302,-518619.7980325455,298.8318590556714,398.51560405640925,147
4540000,9080.00000093234,-516623.628532493,299.87875857606133,400.5173941679514,147
4545000,9090.000000934377,-516430.37322192546,299.77762313698236,399.18646178083685,147
4550000,9100.000000936414,-517071.4539609193,298.7359962956635,398.63889479497334,147
4555000,9110.000000938451,-516255.33145651035,300.1085292028228,398.9264079282541,147
4560000,9120.000000940488,-517497.53642691113,300.34907245837616,399.8095634782811,147
4565000,9130.000000942526,-517923.8838273119,302.9023218444192,397.44212823182767,147
4570000,9140.000000944563,-516206.1964959423,302.27332759454265,399.265128678419,147
4575000,9150.0000009466,-516694.4350622762,302.9836165557867,399.7383268931968,147
4580000,9160.000000948638,-516451.5576715204,299.96173509023606,401.719299230694,147
4585000,9170.000000950675,-514157.29042048845,301.52297081777135,401.76719305123214,147
4590000,9180.000000952712,-516323.6848508264,300.4875030110571,400.8026962032909,147
4595000,9190.00000095475,-516928.70452244347,300.46384413643204,399.1150227185102,147
4600000,9200.000000956787,-516351.5685466067,300.2263008534537,399.4840429165483,147
4605000,9210.000000958824,-515279.26962746726,297.6790968666905,400.720919039879,147
4610000,9220.000000960861,-516898.81975932093,300.5707067958814,400.0951914370361,147
4615000,9230.000000962898,-515867.8989358316,300.8181136250531,401.5471646787866,147
4620000,9240.000000964936,-517102.46218509553,297.51232566400245,399.7891790634168,147
4625000,9250.000000966973,-516804.3334950772,299.27671862522925,398.31752900571325,147
4630000,9260.00000096901,-515917.16295110853,298.97444866124033,399.6303958380843,147
4635000,9270.000000971047,-517261.62884819787,301.3943810842187,397.9939411207381,147
4640000,9280.000000973085,-516626.0919737057,300.9595896044389,398.9068373070209,147
4645000,9290.000000975122,-515268.593058364,299.31835460823885,399.0176508991115,147
4650000,9300.00000097716,-517310.454489972,301.4753348896119,398.8432855951407,147
4655000,9310.000000979197,-516544.3433856177,300.0919384454009,398.96336410642857,147
4660000,9320.000000981234,-517097.8188834186,302.16301042121916,399.18000828828747,147
4665000,9330.000000983271,-516667.6172768753,299.6626696424067,400.0679706447182,147
4670000,9340.000000985308,-515347.19402485015,300.7043192107905,400.1056456860946,147
4675000,9350.000000987346,-515938.5093643088,298.7974502793196,400.20512088096365,147
4680000,9360.000000989383,-517449.71841683984,300.66779681739723,398.29311322147885,147
4685000,9370.00000099142,-515026.6832577246,301.1471106174368,400.6382292421753,147
4690000,9380.000000993457,-517026.6705802013,297.1389881678787,397.2526569079755,147
4695000,9390.000000995495,-515351.68992747786,298.57217961142044,400.5063415385702,147
4700000,9400.000000997532,-515986.3737904108,299.318286427044,400.07934332611205,147
4705000,9410.00000099957,-516276.21442700503,299.75441880365656,400.356019607423,147
4710000,9420.000001001607,-516425.3793763104,300.5401616205731,399.9555247784726,147
4715000,9430.000001003644,-516832.569537716,301.70583278245215,398.523926066979,147
4720000,9440.000001005681,-516695.1666002157,300.6219108732398,399.0394475303273,147
4725000,9450.000001007718,-515706.5690073245,298.23538723575496,399.2114544593169,147
4730000,9460.000001009756,-516663.8721751985,301.9847847777905,399.0129473234605,147
4735000,9470.000001011793,-516889.6252774596,298.29577304735784,400.51421757290393,147
4740000,9480.00000101383,-515965.2619925183,300.4902075317875,401.02161240124815,147
4745000,9490.000001015867,-517539.4823704851,300.3445270453838,398.1944204455209,147
4750000,9500.000001017905,-517186.1240779469,299.45671697972494,399.65325200643605,147
4755000,9510.000001019942,-516835.85448582796,297.31725926543726,399.2219903850787,147
4760000,9520.00000102198,-515836.7283715843,300.5799112571909,399.5646922221507,147
4765000,9530.000001024016,-517060.6468950282,301.3747903542219,398.44801333506524,147
4770000,9540.000001026054,-516477.63857610384,296.2504053820111,399.6478315004916,147
4775000,9550.000001028091,-516332.43426920986,296.70856028457143,399.55118574692443,147
4780000,9560.000001030128,-516823.1498705391,303.6259515927957,398.88135863402476,147
4785000,9570.000001032166,-517667.9424981526,299.56855686640085,400.41658589211943,147
4790000,9580.000001034203,-516967.93763668695,302.1414651636356,399.0528664917741,147
4795000,9590.00000103624,-516204.09216385987,304.68364646904234,401.89118988114626,147
4800000,9600.000001038277,-516528.7705526757,300.3523678827956,401.68913180054113,147
4805000,9610.000001040315,-515051.0094943745,298.7569506495581,400.2034231464567,147
4810000,9620.000001042352,-516395.4161461182,302.60927906880465,399.93293499035474,147
4815000,9630.00000104439,-516165.77580630686,300.42702629119435,401.22822895027036,147
4820000,9640.000001046426,-516423.427743061,298.3310681792432,398.6428997450516,147
4825000,9650.000001048464,-515145.4934923616,299.39951295721664,400.8498503435327,147
4830000,9660.000001050501,-516057.8249262599,302.3564631981721,398.5531330907286,147
4835000,9670.000001052538,-516906.7544007716,298.22925092821527,398.5356787668996,147
4840000,9680.000001054575,-515975.20445858594,297.91570834000544,398.76631288795573,147
4845000,9690.000001056613,-516699.77902262006,298.8755177474626,399.64925236848273,147
4850000,9700.00000105865,-517855.1526101022,300.0035983438953,399.332955681319,147
4855000,9710.000001060687,-516419.019837087,302.2526686924926,398.4560729537016,147
4860000,9720.000001062725,-516638.612379909,301.04947514636194,399.8802696692245,147
4865000,9730.000001064762,-516439.81159909535,298.5345435918441,400.55054652254626,147
4870000,9740.000001066799,-517523.8599378965,300.38302669342875,398.5817428614593,147
4875000,9750.000001068836,-516192.84451101394,302.5744612052835,401.356204057242,147
4880000,9760.000001070874,-516519.1867175009,302.51212086609394,399.66802383218766,147
4885000,9770.00000107291,-514932.68612166354,300.31427732192,399.0260946672521,147
4890000,9780.000001074948,-516570.49460885813,299.0050392906786,399.6706361231227,147
4895000,9790.000001076985,-516976.1261064084,300.53466167085236,397.93123664202244,147
4900000,9800.000001079023,-515934.10660530766,298.87431321301966,400.6991666716602,147
4905000,9810.00000108106,-516442.5714720958,298.111161098675,398.45872581007717,147
4910000,9820.000001083097,-517199.57753941044,300.8710676864136,400.3815310846243,147
4915000,9830.000001085134,-516102.24706019834,302.49112105806944,400.2617426471418,147
4920000,9840.000001087172,-515316.69300315995,299.7983502202273,400.03615583588174,147
4925000,9850.000001089209,-516097.48310464947,298.24584168563723,400.00581101049255,147
4930000,9860.000001091246,-516377.12723195273,299.88048583299843,399.139398189008,147
4935000,9870.000001093284,-516402.6706449152,303.8330860628555,400.4034723331177,147
4940000,9880.00000109532,-515756.8540266645,298.9917212306111,399.56431970440224,147
4945000,9890.000001097358,-517322.6266905097,300.0796203761917,399.51115678661296,147
4950000,9900.000001099395,-517159.4763476802,299.192901209651,399.5231422138835,147
4955000,9910.000001101433,-516299.35310132615,301.72215081509455,399.28652655699926,147
4960000,9920.00000110347,-516319.4584670742,300.00543923615714,400.53002811734984,147
4965000,9930.000001105507,-516883.42620107904,300.7202281562636,400.5769904517095,147
4970000,9940.000001107544,-516929.46688403096,303.37777204341523,399.98520898357793,147
4975000,9950.000001109582,-517232.37885757536,299.5516706571344,397.551604702159,147
4980000,9960.000001111619,-517132.2907256251,299.3065819885888,399.39991807307445,147
4985000,9970.000001113656,-517181.28926392924,301.69735558722147,399.0280952898146,147
4990000,9980.000001115694,-517516.4948818539,299.6948057122624,398.8116906119173,147
4995000,9990.00000111773,-517106.7735805698,299.8397134784573,400.34977806820245,147
5000000,10000.000001119768,-516013.25474280166,297.8677542329365,400.8833301015104,147
5005000,10010.000001121805,-516981.9527276391,298.06377516823005,400.0616082793801,147
5010000,10020.000001123843,-516634.8936953526,299.9901893755679,399.49339103616137,147
5015000,10030.00000112588,-516953.23205351504,302.2168508381131,400.92225754052254,147
5020000,10040.000001127917,-517020.9731611046,298.1108883738954,400.60978436404025,147
5025000,10050.000001129954,-516452.87420192314,299.4217172996841,399.83862911388974,147
5030000,10060.000001131992,-517296.247721307,300.0261208652722,399.43755469660465,147
5035000,10070.000001134029,-516728.11759303324,299.1975602579681,398.312134942617,147
5040000,10080.000001136066,-516182.72138071293,301.2318825697435,400.01447868004027,147
5045000,10090.000001138103,-516084.60145469615,300.9960665437022,398.3324451492515,147
5050000,10100.00000114014,-517125.203607799,300.4081173731463,400.2265438684749,147
