#"Step","Time (ps)","Potential Energy (kJ/mole)","Temperature (K)","Box Volume (nm^3)","Speed (ns/day)"
55000,109.99999999992504,-622976.5927860681,302.07284768773155,481.6713985858188,--
60000,119.99999999990173,-622038.7332029273,296.87106422105995,481.2034368218577,125
65000,129.99999999989262,-622801.2922615134,301.7458840967004,480.9310326924187,130
70000,139.99999999994037,-621917.8961453061,300.10744991927936,481.855802478909,129
75000,149.99999999998812,-622588.842808058,300.3857467717188,479.6991687728853,129
80000,160.00000000003587,-621166.3333372637,299.973364204231,482.65948867935884,130
85000,170.00000000008362,-622791.4715168988,300.4272571967749,479.1814395031237,130
90000,180.00000000013137,-623253.3543649209,300.4366974401623,479.9037352766207,129
95000,190.0000000001791,-622402.5833165194,301.97741748542467,481.43435233439425,128
100000,200.00000000022686,-620578.2232261761,298.77784112331653,482.65174914889934,129
105000,210.0000000002746,-622814.1520630163,300.3721193236032,480.21190640873056,129
110000,220.00000000032236,-622890.5474248682,300.4721554511112,481.0506594978805,128
115000,230.0000000003701,-624127.2518456737,298.83200832630126,480.2789408304639,129
120000,240.00000000041786,-622297.6272544451,301.086304188255,481.9890267296946,128
125000,250.0000000004656,-624060.3239183743,301.1786891507595,479.24121012702165,128
130000,260.00000000051335,-622471.6633810895,301.80374365294557,480.5074000030412,128
135000,270.0000000005611,-623540.0536620552,297.58098574998843,483.0805719268056,128
140000,280.00000000060885,-623898.5376336747,300.5926137180439,480.8087898763203,128
145000,290.0000000006566,-621515.0492985966,303.1505770865405,482.305495247711,128
150000,300.00000000070435,-622903.9158554552,300.99055042921907,480.41398875168204,127
155000,310.0000000007521,-623253.4964568736,300.47038540547607,479.50321616969234,128
160000,320.00000000079984,-622736.2029098426,300.8713673564536,480.3814535890972,127
165000,330.0000000008476,-623200.4772555404,299.6750068345935,481.3476843062702,127
170000,340.00000000089534,-623501.8479809728,301.93959941362897,481.5534007426862,127
175000,350.0000000009431,-623182.6203892548,302.18327569606515,479.0181052557757,127
180000,360.00000000099084,-622242.8362268521,300.95743344636827,481.6706337603719,127
185000,370.0000000010386,-623042.7856368455,300.59080560691115,483.6909305965186,127
190000,380.00000000108633,-622250.7161086439,304.68031523576565,480.79223731928187,127
195000,390.0000000011341,-623169.1145825288,300.8384407010905,479.2128891272221,127
200000,400.00000000118183,-624097.9230139782,300.8783333425016,481.1161336708635,127
205000,410.0000000012296,-622519.7501443326,299.3309708679202,481.82386099920376,127
210000,420.00000000127733,-623147.608144152,298.70719155990145,480.27075885254146,127
215000,430.0000000013251,-622189.5813244474,298.57544687295126,481.7014727068747,127
220000,440.0000000013728,-623807.7597148069,297.5012004671662,480.2985071590688,127
225000,450.0000000014206,-622536.0382711831,298.6962286966129,481.83703691375354,127
230000,460.0000000014683,-621263.763154489,299.4421601862044,481.21171995643095,127
235000,470.00000000151607,-623707.1893809699,301.44459568375305,481.08136378144246,127
240000,480.0000000015638,-621946.0424252246,299.7287933826029,480.91859758749285,127
245000,490.00000000161157,-621321.6017274074,299.16751762152785,480.2892635535134,126
250000,500.0000000016593,-622339.4631446213,298.1207925704568,479.0322822432147,127
255000,510.00000000170706,-623239.1227508509,300.6364271057005,480.37772187878033,126
260000,520.0000000015274,-622257.0564957964,297.795979680036,480.4764934526498,127
265000,530.0000000012909,-623142.1058741412,299.55146526236086,481.2058040947995,126
270000,540.0000000010544,-622026.0940874163,300.2115019567767,481.5068130528383,126
275000,550.000000000818,-621554.892610101,298.2139007774143,481.1448958089323,126
280000,560.0000000005815,-623189.3473039349,301.2666014173043,480.85508167256705,126
285000,570.000000000345,-624632.1961958217,301.4954131229552,479.84999219504135,126
290000,580.0000000001086,-621932.80955962,302.45572949463383,481.8130202630546,126
295000,589.9999999998721,-622367.6623193463,299.6640439713049,480.39089423590644,126
300000,599.9999999996356,-622053.5469721835,299.9972693366797,481.8015616631593,126
305000,609.9999999993992,-621577.8186224401,300.0667579024201,481.5470435833425,126
310000,619.9999999991627,-623129.0817138855,300.660103845164,481.3027332304228,126
315000,629.9999999989262,-623411.8721331093,300.9415981993959,480.7703481526886,126
320000,639.9999999986898,-622468.8460842986,301.42263189167846,478.4639438771509,126
325000,649.9999999984533,-622040.095663005,301.65037776339847,482.11231841556514,126
330000,659.9999999982168,-622163.2369671068,299.1250365262847,481.54640914231294,126
335000,669.9999999979804,-621833.3787054634,301.3807979098933,480.8648699198216,126
340000,679.9999999977439,-623701.5603376143,300.9518758837289,479.4060533721711,126
345000,689.9999999975074,-622465.9303168324,299.0522172295104,480.74646933136177,126
350000,699.999999997271,-621752.013829553,300.43599322845796,482.75735858952083,126
355000,709.9999999970345,-624189.6103729969,300.36947377152484,481.94573141784485,125
360000,719.999999996798,-623202.261544697,301.0076799031074,481.3839571082091,125
365000,729.9999999965615,-622623.3246600325,300.2348170740136,482.2709580883682,125
370000,739.9999999963251,-621968.289391561,301.237329049704,482.20974107413303,125
375000,749.9999999960886,-624639.8449824858,302.21839111753627,481.0612435498152,124
380000,759.9999999958521,-622961.0716615506,300.29543637882966,481.6499215212174,124
385000,769.9999999956157,-622341.4507907759,301.14041429299346,480.303737639584,124
390000,779.9999999953792,-624439.0989697096,298.2570480188642,481.81992143753905,124
395000,789.9999999951427,-623658.5685579465,298.5052540955065,481.6689100928237,124
400000,799.9999999949063,-623585.8157179169,299.6898904441275,480.77983358378447,124
405000,809.9999999946698,-621907.204118616,300.09045367463233,480.49418763850406,123
410000,819.9999999944333,-623260.1030694577,298.7907833924766,483.00012245146326,122
415000,829.9999999941969,-623356.4837006787,298.6418711661405,480.63881992007833,122
420000,839.9999999939604,-624366.3598947315,298.7765468964005,478.6248153258849,122
425000,849.9999999937239,-622844.6930277655,299.6903472300979,482.0268112423715,121
430000,859.9999999934874,-621527.2396783535,299.3888684896629,482.6097685353727,120
435000,869.999999993251,-623598.7303473665,298.6306228116205,482.257690848959,120
440000,879.9999999930145,-623012.0874657803,298.4548744095259,480.1379819278559,120
445000,889.999999992778,-621483.0853604767,299.19363055283316,480.8418422940409,120
450000,899.9999999925416,-624190.2783360211,300.8181898564047,479.62021648373405,120
455000,909.9999999923051,-624134.19691459,300.6052514632237,481.5572628470296,120
460000,919.9999999920686,-621981.5946108638,301.31089062368005,481.59152259615973,120
465000,929.9999999918322,-621507.4408947355,299.33500581065834,481.55526093440324,120
470000,939.9999999915957,-622910.9819391347,299.3891159153968,479.6336385063643,120
475000,949.9999999913592,-623744.6428245842,300.17400744171,480.25845211375173,120
480000,959.9999999911228,-624571.8288118509,300.1750732756408,479.8931255567388,120
485000,969.9999999908863,-622968.7610202152,297.29498063429924,480.28766363707064,120
490000,979.9999999906498,-621892.8373317071,302.05739309573454,481.8993006809291,120
495000,989.9999999904134,-622342.8173379526,303.43210950627,479.30753169535376,120
500000,999.9999999901769,-622118.251812384,299.82841078963804,482.03403176782217,120
505000,1009.9999999899404,-623670.1305231238,300.59893259063375,480.5419265734324,121
510000,1019.999999989704,-621937.6719801892,300.24726449170583,481.5661663651983,121
515000,1029.9999999894676,-622481.2750801486,300.1350283722396,479.3679260984262,121
520000,1039.9999999892311,-622611.2240337357,301.7119677384015,484.1057288522645,121
525000,1049.9999999889947,-623341.3671840453,300.90947091948084,480.58280058755366,121
530000,1059.9999999887582,-623161.0787950759,299.26053066474157,482.4924818895157,121
535000,1069.9999999885217,-622856.2199233868,298.53186187827976,478.567266343269,121
540000,1079.9999999882853,-623543.6112346742,298.3665053570108,478.9799352560823,121
545000,1089.9999999880488,-622722.3817553921,301.1661085038259,480.77902269289945,121
550000,1099.9999999878123,-621837.4167649052,298.10370116206593,484.14267526056113,121
555000,1109.9999999875758,-623270.3058059327,298.976657216914,479.76348470611845,121
560000,1119.9999999873394,-622557.0671526911,300.77725041381154,479.7488909423537,121
565000,1129.999999987103,-623325.9846078916,299.47748496791195,480.04526928257246,121
570000,1139.9999999868664,-622605.0788360494,301.06538719736244,479.99516673548345,121
575000,1149.99999998663,-622747.0487398347,299.43797298147615,480.03323888677096,121
580000,1159.9999999863935,-623629.9101280132,299.455711503325,480.69148606027795,121
585000,1169.999999986157,-622502.4994797809,299.84685352319116,480.37545118830855,121
590000,1179.9999999859206,-623716.8752352013,301.5837631427216,480.78229326885105,121
595000,1189.999999985684,-622053.8133104206,300.77983886764355,481.6051335092231,121
600000,1199.9999999854476,-622222.513047236,300.437934568832,480.7703054539787,121
605000,1209.9999999852112,-622742.2555467668,299.3530488564874,481.0802440852675,121
610000,1219.9999999849747,-622097.6950703501,300.1200686317104,480.4917769577718,121
615000,1229.9999999847382,-621586.3111782419,299.1155962828973,481.14134049720195,121
620000,1239.9999999845018,-621676.8736329158,300.38485223252684,481.23323043838485,121
625000,1249.9999999842653,-622406.2342094644,297.1244472053662,480.0438900939128,121
630000,1259.9999999840288,-624340.6034631967,299.5171872818354,480.30599225274636,121
635000,1269.9999999837923,-621843.1918762708,299.1020639985255,482.648566313139,122
640000,1279.9999999835559,-623222.6385054914,303.11114123109985,480.3445885496789,122
645000,1289.9999999833194,-623001.1661011288,300.0129142561644,481.24804376174654,122
650000,1299.999999983083,-622897.1619982324,303.3203872710205,480.3978533331193,122
655000,1309.9999999828465,-622245.0761872069,300.1385303980123,480.75953888693215,122
660000,1319.99999998261,-621949.7791056759,299.35744542145216,480.76101152849753,122
665000,1329.9999999823735,-622589.5103550204,299.271912248503,481.4130527324049,122
670000,1339.999999982137,-623296.3477411997,298.8994603879238,479.330018697565,122
675000,1349.9999999819006,-622172.2507750983,301.0532633363992,481.923446879574,122
680000,1359.9999999816641,-623400.7284168163,300.7041456258058,479.5819135853973,122
685000,1369.9999999814277,-622961.2854841058,300.61101838609943,480.571223356369,122
690000,1379.9999999811912,-622292.2449817723,301.32605972444566,480.5723004243407,122
695000,1389.9999999809547,-623341.5170330121,299.0458602914229,480.6021917386421,122
700000,1399.9999999807183,-623408.7887229053,302.120562788885,482.54434853059786,122
705000,1409.9999999804818,-624140.0590217067,300.17541586511857,479.92276653492286,122
710000,1419.9999999802453,-622954.5191264856,301.3863554725326,480.8744225245577,122
715000,1429.9999999800089,-622089.0012878738,299.9496874647676,479.32066741902725,123
720000,1439.9999999797724,-623372.1120623122,301.0242574272816,479.1593888374704,123
725000,1449.999999979536,-620203.9287278862,298.9069973564347,481.9034173238186,123
730000,1459.9999999792994,-623826.1706869164,298.42453620799483,479.7491754233493,123
735000,1469.999999979063,-623320.4347436004,300.6180795358912,483.2483393092423,123
740000,1479.9999999788265,-624361.9106007093,300.8904001052185,479.82477241054863,123
745000,1489.99999997859,-622581.9502358497,298.69089952695873,481.4155923225113,123
750000,1499.9999999783536,-622031.4728634004,302.81128027430975,481.05157650258235,123
755000,1509.999999978117,-623616.5670250417,298.3665053570108,480.83502963373394,123
760000,1519.9999999778806,-624235.2670848398,300.5669575727089,480.0381870287715,123
765000,1529.9999999776442,-622521.1348058982,301.98169985389677,481.72858200621215,123
770000,1539.9999999774077,-622878.2218039325,299.8215209345852,481.96223832207613,123
775000,1549.9999999771712,-623915.5734080896,301.0274929945716,480.5275886726271,123
780000,1559.9999999769348,-622572.5804401147,301.4637426290105,481.2315296192875,123
785000,1569.9999999766983,-622141.5453315075,297.0694235286871,482.3026014526991,123
790000,1579.9999999764618,-622264.2682678695,301.58178373685,481.18698015103354,123
795000,1589.9999999762254,-622334.9065111005,301.91078383199897,479.95728449618724,123
800000,1599.9999999759889,-622588.0009713778,300.1884723307712,480.6241633261135,123
805000,1609.9999999757524,-621753.978787242,301.2175349909885,481.35324029594966,123
810000,1619.999999975516,-622712.485885377,299.54486089853947,482.2757334092454,123
815000,1629.9999999752795,-622276.721234703,300.21673596268704,481.75428416866873,123
820000,1639.999999975043,-623648.9770832653,302.57407512645364,480.8607235988909,124
825000,1649.9999999748065,-623326.4568109331,298.10754577731643,479.86998165847007,124
830000,1659.99999997457,-622307.1864466313,300.8018026597182,480.73373961480183,124
835000,1669.9999999743336,-623491.9091497315,299.44859325528694,482.1748314284117,124
840000,1679.9999999740971,-622545.4847540613,299.15518440032815,480.5977318107006,124
845000,1689.9999999738607,-622902.1748500145,299.32076931458226,479.26509240402083,124
850000,1699.9999999736242,-623163.6471632505,300.7023946129194,479.55539527523405,124
855000,1709.9999999733877,-621800.6556687909,299.7614916449809,478.34412919961335,124
860000,1719.9999999731513,-623135.423322869,300.5562040696567,481.025981951417,124
865000,1729.9999999729148,-621868.4368956345,299.7755378135693,481.64673711987643,124
870000,1739.9999999726783,-623174.8630178506,300.51065870186244,481.48867527136895,124
875000,1749.9999999724419,-622736.940335427,298.71366269448146,480.44551853080986,124
880000,1759.9999999722054,-623201.8217600835,302.1382632452364,480.53590013039036,124
885000,1769.999999971969,-623999.577240218,300.83682291744543,481.67457162344124,124
890000,1779.9999999717324,-622965.7396265729,304.1418216749621,481.5596159864312,124
895000,1789.999999971496,-622720.1412251377,301.9626671051319,482.4224893931527,124
900000,1799.9999999712595,-622615.7451055916,298.71035099619644,480.1981980326557,124
905000,1809.999999971023,-623244.1895051147,298.5176253822037,482.7224772894203,124
910000,1819.9999999707866,-622367.1129738125,300.6426508145466,480.73737865420696,124
915000,1829.99999997055,-623027.7046836182,301.3427895106099,482.2020141004296,124
920000,1839.9999999703136,-623161.1247213515,298.9758197759684,480.2691793207868,124
925000,1849.9999999700772,-623240.4211115427,301.6761481052261,479.92955272126676,124
930000,1859.9999999698407,-622924.6495858543,299.2781169246003,481.19875915950445,125
935000,1869.9999999696042,-622393.9565393818,299.93097827273175,483.2179869134561,125
940000,1879.9999999693678,-623657.4053615443,298.24812165969354,480.3291472823961,125
945000,1889.9999999691313,-621586.7034674985,301.3873451754684,481.2162163015049,125
950000,1899.9999999688948,-622754.4083974878,299.7688953842504,481.76157484188,125
955000,1909.9999999686584,-622675.6945226924,300.5406923794133,480.89294831128075,125
960000,1919.999999968422,-624029.5243685599,301.2661636640827,478.5773051205418,125
965000,1929.9999999681854,-623150.2827192019,299.0415208247046,478.3835222707071,125
970000,1939.999999967949,-622922.6948137586,301.29941387617487,481.6490374194945,125
975000,1949.9999999677125,-622820.7484956193,299.8342348107601,479.9173024750201,125
980000,1959.999999967476,-621209.4789396562,299.2770701234182,482.0182906617288,125
985000,1969.9999999672395,-622796.5945612569,303.5417571719043,479.44032265824137,125
990000,1979.999999967003,-622537.7553044176,300.7444569876897,481.5202545627851,125
995000,1989.9999999667666,-622586.773321976,299.22748981288584,481.7836337689297,125
1000000,1999.9999999665301,-623607.944867875,298.3054482989732,479.84386621781874,125
1005000,2009.9999999662937,-622639.5014164774,298.31431755989763,479.063899712049,125
1010000,2019.9999999660572,-622854.3457465833,300.25333593856186,480.0415587781898,125
1015000,2029.9999999658207,-623463.3609017539,298.2514904562249,479.47234655562056,125
1020000,2039.9999999655843,-622602.2253468451,297.86280366094934,481.34709946246323,125
1025000,2049.999999965348,-622539.3638999597,297.75953196615137,481.73226095766825,125
1030000,2059.9999999651113,-623211.8920767629,299.7766417129977,479.7599889075292,125
1035000,2069.999999964875,-623233.369310075,300.3469960952336,480.37966904392067,125
1040000,2079.9999999646384,-622816.9599658605,300.37647782307033,481.35776149491284,125
1045000,2089.999999964402,-624410.5350016444,300.71149226682905,480.8440881129898,125
1050000,2099.9999999641655,-622799.5298598902,299.71764019182666,482.4904642481058,125
1055000,2109.999999963929,-623232.3560920549,298.4848890543281,481.0076247265181,125
1060000,2119.9999999636925,-622349.8004102432,299.77820239839645,480.6246497165837,125
1065000,2129.999999963456,-621619.298272056,300.00924093565277,480.5209237712176,125
1070000,2139.9999999632196,-623491.9547040947,298.46878734887304,480.48632245324427,125
1075000,2149.999999962983,-622575.8032299797,302.6399665026775,480.9574106493597,125
1080000,2159.9999999627466,-624506.021570921,300.74091689641944,482.760277495626,125
1085000,2169.99999996251,-622512.8086001007,299.34638739441976,480.7379091222868,125
1090000,2179.9999999622737,-623521.2738913298,295.5051219077051,481.2240023004152,125
1095000,2189.9999999620372,-622175.238235184,300.491511756605,480.97538860792787,125
1100000,2199.9999999618008,-622884.8557586418,300.5060908421589,481.11539268015554,126
1105000,2209.9999999615643,-621984.5173094696,300.9972118912868,482.1541236087964,126
1110000,2219.999999961328,-623407.8674084134,302.44339627343425,481.35700665589286,126
1115000,2229.9999999610914,-623547.3672461789,299.5772356041885,480.26999312731635,126
1120000,2239.999999960855,-622337.4280154607,302.34998354249643,481.97192596551616,126
1125000,2249.9999999606184,-622830.3647390478,298.07709337929265,480.68694152732485,126
1130000,2259.999999960382,-622973.3117804197,300.32162544113004,480.25629187329963,126
1135000,2269.9999999601455,-622927.1697879336,300.41494300832403,479.7461482609616,126
1140000,2279.999999959909,-622680.526306428,299.82138770534385,480.9645652767259,126
1145000,2289.9999999596726,-623846.731807949,300.47723719503136,480.95122408374993,126
1150000,2299.999999959436,-621749.1388379484,300.91198324231783,482.7518316393263,126
1155000,2309.9999999591996,-623559.3889001706,297.9950431993675,480.15888743611487,126
1160000,2319.999999958963,-624194.5170307662,303.13379020213,479.09426124016125,126
1165000,2329.9999999587267,-622294.4540018006,302.25424881620927,481.2502387912439,126
1170000,2339.99999995849,-623358.6601954186,300.51515043057094,480.5758772256348,126
1175000,2349.9999999582537,-623027.3548140596,299.83728005056247,480.4561152740957,126
1180000,2359.9999999580173,-622828.9232800631,299.4638194542988,480.69761814521473,126
1185000,2369.999999957781,-623104.6802219097,302.2181627245512,480.7960953069501,126
1190000,2379.9999999575443,-622057.2623316096,299.9817386136876,479.4036382142081,126
1195000,2389.999999957308,-623429.7279026262,300.46699757619587,479.5788319880072,126
1200000,2399.9999999570714,-623632.4273797558,299.28102893516126,480.149191451953,126
1205000,2409.999999956835,-620404.6657367656,300.2076002432799,482.12250593965814,126
1210000,2419.9999999565985,-624224.9887213642,300.64388794321627,480.5582380700936,126
1215000,2429.999999956362,-623065.2457544105,301.55723149094337,479.4774977592613,126
1220000,2439.9999999561255,-620988.9147080458,298.8999171738942,483.04654374358,126
1225000,2449.999999955889,-623822.8754658308,302.36029929232694,479.42029495090526,126
1230000,2459.9999999556526,-622651.7457146193,301.24869160071654,479.993314645715,126
1235000,2469.999999955416,-622641.1005762676,298.5399507965048,480.7213289695695,126
1240000,2479.9999999551796,-623541.071869839,300.160893877811,480.2588345865676,126
1245000,2489.999999954943,-623683.890601587,296.9448541880212,480.40072035130163,126
1250000,2499.9999999547067,-622392.9340536138,298.179527633145,482.55323752100804,126
1255000,2509.9999999544702,-623661.9674875312,298.9958993259153,479.90979412988565,126
1260000,2519.9999999542338,-622193.8547315914,299.65561246360204,481.5275151893823,126
1265000,2529.9999999539973,-622214.1533613144,297.8692367300319,481.9738458530641,126
1270000,2539.999999953761,-623114.1924753082,297.5079761257265,480.9117211667494,126
1275000,2549.9999999535244,-623038.2689770041,302.0513977798736,482.5243317543192,126
1280000,2559.999999953288,-622783.4603069592,299.05077074060426,481.3253288574599,126
1285000,2569.9999999530514,-622469.3255556412,299.8315321604355,480.6007610450328,126
1290000,2579.999999952815,-622558.0699174502,299.35396242842813,480.9390684249343,126
1295000,2589.9999999525785,-622706.0622792817,300.5604293398825,480.83976998366796,126
1300000,2599.999999952342,-621625.2993121543,299.8406107815963,480.8633259807334,126
1305000,2609.9999999521056,-621531.4322509081,299.7386904119606,481.4497823901772,126
1310000,2619.999999951869,-622725.7769311434,302.55618434261464,481.79091937841866,126
1315000,2629.9999999516326,-622804.9105649949,301.5130374483114,481.29915683052735,126
1320000,2639.999999951396,-622269.1517355042,299.6788133843464,479.9332665306754,126
1325000,2649.9999999511597,-622862.022177502,301.2881084234085,482.16442469084205,126
1330000,2659.999999950923,-622500.0237392657,302.055166264129,481.6159185227917,126
1335000,2669.9999999506867,-622385.6002171086,298.6148256301457,479.89888504471656,126
1340000,2679.9999999504503,-621905.9183514179,301.32674490340116,483.7145947937664,126
1345000,2689.999999950214,-622175.8117598183,300.3035633625522,481.79502332514045,126
1350000,2699.9999999499773,-623471.0053544487,301.56271292258765,480.7276023828054,126
1355000,2709.999999949741,-621843.5843281988,301.29172464567387,481.1991671408087,126
1360000,2719.9999999495044,-623453.1038080347,300.386945834891,479.8862863607576,126
1365000,2729.999999949268,-622956.743393545,299.60995289931526,480.1711151311654,126
1370000,2739.9999999490315,-622323.257131997,298.58393547890034,481.7179742268843,126
1375000,2749.999999948795,-622185.1905924934,299.9441679676258,481.7802614522345,126
1380000,2759.9999999485585,-623047.7469325983,299.6791750065729,480.1579343780353,126
1385000,2769.999999948322,-622293.4204921313,299.68859621721157,481.63498358223217,126
1390000,2779.9999999480856,-622550.7480196557,301.562199038371,482.8382503168225,126
1395000,2789.999999947849,-622360.4747973047,302.3967660389604,480.0306102232356,126
1400000,2799.9999999476127,-622551.0344102448,299.8395259149167,481.08030817258634,126
1405000,2809.999999947376,-623118.1240859912,299.1391968913657,480.4512564891507,126
1410000,2819.9999999471397,-622585.5532793459,300.5609241913504,480.15510062337114,126
1415000,2829.9999999469032,-623088.6095254212,297.2891756459259,479.89636578801606,126
1420000,2839.999999946667,-622077.7463599155,297.4690351217537,479.63668630821434,126
1425000,2849.9999999464303,-621966.7880861834,301.4204240928217,481.85155088543956,127
1430000,2859.999999946194,-623530.7062607533,300.7376622963807,480.54775404266957,126
1435000,2869.9999999459574,-623952.5580840898,300.31892279080546,479.9605600837698,126
1440000,2879.999999945721,-621060.4786769263,299.9260868562992,480.73009952658526,127
1445000,2889.9999999454844,-624474.2683330406,298.875973975948,479.7810600603677,127
1450000,2899.999999945248,-622277.3954782975,301.9167981806087,480.40576125393966,127
1455000,2909.9999999450115,-621997.8292846186,297.83764236708225,481.9709259229919,127
1460000,2919.999999944775,-622888.5626566694,300.379903717848,481.0888392195916,127
1465000,2929.9999999445386,-622795.5164481816,301.5141794132373,479.7583579765973,127
1470000,2939.999999944302,-621534.9313525511,299.2769939924231,482.68530996505433,127
1475000,2949.9999999440656,-624167.3973775809,299.7209518901118,480.28023261304094,127
1480000,2959.999999943829,-623122.9523859206,299.9767900990087,480.88255188624146,127
1485000,2969.9999999435927,-623251.3080740259,300.41332522467906,480.40252152422437,127
1490000,2979.999999943356,-623029.7299308372,301.2115777406251,481.04591116936285,127
1495000,2989.9999999431197,-621588.082641372,300.9187589008781,483.7201085518427,127
1500000,2999.9999999428833,-622707.8600705513,300.0601154731012,482.6805117044008,127
1505000,3009.999999942647,-623569.4616734893,301.12596843668086,480.98999647319164,127
1510000,3019.9999999424103,-622447.0098871691,299.4502681371782,482.502731567577,127
1515000,3029.999999942174,-622089.1927598789,301.3199692448409,481.29612624692834,127
1520000,3039.9999999419374,-622625.9496541433,300.02753140721575,480.47352700764856,127
1525000,3049.999999941701,-623370.1500598933,302.609495071905,480.5762200163358,127
1530000,3059.9999999414645,-622220.4258363517,299.93765876754827,479.6203542249657,127
1535000,3069.999999941228,-622441.8788957247,297.60633737134316,480.22510441616373,127
1540000,3079.9999999409915,-623813.7310575517,301.04045429648045,480.65218314024054,127
1545000,3089.999999940755,-622145.9701473685,298.2006920497716,481.2446705084186,127
1550000,3099.9999999405186,-621748.4372365251,301.7775736233939,481.33481523480214,127
1555000,3109.999999940282,-624595.9584045382,300.4523233268982,480.451207203596,127
1560000,3119.9999999400457,-622275.097126245,297.60656576432837,481.21923516962914,127
1565000,3129.999999939809,-622947.8923197687,299.5640078437969,478.9636411018593,127
1570000,3139.9999999395727,-622422.055347085,301.790839449283,480.6723544489483,127
1575000,3149.9999999393362,-623508.2271399209,298.9737642391018,480.7029307525582,127
1580000,3159.9999999391,-621719.5723922062,299.25659088574724,480.01681708109766,127
1585000,3169.9999999388633,-623428.3833698658,299.90770122099235,479.9713271219322,127
1590000,3179.999999938627,-624129.2282687342,299.76697307662516,480.5257766094789,127
1595000,3189.9999999383904,-622922.353705992,300.7356828905091,482.4597277682376,127
1600000,3199.999999938154,-622203.7841890305,301.5364857947897,482.2334386110179,127
1605000,3209.9999999379174,-622641.4752107621,299.96000321459815,481.1199683301465,127
1610000,3219.999999937681,-622399.7193854582,299.26976154789253,482.145866567603,127
1615000,3229.9999999374445,-621942.2189141219,299.81782858132476,482.2948004540973,127
1620000,3239.999999937208,-622568.6696279524,300.69116529114814,480.5012922920622,127
1625000,3249.9999999369716,-622796.4981665323,300.7481112754525,481.7908404388459,127
1630000,3259.999999936735,-623412.669712211,301.192164336885,479.69389234949824,127
1635000,3269.9999999364986,-623190.5513348854,298.68650296199405,479.9601161139803,127
1640000,3279.999999936262,-621950.5137344175,300.612426809508,479.1391459572147,127
1645000,3289.9999999360257,-621907.3203794057,299.83259799436627,481.10098335683125,127
1650000,3299.999999935789,-622771.7459967998,299.693658928383,482.2707478285475,127
1655000,3309.9999999355528,-621052.4984567589,295.970662942493,480.9542480244117,127
1660000,3319.9999999353163,-622571.5049599903,302.46216256371633,480.66566492920504,127
1665000,3329.99999993508,-620901.1705169962,299.48806717622523,481.9918821838383,127
1670000,3339.9999999348433,-622543.4264536216,300.4893039577483,478.89681154130983,127
1675000,3349.999999934607,-622324.6424747012,299.3583209278953,481.4681119360647,127
1680000,3359.9999999343704,-622842.3114152225,299.4370023112892,482.5668345673173,127
1685000,3369.999999934134,-622770.5792503557,299.43180637087636,478.58813790455287,127
1690000,3379.9999999338975,-623342.2235036222,298.4468235567984,480.99517673874084,127
1695000,3389.999999933661,-622366.9167103507,299.65308110801635,481.89158007932997,127
1700000,3399.9999999334245,-621736.5601594485,301.095363776667,481.57839430702234,127
1705000,3409.999999933188,-623917.0006445455,300.186873579875,480.1332215457606,127
1710000,3419.9999999329516,-623041.0990506536,302.0553565916167,479.5983416590056,127
1715000,3429.999999932715,-624183.3237658376,303.33003687464424,480.28129456515734,127
1720000,3439.9999999324787,-622088.04794842,300.55431982752896,482.0034077875044,127
1725000,3449.999999932242,-622941.7996864207,301.4878761544443,481.36240610926626,127
1730000,3459.9999999320057,-622759.640317935,300.09500250158715,480.06087813178647,127
1735000,3469.9999999317693,-622203.1010401407,298.2817334940122,482.57721271488214,127
1740000,3479.999999931533,-623008.0162964584,299.5925189014466,482.3568513719152,127
1745000,3489.9999999312963,-622370.7824237715,301.7818940573635,482.57666972930843,127
1750000,3499.99999993106,-623184.3784591425,300.2151562445395,480.12849188171384,127
1755000,3509.9999999308234,-623079.954194393,301.0332599174473,479.7459713071275,127
1760000,3519.999999930587,-622704.6384854196,299.1243894128267,480.3733862195265,127
1765000,3529.9999999303504,-622435.7134851487,300.76390845692737,479.32449637521944,127
1770000,3539.999999930114,-621215.7357163653,301.04528861466673,482.1361888344732,127
1775000,3549.9999999298775,-623384.888495334,302.8384019412997,480.4436583422828,127
1780000,3559.999999929641,-622515.7096911282,299.1462770739062,482.3864633666976,127
1785000,3569.9999999294046,-622235.6542734611,299.2060779705253,482.57161689967904,127
1790000,3579.999999929168,-623219.0468177306,300.74261081105954,480.1718766796143,127
1795000,3589.9999999289316,-622937.4449972613,301.46640721383756,481.0271088513654,127
1800000,3599.999999928695,-624820.739951706,298.3470919532707,480.69037024201043,127
1805000,3609.9999999284587,-622649.5311384662,301.3658381693641,481.96125876358184,127
1810000,3619.999999928222,-622891.0331408037,297.8450080408542,480.9606684458201,127
1815000,3629.9999999279858,-622562.740127807,299.6749307035984,481.6550587779818,127
1820000,3639.9999999277493,-623478.1118295216,297.19258444594436,479.73973623555077,127
1825000,3649.999999927513,-623000.4898447888,299.64002464236364,481.2940716860222,127
1830000,3659.9999999272763,-623339.487193069,300.2179730913567,481.5327755450547,127
1835000,3669.99999992704,-622237.5297878119,299.5032743424883,480.92133092182365,127
1840000,3679.9999999268034,-623162.7674854011,299.33260768431404,480.31866540384925,127
1845000,3689.999999926567,-623089.7790683322,298.1592006574642,481.1174913451104,127
1850000,3699.9999999263305,-623767.6100712568,299.55502438637996,480.66629433055095,127
1855000,3709.999999926094,-621675.9277147348,301.1830476502266,482.0914324643237,127
1860000,3719.9999999258575,-623729.8568265797,298.49181697487853,480.9255321793289,127
1865000,3729.999999925621,-623613.1508533466,298.6591909675165,480.4668971260438,127
1870000,3739.9999999253846,-621694.3825269425,301.6369406427705,480.6056123233239,127
1875000,3749.999999925148,-623843.1553349439,299.5816321691532,478.9582981594518,127
1880000,3759.9999999249117,-622834.9028444872,299.87757237969765,482.3629741218178,127
1885000,3769.999999924675,-622499.9414505041,300.381768927227,481.6550364222918,127
1890000,3779.9999999244387,-621701.8126140032,300.04167273954806,483.2586938407832,127
1895000,3789.9999999242023,-622997.8064132924,303.98891257138536,481.4117276133802,127
1900000,3799.999999923966,-622056.596424845,299.1398440048237,481.64914601628,127
1905000,3809.9999999237293,-624199.2405196615,301.32234833843654,480.39433897983315,127
1910000,3819.999999923493,-623365.7801131541,297.083431631778,479.93564383091183,127
1915000,3829.9999999232564,-622475.2536253762,301.11685175002253,480.74083556788474,127
1920000,3839.99999992302,-621915.8730264469,301.40736762716904,480.58337952394066,127
1925000,3849.9999999227834,-622069.9410287705,300.20114814144864,478.91757244827016,127
1930000,3859.999999922547,-623124.8136409759,301.39075203749735,482.33355491621245,127
1935000,3869.9999999223105,-622538.8158151726,299.63294445982314,481.0340797000955,127
1940000,3879.999999922074,-622766.7230075812,301.21190129735413,480.2195832155369,127
1945000,3889.9999999218376,-622578.3635545289,299.1426989171385,480.3664073938322,127
1950000,3899.999999921601,-623332.4365202938,299.79007883362567,479.9551674047186,127
1955000,3909.9999999213646,-621980.9306977624,301.0411775409335,481.59410531121875,127
1960000,3919.999999921128,-624355.703242836,302.86333484218164,481.2153826158456,127
1965000,3929.9999999208917,-621422.5729721179,301.9854683381522,481.4720419078997,127
1970000,3939.9999999206552,-621788.2161169671,299.9592228718988,480.5241116162112,127
1975000,3949.9999999204188,-623009.892973375,299.72909790658315,480.639526899716,127
1980000,3959.9999999201823,-622662.9202496097,301.57380901511755,481.16883113080763,127
1985000,3969.999999919946,-622325.4007383031,297.9058747714042,480.4190981523678,127
1990000,3979.9999999197094,-623155.3764291881,296.8116059139186,480.3354276798782,127
1995000,3989.999999919473,-621697.7528129155,298.93678360825163,481.88575991002006,127
2000000,3999.9999999192364,-622084.7502090731,300.4193586060375,483.0812615135159,128
2005000,4009.999999919,-622735.6167007289,302.9732679990473,480.27439115926876,128
2010000,4019.9999999187635,-622806.7049999507,301.9010771301289,481.03284884561947,128
2015000,4029.999999918527,-623884.9467509715,299.28494968140683,480.978056062601,128
2020000,4039.9999999182905,-623419.4097173628,302.06144707122144,480.2703542964403,128
2025000,4049.999999918054,-622877.0096386797,298.85789286462136,480.84119875433106,128
2030000,4059.9999999178176,-623046.1543216738,298.47268906236985,480.93900637751756,128
2035000,4069.999999917581,-622302.2725952659,299.7939805471225,481.12538138026326,128
2040000,4079.9999999173447,-622811.290264246,301.3633258465272,481.3351765769946,128
2045000,4089.999999917108,-621988.6265280521,301.6945337405329,480.9500415453424,128
2050000,4099.999999917781,-622447.7290059547,297.3914957032857,481.2396026005946,128
2055000,4109.999999919818,-624109.725202505,299.6847896674586,480.2707778855525,128
2060000,4119.999999921855,-623125.8153677457,299.1308795801555,480.5299274925745,128
2065000,4129.999999923893,-623770.1370348074,299.74649383895417,479.9791247954517,128
2070000,4139.99999992593,-623355.2192871463,302.13993812712766,479.35604477713537,128
2075000,4149.999999927967,-622544.9776382432,299.97184158432987,481.18750092913183,128
2080000,4159.999999930004,-625109.0770030031,299.6520152740855,479.91034827727424,128
2085000,4169.999999932042,-623112.8877752204,297.23413293649804,480.05061193252783,128
2090000,4179.999999934079,-622814.3784752297,300.51248584574387,481.5954766150559,128
2095000,4189.999999936116,-623448.5672346698,297.32096033636316,480.8817431386146,128
2100000,4199.999999938153,-621052.3485477604,297.88295934189136,481.36211204085447,128
2105000,4209.999999940191,-622939.2778721116,301.12103895475076,481.06077008304004,128
2110000,4219.999999942228,-623214.4284418668,298.8110342371624,482.63225239918467,128
2115000,4229.999999944265,-621864.7222407288,301.13215408002947,480.20041571107987,128
2120000,4239.9999999463025,-623228.9338044641,299.8407440108377,480.096178034198,128
2125000,4249.99999994834,-621331.400117904,301.4249158215302,481.67592852931125,128
2130000,4259.999999950377,-623507.4296117504,299.27687979593054,481.09551660562806,128
2135000,4269.999999952414,-621512.92864773,302.3051233536577,482.0608429365441,128
2140000,4279.999999954452,-623832.1496297223,299.53690520955575,480.4918534792459,128
2145000,4289.999999956489,-620904.3663998698,301.15491724755225,481.4317669456432,128
2150000,4299.999999958526,-623337.9679690693,300.19675157648396,480.4748587559665,128
2155000,4309.999999960563,-623659.2718453039,299.91470527253784,480.0386363867619,128
2160000,4319.999999962601,-623458.9185973192,299.7892604254287,481.11678686928275,128
2165000,4329.999999964638,-623922.1125474414,302.71693493868247,478.91848333323486,128
2170000,4339.999999966675,-622505.2001355598,298.2902982309564,482.8564387931966,128
2175000,4349.9999999687125,-621650.6314920792,299.126064294718,482.9929748131493,128
2180000,4359.99999997075,-622556.008674718,301.57232446071384,482.54213573158694,128
2185000,4369.999999972787,-621883.7270096387,298.80673283594155,479.7368721794791,128
2190000,4379.999999974824,-623631.7069328297,302.97608484586453,479.71397735540523,128
2195000,4389.999999976862,-622239.1116724475,301.1010736012965,480.22908117613986,128
2200000,4399.999999978899,-621750.323704747,300.36250778547696,481.31374761374406,128
2205000,4409.999999980936,-622830.6803909219,298.9454625416884,481.7884365428527,128
2210000,4419.999999982973,-623904.3470638199,300.32704977452806,479.62992264180554,128
2215000,4429.999999985011,-622075.59521505,299.47584815151816,480.24618413005555,128
2220000,4439.999999987048,-624239.4566261009,297.9639056223882,479.1071302082567,128
2225000,4449.999999989085,-621270.0195069872,299.5659111186734,479.5730052927355,128
2230000,4459.999999991122,-622455.8397035319,301.039521691791,481.9314081313117,128
2235000,4469.99999999316,-621509.1529557351,298.91204103485734,482.5055638616112,128
2240000,4479.999999995197,-622110.2095468491,300.41690338144684,482.2004211297701,128
2245000,4489.999999997234,-622226.0763503173,299.3701402648783,480.56663422179264,128
2250000,4499.9999999992715,-622484.872853192,301.54288079837465,480.1949157067749,128
2255000,4510.000000001309,-621202.9957715482,301.5717725109997,481.2963742779386,128
2260000,4520.000000003346,-623832.4027948999,301.32349030336235,481.0694453283276,128
2265000,4530.000000005383,-622248.8606997756,300.1998729472814,482.4862838656234,128
2270000,4540.000000007421,-623464.7717189994,302.00960186358606,481.4446314661647,128
2275000,4550.000000009458,-622186.0327820149,299.81990315094015,481.04993673095623,128
2280000,4560.000000011495,-622196.2531042416,301.78965941885957,481.93208600977675,128
2285000,4570.000000013532,-621657.7737785499,301.45116198207694,481.3850375541242,128
2290000,4580.00000001557,-622426.1826914409,301.94382468385476,479.8856000093672,128
2295000,4590.000000017607,-622683.9045382664,299.4382013744613,480.41220146472057,128
2300000,4600.000000019644,-622630.5310105523,301.7742048268625,480.96589072182843,128
2305000,4610.000000021681,-623640.7362947129,298.21336786044895,480.402161815717,128
2310000,4620.000000023719,-623264.1717780014,298.55831739906284,480.6136554302885,128
2315000,4630.000000025756,-622505.6594248884,301.28108533911427,481.9549736693239,128
2320000,4640.000000027793,-624665.3414401822,300.3157823872593,481.4774065345712,128
2325000,4650.0000000298305,-622262.7519940273,300.7856438560168,482.2930771374898,128
2330000,4660.000000031868,-622701.5963320006,299.2853493691309,481.11880882687444,128
2335000,4670.000000033905,-623388.0120633417,298.30369728608684,481.1977222551628,128
2340000,4680.000000035942,-622739.5291841319,300.8839289706384,479.14977190503515,128
2345000,4690.00000003798,-622469.7622523117,299.643716995624,482.5604912594952,128
2350000,4700.000000040017,-622740.7899037846,301.2256810074599,478.97006437321227,128
2355000,4710.000000042054,-623813.4030140545,299.0155982208869,481.9399830660377,128
2360000,4720.000000044091,-625074.143080445,300.17191383934585,481.49174420383156,128
2365000,4730.000000046129,-622053.5436351784,300.709227369726,481.3760250129115,128
2370000,4740.000000048166,-623641.7532543372,301.9840599147436,480.17512925211054,128
2375000,4750.000000050203,-623589.1417844081,302.93990359046256,480.72274245692415,128
2380000,4760.0000000522405,-623431.6211471655,301.58317312750984,479.3133944439873,128
2385000,4770.000000054278,-622927.975331977,300.6926117800543,481.6146983333786,128
2390000,4780.000000056315,-621799.7096172185,300.2480448344052,482.3562764183948,128
2395000,4790.000000058352,-622252.8299741605,302.39925932904856,480.9927189846245,128
2400000,4800.0000000603895,-622921.1622866853,301.8760110000057,481.3286785820998,128
2405000,4810.000000062427,-623427.5612324881,301.1445634322241,480.4302813266815,128
2410000,4820.000000064464,-623517.3857581592,301.37984627245504,479.30551595924743,128
2415000,4830.000000066501,-622263.1627517962,299.4820908931131,482.9693943139247,128
2420000,4840.000000068539,-624653.0075042113,299.3591012705947,479.7099878055257,128
2425000,4850.000000070576,-623235.8300845898,299.61269361513735,480.5741528145542,128
2430000,4860.000000072613,-622936.4898430905,301.88341473927517,481.8949288969925,128
2435000,4870.00000007465,-623172.7211711411,300.26544076677624,480.80331700618325,128
2440000,4880.000000076688,-622302.3531583128,299.4156285344262,481.0297138235709,128
2445000,4890.000000078725,-623734.5703840302,301.16816404069255,479.5996842190173,128
2450000,4900.000000080762,-623771.1534355991,299.9702999316799,480.4385745061728,128
2455000,4910.0000000827995,-624152.2712475318,300.257447012295,479.48752410797624,128
2460000,4920.000000084837,-621628.1884019035,300.42173769963307,481.52177479050573,128
2465000,4930.000000086874,-622672.1651399098,298.5839545116491,482.0181936682223,128
2470000,4940.000000088911,-622645.4917410365,301.3188653454125,482.01320102236434,128
2475000,4950.000000090949,-623638.9515583413,302.4038652542497,479.9707773123566,128
2480000,4960.000000092986,-622546.9180046176,299.0505613803679,480.51881946404967,128
2485000,4970.000000095023,-622958.7844931288,302.0882642142311,480.8767692301296,128
2490000,4980.00000009706,-623241.19533099,299.92576329957024,482.28466277000695,128
2495000,4990.000000099098,-621988.9753280212,302.63163015871845,482.605509758954,128
2500000,5000.000000101135,-623209.0604283828,298.63248802099946,480.77224979640914,128
2505000,5010.000000103172,-623103.3175074221,300.8778765565312,481.58975043226076,128
2510000,5020.000000105209,-623874.1209047665,300.1529572215761,479.5598276034768,128
2515000,5030.000000107247,-621939.3394965795,300.13087923300884,482.309680803665,128
2520000,5040.000000109284,-623660.3750880393,300.15396595726065,479.1904287920694,128
2525000,5050.000000111321,-623379.6030904646,298.59139631641614,478.61094631044904,128
2530000,5060.0000001133585,-623354.0981148924,298.97559138298317,480.4369396404372,128
2535000,5070.000000115396,-622920.2372473255,301.5128471208238,482.333587881678,128
2540000,5080.000000117433,-623724.2760682362,300.42657201781935,481.1479781226052,128
2545000,5090.00000011947,-621126.3751131017,299.78307478208023,480.7817343926373,128
2550000,5100.000000121508,-623005.090077214,298.2858445677454,479.5985122735673,128
2555000,5110.000000123545,-621796.4564520186,302.1859783463898,481.7724061532417,128
2560000,5120.000000125582,-623057.0726401648,301.6335147479928,481.9559689990565,128
2565000,5130.000000127619,-623457.2610131563,300.9533794708814,480.29601280913386,128
2570000,5140.000000129657,-623126.8788052271,298.016854729452,481.0969645014551,128
2575000,5150.000000131694,-623034.7193426811,299.2206951215768,480.13524292887195,128
2580000,5160.000000133731,-624135.2676302218,301.07600747117317,480.74020959095645,128
2585000,5170.0000001357685,-623530.4797141287,299.6537472542231,480.91949463855235,128
2590000,5180.000000137806,-622668.2246316341,300.35782572928076,481.3662888795228,128
2595000,5190.000000139843,-622773.4624445117,299.792153403241,481.4823377515572,128
2600000,5200.00000014188,-623192.2974323872,301.0713634804746,480.05787496519105,128
2605000,5210.0000001439175,-624969.5863071335,299.40236270853717,480.1928184703907,128
2610000,5220.000000145955,-623505.740058674,300.6777662360177,480.67305440186965,128
2615000,5230.000000147992,-622797.320586774,302.2120722449464,480.51158093273744,128
2620000,5240.000000150029,-622538.4487424023,300.85739731886025,480.7538430127388,128
2625000,5250.000000152067,-623062.9974839902,298.56838572315945,480.1129752106412,128
2630000,5260.000000154104,-622092.6682925764,299.10147398331384,481.86671467360054,128
2635000,5270.000000156141,-622905.2792626903,302.9153513445559,480.186259851049,128
2640000,5280.000000158178,-621495.1003283402,298.6005320358233,482.14846501865816,128
2645000,5290.000000160216,-624185.8045943067,299.8775914124464,481.2928715447737,128
2650000,5300.000000162253,-623051.3538924791,298.6911850181902,480.3013228862249,128
2655000,5310.00000016429,-624277.4046505941,299.745294775782,478.66372135029644,128
2660000,5320.0000001663275,-623231.6148136272,299.50028620093224,481.1594077142625,128
2665000,5330.000000168365,-623696.4479254992,300.5064905298829,480.0685008000394,128
2670000,5340.000000170402,-623786.8284913073,300.80760764809145,480.479587047518,128
2675000,5350.000000172439,-625024.993220468,301.37756234260326,479.52951603794594,128
2680000,5360.000000174477,-623697.4686588943,303.0195556440434,480.14397417154265,128
2685000,5370.000000176514,-623907.977476697,302.88923841325055,482.0306856294355,128
2690000,5380.000000178551,-623217.3822506261,301.3109857874239,480.9896109108559,128
2695000,5390.000000180588,-622340.0632735039,301.1046327253155,480.52966016012465,128
2700000,5400.000000182626,-622076.0003314973,300.6718660839006,481.2240204008034,128
2705000,5410.000000184663,-620731.9993904745,299.06213329161693,482.38027072060595,128
2710000,5420.0000001867,-622001.9199920623,299.8838722195388,481.87776334201294,128
2715000,5430.000000188737,-621834.9665309591,301.33865940412795,481.2200630351981,128
2720000,5440.000000190775,-621427.5125762494,299.9580238087266,481.310942790394,128
2725000,5450.000000192812,-623197.5556212747,299.32918178953634,480.60946780476604,128
2730000,5460.000000194849,-622069.175546845,298.68469485086143,481.4533785906518,128
2735000,5470.0000001968865,-621848.3373949844,299.3677421385339,482.9186293551463,128
2740000,5480.000000198924,-624781.1218629889,298.7114168301272,480.6313998968132,128
2745000,5490.000000200961,-621997.6537943133,296.8726629719562,481.62935307572195,128
2750000,5500.000000202998,-622754.4636270087,302.03367829077354,481.74093154143685,128
2755000,5510.000000205036,-622899.1538931811,302.76356517315634,481.10740745904343,128
2760000,5520.000000207073,-624187.6758085294,300.3594625456746,479.1460269048496,128
2765000,5530.00000020911,-622386.596823189,299.3056382793142,480.34324718587874,128
2770000,5540.000000211147,-621263.5362896775,299.9966602887192,482.40847003805845,128
2775000,5550.000000213185,-621991.4465307915,301.851858441823,480.92035757440135,128
2780000,5560.000000215222,-622524.9740275759,299.8773249539637,480.85280724838736,128
2785000,5570.000000217259,-622820.4569309689,302.5887684085001,481.1096733590095,128
2790000,5580.000000219296,-622599.9454871016,301.8421898054505,479.34950293617123,128
2795000,5590.000000221334,-622041.8260147884,299.3907146662931,481.74888352465047,128
2800000,5600.000000223371,-621713.8624304896,300.95315107789617,479.37775547077433,128
2805000,5610.000000225408,-622569.213054846,301.214337489196,480.4401515284906,128
2810000,5620.0000002274455,-622642.779194077,299.1355806691004,480.6225922800763,128
2815000,5630.000000229483,-622745.2659549941,299.05906901906576,481.80181681300934,128
2820000,5640.00000023152,-622994.0026257788,298.45108689252174,480.99260418636476,128
2825000,5650.000000233557,-623025.5534165245,298.97167063673766,480.6106579331358,128
2830000,5660.000000235595,-623153.8456541095,300.1952289565828,479.642474341313,128
2835000,5670.000000237632,-622171.1586921755,301.31382166698984,481.7965790485812,128
2840000,5680.000000239669,-622653.114522689,299.20800027815056,479.594345669695,128
2845000,5690.000000241706,-623704.0134694488,302.0246758006078,480.00852708645533,128
2850000,5700.000000243744,-622903.2289683484,301.3629451915519,479.96760528025715,128
2855000,5710.000000245781,-623586.5937018893,301.01152451835793,480.79214277669746,128
2860000,5720.000000247818,-622277.4492659746,301.2560763072373,480.92659173899006,128
2865000,5730.0000002498555,-623556.4062689659,298.32271100210295,481.1862125637504,128
2870000,5740.000000251893,-621599.8179052328,300.16275908718995,481.08257552515414,128
2875000,5750.00000025393,-621885.6290267925,300.35394304853276,481.4527475019261,128
2880000,5760.000000255967,-623015.9161665426,299.23607358257874,481.2364738016195,128
2885000,5770.000000258005,-621850.0936293369,304.2261557847391,481.0981227387913,128
2890000,5780.000000260042,-622184.3319966118,299.5808898919513,482.6684097450628,128
2895000,5790.000000262079,-623939.325210284,300.95922252475214,483.1443478317543,128
2900000,5800.000000264116,-622956.4411639632,300.7913346478975,481.3617015925697,128
2905000,5810.000000266154,-622739.6361146085,301.6893948983664,481.8141222129506,128
2910000,5820.000000268191,-622389.5909437328,301.17117121499734,481.8915199508326,128
2915000,5830.000000270228,-623193.8646029793,300.7070957018643,480.23555644517404,128
2920000,5840.000000272265,-623358.5187525768,300.9049601580236,479.38634819823204,128
2925000,5850.000000274303,-623214.0970979342,301.0694602055981,480.38236810919017,128
2930000,5860.00000027634,-622176.9054989167,300.76836212013836,479.5200219191966,128
2935000,5870.000000278377,-623307.4925000691,300.15676377132905,481.11307850015413,128
2940000,5880.0000002804145,-622505.5363665125,298.5739813512963,481.3935843667635,128
2945000,5890.000000282452,-622901.3918716754,300.2376910190771,481.9581584937127,128
2950000,5900.000000284489,-622931.8932944345,299.1588767535885,480.7920298757428,128
2955000,5910.000000286526,-622058.7964111296,299.8050766396523,481.5095356900507,128
2960000,5920.000000288564,-624043.2840934084,298.9316637988339,480.0466103498888,128
2965000,5930.000000290601,-622209.6270717969,299.10821157637656,480.47962357441577,128
2970000,5940.000000292638,-622692.7319456134,298.7019956194886,481.3900746525608,128
2975000,5950.000000294675,-622400.5259468998,300.2157272270025,480.311948161023,128
2980000,5960.000000296713,-622217.0267083663,299.3229390479415,481.44244631972987,128
2985000,5970.00000029875,-622878.4081112929,298.0706412774614,480.38517909713863,128
2990000,5980.000000300787,-623373.375672265,301.86160320919066,480.72540984990354,128
2995000,5990.000000302824,-621592.5980353085,302.1325534206069,482.58405338990696,128
3000000,6000.000000304862,-623018.9975471655,300.0406449711148,480.97891992465844,128
3005000,6010.000000306899,-621826.492086825,300.7565427831554,482.1131975689306,128
3010000,6020.000000308936,-622774.7035344662,298.72481588525767,481.3257531267974,128
3015000,6030.0000003109735,-623025.4383041719,301.86539072619485,481.7565607360811,128
3020000,6040.000000313011,-623360.0282213003,302.8659994270087,481.9402421563048,128
3025000,6050.000000315048,-621807.4101223862,299.24444799203525,480.1672697106467,128
3030000,6060.000000317085,-623075.5461316551,298.7974258217955,479.05934771971,128
3035000,6070.000000319123,-622184.6166181834,299.32469006082783,480.68637577021445,128
3040000,6080.00000032116,-623878.8836014927,301.23675806724106,480.61121866336725,128
3045000,6090.000000323197,-622882.4548678915,299.08468709890326,483.07404364090326,128
3050000,6100.000000325234,-623392.630497295,300.24865388236566,480.909623771714,128
3055000,6110.000000327272,-624104.3360856171,301.7261852017288,478.79073285234557,128
3060000,6120.000000329309,-622104.275680691,298.04477577189,480.5063923176527,128
3065000,6130.000000331346,-622519.7725682138,301.68448444918505,480.3040974770716,128
3070000,6140.0000003333835,-624036.4030602686,301.0727338383856,480.25003601881826,128
3075000,6150.000000335421,-622276.8059678404,301.0576028031176,482.92622249357254,128
3080000,6160.000000337458,-622239.199623201,301.9375058112648,481.4532839751726,128
3085000,6170.000000339495,-623186.1236283504,299.5084893156499,481.3150309338115,128
3090000,6180.0000003415325,-622061.8240886722,296.9829767837972,480.8986226510048,128
3095000,6190.00000034357,-623058.5535437674,300.03643873363774,480.17664034349696,128
3100000,6200.000000345607,-622138.6755284918,301.01373231721465,481.25069495641293,128
3105000,6210.000000347644,-622654.1863690116,299.9896181716762,481.972425431111,128
3110000,6220.000000349682,-622274.0577960792,300.81560140257267,480.78042663608653,128
3115000,6230.000000351719,-623795.2596846367,301.4618964523803,478.64462922477844,128
3120000,6240.000000353756,-622681.2404020317,304.4401219463534,479.8371676498575,128
3125000,6250.000000355793,-623234.6164863892,301.15811474934475,481.1143838265803,128
3130000,6260.000000357831,-621806.6581787877,301.4193582588909,483.2400634248958,128
3135000,6270.000000359868,-623100.0894619636,300.27895401839925,479.3085845608008,129
3140000,6280.000000361905,-622862.2274267827,302.4288171878803,480.61841389904725,128
3145000,6290.0000003639425,-623611.6408768916,299.27356809764547,482.41469979191754,128
3150000,6300.00000036598,-624557.5058027441,298.73261931225124,478.58173692317155,128
3155000,6310.000000368017,-623358.5887874574,300.4623155199997,481.2294275314803,129
3160000,6320.000000370054,-623168.2605085997,298.6711435337408,480.06733817039026,129
3165000,6330.000000372092,-622513.129668538,300.04279567172523,481.21759907400445,129
3170000,6340.000000374129,-620909.2874843972,300.25168008941927,482.119508195709,129
3175000,6350.000000376166,-623272.2363285706,299.62285710297783,479.70506058020766,129
3180000,6360.000000378203,-623446.7438648534,298.86767569748656,480.8011190345794,129
3185000,6370.000000380241,-622466.968760137,302.1376541972758,481.5294299354716,129
3190000,6380.000000382278,-623965.8762319814,301.3182943629496,480.2965908449432,129
3195000,6390.000000384315,-621680.0237056874,298.4896853070169,482.47365921245085,129
3200000,6400.000000386352,-622966.7217106246,300.59552572860485,480.91634807008126,129
3205000,6410.00000038839,-621853.7678341726,298.8372613649603,482.38333618377965,129
3210000,6420.000000390427,-622792.2610523677,299.27162675727146,482.4871610335608,129
3215000,6430.000000392464,-622680.9678523219,300.3081883205021,479.49766300990734,129
3220000,6440.0000003945015,-623447.187034328,298.85142173004135,482.58388846320935,129
3225000,6450.000000396539,-623415.7924127048,297.2147575982554,478.810575643304,129
3230000,6460.000000398576,-622841.3646979989,298.13215512146934,480.67512592062377,129
3235000,6470.000000400613,-623875.1418198817,302.72112214341075,479.5788533317285,129
3240000,6480.000000402651,-621888.5884114136,300.545736057836,483.0905342546816,129
3245000,6490.000000404688,-623658.4090068308,302.0321556708724,481.3907526920642,129
3250000,6500.000000406725,-623094.313180286,299.12317131690577,481.0208980319532,129
3255000,6510.000000408762,-622874.25747826,299.36671437010057,481.2495509479618,129
3260000,6520.0000004108,-623815.8611605759,303.63695898122603,478.63263458669945,129
3265000,6530.000000412837,-623173.2373668607,299.6088870653844,480.5526742724875,129
3270000,6540.000000414874,-623234.0300494088,301.1929827450819,481.5015437699275,129
3275000,6550.0000004169115,-623102.5251333113,300.6383874788233,481.69735227979936,129
3280000,6560.000000418949,-624386.7018918633,301.2775262150953,481.2713611349215,129
3285000,6570.000000420986,-622830.7472011792,300.779553376412,481.16495987969796,129
3290000,6580.000000423023,-621594.63313103,304.06074216522387,481.99830130244356,129
3295000,6590.0000004250605,-622745.410131061,299.2885278381747,478.8748776080406,129
3300000,6600.000000427098,-624281.7613418484,300.75869348376585,480.8008454942718,129
3305000,6610.000000429135,-622784.7113568787,299.110609702721,480.15224211334356,129
3310000,6620.000000431172,-622871.8748151399,301.33774583218724,479.8656660633894,129
3315000,6630.00000043321,-623529.3979700715,301.21829630093913,478.8180012150225,129
3320000,6640.000000435247,-623714.5708262259,299.50919352735417,478.891683300676,129
3325000,6650.000000437284,-622682.3994190055,301.1933253345597,480.27475046073874,129
3330000,6660.000000439321,-622392.0612363326,301.35677858095204,482.7735664096658,129
3335000,6670.000000441359,-622831.5123343836,299.2666401770951,481.15809878552983,129
3340000,6680.000000443396,-621799.7709441041,301.5506461598707,480.8049083375158,129
3345000,6690.000000445433,-622340.4092676761,300.5501516555495,480.4838054671879,129
3350000,6700.0000004474705,-622917.373246769,301.3615748336408,480.68164882230167,129
3355000,6710.000000449508,-622956.8636813061,300.79386600348323,479.5769610510783,129
3360000,6720.000000451545,-623481.48869154,299.9178266433353,480.1588606272152,129
3365000,6730.000000453582,-624526.3953380743,298.89828035750037,479.64981296123415,129
3370000,6740.00000045562,-623189.7714440115,300.65182459945123,479.3670261613348,129
3375000,6750.000000457657,-622245.9997770884,300.2196479732481,480.64134784918434,129
3380000,6760.000000459694,-623565.4232674208,300.5462499420527,481.1605840495969,129
3385000,6770.000000461731,-623068.709540579,300.8340441361258,483.1514039681357,129
3390000,6780.000000463769,-622776.6290106336,301.23087694787273,480.1436576873455,129
3395000,6790.000000465806,-623608.2325013815,298.1936499327286,480.07778960571005,129
3400000,6800.000000467843,-621797.4893999868,299.61200843618184,480.3084105915374,129
3405000,6810.00000046988,-623501.2338583469,301.0135800552245,480.5719243756944,129
3410000,6820.000000471918,-622687.4136183993,300.9816240700484,480.3696806979295,129
3415000,6830.000000473955,-622798.8195844414,302.07536001056855,482.33644562651085,129
3420000,6840.000000475992,-622994.274025199,301.2811424373606,480.50116223853684,129
3425000,6850.0000004780295,-621540.0616794564,298.9829380240064,482.3112026177967,129
3430000,6860.000000480067,-623558.6965531074,300.2307630985267,480.17859092584655,129
3435000,6870.000000482104,-624243.3676098417,301.21652625530396,479.76358707579317,129
3440000,6880.000000484141,-623182.6440648292,298.2453809438714,481.5616207649994,129
3445000,6890.000000486179,-623170.740627131,299.4219854725137,480.5784189277392,129
3450000,6900.000000488216,-623161.8766029626,300.6136258726802,480.4442600461765,129
3455000,6910.000000490253,-622774.1848776303,300.78990719174016,480.0206722540635,129
3460000,6920.00000049229,-622917.6296485015,299.73469353472,482.3582925887459,129
3465000,6930.000000494328,-622605.1469970644,302.45177068289075,477.8633238822782,129
3470000,6940.000000496365,-622284.6111259935,300.14009108341105,480.2447029386416,129
3475000,6950.000000498402,-622565.0285119023,300.3282107722027,482.7007938012346,129
3480000,6960.0000005004395,-622915.5555376047,302.1850457417003,479.9342016581959,129
3485000,6970.000000502477,-623181.0081946477,299.5294253392912,481.28846521615765,129
3490000,6980.000000504514,-624128.4587010527,301.4166365758175,481.3498527888675,129
3495000,6990.000000506551,-622320.2010429683,299.19876939499966,480.04388470086644,129
3500000,7000.0000005085885,-622591.9095545285,299.5633226648414,479.98472229961817,129
3505000,7010.000000510626,-625310.5334250415,299.69084208156585,477.8209106034038,129
3510000,7020.000000512663,-621887.4536218178,299.87671590600326,480.6842000084909,129
3515000,7030.0000005147,-623123.6964767217,300.4799208126072,481.6241850712626,129
3520000,7040.000000516738,-621898.4601942962,302.40538787415085,481.5304095997201,129
3525000,7050.000000518775,-623421.1802510563,302.5574785695307,481.67956845405797,129
3530000,7060.000000520812,-622676.7296316535,300.02302064575855,480.9997564349001,129
3535000,7070.000000522849,-623552.8354478357,301.0437659947656,479.64282620104404,129
3540000,7080.000000524887,-622726.9419195736,298.84902360369705,481.6260183411308,129
3545000,7090.000000526924,-623424.0243129334,301.49520376271875,480.97178819140083,129
3550000,7100.000000528961,-623262.9000112722,301.37417451332317,481.18222636698164,129
3555000,7110.0000005309985,-622488.6105718738,302.3166191339116,481.4352331398767,129
3560000,7120.000000533036,-624041.3781923829,299.8057618186079,480.60971096835067,129
3565000,7130.000000535073,-623132.718517656,300.38291089215284,481.2631199939865,129
3570000,7140.00000053711,-622878.9267057031,298.33234157297795,480.444072064336,129
3575000,7150.000000539148,-622879.5994897056,299.0270940011408,480.05164784172734,129
3580000,7160.000000541185,-624219.3073964962,300.02435293817206,480.29694889171753,129
3585000,7170.000000543222,-623236.9968571714,296.74464870376386,481.5223739921889,129
3590000,7180.000000545259,-621868.6206259187,301.57489388179715,480.89924974723357,129
3595000,7190.000000547297,-621337.0238368679,300.69329695900984,483.1304543357967,129
3600000,7200.000000549334,-622554.6735517923,301.3691118021517,479.8984403409943,129
3605000,7210.000000551371,-623401.7217441197,300.3657814182645,480.4694045350649,129
3610000,7220.000000553408,-623239.8951379331,297.9982787666575,480.5224810850758,129
3615000,7230.000000555446,-622029.8331879806,300.7991951731374,480.3023594516326,129
3620000,7240.000000557483,-622169.9771580719,298.7781837127943,480.33756600850637,129
3625000,7250.00000055952,-623607.0573506942,300.40369465380405,477.2383351021812,129
3630000,7260.0000005615575,-622342.3570601898,299.14597254992606,482.1149766617841,129
3635000,7270.000000563595,-621728.5834025424,299.4607171162502,481.23744922740235,129
3640000,7280.000000565632,-622223.2683639871,301.29693961883544,481.0607320089725,129
3645000,7290.000000567669,-623335.6216111053,303.1784790962298,481.3647698063498,129
3650000,7300.000000569707,-623434.2371029411,298.67925148471465,480.91898000981075,129
3655000,7310.000000571744,-624739.369430529,299.4472038646271,479.9038175909153,129
3660000,7320.000000573781,-622189.3026811304,299.90351401626407,480.60788399207354,129
3665000,7330.000000575818,-623082.1677334337,299.71781148656555,480.09020351992075,129
3670000,7340.000000577856,-622947.4792397488,299.5468212716623,480.17406336197195,129
3675000,7350.000000579893,-624344.9818053232,300.3561698801382,480.31154525464206,129
3680000,7360.00000058193,-622977.4521465064,300.5518455701895,479.0470676976571,129
3685000,7370.000000583967,-622300.9900980988,300.8067321416483,480.8175422047232,129
3690000,7380.000000586005,-621440.1484616022,300.75770378083007,482.71724732085374,129
3695000,7390.000000588042,-623192.5454483135,299.8835486628098,481.3202428364005,129
3700000,7400.000000590079,-623633.0275771152,302.093612416634,480.702693189496,129
3705000,7410.0000005921165,-622371.8153745802,300.03986462841544,480.4737433983959,129
3710000,7420.000000594154,-623256.9156653546,300.1476661174194,482.5176188781402,129
3715000,7430.000000596191,-622423.1980640995,300.2885845892743,481.075747642422,129
3720000,7440.000000598228,-623575.8698408608,300.1350283722396,480.59537855750244,129
3725000,7450.000000600266,-623609.9087829799,301.69904450199016,482.099754394035,129
3730000,7460.000000602303,-623849.239412867,300.0918240325434,479.7953678167932,129
3735000,7470.00000060434,-623028.9865051969,300.05889737718024,479.70388595947975,129
3740000,7480.000000606377,-621212.5265863962,300.13639873015063,480.8346558837891,129
3745000,7490.000000608415,-623132.2203775961,297.2236268591798,478.20707353605013,129
3750000,7500.000000610452,-622651.9862345858,301.6748919438076,479.40775721986466,129
3755000,7510.000000612489,-624041.6131671607,301.97599002926734,479.48062049695386,129
3760000,7520.0000006145265,-621621.5669254228,302.07596905852904,483.07917674492944,129
3765000,7530.000000616564,-622172.3191942587,300.16892569778975,482.6956097635256,129
3770000,7540.000000618601,-622922.0895604533,300.67883206994856,482.1471634050766,129
3775000,7550.000000620638,-621476.1101357662,301.61379682027246,483.448103648748,129
3780000,7560.0000006226755,-623166.4105930715,299.35780704367863,480.3508341629054,129
3785000,7570.000000624713,-623137.4703157376,299.87007347668424,480.6846188800043,129
3790000,7580.00000062675,-621677.7026911569,301.3372509807193,480.66213645437836,129
3795000,7590.000000628787,-623519.0990912518,300.1993209975672,481.3495984121792,129
3800000,7600.000000630825,-622085.1666014986,301.4669781963005,480.7092734995103,129
3805000,7610.000000632862,-624992.248803339,297.8730813452824,479.26828438730325,129
3810000,7620.000000634899,-622382.7276707259,300.39743287946044,480.76947266247026,129
3815000,7630.000000636936,-624645.0407140297,300.2952270185932,478.2364652637599,129
3820000,7640.000000638974,-622355.196299674,300.14227984951896,481.3863877858185,129
3825000,7650.000000641011,-622530.7558278847,301.1218002647014,482.5658060533684,129
3830000,7660.000000643048,-621889.7108873231,299.4842986919698,482.040397500217,129
3835000,7670.0000006450855,-624994.633787293,299.46212553965876,479.45005162868426,129
3840000,7680.000000647123,-622297.5460417029,297.5093845491351,482.5665065503249,129
3845000,7690.00000064916,-623136.0446082219,298.3374042841494,479.40836315903687,129
3850000,7700.000000651197,-621130.9465156146,301.8797985170099,482.5202932249308,129
3855000,7710.000000653235,-622081.6073048059,300.9682440476667,479.6249725704532,129
3860000,7720.000000655272,-622325.8127011126,300.1844183552844,481.190230806983,129
3865000,7730.000000657309,-623079.1878563394,303.04936092860913,480.09414317211736,129
3870000,7740.000000659346,-623237.1052711178,299.35769284718606,481.43196880864366,129
3875000,7750.000000661384,-622545.3043576232,299.92700042823986,479.8306325279488,129
3880000,7760.000000663421,-622901.9745023521,300.8215776856849,481.8097031048525,129
3885000,7770.000000665458,-623926.9599018036,299.46638887538205,481.5530235450933,129
3890000,7780.000000667495,-622054.6358446553,298.7831702929706,481.03903046287377,129
3895000,7790.000000669533,-624233.1847102349,298.6660617898206,480.21342717405446,129
3900000,7800.00000067157,-622969.6302088988,298.9096619412618,481.13113042109995,129
3905000,7810.000000673607,-622582.0670582587,299.5648833502401,482.5465256006857,129
3910000,7820.0000006756445,-622392.9531007376,299.7166504888909,480.6315170145929,129
3915000,7830.000000677682,-622165.1892865202,300.22767979322686,482.4960924927394,129
3920000,7840.000000679719,-622201.5024871919,303.2189807856014,480.52969548518524,129
3925000,7850.000000681756,-624159.174358042,299.74451443308266,482.08352023611366,129
3930000,7860.000000683794,-622866.2328880713,299.75127105889413,482.11601394108294,129
3935000,7870.000000685831,-624039.1788091478,298.91110843016787,479.88387221151567,129
3940000,7880.000000687868,-623051.6713922741,300.31576335451047,479.1185997896863,129
3945000,7890.000000689905,-624099.9312246856,298.87582171395786,478.6498244291094,129
3950000,7900.000000691943,-623746.4615659453,301.6617212816623,478.62279831982676,129
3955000,7910.00000069398,-623253.1959795216,302.10605983432623,480.1159582657602,129
3960000,7920.000000696017,-622029.8847504896,299.626892045716,482.1494443455828,129
3965000,7930.0000006980545,-623215.8651691624,299.9028098045598,480.8576361509572,129
3970000,7940.000000700092,-624062.611292962,299.7761087960323,479.4863468720491,129
3975000,7950.000000702129,-622372.3468808588,299.31757181278977,480.89640925749904,129
3980000,7960.000000704166,-622468.3065609918,297.1114097724623,482.72860350378085,129
3985000,7970.0000007062035,-623229.8136529108,300.69915904562936,482.30249098342415,129
3990000,7980.000000708241,-623163.8676209613,300.21192067724957,479.0631846680934,129
3995000,7990.000000710278,-623587.6946854149,300.2945608723865,479.25472905419673,129
4000000,8000.000000712315,-621036.9849010822,302.3984789863492,481.81366488038344,129
4005000,8010.000000714353,-622848.3915135274,302.0840199112566,481.82664768927646,129
4010000,8020.00000071639,-622668.9211539868,299.52702721294685,481.35570037999366,129
4015000,8030.000000718427,-622633.263410701,297.8732145745238,481.11836274425235,129
4020000,8040.000000720464,-622781.1858626227,299.23373255448064,481.69205541084625,129
4025000,8050.000000722502,-621472.5604939447,298.06255235923635,481.1995147941129,129
4030000,8060.000000724539,-623383.675911779,301.8387258451753,480.1502707745385,129
4035000,8070.000000726576,-622232.2827566685,300.19433441739085,481.28483006427837,129
4040000,8080.0000007286135,-622233.0926007731,300.23731036410186,481.5834272270792,129
4045000,8090.000000730651,-623093.9022700526,298.71000840671866,481.9122698874604,129
4050000,8100.000000732688,-622342.8743225196,300.1634252333967,481.08982904170716,129
4055000,8110.000000734725,-620911.3853081586,299.79917648753525,482.10382050065834,129
4060000,8120.000000736763,-624077.8633299135,299.9462235044924,480.60786895233866,129
4065000,8130.0000007388,-621860.575333375,299.5747994123466,483.34161745280426,129
4070000,8140.000000740837,-625113.3699729503,300.90330430888105,480.6319671337569,129
4075000,8150.000000742874,-623430.1295783403,299.39480670727755,481.29189107929767,129
4080000,8160.000000744912,-623800.8445439241,298.047288094727,480.3009735351083,129
4085000,8170.000000746949,-623156.276352929,299.52811207962645,482.02053028480617,129
4090000,8180.000000748986,-623436.9747619336,299.1037769459143,480.1741475623633,129
4095000,8190.000000751023,-623826.8220726433,300.8636019949576,481.1556182550809,129
4100000,8200.00000075306,-624839.3666195665,302.1215524918208,480.6333269088159,129
4105000,8210.000000755097,-622648.19028734,301.54310919135986,481.973003408439,129
4110000,8220.000000757134,-623931.3127311864,301.1584192733249,480.94157367626036,129
4115000,8230.000000759172,-621581.4318346609,301.6391103761297,479.5896201135047,129
4120000,8240.000000761209,-622225.6439836249,299.5206702748594,479.6359446797229,129
4125000,8250.000000763246,-622586.7829630724,299.9080057449726,479.6379090454948,129
4130000,8260.000000765283,-622113.3615780091,301.0185095371546,482.4951589996955,129
4135000,8270.00000076732,-622137.1651134784,299.0519507710277,480.10986102194727,129
4140000,8280.000000769358,-622240.998699076,300.4108319345908,483.33002539340083,129
4145000,8290.000000771395,-622865.1818467574,299.5955260757515,480.52830311161546,129
4150000,8300.000000773432,-622514.9592616097,300.62091541545715,481.64950139496545,129
4155000,8310.00000077547,-623025.6535579353,301.7628042103524,479.2094630341038,129
4160000,8320.000000777507,-622630.2364816098,300.2895742922101,482.28261089398035,129
4165000,8330.000000779544,-622903.8426291412,299.379713737507,482.4082244083009,129
4170000,8340.000000781582,-622808.5171199702,301.09682929832195,481.1279243883656,129
4175000,8350.000000783619,-623322.6935076355,299.4921021189634,480.00876298776575,129
4180000,8360.000000785656,-622420.6773065538,299.11525369341956,481.07015289765525,129
4185000,8370.000000787693,-622308.6963704149,302.67947848911325,481.02488461491413,129
4190000,8380.00000078973,-623123.3947644066,301.68695870652454,482.6744751322941,129
4195000,8390.000000791768,-621200.8605661583,299.3995268289712,484.1238897385532,129
4200000,8400.000000793805,-621994.3970477041,300.60563211819897,481.38818562806773,129
4205000,8410.000000795842,-622009.4413816049,298.4752584834531,481.02360093188383,129
4210000,8420.00000079788,-624007.9605409051,297.40542767538153,481.10827294597897,129
4215000,8430.000000799917,-623115.2113097077,299.6426321289445,481.1399344042936,129
4220000,8440.000000801954,-624486.2368888389,300.0450415360794,477.9265870069349,129
4225000,8450.000000803991,-621385.7900743303,298.54282474156827,479.793949080634,129
4230000,8460.000000806029,-623678.9615559517,299.9067305508054,480.1251705820018,129
4235000,8470.000000808066,-623656.5225017169,301.2112351511473,480.85401370405407,129
4240000,8480.000000810103,-622967.4006004469,299.86944539597505,481.0255874882962,129
4245000,8490.00000081214,-623041.0486750081,302.58975811143586,481.6255381769512,129
4250000,8500.000000814178,-623466.302764935,298.1944493081767,479.3586998793709,129
4255000,8510.000000816215,-622335.8927182509,300.38302508864547,480.7595204580125,129
4260000,8520.000000818252,-624820.786809463,299.72508199659376,480.05541293414745,129
4265000,8530.00000082029,-623161.8240606799,300.41345845392044,479.9613707455007,129
4270000,8540.000000822327,-623931.7675481774,298.5802050601424,480.7803132527981,129
4275000,8550.000000824364,-622941.7888061381,302.70125195370025,481.34898139051796,129
4280000,8560.000000826401,-624994.1864490984,301.1268820086216,481.34158161012937,129
4285000,8570.000000828439,-622239.6842938233,299.3347012866782,479.2797585765774,129
4290000,8580.000000830476,-623339.9169275784,301.45894637632176,479.7962619426139,129
4295000,8590.000000832513,-621991.6236108216,301.0952686129232,482.91003192932,129
4300000,8600.00000083455,-621979.2832475957,301.39273144336886,481.4400316689354,129
4305000,8610.000000836588,-622813.2620942448,297.77327361075953,482.329313948544,129
4310000,8620.000000838625,-622344.9754629908,299.54554607749503,478.9588977361093,129
4315000,8630.000000840662,-623282.0022917325,298.84662547735263,479.3337087819876,129
4320000,8640.0000008427,-622875.2414096207,299.6315741019121,481.7171199297943,129
4325000,8650.000000844737,-623071.9927583598,303.1962366508274,480.70293172122877,129
4330000,8660.000000846774,-622264.2159331795,301.2516226440263,481.80286289693544,129
4335000,8670.000000848811,-624114.3627269631,300.7155272095672,480.4198072007537,129
4340000,8680.000000850849,-623617.685564945,300.66360587093664,479.9035701896684,129
4345000,8690.000000852886,-623468.6506186109,299.7227790339932,480.6741481064054,129
4350000,8700.000000854923,-622740.1487205378,300.2158033579976,482.9426695168898,129
4355000,8710.00000085696,-622748.0065922388,300.40569309242437,481.1751274982425,129
4360000,8720.000000858998,-622325.520145508,300.6705528242358,480.3125153963729,129
4365000,8730.000000861035,-623102.6160377748,300.60860122700626,480.5077572141205,129
4370000,8740.000000863072,-621767.4412976899,298.57447620276423,481.02621205186756,129
4375000,8750.00000086511,-623037.587419657,299.4247261883358,480.34376966338016,129
4380000,8760.000000867147,-623819.6914503127,299.7521275325886,481.6388248275622,129
4385000,8770.000000869184,-623115.7175459303,301.50234104350557,480.25031904078537,129
4390000,8780.000000871221,-623884.0472001228,301.04795319949386,479.54081148826225,129
4395000,8790.000000873259,-624596.0898824544,299.61663339413167,481.3255189008359,129
4400000,8800.000000875296,-622552.3115891665,300.4862016196996,479.9379100978279,129
4405000,8810.000000877333,-622217.6289267889,302.7641742211168,482.28437220532794,129
4410000,8820.00000087937,-622664.1564736417,298.3531634001267,479.9268205775236,129
4415000,8830.000000881408,-623610.1974427234,301.3250509887611,482.64744711931166,129
4420000,8840.000000883445,-623468.6112986831,299.5835735095272,481.0903108596148,129
4425000,8850.000000885482,-621935.8948600949,303.31125155161334,481.3546775298991,129
4430000,8860.00000088752,-622948.9492265633,302.0660720291713,480.45659368999236,129
4435000,8870.000000889557,-622175.8364039725,302.204896898662,480.48994379765134,129
4440000,8880.000000891594,-622643.4871073132,302.4498483752655,480.34646466966984,129
4445000,8890.000000893631,-621787.8284559567,299.86849375853683,482.40423325277527,129
4450000,8900.000000895669,-621622.8099671714,301.3883729439017,481.726067620919,129
4455000,8910.000000897706,-623039.7422056827,299.3693218566814,481.228690566122,129
4460000,8920.000000899743,-622445.4026682572,299.0114871471536,481.9046757995888,129
4465000,8930.00000090178,-623438.3908171956,299.4099187097968,479.6352617759993,129
4470000,8940.000000903818,-621794.1009128056,300.1111613052885,483.15566212760984,129
4475000,8950.000000905855,-622749.8353655552,302.6481505846463,481.68292166241287,129
4480000,8960.000000907892,-621180.1465064902,299.7660214391869,482.9467831760191,129
4485000,8970.00000090993,-623289.625042411,299.5324515463448,483.2890155625834,129
4490000,8980.000000911967,-622679.0488526151,301.7550959471026,481.4111119041024,129
4495000,8990.000000914004,-623064.5557062887,300.9657317248297,479.1063484762184,129
4500000,9000.000000916041,-623553.1494573243,302.3799791545498,480.3383672326564,129
4505000,9010.000000918079,-622458.0095158485,301.94532827100716,479.5452005024684,129
4510000,9020.000000920116,-622919.3943510684,297.74419157064693,480.8888180436064,129
4515000,9030.000000922153,-623573.1351503888,299.09395604755167,483.3545542395257,129
4520000,9040.00000092419,-622615.7083920226,300.1142446105884,481.22646898733757,129
4525000,9050.000000926228,-622914.0373037844,300.64059527768,481.4232338627261,129
4530000,9060.000000928265,-624778.3771081641,297.65340535903863,480.78836273588564,129
4535000,9070.000000930302,-623473.1929307305,300.43334767637964,482.30388717241027,129
4540000,9080.00000093234,-623930.8523708433,299.3522114155418,481.36443757254267,129
4545000,9090.000000934377,-622702.5620837016,298.1873310601386,479.9642834765908,129
4550000,9100.000000936414,-622832.323194861,300.06637724744485,482.9079404152654,129
4555000,9110.000000938451,-623170.6382598416,299.9160375649514,480.48344707830137,129
4560000,9120.000000940488,-622900.6866787039,297.3353300616807,479.73303790556264,129
4565000,9130.000000942526,-623469.0976283634,300.0297392060725,479.5385676291026,129
4570000,9140.000000944563,-623306.0293691144,300.41130775331,480.87146641369617,129
4575000,9150.0000009466,-622926.2065527504,300.6519958941901,480.3682459741879,129
4580000,9160.000000948638,-622553.6469796686,301.3175140202502,481.447485380359,129
4585000,9170.000000950675,-621970.8054721113,303.02831070847526,482.2923860685023,129
4590000,9180.000000952712,-622221.9226781758,299.57188740178555,481.4176485154857,129
4595000,9190.00000095475,-621765.3294151537,301.60903863308124,479.6712751888117,129
4600000,9200.000000956787,-621878.3323603538,301.0292630402068,480.7188277179082,129
4605000,9210.000000958824,-623649.4444032414,298.9094335482766,480.3887553912649,129
4610000,9220.000000960861,-621303.3161120308,301.7122722623817,481.8418884956917,129
4615000,9230.000000962898,-623277.3514269888,298.89344603931414,481.1839239098898,129
4620000,9240.000000964936,-623001.3129523345,299.75842737242976,480.2512262184979,129
4625000,9250.000000966973,-623157.7205729741,298.2491494281269,480.2703087966516,129
4630000,9260.00000096901,-622745.7528034756,300.56033417613867,481.0035490436773,129
4635000,9270.000000971047,-624691.1358122113,300.3702541142242,480.23099224543495,129
4640000,9280.000000973085,-623954.9110416356,300.28557741496945,480.97958126750734,129
4645000,9290.000000975122,-622545.8119175066,300.87570682317204,480.5984501804869,129
4650000,9300.00000097716,-622968.726878617,302.64727507820317,481.1792341522892,129
4655000,9310.000000979197,-622883.5049852948,299.45053459566094,481.9486179329429,129
4660000,9320.000000981234,-621609.0319111892,299.56610144616104,479.95808800860317,129
4665000,9330.000000983271,-623896.9328953549,299.63104118494664,481.4433233955365,129
4670000,9340.000000985308,-623867.9861315843,299.71977185968836,481.447009332855,129
4675000,9350.000000987346,-621917.6804970005,297.77938312311306,482.49594730334815,129
4680000,9360.000000989383,-622852.053398171,299.5277885228974,482.5726770754797,129
4685000,9370.00000099142,-623251.023237492,299.13139346437214,479.210530244648,129
4690000,9380.000000993457,-623227.321948682,302.15636338931165,479.19163440243966,129
4695000,9390.000000995495,-622612.4365250859,299.40641668402407,482.06460322001954,129
4700000,9400.000000997532,-622946.0126233525,299.0144372232122,480.6429111449843,129
4705000,9410.00000099957,-622774.8440552442,300.87627780563497,481.4093350787013,129
4710000,9420.000001001607,-622880.5628591226,300.6338957501148,478.77468256358634,129
4715000,9430.000001003644,-621407.9681971287,300.3482141911545,483.1556476863867,129
4720000,9440.000001005681,-624262.670483537,299.0954596347041,482.18011097572895,129
4725000,9450.000001007718,-623224.5308481264,299.55983967181743,481.61978576215495,129
4730000,9460.000001009756,-623246.4987844387,299.07391456310233,481.6766473518018,129
4735000,9470.000001011793,-623095.5505544012,301.0928324210813,481.63741756729104,129
4740000,9480.00000101383,-623188.7770391414,299.5778065866514,481.43603397383055,129
4745000,9490.000001015867,-621684.1329138684,299.529120815311,481.41948775205185,129
4750000,9500.000001017905,-622359.0026628906,297.5724210130443,481.74209391628426,129
4755000,9510.000001019942,-622549.2962253392,301.2975296340472,482.27837641942637,129
4760000,9520.00000102198,-622687.763074894,300.21683112643086,480.4906768762901,129
4765000,9530.000001024016,-622710.4305164786,300.44861194088907,481.058992905897,129
4770000,9540.000001026054,-624316.7602660181,300.1197450749814,479.6868964513625,129
4775000,9550.000001028091,-622389.147323607,299.54741128687397,481.0699655439729,129
4780000,9560.000001030128,-623119.5362199792,299.75566762385887,480.6287619815742,129
4785000,9570.000001032166,-622934.1580796419,301.97094635084466,481.5216373521225,129
4790000,9580.000001034203,-623506.2907958971,298.6915847059143,480.2919110297137,129
4795000,9590.00000103624,-622944.1171129392,300.09606833551794,481.1610899570378,129
4800000,9600.000001038277,-622647.4610573524,300.5413394928714,479.973691391895,129
4805000,9610.000001040315,-623590.3059679894,302.22486225211634,479.5432538348865,129
4810000,9620.000001042352,-622781.4290184416,301.2480825527561,478.83834490018705,129
4815000,9630.00000104439,-622726.1241974542,299.7650317362511,480.7037112114392,129
4820000,9640.000001046426,-624039.6706085769,300.41522849955555,480.84309824437173,129
4825000,9650.000001048464,-621524.122166873,299.5948789622935,481.8573314527552,129
4830000,9660.000001050501,-622783.074844515,301.8373935527618,483.02238011194436,129
4835000,9670.000001052538,-622931.2985451161,300.2539449865223,481.38108148489044,129
4840000,9680.000001054575,-621308.3843168542,301.52637940519554,481.7932420841996,129
4845000,9690.000001056613,-621558.9043988138,299.65696378876436,481.18648922882954,129
4850000,9700.00000105865,-622064.6330118189,298.50342695162504,480.4542609432961,129
4855000,9710.000001060687,-622471.0725473654,301.60995220502195,481.4457814917794,129
4860000,9720.000001062725,-623270.3466338175,297.4713190516054,480.6847126309675,129
4865000,9730.000001064762,-622846.7326959949,301.21563171611206,479.33457840803896,129
4870000,9740.000001066799,-624102.2453758107,299.79594092024524,480.03908279466305,129
4875000,9750.000001068836,-622473.8778831447,298.79009821352105,480.52041639032115,129
4880000,9760.000001070874,-623485.032309426,301.81992148939565,481.8350240564221,129
4885000,9770.00000107291,-623314.6497233263,299.38759329549566,481.52200725777476,129
4890000,9780.000001074948,-622827.6664276221,300.9224322213897,481.1335731523134,129
4895000,9790.000001076985,-623983.8579890947,299.2185253882176,481.5195096396682,129
4900000,9800.000001079023,-622332.4399327296,298.5625426692887,480.2140965579699,129
4905000,9810.00000108106,-622220.682429092,300.81050062590367,480.94293455140064,129
4910000,9820.000001083097,-621846.4613993284,298.4334625671655,481.34916420688285,129
4915000,9830.000001085134,-622660.8549506031,300.00394983149613,479.9740727862619,129
4920000,9840.000001087172,-624116.5437705391,297.63412518453987,479.6555557205081,129
4925000,9850.000001089209,-623547.0924993716,300.06580626498186,481.5249871240345,129
4930000,9860.000001091246,-622771.5167116914,300.6385207080646,479.3258576725848,129
4935000,9870.000001093284,-622793.9216844644,301.39004782579303,482.0842072533149,129
4940000,9880.00000109532,-623426.1676631831,298.54423316497684,480.7754503159232,129
4945000,9890.000001097358,-623907.3474861542,302.604070738507,480.2884493391352,129
4950000,9900.000001099395,-622103.5022541843,302.1073350284935,480.7444989315679,129
4955000,9910.000001101433,-622430.427418754,300.4699476522544,481.10999405361736,129
4960000,9920.00000110347,-623523.3187721549,300.23177183421126,479.9518003856913,129
4965000,9930.000001105507,-623218.6803192119,299.3267646304432,480.1211413267722,129
4970000,9940.000001107544,-622129.9854678288,300.12497908089176,480.7247709797119,129
4975000,9950.000001109582,-622448.2232489684,300.83969686250896,480.9975240756747,129
4980000,9960.000001111619,-622462.7874380439,300.91362005871156,481.5134689124357,129
4985000,9970.000001113656,-621398.6461385,299.131165071387,482.218836795765,129
4990000,9980.000001115694,-623313.2892510011,301.9815095264091,481.1702963258031,129
4995000,9990.00000111773,-622933.5153546901,299.6056895635919,479.1446380870972,129
5000000,10000.000001119768,-622447.5501297964,298.5527788691723,482.02453913451774,129
5005000,10010.000001121805,-622005.761256903,301.40097262358404,479.49501676196377,129
5010000,10020.000001123843,-622222.4667214034,300.97631393314293,480.6814011398179,129
5015000,10030.00000112588,-623016.7685908577,300.806998600131,478.3624567544376,129
5020000,10040.000001127917,-623986.6578108091,300.5964583332943,479.6494150328485,129
5025000,10050.000001129954,-622703.6264107074,300.517738884403,481.97117853937596,129
5030000,10060.000001131992,-623243.1590811131,300.8929124280554,481.74525467757906,129
5035000,10070.000001134029,-622941.7868609196,302.6757480703554,483.3289937458869,129
5040000,10080.000001136066,-623410.4970529499,300.8297427349049,481.64216301540296,129
5045000,10090.000001138103,-623776.372480147,301.9904549183286,479.5561522695123,129
5050000,10100.00000114014,-622548.8768428718,301.2370625912212,481.30906241187864,129
