#"Step","Time (ps)","Potential Energy (kJ/mole)","Temperature (K)","Box Volume (nm^3)","Speed (ns/day)"
55000,109.99999999992504,-1534035.6125625642,300.16642003764554,1193.6865277149943,--
60000,119.99999999990173,-1530208.2069342695,298.51688742891423,1191.58521096477,59.6
65000,129.99999999989262,-1531853.746429964,299.4459356013967,1194.5900287128427,60.1
70000,139.99999999994037,-1532418.8994131498,298.9613782151003,1198.2804093267894,60.8
75000,149.99999999998812,-1530861.8238425422,299.41201875851254,1194.1320304077312,60.3
80000,160.00000000003587,-1533245.329946083,300.39765712122846,1194.8458800045146,60.4
85000,170.00000000008362,-1533607.712808621,299.4501907364472,1194.164040664146,60.4
90000,180.00000000013137,-1536081.2534959652,299.9341579945249,1193.0010948154652,60.6
95000,190.0000000001791,-1532209.1816011602,300.77437634040604,1196.2572090971007,60.7
100000,200.00000000022686,-1534287.7793396749,301.0044331675516,1192.521905667833,60.3
105000,210.0000000002746,-1531728.1780371238,299.1005242371891,1192.8069140308417,60.2
110000,220.00000000032236,-1532411.4423413547,300.1202036803089,1190.7126346864757,60
115000,230.0000000003701,-1533268.9124827012,300.57478876497237,1194.3734459451264,59.6
120000,240.00000000041786,-1531248.6291033179,301.0019173577772,1193.4582422501405,59.8
125000,250.0000000004656,-1532149.8302823668,299.6771416255997,1193.6720458406223,60
130000,260.00000000051335,-1533866.321759087,299.88819011222773,1193.0306675696988,59.8
135000,270.0000000005611,-1534749.5596640678,299.9664908090326,1193.9535419894394,59.7
140000,280.00000000060885,-1533770.5740012042,299.05409046419294,1195.1452040978052,59.5
145000,290.0000000006566,-1532770.6451642876,298.70706401222895,1194.0061067105457,59.5
150000,300.00000000070435,-1530770.088706131,300.447942257336,1196.7437994777529,59.3
155000,310.0000000007521,-1531701.1811345024,302.0857965392134,1195.0501506624507,59.4
160000,320.00000000079984,-1530026.033074826,301.2579708859246,1194.2703037556794,59.6
165000,330.0000000008476,-1533393.7325611692,301.392830713583,1190.219704341742,59.5
170000,340.00000000089534,-1533808.9785131514,300.3749527144992,1191.3958414958372,59.4
175000,350.0000000009431,-1531641.375527827,299.852751359727,1193.4331856475408,59.3
180000,360.00000000099084,-1533946.368538756,299.6345592157149,1193.4172008317494,59.3
185000,370.0000000010386,-1534726.0721837813,299.9087203623618,1192.9915975972197,59.3
190000,380.00000000108633,-1533028.4292461984,299.5122163181685,1191.927654034426,59.4
195000,390.0000000011341,-1533524.1355612185,300.0803855552379,1192.8634977197974,59.5
200000,400.00000000118183,-1534969.2016280303,299.65036844009956,1192.5315842425482,59.4
205000,410.0000000012296,-1531522.342126296,299.40527887306763,1195.1130095212648,59.4
210000,420.00000000127733,-1534017.8030399494,301.0931076972533,1195.0347358407055,59.4
215000,430.0000000013251,-1533889.1541332928,299.92602043698315,1190.2015541174926,59.3
220000,440.0000000013728,-1533484.023792426,298.9578374457882,1193.444190300856,59.3
225000,450.0000000014206,-1532878.2758404538,300.0165585294807,1193.2048473383466,59.2
230000,460.0000000014683,-1533453.1652325848,299.780755717048,1194.1763626047393,59.3
235000,470.00000000151607,-1532317.4903730806,299.0301126228866,1192.7058169335016,59.3
240000,480.0000000015638,-1531992.3450235547,299.3398367595539,1194.7237163852312,59.3
245000,490.00000000161157,-1533398.5778189655,300.24136632141796,1192.354831265404,59.3
250000,500.0000000016593,-1533922.407226394,300.0152540355236,1196.2487776252128,59.2
255000,510.00000000170706,-1532516.7780729346,299.5282740175926,1192.8339586225254,59.1
260000,520.0000000015274,-1533218.8553684019,299.7127356750001,1191.3821817443954,59
265000,530.0000000012909,-1531734.811024052,300.1422558400596,1192.9787128491876,59.1
270000,540.0000000010544,-1533438.2345596822,299.2546719397844,1193.6662528933698,59.2
275000,550.000000000818,-1533960.060512836,299.77538244432003,1193.332349346969,59.2
280000,560.0000000005815,-1531964.5265552355,301.07416147549566,1194.2420091592433,59.1
285000,570.000000000345,-1530761.319543086,301.7880923825791,1194.959999773802,59.1
290000,580.0000000001086,-1531524.852129125,301.9192250846459,1195.2509001113083,59.2
295000,589.9999999998721,-1533625.2013115874,299.977516888908,1192.4902268701594,59.3
300000,599.9999999996356,-1532533.9820741815,300.69060919273335,1194.3271377370772,59.4
305000,609.9999999993992,-1533782.697888107,301.01365780339097,1196.1762272196258,59.5
310000,619.9999999991627,-1532276.8558620485,302.2101272370754,1193.6936755544054,59.5
315000,629.9999999989262,-1532564.11874081,300.5919956614539,1191.8579982519504,59.6
320000,639.9999999986898,-1531657.5469820257,301.5136827608928,1195.68422935666,59.6
325000,649.9999999984533,-1532076.009177329,300.7847501733029,1195.2006159012774,59.7
330000,659.9999999982168,-1533507.805427136,301.286421277941,1192.87355968912,59.8
335000,669.9999999979804,-1530692.3133117855,299.85570200082043,1192.1099847483217,59.9
340000,679.9999999977439,-1533735.9140794165,299.63157751524153,1195.8360802058548,60
345000,689.9999999975074,-1532742.4591661645,298.2572931314548,1190.9662645906205,60.1
350000,699.999999997271,-1531594.5889251987,299.7249730706927,1193.8354475836,60.1
355000,709.9999999970345,-1532947.3591684876,301.23837241718843,1196.0492414901262,60.1
360000,719.999999996798,-1534355.9611012246,302.32427045832014,1190.7510022860613,60.1
365000,729.9999999965615,-1533873.3577458654,298.96001160238336,1193.611629458417,60.1
370000,739.9999999963251,-1534246.9382178439,299.08797624769716,1191.5334083443086,60.2
375000,749.9999999960886,-1532029.9898185767,299.0677255319825,1194.7707381320993,60.2
380000,759.9999999958521,-1532957.4872382358,301.59480986127136,1195.6764514630283,60.2
385000,769.9999999956157,-1534406.0941497693,299.6293722992665,1194.2448768496372,60.2
390000,779.9999999953792,-1531592.2565708254,298.6158736727529,1194.747335384209,60.2
395000,789.9999999951427,-1532181.8371787034,300.42694611650296,1191.6451954370973,60.3
400000,799.9999999949063,-1532435.9491391154,299.51724793771723,1193.63151934243,60.3
405000,809.9999999946698,-1533383.688982877,299.4557814248347,1192.258375773968,60.3
410000,819.9999999944333,-1530623.3665892323,299.99385412275143,1193.8823906048212,60.3
415000,829.9999999941969,-1532541.5164587386,301.6885160105218,1195.6620778641668,60.3
420000,839.9999999939604,-1534909.2944923583,300.2402792431204,1193.2653411056858,60.3
425000,849.9999999937239,-1533052.8380337767,300.45996223736915,1193.831925208326,60.3
430000,859.9999999934874,-1534901.4195282208,300.46313029412204,1192.5743442752307,60.4
435000,869.999999993251,-1532474.2964092297,300.4919223393176,1192.1625181719146,60.4
440000,879.9999999930145,-1534351.8083082726,300.9677520398536,1190.321988570524,60.5
445000,889.999999992778,-1532836.1170050874,299.5996795320529,1194.3671192108127,60.5
450000,899.9999999925416,-1532786.131987948,299.7755998599795,1195.5644026032646,60.6
455000,909.9999999923051,-1533452.4011987858,299.62667013321254,1195.308061166067,60.6
460000,919.9999999920686,-1532862.6858310737,298.8343764105643,1196.1082776554292,60.7
465000,929.9999999918322,-1533354.8153686263,299.92279026147037,1190.4410282775082,60.7
470000,939.9999999915957,-1533814.7965414887,300.2603436025555,1194.6286306984036,60.6
475000,949.9999999913592,-1534599.7850603554,301.30052223642946,1191.6143944100916,60.6
480000,959.9999999911228,-1533942.664332834,298.8884818504033,1194.907256739999,60.6
485000,969.9999999908863,-1535464.8544409825,301.03546148810216,1196.36858934164,60.6
490000,979.9999999906498,-1534087.943863362,300.35035368559426,1193.5005831815008,60.6
495000,989.9999999904134,-1532127.898609439,300.8307180556,1193.2807945956365,60.6
500000,999.9999999901769,-1533616.2091736672,299.8434956645077,1194.2244518499572,60.6
505000,1009.9999999899404,-1531483.5968080703,300.82140024162084,1193.4730429880262,60.6
510000,1019.999999989704,-1532880.9396919357,299.1589779902184,1194.1652117396945,60.6
515000,1029.9999999894676,-1532941.6078056563,301.05676822273455,1193.6994733093368,60.6
520000,1039.9999999892311,-1532887.0545850908,299.6239058483987,1196.2281138650087,60.6
525000,1049.9999999889947,-1530756.723720817,299.26482835702166,1196.265308146557,60.6
530000,1059.9999999887582,-1531707.5849604802,299.98857402816327,1193.5822460983613,60.6
535000,1069.9999999885217,-1534518.1736767022,298.725823877707,1192.7259635126145,60.7
540000,1079.9999999882853,-1531569.2684770627,300.3284878821231,1197.9850691692232,60.7
545000,1089.9999999880488,-1532513.7321590576,300.4036515815551,1193.858230903966,60.7
550000,1099.9999999878123,-1532802.6514557637,299.97633663247063,1193.1901203484574,60.8
555000,1109.9999999875758,-1533279.3389413422,299.8056653397523,1192.847616800652,60.8
560000,1119.9999999873394,-1534344.4635917358,301.8047712696019,1190.135307846929,60.8
565000,1129.999999987103,-1533567.4908741591,300.6291426798508,1195.0860519138355,60.8
570000,1139.9999999868664,-1532817.9451470757,300.5724593114776,1192.9370706589966,60.8
575000,1149.99999998663,-1535152.031500333,299.3570747154154,1191.562662183071,60.8
580000,1159.9999999863935,-1532112.7960274592,300.1463556782104,1196.8842052442212,60.8
585000,1169.999999986157,-1532240.0314571839,301.2791533830372,1193.319811718359,60.8
590000,1179.9999999859206,-1533397.7234346243,298.73076231911597,1194.4237778453305,60.8
595000,1189.999999985684,-1534759.437379526,301.2428760272784,1194.5015048663881,60.8
600000,1199.9999999854476,-1533497.9286559224,299.90123505179855,1194.024070168615,60.8
605000,1209.9999999852112,-1532145.3241989836,301.01170106245536,1194.6939714675839,60.8
610000,1219.9999999849747,-1532704.517883908,299.9161435541652,1195.604315740914,60.8
615000,1229.9999999847382,-1531329.221034103,301.32891050968595,1195.2200457743622,60.8
620000,1239.9999999845018,-1530786.2423451627,300.57624855582907,1195.3720976936609,60.8
625000,1249.9999999842653,-1534752.6788314367,299.5822552199119,1196.1718641036102,60.8
630000,1259.9999999840288,-1530632.9347993182,301.80560987286,1193.4056365772035,60.7
635000,1269.9999999837923,-1533033.9834884787,299.3151134931292,1194.1754628454837,60.7
640000,1279.9999999835559,-1534770.2697479026,299.9607448237455,1192.473470336226,60.7
645000,1289.9999999833194,-1532799.8519468494,300.68759643288007,1194.8962343047997,60.7
650000,1299.999999983083,-1532762.1142166033,300.21555597669567,1194.4298620986024,60.7
655000,1309.9999999828465,-1531193.838904648,300.3922527891205,1196.43354297294,60.7
660000,1319.99999998261,-1530363.1833473481,300.99846976660496,1195.4033660264956,60.8
665000,1329.9999999823735,-1530852.2836559415,300.6518781459599,1197.2776241564193,60.8
670000,1339.999999982137,-1532321.0583481714,300.5251248164634,1192.7670966796115,60.8
675000,1349.9999999819006,-1533817.7356986627,299.2537712177664,1194.107952618153,60.8
680000,1359.9999999816641,-1532382.9827896962,300.3909793545434,1194.6789377546381,60.8
685000,1369.9999999814277,-1533358.7190352445,299.38210857563945,1194.6309782527164,60.9
690000,1379.9999999811912,-1531537.9706891477,299.4696028489038,1193.5744705479324,60.9
695000,1389.9999999809547,-1532449.2765556267,298.2271344735422,1193.8415299928517,60.9
700000,1399.9999999807183,-1533912.4517461685,300.46365830358087,1194.3465387966094,60.9
705000,1409.9999999804818,-1533539.194361357,300.1700229257175,1195.3221019613482,61
