restrained 53 heavy atoms of residue FAD at k=10.0 kcal/mol/A^2
System 06_md/system_MAOA_p3_r2: 118923 atoms, 5000000 production steps
Minimizing...
Heating / equilibration (100 ps)...
#"Step","Potential Energy (kJ/mole)","Temperature (K)","Box Volume (nm^3)","Speed (ns/day)"
5000,-1529202.9360310202,298.5924238409053,1202.7276920491604,--
10000,-1531760.9017060176,300.43020735139567,1198.5850807658815,62.4
15000,-1530049.1352100577,300.38374251901956,1197.0382914112881,61.5
20000,-1531521.6797039537,300.74710620482705,1198.184654723719,61.9
25000,-1530206.5943766236,299.3003602876622,1199.3450624674904,62.1
30000,-1531012.8875789167,298.9329588824638,1196.4541007780895,62.3
35000,-1530775.0218810989,301.6193467714165,1193.5127987187586,62.3
40000,-1531379.2937418185,298.2913031524787,1190.9798380898062,61.8
45000,-1532387.6258753259,298.7397384799159,1191.2100559263172,61.4
50000,-1530696.7467654487,301.8184373967713,1193.9621498877773,61.3
Production run...
55000,-1534035.6125625642,300.16642003764554,1193.6865277149943,61.4
60000,-1530208.2069342695,298.51688742891423,1191.58521096477,60
65000,-1531853.746429964,299.4459356013967,1194.5900287128427,60
70000,-1532418.8994131498,298.9613782151003,1198.2804093267894,60.2
75000,-1530861.8238425422,299.41201875851254,1194.1320304077312,60.1
80000,-1533245.329946083,300.39765712122846,1194.8458800045146,60.1
85000,-1533607.712808621,299.4501907364472,1194.164040664146,60.2
90000,-1536081.2534959652,299.9341579945249,1193.0010948154652,60.3
95000,-1532209.1816011602,300.77437634040604,1196.2572090971007,60.3
100000,-1534287.7793396749,301.0044331675516,1192.521905667833,60.1
105000,-1531728.1780371238,299.1005242371891,1192.8069140308417,60.1
110000,-1532411.4423413547,300.1202036803089,1190.7126346864757,60
115000,-1533268.9124827012,300.57478876497237,1194.3734459451264,59.8
120000,-1531248.6291033179,301.0019173577772,1193.4582422501405,59.9
125000,-1532149.8302823668,299.6771416255997,1193.6720458406223,60
130000,-1533866.321759087,299.88819011222773,1193.0306675696988,59.9
135000,-1534749.5596640678,299.9664908090326,1193.9535419894394,59.9
140000,-1533770.5740012042,299.05409046419294,1195.1452040978052,59.7
145000,-1532770.6451642876,298.70706401222895,1194.0061067105457,59.7
150000,-1530770.088706131,300.447942257336,1196.7437994777529,59.5
155000,-1531701.1811345024,302.0857965392134,1195.0501506624507,59.6
160000,-1530026.033074826,301.2579708859246,1194.2703037556794,59.7
165000,-1533393.7325611692,301.392830713583,1190.219704341742,59.7
170000,-1533808.9785131514,300.3749527144992,1191.3958414958372,59.6
175000,-1531641.375527827,299.852751359727,1193.4331856475408,59.5
180000,-1533946.368538756,299.6345592157149,1193.4172008317494,59.5
185000,-1534726.0721837813,299.9087203623618,1192.9915975972197,59.5
190000,-1533028.4292461984,299.5122163181685,1191.927654034426,59.6
195000,-1533524.1355612185,300.0803855552379,1192.8634977197974,59.6
200000,-1534969.2016280303,299.65036844009956,1192.5315842425482,59.6
205000,-1531522.342126296,299.40527887306763,1195.1130095212648,59.6
210000,-1534017.8030399494,301.0931076972533,1195.0347358407055,59.5
215000,-1533889.1541332928,299.92602043698315,1190.2015541174926,59.5
220000,-1533484.023792426,298.9578374457882,1193.444190300856,59.5
225000,-1532878.2758404538,300.0165585294807,1193.2048473383466,59.4
230000,-1533453.1652325848,299.780755717048,1194.1763626047393,59.5
235000,-1532317.4903730806,299.0301126228866,1192.7058169335016,59.5
240000,-1531992.3450235547,299.3398367595539,1194.7237163852312,59.5
245000,-1533398.5778189655,300.24136632141796,1192.354831265404,59.4
250000,-1533922.407226394,300.0152540355236,1196.2487776252128,59.4
255000,-1532516.7780729346,299.5282740175926,1192.8339586225254,59.3
260000,-1533218.8553684019,299.7127356750001,1191.3821817443954,59.2
265000,-1531734.811024052,300.1422558400596,1192.9787128491876,59.3
270000,-1533438.2345596822,299.2546719397844,1193.6662528933698,59.3
275000,-1533960.060512836,299.77538244432003,1193.332349346969,59.3
280000,-1531964.5265552355,301.07416147549566,1194.2420091592433,59.3
285000,-1530761.319543086,301.7880923825791,1194.959999773802,59.3
290000,-1531524.852129125,301.9192250846459,1195.2509001113083,59.4
295000,-1533625.2013115874,299.977516888908,1192.4902268701594,59.5
300000,-1532533.9820741815,300.69060919273335,1194.3271377370772,59.5
305000,-1533782.697888107,301.01365780339097,1196.1762272196258,59.6
310000,-1532276.8558620485,302.2101272370754,1193.6936755544054,59.6
315000,-1532564.11874081,300.5919956614539,1191.8579982519504,59.7
320000,-1531657.5469820257,301.5136827608928,1195.68422935666,59.7
325000,-1532076.009177329,300.7847501733029,1195.2006159012774,59.8
330000,-1533507.805427136,301.286421277941,1192.87355968912,59.8
335000,-1530692.3133117855,299.85570200082043,1192.1099847483217,59.9
340000,-1533735.9140794165,299.63157751524153,1195.8360802058548,60
345000,-1532742.4591661645,298.2572931314548,1190.9662645906205,60.1
350000,-1531594.5889251987,299.7249730706927,1193.8354475836,60.1
355000,-1532947.3591684876,301.23837241718843,1196.0492414901262,60.1
360000,-1534355.9611012246,302.32427045832014,1190.7510022860613,60.1
365000,-1533873.3577458654,298.96001160238336,1193.611629458417,60.1
370000,-1534246.9382178439,299.08797624769716,1191.5334083443086,60.2
375000,-1532029.9898185767,299.0677255319825,1194.7707381320993,60.2
380000,-1532957.4872382358,301.59480986127136,1195.6764514630283,60.2
385000,-1534406.0941497693,299.6293722992665,1194.2448768496372,60.2
390000,-1531592.2565708254,298.6158736727529,1194.747335384209,60.2
395000,-1532181.8371787034,300.42694611650296,1191.6451954370973,60.2
400000,-1532435.9491391154,299.51724793771723,1193.63151934243,60.3
405000,-1533383.688982877,299.4557814248347,1192.258375773968,60.3
410000,-1530623.3665892323,299.99385412275143,1193.8823906048212,60.3
415000,-1532541.5164587386,301.6885160105218,1195.6620778641668,60.3
420000,-1534909.2944923583,300.2402792431204,1193.2653411056858,60.3
425000,-1533052.8380337767,300.45996223736915,1193.831925208326,60.3
430000,-1534901.4195282208,300.46313029412204,1192.5743442752307,60.3
435000,-1532474.2964092297,300.4919223393176,1192.1625181719146,60.4
440000,-1534351.8083082726,300.9677520398536,1190.321988570524,60.4
445000,-1532836.1170050874,299.5996795320529,1194.3671192108127,60.5
450000,-1532786.131987948,299.7755998599795,1195.5644026032646,60.5
455000,-1533452.4011987858,299.62667013321254,1195.308061166067,60.6
460000,-1532862.6858310737,298.8343764105643,1196.1082776554292,60.6
465000,-1533354.8153686263,299.92279026147037,1190.4410282775082,60.6
470000,-1533814.7965414887,300.2603436025555,1194.6286306984036,60.6
475000,-1534599.7850603554,301.30052223642946,1191.6143944100916,60.5
480000,-1533942.664332834,298.8884818504033,1194.907256739999,60.5
485000,-1535464.8544409825,301.03546148810216,1196.36858934164,60.6
490000,-1534087.943863362,300.35035368559426,1193.5005831815008,60.6
495000,-1532127.898609439,300.8307180556,1193.2807945956365,60.5
500000,-1533616.2091736672,299.8434956645077,1194.2244518499572,60.5
505000,-1531483.5968080703,300.82140024162084,1193.4730429880262,60.5
510000,-1532880.9396919357,299.1589779902184,1194.1652117396945,60.5
515000,-1532941.6078056563,301.05676822273455,1193.6994733093368,60.5
520000,-1532887.0545850908,299.6239058483987,1196.2281138650087,60.6
525000,-1530756.723720817,299.26482835702166,1196.265308146557,60.6
530000,-1531707.5849604802,299.98857402816327,1193.5822460983613,60.6
535000,-1534518.1736767022,298.725823877707,1192.7259635126145,60.6
540000,-1531569.2684770627,300.3284878821231,1197.9850691692232,60.6
545000,-1532513.7321590576,300.4036515815551,1193.858230903966,60.7
550000,-1532802.6514557637,299.97633663247063,1193.1901203484574,60.7
555000,-1533279.3389413422,299.8056653397523,1192.847616800652,60.7
560000,-1534344.4635917358,301.8047712696019,1190.135307846929,60.7
565000,-1533567.4908741591,300.6291426798508,1195.0860519138355,60.7
570000,-1532817.9451470757,300.5724593114776,1192.9370706589966,60.7
575000,-1535152.031500333,299.3570747154154,1191.562662183071,60.8
580000,-1532112.7960274592,300.1463556782104,1196.8842052442212,60.8
585000,-1532240.0314571839,301.2791533830372,1193.319811718359,60.7
590000,-1533397.7234346243,298.73076231911597,1194.4237778453305,60.8
595000,-1534759.437379526,301.2428760272784,1194.5015048663881,60.8
600000,-1533497.9286559224,299.90123505179855,1194.024070168615,60.7
605000,-1532145.3241989836,301.01170106245536,1194.6939714675839,60.7
610000,-1532704.517883908,299.9161435541652,1195.604315740914,60.7
615000,-1531329.221034103,301.32891050968595,1195.2200457743622,60.7
620000,-1530786.2423451627,300.57624855582907,1195.3720976936609,60.7
625000,-1534752.6788314367,299.5822552199119,1196.1718641036102,60.7
630000,-1530632.9347993182,301.80560987286,1193.4056365772035,60.7
