            --------------------------------------------------------
                             AMBER SQM VERSION 19
 
                                     By
              Ross C. Walker, Michael F. Crowley, Scott Brozell,
                         Tim Giese, Andreas W. Goetz,
                        Tai-Sung Lee and David A. Case
 
            --------------------------------------------------------
 

--------------------------------------------------------------------------------
  QM CALCULATION INFO
--------------------------------------------------------------------------------

| QMMM: Citation for AMBER QMMM Run:
| QMMM: R.C. Walker, M.F. Crowley and D.A. Case, J. COMP. CHEM. 29:1019, 2008

QMMM: SINGLET STATE CALCULATION
QMMM: RHF CALCULATION, NO. OF DOUBLY OCCUPIED LEVELS =143

| QMMM: *** Selected Hamiltonian *** 
| QMMM: AM1         

| QMMM: *** Parameter sets in use ***
| QMMM: P : M.J.S.DEWAR et al. THEOCHEM, 187,1, (1989)
| QMMM: O : M.J.S.DEWAR et al. JACS, 107, 3902, (1985)
| QMMM: C : M.J.S.DEWAR et al. JACS, 107, 3902, (1985)
| QMMM: N : M.J.S.DEWAR et al. JACS, 107, 3902, (1985)
| QMMM: H : M.J.S.DEWAR et al. JACS, 107, 3902, (1985)

| QMMM: *** SCF convergence criteria ***
| QMMM: Energy change                :  0.1D-09 kcal/mol
| QMMM: Error matrix |FP-PF|         :  0.1D+00 au
| QMMM: Density matrix change        :  0.5D-06
| QMMM: Maximum number of SCF cycles :     1000

| QMMM: *** Diagonalization Routine Information ***
| QMMM: Pseudo diagonalizations are allowed.
| QMMM: Auto diagonalization routine selection is in use.
| QMMM:
| QMMM: Timing diagonalization routines:
| QMMM:                              norbs =      243
| QMMM:    diag iterations used for timing =        4
| QMMM:
| QMMM:              Internal diag routine = 0.065526 seconds
| QMMM:                 Dspev diag routine = 0.072440 seconds
| QMMM:                Dspevd diag routine = 0.179962 seconds
| QMMM:                Dspevx diag routine = 0.155925 seconds
| QMMM:                 Dsyev diag routine = 0.460261 seconds
| QMMM:                Dsyevd diag routine = 0.415001 seconds
| QMMM:                Dsyevr diag routine = 0.203450 seconds
| QMMM:
| QMMM:                Pseudo diag routine = 0.034020 seconds
| QMMM:
| QMMM: Using internal diagonalization routine (diag_routine=1).

  QMMM: QM Region Cartesian Coordinates (*=link atom) 
  QMMM: QM_NO.   MM_NO.  ATOM         X         Y         Z
  QMMM:     1        1      P       24.5260   35.3410  -18.8620
  QMMM:     2        2      O       23.7150   34.1340  -18.4350
  QMMM:     3        3      O       25.6520   35.9380  -18.1090
  QMMM:     4        4      O       23.4420   36.4520  -19.1040
  QMMM:     5        5      C       22.0840   36.0870  -19.2980
  QMMM:     6        6      C       21.1890   37.0890  -18.5640
  QMMM:     7        7      O       19.8440   36.8320  -18.9740
  QMMM:     8        8      C       21.2280   36.8730  -17.0360
  QMMM:     9        9      O       21.3870   38.1070  -16.3300
  QMMM:    10       10      C       19.8780   36.2470  -16.7340
  QMMM:    11       11      O       19.3440   36.6250  -15.5130
  QMMM:    12       12      C       18.9940   36.8070  -17.8200
  QMMM:    13       13      N       17.8380   35.9740  -18.2090
  QMMM:    14       14      C       17.6490   34.6140  -18.2770
  QMMM:    15       15      N       16.3770   34.3610  -18.7610
  QMMM:    16       16      C       15.8300   35.5670  -19.0440
  QMMM:    17       17      C       14.6140   35.9280  -19.6110
  QMMM:    18       18      N       13.7770   34.9850  -20.0980
  QMMM:    19       19      N       14.3480   37.2620  -19.7660
  QMMM:    20       20      C       15.2080   38.2530  -19.3960
  QMMM:    21       21      N       16.4400   37.9260  -18.8490
  QMMM:    22       22      C       16.7160   36.5770  -18.6670
  QMMM:    23       23      N       33.8590   33.1960  -17.8800
  QMMM:    24       24      C       35.0780   33.7890  -17.9440
  QMMM:    25       25      O       35.2520   34.4500  -18.9180
  QMMM:    26       26      N       36.0250   33.6480  -16.9400
  QMMM:    27       27      C       35.7300   32.8220  -15.8340
  QMMM:    28       28      O       36.5430   32.6100  -14.8790
  QMMM:    29       29      C       34.5000   32.1870  -15.8170
  QMMM:    30       30      N       34.1760   31.3420  -14.7850
  QMMM:    31       31      C       32.8760   30.8680  -14.6560
  QMMM:    32       32      C       32.5150   30.3930  -13.3860
  QMMM:    33       33      C       31.1840   30.3370  -13.0130
  QMMM:    34       34      C       30.8720   29.5740  -11.7310
  QMMM:    35       35      C       30.1630   30.7540  -13.9070
  QMMM:    36       36      C       28.7330   30.5990  -13.5030
  QMMM:    37       37      C       30.4830   31.2560  -15.1950
  QMMM:    38       38      C       31.8810   31.2900  -15.5590
  QMMM:    39       39      N       32.3140   31.8300  -16.7580
  QMMM:    40       40      C       33.5540   32.4110  -16.8160
  QMMM:    41       41      C       31.3090   32.0890  -17.8230
  QMMM:    42       42      C       30.8600   33.5260  -17.8540
  QMMM:    43       43      O       30.4400   33.7530  -16.5420
  QMMM:    44       44      C       29.7380   33.5350  -18.9090
  QMMM:    45       45      O       30.2820   33.0130  -20.1390
  QMMM:    46       46      C       29.1980   34.8870  -19.2820
  QMMM:    47       47      O       28.9020   35.6470  -18.1420
  QMMM:    48       48      C       27.9050   34.6360  -20.0670
  QMMM:    49       49      O       27.4150   35.8970  -20.3880
  QMMM:    50       50      P       26.0470   36.0170  -21.1600
  QMMM:    51       51      O       25.8630   37.5290  -21.2350
  QMMM:    52       52      O       26.2860   35.4000  -22.5710
  QMMM:    53       53      O       25.0070   35.1470  -20.3740
  QMMM:    54       54      H       21.9170   35.1050  -18.9080
  QMMM:    55       55      H       21.8530   36.0940  -20.3430
  QMMM:    56       56      H       21.5250   38.0790  -18.7910
  QMMM:    57       57      H       22.0540   36.2660  -16.7300
  QMMM:    58       58      H       20.6630   38.7090  -16.5640
  QMMM:    59       59      H       19.9610   35.1810  -16.6960
  QMMM:    60       60      H       19.2440   37.5900  -15.4880
  QMMM:    61       61      H       18.5930   37.7350  -17.4680
  QMMM:    62       62      H       18.3430   33.8980  -18.0110
  QMMM:    63       63      H       13.9860   34.0310  -19.9760
  QMMM:    64       64      H       12.9580   35.2520  -20.5750
  QMMM:    65       65      H       14.9440   39.2420  -19.5220
  QMMM:    66       66      H       36.8890   34.1170  -16.9980
  QMMM:    67       67      H       33.2460   30.0840  -12.7270
  QMMM:    68       68      H       31.7830   29.3610  -11.2120
  QMMM:    69       69      H       30.3770   28.6570  -11.9730
  QMMM:    70       70      H       30.2370   30.1680  -11.1080
  QMMM:    71       71      H       28.6840   30.2100  -12.5070
  QMMM:    72       72      H       28.2440   29.9240  -14.1740
  QMMM:    73       73      H       28.2470   31.5520  -13.5390
  QMMM:    74       74      H       29.7500   31.5820  -15.8430
  QMMM:    75       75      H       30.4560   31.4670  -17.6490
  QMMM:    76       76      H       31.7690   31.8710  -18.7640
  QMMM:    77       77      H       31.5660   34.2850  -18.1200
  QMMM:    78       78      H       29.7980   33.0720  -16.2850
  QMMM:    79       79      H       28.9450   32.9690  -18.4670
  QMMM:    80       80      H       30.9900   33.5970  -20.4530
  QMMM:    81       81      H       29.9220   35.4290  -19.8540
  QMMM:    82       82      H       28.2460   35.1780  -17.6020
  QMMM:    83       83      H       27.1990   34.1030  -19.4650
  QMMM:    84       84      H       28.0790   34.0440  -20.9410

--------------------------------------------------------------------------------
  RESULTS
--------------------------------------------------------------------------------

      iter         sqm energy              rms gradient
      ----    -------------------    -----------------------
xmin    10     -676.5822 kcal/mol        1.0127 kcal/(mol*A)
xmin    20     -686.8795 kcal/mol        0.8182 kcal/(mol*A)
xmin    30     -688.6765 kcal/mol        0.8115 kcal/(mol*A)
xmin    40     -695.3108 kcal/mol        0.8119 kcal/(mol*A)
xmin    50     -696.0427 kcal/mol        0.4251 kcal/(mol*A)
xmin    60     -696.3085 kcal/mol        0.0793 kcal/(mol*A)
xmin    70     -696.3795 kcal/mol        0.0468 kcal/(mol*A)
xmin    80     -696.4108 kcal/mol        0.0686 kcal/(mol*A)
xmin    90     -696.4251 kcal/mol        0.0427 kcal/(mol*A)
xmin   100     -696.4415 kcal/mol        0.0245 kcal/(mol*A)
xmin   110     -696.4457 kcal/mol        0.0791 kcal/(mol*A)
xmin   120     -696.4539 kcal/mol        0.1274 kcal/(mol*A)
xmin   130     -696.4650 kcal/mol        0.0204 kcal/(mol*A)
xmin   140     -696.4852 kcal/mol        0.1199 kcal/(mol*A)
xmin   150     -696.5167 kcal/mol        0.0495 kcal/(mol*A)
xmin   160     -697.4867 kcal/mol        2.0547 kcal/(mol*A)
xmin   170     -701.4548 kcal/mol        0.8562 kcal/(mol*A)
xmin   180     -703.2747 kcal/mol        1.3314 kcal/(mol*A)
xmin   190     -706.4348 kcal/mol        1.2700 kcal/(mol*A)
xmin   200     -711.2858 kcal/mol        0.2600 kcal/(mol*A)
xmin   210     -712.2505 kcal/mol        0.2543 kcal/(mol*A)
xmin   220     -712.6204 kcal/mol        0.4775 kcal/(mol*A)
xmin   230     -712.9906 kcal/mol        0.2769 kcal/(mol*A)
xmin   240     -713.1537 kcal/mol        0.2751 kcal/(mol*A)
xmin   250     -713.2364 kcal/mol        0.0506 kcal/(mol*A)
xmin   260     -713.2635 kcal/mol        0.0173 kcal/(mol*A)
xmin   270     -713.2698 kcal/mol        0.0336 kcal/(mol*A)
xmin   280     -713.2749 kcal/mol        0.0048 kcal/(mol*A)
xmin   290     -713.2752 kcal/mol        0.0047 kcal/(mol*A)
xmin   300     -713.2756 kcal/mol        0.0152 kcal/(mol*A)
xmin   310     -713.2756 kcal/mol        0.0064 kcal/(mol*A)
xmin   320     -713.2757 kcal/mol        0.0046 kcal/(mol*A)
xmin   330     -713.2757 kcal/mol        0.0018 kcal/(mol*A)
xmin   340     -713.2758 kcal/mol        0.0010 kcal/(mol*A)
  ... geometry converged !
 
 Final MO eigenvalues (eV):
 -38.3179  -38.1394  -37.2627  -36.8140  -35.5791  -35.0352  -34.9964  -34.9689
 -33.9691  -33.4992  -33.2971  -32.6759  -32.5426  -32.3865  -32.0310  -31.9249
 -31.1662  -30.3643  -29.8577  -29.3681  -29.2491  -28.7963  -28.6766  -27.8260
 -27.7678  -27.3697  -27.2818  -26.9540  -26.3789  -25.6468  -25.2109  -25.1298
 -24.7879  -24.3031  -22.4998  -21.9977  -21.6104  -20.8610  -20.6653  -20.1864
 -19.5321  -19.5222  -19.2388  -18.2691  -17.9328  -17.6281  -17.2362  -17.0057
 -16.0620  -15.8672  -15.5252  -15.2592  -15.0840  -14.9228  -14.5585  -14.2935
 -14.2623  -13.8699  -13.7905  -13.5043  -13.4789  -13.3892  -13.1721  -12.9908
 -12.8484  -12.5164  -12.4253  -12.3548  -12.2704  -12.2061  -12.1592  -12.0618
 -11.8377  -11.7295  -11.6685  -11.5749  -11.4987  -11.3886  -11.2820  -11.1995
 -11.1552  -10.9601  -10.7809  -10.7031  -10.5564  -10.5032  -10.4213  -10.3643
 -10.1370  -10.0955  -10.0340   -9.9395   -9.7419   -9.6433   -9.4609   -9.4264
  -9.3014   -9.2468   -9.1676   -9.1144   -9.0051   -8.8534   -8.7417   -8.7010
  -8.6250   -8.3899   -8.3731   -8.2758   -8.1788   -8.1037   -8.0585   -7.9714
  -7.8388   -7.5259   -7.5002   -7.4455   -7.4266   -7.4027   -7.2572   -7.2155
  -6.9846   -6.9728   -6.8191   -6.7600   -6.7036   -6.4725   -6.3940   -6.2739
  -6.1340   -6.1047   -5.9121   -5.8062   -5.7192   -5.5305   -5.2458   -5.1739
  -5.1553   -5.1365   -5.0593   -4.8943   -4.8352   -4.6112   -4.5503    2.2326
   3.1039    3.5450    3.8951    4.0259    4.3942    4.4983    4.9191    4.9930
   5.1138    5.5599    5.6840    5.9062    5.9066    6.2057    6.3479    6.3751
   6.5626    6.6341    6.7235    6.8008    6.9482    6.9786    7.0038    7.0853
   7.1039    7.1926    7.2585    7.3847    7.4560    7.4751    7.4878    7.5488
   7.5846    7.6167    7.6954    7.7647    7.8492    7.8620    8.0009    8.1196
   8.1408    8.1667    8.1835    8.2876    8.2990    8.3254    8.3480    8.3985
   8.4094    8.4884    8.5239    8.5498    8.6232    8.6356    8.7011    8.7652
   8.8037    8.8540    8.9368    8.9571    8.9666    8.9802    9.1113    9.1354
   9.2492    9.2546    9.2832    9.3086    9.3295    9.3472    9.3787    9.4188
   9.4863    9.5449    9.5761    9.6476    9.7059    9.7093    9.7684    9.8285
   9.8684    9.9330    9.9729   10.1045   10.2228   10.3369   10.4815   10.4897
  10.6991   10.8788   11.4505   11.5415   11.6994   11.9209   12.4851   13.0678
  13.9354   14.1415   14.6441

 Heat of formation   =       -713.27577448 kcal/mol  (      -30.92995857 eV)

 Total SCF energy    =    -249469.15339530 kcal/mol  (   -10817.79425850 eV)
 Electronic energy   =   -2562065.36095425 kcal/mol  (  -111099.49095678 eV)
 Core-core repulsion =    2312596.20755895 kcal/mol  (   100281.69669828 eV)
 
    Atomic Charges for Step       1 :
  Atom    Element       Mulliken Charge
     1      P                  2.748
     2      O                 -1.227
     3      O                 -1.219
     4      O                 -0.752
     5      C                  0.040
     6      C                 -0.025
     7      O                 -0.294
     8      C                 -0.018
     9      O                 -0.341
    10      C                 -0.040
    11      O                 -0.313
    12      C                  0.126
    13      N                 -0.183
    14      C                  0.007
    15      N                 -0.154
    16      C                 -0.204
    17      C                  0.181
    18      N                 -0.327
    19      N                 -0.273
    20      C                 -0.016
    21      N                 -0.196
    22      C                  0.049
    23      N                 -0.275
    24      C                  0.370
    25      O                 -0.348
    26      N                 -0.403
    27      C                  0.361
    28      O                 -0.350
    29      C                 -0.150
    30      N                 -0.001
    31      C                 -0.128
    32      C                 -0.066
    33      C                 -0.115
    34      C                 -0.168
    35      C                  0.007
    36      C                 -0.204
    37      C                 -0.152
    38      C                  0.099
    39      N                 -0.125
    40      C                  0.177
    41      C                 -0.086
    42      C                  0.041
    43      O                 -0.358
    44      C                 -0.021
    45      O                 -0.366
    46      C                 -0.013
    47      O                 -0.338
    48      C                  0.015
    49      O                 -0.758
    50      P                  2.708
    51      O                 -1.167
    52      O                 -1.210
    53      O                 -1.286
    54      H                  0.096
    55      H                  0.078
    56      H                  0.105
    57      H                  0.178
    58      H                  0.192
    59      H                  0.209
    60      H                  0.197
    61      H                  0.119
    62      H                  0.306
    63      H                  0.223
    64      H                  0.195
    65      H                  0.166
    66      H                  0.241
    67      H                  0.139
    68      H                  0.067
    69      H                  0.084
    70      H                  0.081
    71      H                  0.071
    72      H                  0.086
    73      H                  0.155
    74      H                  0.246
    75      H                  0.139
    76      H                  0.153
    77      H                  0.123
    78      H                  0.255
    79      H                  0.126
    80      H                  0.261
    81      H                  0.098
    82      H                  0.221
    83      H                  0.081
    84      H                  0.052
 Total Mulliken Charge =      -2.000
 
                  X        Y        Z     TOTAL  
  QM DIPOLE  -254.347 -329.810  184.489  455.525
 
 Final Structure

  QMMM: QM Region Cartesian Coordinates (*=link atom) 
  QMMM: QM_NO.   MM_NO.  ATOM         X         Y         Z
  QMMM:     1        1      P       25.1822   34.8191  -18.0635
  QMMM:     2        2      O       23.9598   34.0179  -17.8130
  QMMM:     3        3      O       26.4827   34.5266  -17.4157
  QMMM:     4        4      O       24.7105   36.3238  -17.5338
  QMMM:     5        5      C       23.4646   36.7574  -17.9675
  QMMM:     6        6      C       22.5676   37.1550  -16.7832
  QMMM:     7        7      O       21.1795   36.9504  -17.1236
  QMMM:     8        8      C       22.7926   36.3520  -15.4920
  QMMM:     9        9      O       22.4352   37.1014  -14.3395
  QMMM:    10       10      C       21.8423   35.1433  -15.6553
  QMMM:    11       11      O       21.3194   34.6513  -14.4479
  QMMM:    12       12      C       20.6931   35.7212  -16.5510
  QMMM:    13       13      N       20.1994   34.8231  -17.5623
  QMMM:    14       14      C       20.9218   33.9372  -18.4085
  QMMM:    15       15      N       20.1444   33.3100  -19.3040
  QMMM:    16       16      C       18.8485   33.8029  -19.0878
  QMMM:    17       17      C       17.5956   33.5460  -19.7231
  QMMM:    18       18      N       17.5070   32.5696  -20.7127
  QMMM:    19       19      N       16.4804   34.2252  -19.3005
  QMMM:    20       20      C       16.6370   35.0912  -18.2612
  QMMM:    21       21      N       17.7430   35.4263  -17.5607
  QMMM:    22       22      C       18.8636   34.7744  -17.9959
  QMMM:    23       23      N       32.3504   31.9405  -18.4392
  QMMM:    24       24      C       33.6501   31.4304  -18.5789
  QMMM:    25       25      O       34.2550   31.4024  -19.6702
  QMMM:    26       26      N       34.3596   30.9062  -17.4574
  QMMM:    27       27      C       33.8341   30.8704  -16.1762
  QMMM:    28       28      O       34.5112   30.3932  -15.2466
  QMMM:    29       29      C       32.4482   31.4240  -16.0041
  QMMM:    30       30      N       31.9096   31.4346  -14.8093
  QMMM:    31       31      C       30.6390   31.9657  -14.6741
  QMMM:    32       32      C       30.0540   32.0101  -13.3778
  QMMM:    33       33      C       28.8066   32.5601  -13.1785
  QMMM:    34       34      C       28.2095   32.6013  -11.8232
  QMMM:    35       35      C       28.0968   33.1037  -14.2818
  QMMM:    36       36      C       26.7712   33.7331  -14.0745
  QMMM:    37       37      C       28.6304   33.0596  -15.5583
  QMMM:    38       38      C       29.9052   32.4786  -15.7991
  QMMM:    39       39      N       30.4521   32.3843  -17.0837
  QMMM:    40       40      C       31.7671   31.9317  -17.2386
  QMMM:    41       41      C       29.6785   32.7986  -18.2536
  QMMM:    42       42      C       29.8800   34.2645  -18.6958
  QMMM:    43       43      O       29.4793   35.1571  -17.6793
  QMMM:    44       44      C       29.0663   34.4920  -19.9833
  QMMM:    45       45      O       29.3333   33.4350  -20.8890
  QMMM:    46       46      C       29.4161   35.8319  -20.6590
  QMMM:    47       47      O       29.7042   36.8458  -19.7168
  QMMM:    48       48      C       28.2696   36.2679  -21.5920
  QMMM:    49       49      O       27.0776   36.4412  -20.8984
  QMMM:    50       50      P       25.8599   35.3431  -21.1827
  QMMM:    51       51      O       24.7870   36.0237  -21.9167
  QMMM:    52       52      O       26.5767   34.1280  -21.6301
  QMMM:    53       53      O       25.4204   35.0986  -19.6229
  QMMM:    54       54      H       22.9473   35.9557  -18.5678
  QMMM:    55       55      H       23.5977   37.6732  -18.6114
  QMMM:    56       56      H       22.6495   38.2581  -16.5878
  QMMM:    57       57      H       23.8599   36.0563  -15.3287
  QMMM:    58       58      H       21.6373   37.5992  -14.5592
  QMMM:    59       59      H       22.3812   34.2797  -16.1473
  QMMM:    60       60      H       21.2167   35.3971  -13.8404
  QMMM:    61       61      H       19.8105   36.0206  -15.9080
  QMMM:    62       62      H       22.0275   33.7954  -18.3004
  QMMM:    63       63      H       18.3762   32.3368  -21.1397
  QMMM:    64       64      H       16.7330   32.6339  -21.3325
  QMMM:    65       65      H       15.7057   35.6073  -17.9489
  QMMM:    66       66      H       35.2788   30.5544  -17.6072
  QMMM:    67       67      H       30.6231   31.5983  -12.5286
  QMMM:    68       68      H       28.8117   32.0058  -11.0942
  QMMM:    69       69      H       27.1688   32.1907  -11.8462
  QMMM:    70       70      H       28.1566   33.6584  -11.4586
  QMMM:    71       71      H       26.8040   34.4368  -13.2062
  QMMM:    72       72      H       26.0054   32.9452  -13.8614
  QMMM:    73       73      H       26.4550   34.2987  -14.9908
  QMMM:    74       74      H       28.0388   33.5253  -16.3827
  QMMM:    75       75      H       28.5828   32.6390  -18.0353
  QMMM:    76       76      H       29.9564   32.1364  -19.1257
  QMMM:    77       77      H       30.9667   34.4882  -18.8743
  QMMM:    78       78      H       28.5064   35.1368  -17.6211
  QMMM:    79       79      H       27.9641   34.5067  -19.7273
  QMMM:    80       80      H       28.5245   33.3277  -21.4218
  QMMM:    81       81      H       30.3625   35.7181  -21.2564
  QMMM:    82       82      H       28.9137   36.9423  -19.1677
  QMMM:    83       83      H       28.1541   35.4968  -22.4034
  QMMM:    84       84      H       28.5530   37.2617  -22.0425

           --------- Calculation Completed ----------

