#"Step","Time (ps)","Potential Energy (kJ/mole)","Temperature (K)","Box Volume (nm^3)","Speed (ns/day)"
55000,109.99999999992504,-1156496.1315160077,300.7817877809681,900.8821406558939,--
60000,119.99999999990173,-1154774.1476251706,300.6622492157125,905.0868264963992,76.2
65000,129.99999999989262,-1156041.4611237347,300.94304860902014,902.3137200766168,77.4
70000,139.99999999994037,-1155103.8766748803,299.59439583663124,904.2211782924555,78.2
75000,149.99999999998812,-1156340.7435877845,299.9187935671133,902.9603367069119,78.5
80000,160.00000000003587,-1155999.4575208202,299.96255504119017,902.4556904091316,78.5
85000,170.00000000008362,-1154827.004683935,300.9575474012237,904.1100921206277,77.6
90000,180.00000000013137,-1157619.8332572188,301.10312669452964,900.1024789478837,77.3
95000,190.0000000001791,-1156360.0353633445,299.5719033362087,902.9823485984322,77.7
100000,200.00000000022686,-1154488.4957115948,300.8622346659789,902.2077648271851,78
105000,210.0000000002746,-1154720.3794091307,300.83588805623646,902.353738717984,77.9
110000,220.00000000032236,-1154488.400017119,299.6881995555285,902.1774286058159,78.2
115000,230.0000000003701,-1154369.3994442355,300.54674828879206,903.9787559714683,78.4
120000,240.00000000041786,-1155950.550502153,300.77316191725214,902.1942014018541,78.5
125000,250.0000000004656,-1156666.3100736989,299.582160568949,902.095578989018,78.5
130000,260.00000000051335,-1154431.4916078383,301.4165534683233,903.1725065423102,78.8
135000,270.0000000005611,-1156574.3746929588,300.7845203240838,903.012520288702,79.2
140000,280.00000000060885,-1157563.888829559,300.0049298515964,903.444904272535,79.4
145000,290.0000000006566,-1156768.890087491,299.4680463056992,903.5764512566733,79.7
150000,300.00000000070435,-1156935.6057472788,300.5895513335671,900.2216561279085,79.7
155000,310.0000000007521,-1154458.6636278387,300.02297687142766,902.0823231083123,79.7
160000,320.00000000079984,-1155487.7954479028,299.9340468674905,903.6947684811139,79.7
165000,330.0000000008476,-1156899.0783002712,300.3928286213493,901.630783618964,79.7
170000,340.00000000089534,-1157059.193746644,299.78549032571516,902.750192787855,79.7
175000,350.0000000009431,-1156969.8490540488,302.20558548903887,901.5123679323543,79.7
180000,360.00000000099084,-1157315.0051606866,298.656317863433,900.696203135432,79.7
185000,370.0000000010386,-1155177.1762137385,301.89285204708057,903.0041472682769,79.6
190000,380.00000000108633,-1157198.0764753493,299.97442325084194,899.8789988974662,79.6
195000,390.0000000011341,-1155599.1678794166,301.22613191896187,902.317885960017,79.4
200000,400.00000000118183,-1158261.7676387504,300.94476154649567,900.0771504567888,79.3
205000,410.0000000012296,-1155023.8474323498,299.46313180651345,903.0384728147999,79.2
210000,420.00000000127733,-1153546.3678819155,299.2013786465645,904.5871326933528,79.1
215000,430.0000000013251,-1154957.794626766,299.7110591139815,902.9178175880978,79.1
220000,440.0000000013728,-1157763.900588804,300.5443828037068,904.233531563769,79.2
225000,450.0000000014206,-1155180.0806108061,301.26811927922483,903.3007485884358,79.3
230000,460.0000000014683,-1154251.0675097322,299.6219455810291,905.1754663492319,79.3
235000,470.00000000151607,-1156869.696834838,300.5904689786433,901.2718642499415,79.4
240000,480.0000000015638,-1156757.091597421,299.46188788763243,903.761665135903,79.5
245000,490.00000000161157,-1155915.9055734798,300.58647212453377,903.0273288129257,79.6
250000,500.0000000016593,-1156776.7481591292,299.3676355422535,901.869998131073,79.7
255000,510.00000000170706,-1157669.289814707,299.9044986960379,900.0187167417091,79.8
260000,520.0000000015274,-1155985.1291758204,300.18332005440357,904.5765383700441,79.9
265000,530.0000000012909,-1156537.4611900197,300.1902941569825,901.427268157138,80
270000,540.0000000010544,-1156078.88539215,298.919314942263,901.7351499493994,80.1
275000,550.000000000818,-1155974.3635612028,299.7597758714696,902.1581877330289,80.2
280000,560.0000000005815,-1154669.9899106892,299.45999142114164,903.8036524328306,80.3
285000,570.000000000345,-1157131.1089324718,299.08198282609857,901.9068711320576,80.4
290000,580.0000000001086,-1154632.548141298,300.8903553895353,904.199940222414,80.4
295000,589.9999999998721,-1155548.7822832456,299.2089849046403,904.8560011246173,80.4
300000,599.9999999996356,-1156849.2335241158,300.42877991622237,898.6996159052848,80.3
305000,609.9999999993992,-1156458.6045668302,301.80322871130807,903.2233245671208,80.4
310000,619.9999999991627,-1156972.2346445369,302.53094164882276,901.89263634401,80.3
315000,629.9999999989262,-1154759.341155516,300.9029373231352,901.5741397794661,80.4
320000,639.9999999986898,-1155004.41940887,300.6974052181862,902.5274559729294,80.5
325000,649.9999999984533,-1157385.123813372,301.0234547098053,902.0606483003992,80.5
330000,659.9999999982168,-1154518.6898902645,302.1950019824937,903.040438417146,80.6
335000,669.9999999979804,-1153935.9709158847,300.49886760792884,903.689496991562,80.7
340000,679.9999999977439,-1155227.3632018752,298.811563018208,901.6873017503265,80.7
345000,689.9999999975074,-1156024.3323866865,300.13368565183924,902.4563000186921,80.8
350000,699.999999997271,-1155327.423095853,299.9338021621369,902.0602853801286,80.9
355000,709.9999999970345,-1156076.2420404758,300.12053273908083,901.9227205505942,80.9
360000,719.999999996798,-1156771.4357332615,300.44945751860536,902.9661253897665,81
365000,729.9999999965615,-1155981.047888863,299.6400945614244,901.2331459231357,81
370000,739.9999999963251,-1155337.7517478224,300.461550041498,902.7968753776744,81.1
375000,749.9999999960886,-1155116.2773000868,299.4908039035882,901.4067322099514,81.1
380000,759.9999999958521,-1155466.0426548785,299.32882935158796,902.6167386791434,81.2
385000,769.9999999956157,-1155676.4547510166,299.6950716975433,900.2748245286698,81.2
390000,779.9999999953792,-1155190.6119960546,299.44351459399627,901.9017002576104,81.2
395000,789.9999999951427,-1157457.4103950951,300.80128264080844,902.0633776991417,81.2
400000,799.9999999949063,-1154864.8125970066,301.07431263913793,900.7433455698936,81.1
405000,809.9999999946698,-1155312.1305325087,301.2938745176959,902.3300003686652,81.2
410000,819.9999999944333,-1157162.6294227578,300.7778724953098,902.4309334374813,81.2
415000,829.9999999941969,-1155791.0848979587,301.46529061792427,903.5895257700807,81.2
420000,839.9999999939604,-1155628.2262770599,299.0601020890601,903.5445091209539,81.3
425000,849.9999999937239,-1155146.4948414927,301.38535353573354,903.7089260261278,81.3
430000,859.9999999934874,-1153680.2579163508,300.20195844550625,902.9493220864772,81.4
435000,869.999999993251,-1154821.340321634,300.20617961285654,903.6720231976708,81.4
440000,879.9999999930145,-1156795.7508610124,299.86854740116485,899.7444459986715,81.4
445000,889.999999992778,-1157577.1807548888,298.60211562760065,900.9052785370487,81.4
450000,899.9999999925416,-1156934.417330279,300.84832724504673,900.6865074489307,81.4
455000,909.9999999923051,-1156552.766508652,299.55100142058484,901.6695060112162,81.5
460000,919.9999999920686,-1155752.4725665525,300.16914753600497,901.8885700444217,81.5
465000,929.9999999918322,-1156777.1828602208,301.63968396662193,904.6975040826923,81.5
470000,939.9999999915957,-1154430.5544185787,301.1399140660276,901.6514412843197,81.5
475000,949.9999999913592,-1157167.4766626107,300.586757614113,903.3796493333452,81.6
480000,959.9999999911228,-1154836.1825800873,299.0959310312563,902.054144865724,81.6
485000,969.9999999908863,-1154355.8484877525,300.48194215430175,902.7085498531826,81.6
490000,979.9999999906498,-1157079.6330807758,300.6015418958957,902.5694867692373,81.6
495000,989.9999999904134,-1155101.344430129,300.225674472697,901.5677645167141,81.7
500000,999.9999999901769,-1155042.5523207802,300.1696369467123,901.3753308924306,81.7
505000,1009.9999999899404,-1156071.4508100022,300.5775403791257,902.8275705376273,81.7
510000,1019.999999989704,-1156395.3102260558,300.0902504515672,901.7529459173383,81.7
515000,1029.9999999894676,-1154452.7151401406,300.1503052237743,905.5178382796477,81.7
520000,1039.9999999892311,-1154679.5272662677,299.63142791348287,902.5082330530252,81.8
525000,1049.9999999889947,-1154693.6488658907,300.7808905280047,902.3885163339495,81.8
530000,1059.9999999887582,-1154906.9817526555,301.12684272172044,903.6181270314144,81.8
535000,1069.9999999885217,-1155439.0271426477,302.4691535470274,901.6326051881032,81.8
540000,1079.9999999882853,-1155907.2100663427,299.276972208728,900.4617535581241,81.8
545000,1089.9999999880488,-1157715.2134168763,299.7077351995945,902.7961751018659,81.8
550000,1099.9999999878123,-1155781.3859621184,301.15333207625247,901.3498069518034,81.9
555000,1109.9999999875758,-1156954.7345628664,299.3832966848868,899.7240431857878,81.9
560000,1119.9999999873394,-1155769.4893026222,299.12454116551993,901.0057331260908,81.9
565000,1129.999999987103,-1155216.4279757077,300.31036291717095,903.3433088630243,81.9
570000,1139.9999999868664,-1156347.838622,299.3269124929844,902.5667640489415,81.9
575000,1149.99999998663,-1155448.3386934595,301.33845167628493,901.5727458681745,82
580000,1159.9999999863935,-1154133.9153429195,299.58599428615605,903.7020417879452,82
585000,1169.999999986157,-1155457.526996743,301.37715590638646,901.6673379948885,82
590000,1179.9999999859206,-1155557.8568153158,300.31625623777126,904.0910772858927,82
595000,1189.999999985684,-1154635.6542326584,300.63465868708903,905.1889846959647,82
600000,1199.9999999854476,-1156289.9223316172,299.60104366540526,902.3938156572278,82.1
605000,1209.9999999852112,-1154763.4214980947,301.5022411263247,902.9051456602137,82.1
610000,1219.9999999849747,-1156426.61228373,300.20204001395746,901.5021421831199,82.1
615000,1229.9999999847382,-1157959.5274537336,300.96470503281773,900.3548268084754,82.1
620000,1239.9999999845018,-1156521.5716030234,299.1975245372446,903.3954152531714,82.1
625000,1249.9999999842653,-1156681.0420260448,300.58759369073795,904.3499875447328,81.7
630000,1259.9999999840288,-1152689.3392314725,300.41986856292715,904.7282864950477,81.7
635000,1269.9999999837923,-1157190.3493829025,299.67239566810554,903.0777187239837,81.7
640000,1279.9999999835559,-1156367.8701471947,301.845419992699,905.6361246644035,81.7
645000,1289.9999999833194,-1156980.1618179558,300.8637232902136,901.5946752599489,81.7
650000,1299.999999983083,-1156501.6902513653,300.30285861965916,898.3730583896552,81.7
655000,1309.9999999828465,-1156949.9836443663,298.83964295753873,902.0075857109133,81.7
660000,1319.99999998261,-1155708.2539921151,301.2347781747907,903.135808379395,81.7
665000,1329.9999999823735,-1156143.8149178717,302.31539701648705,902.6304765338534,81.8
670000,1339.999999982137,-1155213.5811293786,300.24565874324463,903.5333774007453,81.8
675000,1349.9999999819006,-1157749.8080071816,298.74116944480943,902.3804195525777,81.8
680000,1359.9999999816641,-1156067.8344499655,299.13451290868096,902.0848373745241,81.8
685000,1369.9999999814277,-1156179.981918226,302.17199967925114,901.0767592711368,81.8
690000,1379.9999999811912,-1156801.7053794581,300.74610158356154,902.2109015309331,81.9
695000,1389.9999999809547,-1156034.9283133103,299.8912438227154,905.5145317955642,81.9
700000,1399.9999999807183,-1155711.8553006286,299.73269514566624,903.6579380874945,81.9
705000,1409.9999999804818,-1156319.9123424506,300.800915582778,901.7222639343624,81.9
710000,1419.9999999802453,-1156451.1899334975,300.84573744672065,901.3087616758122,81.9
715000,1429.9999999800089,-1155934.3083526678,300.3730482719297,901.2350980857126,81.9
720000,1439.9999999797724,-1155294.6377749117,299.8349819834899,901.7824563545646,81.9
725000,1449.999999979536,-1155332.8735182267,302.65096962478566,901.9582436080298,81.8
730000,1459.9999999792994,-1156666.6889965096,301.25933027860634,902.514479423472,81.8
735000,1469.999999979063,-1156909.2261824915,299.6291439968488,902.8148915300566,81.8
740000,1479.9999999788265,-1157887.0823221076,301.03489468508826,904.6191715569802,81.7
745000,1489.99999997859,-1156297.4760787375,301.17786378795535,902.3073401357954,81.7
750000,1499.9999999783536,-1156055.586083292,299.21079980267984,903.8239759343232,81.7
755000,1509.999999978117,-1155294.8378681252,300.67884839553477,903.6257108424126,81.6
760000,1519.9999999778806,-1155540.3177208658,302.22367329309577,904.3253804350065,81.6
765000,1529.9999999776442,-1157590.2830459457,299.62873615459273,901.1019734313101,81.6
770000,1539.9999999774077,-1154979.8176894337,301.06156756863555,901.5641444503797,81.5
775000,1549.9999999771712,-1154546.9098464875,302.3687835678073,903.2923141191202,81.5
780000,1559.9999999769348,-1155277.220727115,300.46411944771125,903.3592863407223,81.5
785000,1569.9999999766983,-1154421.2341075074,300.95002271159905,905.2011711216198,81.5
790000,1579.9999999764618,-1155977.3354242947,301.04137937695987,902.3291446658559,81.5
795000,1589.9999999762254,-1155449.4126364738,301.25039853319834,904.7633595000018,81.5
800000,1599.9999999759889,-1156029.1360623874,299.86187918027804,903.3620466893952,81.5
805000,1609.9999999757524,-1157456.7970506847,303.342139896156,901.3902354432267,81.5
810000,1619.999999975516,-1156026.8783113435,300.1256307672818,902.8815808673306,81.5
815000,1629.9999999752795,-1154339.9716207776,299.8350431598283,905.5738215433867,81.5
820000,1639.999999975043,-1157254.3983474467,301.82050083085284,900.5760708105513,81.5
825000,1649.9999999748065,-1155564.2713448508,300.2165795903865,902.6688933387345,81.5
830000,1659.99999997457,-1157431.153953746,301.5568104201875,901.9218670918962,81.6
835000,1669.9999999743336,-1158616.3223249717,299.4154142625527,901.1395491005975,81.6
840000,1679.9999999740971,-1156904.35574188,301.37199670184714,902.5700755567746,81.6
845000,1689.9999999738607,-1155114.2031259425,301.376788848356,905.4199864444325,81.6
850000,1699.9999999736242,-1156507.126776049,300.8761013026854,900.9357150949578,81.6
855000,1709.9999999733877,-1156863.602687871,302.227710931431,902.7662999238833,81.6
860000,1719.9999999731513,-1154009.2400270207,300.27398338792904,900.2794987798427,81.6
865000,1729.9999999729148,-1155688.6105437558,300.49778682595024,902.9987252892672,81.6
870000,1739.9999999726783,-1157541.94315123,298.87386092282344,899.0705223425251,81.6
875000,1749.9999999724419,-1155916.590940765,301.8806779557367,901.998478533405,81.6
880000,1759.9999999722054,-1155414.042653799,300.91029887585734,902.2519354048519,81.6
885000,1769.999999971969,-1156132.480400159,299.08632634612576,901.6749445694417,81.6
890000,1779.9999999717324,-1157071.2278072825,300.5296596982625,901.0726770795841,81.6
895000,1789.999999971496,-1157414.2537915157,301.06503422781225,903.3052750410968,81.6
900000,1799.9999999712595,-1154669.8834624318,300.3730482719297,902.497513500767,81.6
905000,1809.999999971023,-1156205.667259615,300.3148491819878,900.702369037201,81.6
910000,1819.9999999707866,-1159134.2408059472,300.16931067290744,902.582705384667,81.6
915000,1829.99999997055,-1155778.3525295332,300.0328262619119,900.5301346744204,81.7
920000,1839.9999999703136,-1156991.3218038594,300.4451955670294,901.3136064816127,81.7
925000,1849.9999999700772,-1157759.7491502054,299.8864924604321,902.852713835584,81.7
930000,1859.9999999698407,-1155699.02996229,300.8531601757812,901.6992512689267,81.6
935000,1869.9999999696042,-1154580.1968986448,301.40068840456195,901.6452787234522,81.6
940000,1879.9999999693678,-1156070.80229674,300.0610489460323,903.5418735734958,81.6
945000,1889.9999999691313,-1156250.7853089068,300.05064896850234,903.5922997135616,81.6
950000,1899.9999999688948,-1158397.1359411366,299.13634819883333,902.518948742991,81.6
955000,1909.9999999686584,-1157709.4758771993,300.89410753829117,905.2166518359332,81.5
960000,1919.999999968422,-1153864.6165460115,299.88145560856964,902.5248227773603,81.5
965000,1929.9999999681854,-1156591.3733691927,300.18798984823565,901.3070218437468,81.5
970000,1939.999999967949,-1156376.3339843946,300.92551139200896,904.9382280150563,81.5
975000,1949.9999999677125,-1155983.4634473007,300.90830044880255,901.9558758686744,81.4
980000,1959.999999967476,-1154873.9182688892,300.60433561534984,904.1610392301226,81.4
985000,1969.9999999672395,-1156778.7216613768,302.79742577894217,900.8362868669791,81.4
990000,1979.999999967003,-1156329.95939417,300.183381230742,900.4806315504346,81.4
995000,1989.9999999667666,-1157411.187887392,299.3037062686137,902.713924242557,81.3
1000000,1999.9999999665301,-1157531.8357497128,299.945425666435,900.915452293811,81.3
1005000,2009.9999999662937,-1155683.880675436,300.78845600185497,902.4401739599073,81.4
1010000,2019.9999999660572,-1155420.9014606895,300.68561857698563,901.4568415023459,81.4
1015000,2029.9999999658207,-1157548.1796085602,300.8372339356815,901.440842915781,81.4
1020000,2039.9999999655843,-1154218.942520379,300.4079595690497,904.2532150495856,81.4
1025000,2049.999999965348,-1158376.1527709719,298.8305888594538,901.846112745933,81.4
1030000,2059.9999999651113,-1156229.3488688627,300.5674258911751,901.1285041536445,81.4
1035000,2069.999999964875,-1156293.3216356793,300.5900203521616,903.7451803889022,81.4
1040000,2079.9999999646384,-1156407.5612097047,299.1086149254202,901.7486785815679,81.4
1045000,2089.999999964402,-1155736.2887206888,301.42330325766136,902.8667946987899,81.4
1050000,2099.9999999641655,-1156961.9967132146,300.285321402648,900.5695081478666,81.5
1055000,2109.999999963929,-1154736.5951580452,300.47719079201846,904.0999406996767,81.5
1060000,2119.9999999636925,-1157224.4060721342,301.09719258970375,901.4737896056689,81.5
1065000,2129.999999963456,-1156051.1174035473,298.8902969657433,900.7903010570685,81.5
1070000,2139.9999999632196,-1157943.2439396149,298.8190265314941,901.4611493472866,81.5
1075000,2149.999999962983,-1155499.7520327289,301.0844679113142,902.0807733745853,81.5
1080000,2159.9999999627466,-1157803.776430454,303.15726500147724,898.5856670056136,81.5
1085000,2169.99999996251,-1156441.8326832596,300.79577677035144,900.2626538946712,81.5
1090000,2179.9999999622737,-1156534.7344694631,298.41197956781843,901.9956857823856,81.5
1095000,2189.9999999620372,-1154095.4921047017,299.86544780001867,902.4976240646979,81.5
1100000,2199.9999999618008,-1155152.8474204289,301.6496149255574,903.6000396769413,81.5
1105000,2209.9999999615643,-1154659.8726604963,300.4920158580268,901.4505920670833,81.5
1110000,2219.999999961328,-1155721.3791892314,300.354307920263,903.0336752032601,81.6
1115000,2229.9999999610914,-1155283.928167236,300.06561677930034,903.9809126221982,81.6
1120000,2239.999999960855,-1157699.186954286,299.61637853423366,901.9969598159313,81.6
1125000,2249.9999999606184,-1158017.4004522953,298.8830985499235,902.5839614156179,81.6
1130000,2259.999999960382,-1155639.0275293905,300.68557779276,899.7158422743777,81.6
1135000,2269.9999999601455,-1156108.9825789025,299.43321657703035,902.3511393249343,81.6
1140000,2279.999999959909,-1156927.484771764,299.7446449237693,903.0431001328996,81.6
1145000,2289.9999999596726,-1155457.9854779756,302.06031207742495,903.4550980679203,81.6
1150000,2299.999999959436,-1155244.837825574,300.35899810620793,903.2919818967737,81.6
1155000,2309.9999999591996,-1155368.8113309806,299.90343830617206,901.2034988142387,81.6
1160000,2319.999999958963,-1156544.3717488293,301.00316455756564,899.5705174759964,81.6
1165000,2329.9999999587267,-1157026.502523522,300.08696732140584,901.1100905174162,81.6
1170000,2339.99999995849,-1157856.6338198613,300.6994852136922,901.2172772460832,81.7
1175000,2349.9999999582537,-1156610.6520857764,300.6145112796389,902.4116025185693,81.7
1180000,2359.9999999580173,-1156627.647441391,300.6372484854151,903.1164937130569,81.7
1185000,2369.999999957781,-1157739.5519178296,298.0049937804812,902.2959015159086,81.7
1190000,2379.9999999575443,-1156384.359642597,303.05200091518424,905.1251970637162,81.7
1195000,2389.999999957308,-1155910.6330799144,299.95892524511106,904.9035206188124,81.7
1200000,2399.9999999570714,-1154683.448996908,300.228998387084,904.2433582690004,81.7
1205000,2409.999999956835,-1153893.7265680796,300.2431912975954,903.8352293270796,81.7
1210000,2419.9999999565985,-1155906.3742027665,299.6263706695075,901.9269392836773,81.7
1215000,2429.999999956362,-1155805.6908595972,299.2242789892431,901.8421394760322,81.7
1220000,2439.9999999561255,-1156111.5595284617,299.7121195038473,900.7766876802305,81.7
1225000,2449.999999955889,-1155826.4394609667,300.3855486370784,902.9838538471229,81.7
1230000,2459.9999999556526,-1156704.8995755753,300.91184867643045,900.3136101811831,81.6
1235000,2469.999999955416,-1156087.811658945,298.45977868023044,905.369690925151,81.6
1240000,2479.9999999551796,-1155772.0211471263,299.086713796269,901.0144559818297,81.6
1245000,2489.999999954943,-1153580.3640266443,301.3679794556248,906.6430234982438,81.6
1250000,2499.9999999547067,-1155487.4245526176,300.4750088359485,902.9459832663617,81.5
1255000,2509.9999999544702,-1156639.781721294,299.940021756542,903.9273914439837,81.5
1260000,2519.9999999542338,-1157417.9731570631,300.52484715964084,902.5435135537379,81.5
1265000,2529.9999999539973,-1156092.2840937693,301.68252779562266,900.1655611064803,81.5
1270000,2539.999999953761,-1157122.263386596,300.4645068978545,901.9459946557597,81.5
1275000,2549.9999999535244,-1155791.9021628946,301.399954288501,902.9287149985107,81.5
1280000,2559.999999953288,-1155102.730238255,300.198654923232,900.7968274061709,81.5
1285000,2569.9999999530514,-1156732.170829339,300.6231779275805,900.2986873558815,81.5
1290000,2579.999999952815,-1155049.079263051,302.27506141736126,900.1798905946936,81.5
1295000,2589.9999999525785,-1155779.159522893,298.84749392096813,901.0288942557665,81.4
1300000,2599.999999952342,-1157677.7967920853,300.8671491651646,901.4261425961255,81.4
1305000,2609.9999999521056,-1156164.3822694412,299.69543875557383,902.8969114129893,81.4
1310000,2619.999999951869,-1156617.1275299946,299.1781928143066,897.6966864085712,81.4
1315000,2629.9999999516326,-1157205.7581186136,299.7612848878171,901.3278942121849,81.3
1320000,2639.999999951396,-1156342.3286927128,301.6189451879006,901.7536947461073,81.3
1325000,2649.9999999511597,-1155756.9082119884,299.14676856847603,901.621101930984,81.3
1330000,2659.999999950923,-1155504.7953386968,300.0644340367577,901.8046216718859,81.3
1335000,2669.9999999506867,-1155960.6295869565,298.83821550964245,903.5349103936366,81.3
1340000,2679.9999999504503,-1157003.2927813325,300.9307113807739,901.8691603778248,81.2
1345000,2689.999999950214,-1154041.421816486,301.9377350873616,902.2100722185608,81.2
1350000,2699.9999999499773,-1154932.4440845344,300.4189305257382,904.0447402935418,81.2
1355000,2709.999999949741,-1157373.9537197594,300.5738697988211,903.1977130018871,81.2
1360000,2719.9999999495044,-1155623.2393357577,299.8539262562845,902.5941286157897,81.2
1365000,2729.999999949268,-1156244.5725125233,301.52546774280813,902.6423015587974,81.2
1370000,2739.9999999490315,-1155232.1777733723,300.2296101504681,900.7213372024598,81.3
1375000,2749.999999948795,-1158985.8142986838,300.3807157063439,901.3035663764776,81.3
1380000,2759.9999999485585,-1157161.2350322362,301.1143831407973,903.1498884956648,81.3
1385000,2769.999999948322,-1156397.6789040575,301.0221292224731,901.3204155683156,81.3
1390000,2779.9999999480856,-1156581.9266214864,301.31300231950587,901.4771648777977,81.3
1395000,2789.999999947849,-1154224.042328068,301.0591612993247,904.7034130719007,81.3
1400000,2799.9999999476127,-1155866.2289617239,300.03392743600324,900.4700639251031,81.3
1405000,2809.999999947376,-1156109.5281273155,300.6427543558721,902.2382205300535,81.3
1410000,2819.9999999471397,-1156981.3426161362,300.3736600353138,903.1708193725502,81.3
1415000,2829.9999999469032,-1154286.4495413797,301.04256211950246,903.0259976371515,81.3
1420000,2839.999999946667,-1156625.2577281483,300.64273396375927,902.8797339838018,81.3
1425000,2849.9999999464303,-1157317.8763906276,299.1029867022864,900.3651939488939,81.3
1430000,2859.999999946194,-1155591.0050014304,299.9921236047556,902.737996079268,81.4
1435000,2869.9999999459574,-1157381.8670809371,300.8819946232857,901.5461196573117,81.4
1440000,2879.999999945721,-1155893.3102887329,299.10867610175865,902.5916737508485,81.4
1445000,2889.9999999454844,-1156981.7989976136,300.84341274586103,901.8576289429337,81.4
1450000,2899.999999945248,-1156716.8528770292,299.5654798206755,900.8230201992961,81.4
1455000,2909.9999999450115,-1154892.2721655471,299.74185120431514,906.6010980746742,81.4
1460000,2919.999999944775,-1156938.2171129547,302.3205766131393,901.524587828126,81.4
1465000,2929.9999999445386,-1156766.351455315,300.2218203633771,900.5443808952286,81.4
1470000,2939.999999944302,-1154925.3393640583,301.2161805679136,903.9062492728582,81.4
1475000,2949.9999999440656,-1155561.5757644214,301.07682086901275,902.2805218535809,81.4
1480000,2959.999999943829,-1156300.0416083653,300.264847721393,901.6798459777926,81.4
1485000,2969.9999999435927,-1157894.2618646584,299.73599866794046,901.0446400698205,81.4
1490000,2979.999999943356,-1156231.4755123053,301.34269323574813,901.5439090153894,81.4
1495000,2989.9999999431197,-1157525.972941543,300.9628697426654,901.3708160134829,81.4
1500000,2999.9999999428833,-1156164.1502415081,300.35675497379947,903.6026854700306,81.4
1505000,3009.999999942647,-1157561.1794416755,303.3765617825688,901.3285651794656,81.5
1510000,3019.9999999424103,-1159744.7989717163,301.037627228204,899.490080157755,81.5
1515000,3029.999999942174,-1155528.4036353184,300.2698233969171,904.4023265187143,81.5
1520000,3039.9999999419374,-1156543.3826674605,298.52841853192785,902.851427631462,81.5
1525000,3049.999999941701,-1153558.7231275477,299.1176282392795,900.2486050035624,81.5
1530000,3059.9999999414645,-1156099.4680210697,300.5241742199183,901.6850461218112,81.5
1535000,3069.999999941228,-1157042.328397857,301.13002389131776,903.5213843032101,81.5
1540000,3079.9999999409915,-1156363.3377815997,301.1173196050411,901.0050219141011,81.5
1545000,3089.999999940755,-1155827.4434913807,300.5534572939045,902.5503483486127,81.5
1550000,3099.9999999405186,-1155298.397353162,301.43924988987385,902.7306585695924,81.5
1555000,3109.999999940282,-1155456.4675303493,301.14676581592965,903.4377292977272,81.5
1560000,3119.9999999400457,-1155049.3876046557,299.60059503892353,900.7614285920247,81.5
1565000,3129.999999939809,-1155966.436534441,300.3197432890607,902.3209640898441,81.5
1570000,3139.9999999395727,-1155750.1236049347,301.5727162681744,900.1902398220448,81.5
1575000,3149.9999999393362,-1157105.8543775352,299.935759804966,902.06240048627,81.5
1580000,3159.9999999391,-1153560.7908261102,302.33652324535177,902.9130818656524,81.5
1585000,3169.9999999388633,-1156513.1194680799,297.16182070027156,902.2427074898904,81.5
1590000,3179.999999938627,-1157649.8627437921,301.3359230542972,900.5972676021021,81.5
1595000,3189.9999999383904,-1156715.394761867,300.2889104145014,901.4366800101311,81.5
1600000,3199.999999938154,-1154811.5679218695,299.366126525906,903.6913683264983,81.5
1605000,3209.9999999379174,-1156916.2200198295,300.59899288179525,900.7314267111016,81.5
1610000,3219.999999937681,-1156879.6681394726,300.45681907132746,902.9994661339107,81.5
1615000,3229.9999999374445,-1155538.0386151318,300.6452829778598,904.1019962304304,81.5
1620000,3239.999999937208,-1155370.2331647817,301.612460496029,901.7192450789801,81.4
1625000,3249.9999999369716,-1157773.3226711443,300.39676429912043,901.6075119245414,81.4
1630000,3259.999999936735,-1154777.7781087952,301.0140131615772,903.4894097485629,81.4
1635000,3269.9999999364986,-1156058.8441933924,299.51637561304403,902.7080187425933,81.4
1640000,3279.999999936262,-1155795.1883321116,299.50866739440426,901.615389311495,81.4
1645000,3289.9999999360257,-1155200.021100453,298.83578884821884,901.4276579785285,81.4
1650000,3299.999999935789,-1156936.259614462,300.29610883032115,901.7040813607608,81.4
1655000,3309.9999999355528,-1158098.3815251496,299.635669472946,901.7533857465671,81.4
1660000,3319.9999999353163,-1156059.1035360321,301.0906467214937,902.9496296982577,81.4
1665000,3329.99999993508,-1156351.093954957,300.0743038193547,900.2134568537668,81.3
1670000,3339.9999999348433,-1154780.9333428685,299.7502731469031,902.0528521887614,81.3
1675000,3349.999999934607,-1154307.6979140593,302.0468328908617,903.7479422480039,81.3
1680000,3359.9999999343704,-1156570.036375504,298.82186103517387,902.0962071922597,81.3
1685000,3369.999999934134,-1154493.8491069647,301.4181848373476,902.2799470330601,81.3
1690000,3379.9999999338975,-1156353.4286086066,299.776782893548,902.3298191986793,81.3
1695000,3389.999999933661,-1156917.795906934,298.64234926616246,901.4880229388112,81.3
1700000,3399.9999999334245,-1154345.7590744635,301.33661638613256,906.2671535770351,81.3
1705000,3409.999999933188,-1156042.9799526539,301.28634982807137,902.9169660029577,81.3
1710000,3419.9999999329516,-1155963.1969273314,300.47611001003986,905.9403198173698,81.3
1715000,3429.999999932715,-1156284.4334593387,299.8970147906389,900.0727827363954,81.3
1720000,3439.9999999324787,-1156828.969839787,300.02063177845525,902.6719508570927,81.3
1725000,3449.999999932242,-1154229.8616674915,300.3624443732717,904.1305668825493,81.3
1730000,3459.9999999320057,-1155002.0872362014,300.689839744336,901.668855153848,81.3
1735000,3469.9999999317693,-1156388.7687473176,301.3156125099447,901.167590366447,81.3
1740000,3479.999999931533,-1156788.712456475,299.1921410194644,901.8088695476861,81.3
1745000,3489.9999999312963,-1154236.0041869432,299.42614051388745,902.7788129437988,81.3
1750000,3499.99999993106,-1157174.7708412968,298.6946346433912,902.315907318317,81.3
1755000,3509.9999999308234,-1156367.732876883,300.2503489291895,902.6540625972573,81.2
1760000,3519.999999930587,-1157106.6287380615,300.13074918759554,900.7885972260218,81.2
1765000,3529.9999999303504,-1157755.516071287,300.5622055102973,899.7433365277216,81.2
1770000,3539.999999930114,-1155832.1099074818,299.98941145375267,901.9496980135326,81.2
1775000,3549.9999999298775,-1156538.6871016743,299.68171486365685,901.3644514498064,81.2
1780000,3559.999999929641,-1153394.2370087644,301.3683057294296,902.4518306850917,81.2
1785000,3569.9999999294046,-1156688.0537890121,298.97508737078124,900.5574112701088,81.2
1790000,3579.999999929168,-1156366.7531356644,300.4138732817628,900.5538707017024,81.1
1795000,3589.9999999289316,-1156684.766266046,301.3762178691975,900.4949734985224,81.1
1800000,3599.999999928695,-1157319.91798532,299.9712012970189,901.5137521766841,81.1
1805000,3609.9999999284587,-1156746.8340557078,301.0372601701735,901.3970129748312,81.1
1810000,3619.999999928222,-1156821.2972337687,299.89305872075494,901.746664822517,81.1
1815000,3629.9999999279858,-1155735.3752744691,300.5068817082607,901.4307930383696,81.1
1820000,3639.9999999277493,-1155689.9257767359,300.3593855563512,905.0149792601932,81.1
1825000,3649.999999927513,-1157624.7342782253,300.86716955727746,900.2903331504828,81.1
1830000,3659.9999999272763,-1156916.33404445,299.6190295088981,901.1836251430732,81.1
1835000,3669.99999992704,-1156822.820751682,299.56240061164215,898.121164870804,81.1
1840000,3679.9999999268034,-1156949.135506764,299.1199121559135,900.3890511944462,81.1
1845000,3689.999999926567,-1156403.3503294187,300.0789124368484,902.8610302501243,81.1
1850000,3699.9999999263305,-1156080.8671795614,299.7824315087946,903.1328712644017,81.1
1855000,3709.999999926094,-1155343.9531826144,300.1605828486274,903.7258674278155,81.1
1860000,3719.9999999258575,-1156574.180170333,301.0145433565101,902.5004858533077,81.1
1865000,3729.999999925621,-1157088.1297832122,299.6086091392554,900.289013847657,81.1
1870000,3739.9999999253846,-1155992.8190742582,300.7821956232242,900.4494867044152,81.1
1875000,3749.999999925148,-1156054.9491557013,300.5938540693687,902.3691445353242,81
1880000,3759.9999999249117,-1156695.6353705628,300.83415472664814,901.6710188543982,81
1885000,3769.999999924675,-1157050.273016614,301.92154374979543,901.0194622547433,81
1890000,3779.9999999244387,-1155944.5276245894,302.37649178644716,902.8295379894852,81
1895000,3789.9999999242023,-1156359.5457765125,301.86664818212773,902.501903326499,81
1900000,3799.999999923966,-1154258.71751469,300.0435117290211,903.2552562889475,81
1905000,3809.9999999237293,-1156886.430484145,300.7043181444267,901.6130415626812,81
1910000,3819.999999923493,-1158700.4365647193,302.4064681922686,899.2253792538165,81
1915000,3829.9999999232564,-1155454.6960080788,299.401771939087,901.3049081237024,81
1920000,3839.99999992302,-1157483.8663213523,299.0701554006723,905.2149003439526,81
1925000,3849.9999999227834,-1155378.555036297,300.86433505359764,900.8930524478238,81
1930000,3859.999999922547,-1158085.5239198143,301.5653954996779,901.604264920503,81
1935000,3869.9999999223105,-1157252.5764761483,299.58680997066824,901.9818182668687,81
1940000,3879.999999922074,-1156380.5144064436,299.3899852978864,902.2155486356351,81
1945000,3889.9999999218376,-1156220.862012867,301.0370154648199,903.5027133349973,81
1950000,3899.999999921601,-1153184.1323657082,299.54406810223156,903.2262076611023,81
1955000,3909.9999999213646,-1156166.6473224591,298.6547068865215,900.4934768689694,81
1960000,3919.999999921128,-1155039.7436608383,300.5921003476676,903.1332376913603,80.9
1965000,3929.9999999208917,-1155665.974636849,300.8388856968186,903.7137560085599,80.9
1970000,3939.9999999206552,-1158467.0562344836,298.6987946344032,901.467060995939,80.9
1975000,3949.9999999204188,-1156696.6320176572,300.8970032183093,903.1459759907775,80.9
1980000,3959.9999999201823,-1156860.4971876396,300.5599012015505,900.4203864107138,80.9
1985000,3969.999999919946,-1157072.5234340066,300.8185343682405,902.7422901495366,80.9
1990000,3979.9999999197094,-1154767.5029820697,301.1381399522137,902.0629641641927,80.9
1995000,3989.999999919473,-1155617.758348221,299.0303499964794,902.7540038039294,80.9
2000000,3999.9999999192364,-1156174.6894073915,300.2022031508599,900.7119563077256,80.9
2005000,4009.999999919,-1153440.3437365303,300.1078488449169,904.3273570979019,80.8
2010000,4019.9999999187635,-1156545.7794342432,300.5285381320583,901.9023688581082,80.9
2015000,4029.999999918527,-1155915.788380566,300.5887152569422,900.8638417808539,80.9
2020000,4039.9999999182905,-1154080.4817995233,300.39635645686434,902.6554044820988,80.9
2025000,4049.999999918054,-1156338.6156470561,300.0124749333337,900.5052771482138,80.9
2030000,4059.9999999178176,-1156760.566987331,301.6362376995581,900.4879408069057,80.9
2035000,4069.999999917581,-1155434.0194924949,301.68931836918625,903.1983990843664,80.9
2040000,4079.9999999173447,-1156550.6759747304,299.19438415187284,901.8002414343964,80.9
2045000,4089.999999917108,-1157572.6979814796,302.5203989265032,901.372221096425,80.9
2050000,4099.999999917781,-1156419.4952929588,299.93355745678326,903.4801950827264,80.9
2055000,4109.999999919818,-1157509.2647016132,302.45198338804664,901.2875160353638,80.9
2060000,4119.999999921855,-1157279.8078270014,300.69053307617133,901.0312643602874,80.9
2065000,4129.999999923893,-1156347.8685123073,300.1921294471348,900.0192170068415,80.9
2070000,4139.99999992593,-1156334.4087301893,302.782376399693,902.7077112609799,80.9
2075000,4149.999999927967,-1157351.824039477,302.9567697483907,901.1287135428412,80.9
2080000,4159.999999930004,-1156023.4529902935,299.74578688208624,901.8261862988714,80.9
2085000,4169.999999932042,-1155140.6048435066,299.47391923418667,904.9089892208946,81
2090000,4179.999999934079,-1155523.1290817494,300.0022788769319,902.9257112400886,81
2095000,4189.999999936116,-1155880.9890161976,300.4797398061189,902.4220604868917,81
2100000,4199.999999938153,-1155645.5042271009,301.62524635075687,903.0000335373712,81
2105000,4209.999999940191,-1156570.6205563685,300.25979047741765,902.9028100695389,81
2110000,4219.999999942228,-1154994.7832816914,299.3062144984886,901.3676133883762,81
2115000,4229.999999944265,-1156500.1540165162,299.6835909380348,901.2295201400208,81
2120000,4239.9999999463025,-1156204.435864348,299.7669335030638,899.8438375491614,81
2125000,4249.99999994834,-1158680.3145671804,300.2943143243944,900.3609858568902,81
2130000,4259.999999950377,-1155050.377809722,299.3514849889129,903.6746252352561,81
2135000,4269.999999952414,-1155648.9032772044,299.5694358905594,903.0141031916406,81
2140000,4279.999999954452,-1156262.792663781,299.83857099534333,900.4211832345164,81
2145000,4289.999999956489,-1155345.079635526,301.17502928427564,904.026582566784,81
2150000,4299.999999958526,-1155980.0138577363,299.1364093751717,901.3481952817154,81
2155000,4309.999999960563,-1154167.154601653,300.26021871178654,903.6853462026318,81
2160000,4319.999999962601,-1154838.6533335326,298.6738958646699,902.8182237471893,81
2165000,4329.999999964638,-1156363.2649338841,298.2595689167232,902.8125791514232,81
2170000,4339.999999966675,-1157818.0404740777,300.76947094483467,899.1711962936711,81
2175000,4349.9999999687125,-1157380.8978687236,298.65966216993286,900.1484821925368,81
2180000,4359.99999997075,-1158238.8841304174,301.38559824108717,902.978050408887,81
2185000,4369.999999972787,-1157435.122256931,299.6503925783903,901.7759668653562,81.1
2190000,4379.999999974824,-1155982.2669632565,300.57533803094293,902.733241487092,81.1
2195000,4389.999999976862,-1155026.1721104365,301.67312703162014,901.5231295838287,81.1
2200000,4399.999999978899,-1155742.549974366,302.2107039093526,904.0245677391569,81.1
2205000,4409.999999980936,-1154984.0391492676,301.2505616701008,903.3725644635455,81.1
2210000,4419.999999982973,-1154725.7702170052,300.3003096055587,902.8123712461326,81.1
2215000,4429.999999985011,-1159119.2691796971,300.33848364072736,899.826652280937,81.1
2220000,4439.999999987048,-1154331.4674648242,299.009509257194,901.6121785381317,81.1
2225000,4449.999999989085,-1155519.306728513,300.3098938985765,903.8160041125037,81.1
2230000,4459.999999991122,-1156721.7497125845,302.2327273911807,900.541473596098,81.1
2235000,4469.99999999316,-1156858.853486118,300.7995493112202,901.4411294974498,81.1
2240000,4479.999999995197,-1157044.3557725847,300.16739381430386,900.4733125996104,81.1
2245000,4489.999999997234,-1155692.233701814,301.30170508901256,900.8297787160948,81.1
2250000,4499.9999999992715,-1156272.4838114604,300.0809924323544,900.0886765172813,81.1
2255000,4510.000000001309,-1154707.124158402,301.2096143075908,900.3162537699822,81.1
2260000,4520.000000003346,-1155958.97113828,301.4609470978971,902.5615031382911,81.1
2265000,4530.000000005383,-1154354.8532692743,300.4632629789735,903.2713435355608,81.1
2270000,4540.000000007421,-1155939.928809273,300.299555097385,903.2557927333278,81.2
2275000,4550.000000009458,-1157366.4529848527,299.7791891628588,902.0634348314481,81.2
2280000,4560.000000011495,-1154732.610107745,299.4497137962886,902.7368713190613,81.2
2285000,4570.000000013532,-1153457.3456981769,300.0568889550203,903.0281125360492,81.2
2290000,4580.00000001557,-1155036.981861107,301.21891311102934,900.6967694827431,81.2
2295000,4590.000000017607,-1157639.751334236,298.7583192116774,899.5165429011328,81.2
2300000,4600.000000019644,-1156367.5637740279,300.4671374804062,902.9273152808873,81.2
2305000,4610.000000021681,-1156734.2462055068,300.9138267113724,900.7415819463117,81.2
2310000,4620.000000023719,-1155039.6515876139,301.2688330031729,903.6367536107709,81.2
2315000,4630.000000025756,-1156057.8216442624,301.7927063811013,901.0491619671029,81.2
2320000,4640.000000027793,-1156431.5288178744,299.72810692028537,901.8124074782178,81.1
2325000,4650.0000000298305,-1156996.517228392,300.990970074109,900.2730683511783,81.1
2330000,4660.000000031868,-1156512.7853239616,299.6801650630838,901.518434576112,81.1
2335000,4670.000000033905,-1156655.7865730906,299.1056580690637,900.1112449067302,81.1
2340000,4680.000000035942,-1155632.341565636,299.834655709685,899.7935297192047,81.1
2345000,4690.00000003798,-1156447.423851016,300.0265454911683,901.654633111697,81.1
2350000,4700.000000040017,-1156701.6205650652,299.2993831406993,903.5474998906049,81.1
2355000,4710.000000042054,-1156783.1676320806,301.7420115886712,900.9477806977936,81.1
2360000,4720.000000044091,-1157287.03971955,301.1202560692848,900.0222481894643,81.1
2365000,4730.000000046129,-1156723.6254746206,298.92565688934496,901.08806990563,81.1
2370000,4740.000000048166,-1157238.783726655,299.63422163293694,902.1295862578328,81.1
2375000,4750.000000050203,-1156271.5858330596,300.5622870787485,902.0646071680586,81.1
2380000,4760.0000000522405,-1157827.200250538,299.80133499736365,900.3411960848069,81.1
2385000,4770.000000054278,-1154713.6837706286,299.99424438448716,903.5172634901337,81.1
2390000,4780.000000056315,-1156053.3467404246,301.97366599012184,902.0511858932667,81.1
2395000,4790.000000058352,-1155302.7347116685,299.71613675006967,903.3565815940128,81.1
2400000,4800.0000000603895,-1156939.2213122398,299.38256256882585,900.4043248283152,81.1
2405000,4810.000000062427,-1156635.3204345284,299.20458020827465,901.532557216838,81.1
2410000,4820.000000064464,-1156994.9384293426,301.3245850395784,901.8742895775588,81.1
2415000,4830.000000066501,-1156456.0840289854,300.379043553094,900.6931560583595,81.1
2420000,4840.000000068539,-1155953.8566919267,299.61013854771574,901.5153349320403,81
2425000,4850.000000070576,-1156725.043770384,300.5741145041747,900.2661505036092,81
2430000,4860.000000072613,-1155256.4604984662,299.98147892187205,903.5126305928703,81
2435000,4870.00000007465,-1156872.9263495319,300.20471138073475,902.3790667953984,81
2440000,4880.000000076688,-1158787.4812021405,301.57124803605257,903.3819159088279,81
2445000,4890.000000078725,-1157888.3049695184,299.89411911062075,900.4134678178622,81
2450000,4900.000000080762,-1155461.275759752,301.6216981231291,902.0047704168534,81
2455000,4910.0000000827995,-1154822.656022503,301.06152678441,902.9334419808099,81
2460000,4920.000000084837,-1157190.8143114503,300.6112689337031,900.493037241171,81
2465000,4930.000000086874,-1155690.0731581636,299.38419393785017,904.2553196456238,81
2470000,4940.000000088911,-1156023.428641336,299.8017632317326,902.1807695879653,81
2475000,4950.000000090949,-1154683.290852541,300.40057762421475,902.9773890397634,81
2480000,4960.000000092986,-1156063.4277027575,302.2263650519859,900.4595737600372,81
2485000,4970.000000095023,-1155401.064358905,300.3642388791985,903.0381581573439,81
2490000,4980.00000009706,-1157479.3958096653,299.6774733041937,903.3977794866919,80.9
2495000,4990.000000099098,-1156823.1203804594,300.8838706976637,904.8663388396418,80.9
2500000,5000.000000101135,-1155719.1645298796,300.4290857979144,903.2520468651737,80.9
2505000,5010.000000103172,-1158734.2943045842,299.7877130660108,901.0062733117612,80.9
2510000,5020.000000105209,-1157038.4111006204,299.91124848537595,901.3477871568047,80.9
2515000,5030.000000107247,-1154544.41284802,299.5069748490415,905.3359374377428,80.9
2520000,5040.000000109284,-1157279.9436341329,300.25554891795446,902.8852840733972,80.9
2525000,5050.000000111321,-1156661.010752663,300.48292097571635,902.2549791385591,80.9
2530000,5060.0000001133585,-1155356.4977458827,300.7590505751919,901.124912215317,80.9
2535000,5070.000000115396,-1156347.138281349,298.3108754725374,903.8633709327872,80.9
2540000,5080.000000117433,-1155863.7234403212,300.46085670966266,901.5765721295649,80.9
2545000,5090.00000011947,-1156986.3655261956,302.529147142896,900.9996743603522,80.9
2550000,5100.000000121508,-1157830.0546803046,300.6860672034673,901.0335001748307,80.8
2555000,5110.000000123545,-1157718.386796452,301.13202231837255,899.5050206325056,80.8
2560000,5120.000000125582,-1154087.2569429781,301.535459878082,900.8133655500221,80.8
2565000,5130.000000127619,-1156294.936069103,299.80043774440037,904.9091114389207,80.8
2570000,5140.000000129657,-1158276.793720943,300.8548527211439,901.2126136268606,80.8
2575000,5150.000000131694,-1155327.527068465,299.42006366427194,902.9824214643492,80.8
2580000,5160.000000133731,-1156116.0450974554,302.47531196509414,902.1826469107752,80.8
2585000,5170.0000001357685,-1157006.122282586,300.83531707707795,899.1074594875004,80.8
2590000,5180.000000137806,-1156440.1231917702,299.3111289976743,901.059622473813,80.8
2595000,5190.000000139843,-1156405.067227479,300.3693980837378,900.3300822047096,80.8
2600000,5200.00000014188,-1155813.55200502,299.4376620576216,903.1073048648078,80.8
2605000,5210.0000001439175,-1156456.7821908668,300.8722064091399,903.3346404934169,80.8
2610000,5220.000000145955,-1156012.9473952753,300.6155104931663,902.9153935421391,80.8
2615000,5230.000000147992,-1155290.561445673,298.65433982849106,901.2234650475742,80.8
2620000,5240.000000150029,-1153805.7756348094,301.6469639508929,905.7003465740644,80.8
2625000,5250.000000152067,-1156423.343271467,299.52551127958014,904.074791692381,80.8
2630000,5260.000000154104,-1155516.8733740514,300.1220213633155,901.4498965878719,80.8
2635000,5270.000000156141,-1155344.9898106568,301.1839406375709,902.2805243065969,80.8
2640000,5280.000000158178,-1156481.21518353,300.62305557490373,900.8172943680152,80.8
2645000,5290.000000160216,-1155104.8952659909,298.2235972297374,902.1110030211718,80.8
2650000,5300.000000162253,-1155030.1184695438,300.58904153074707,902.8376449095355,80.8
2655000,5310.00000016429,-1154669.8750543874,300.77040898202364,903.0584957236601,80.8
2660000,5320.0000001663275,-1156869.7906892495,301.2113680292919,901.1542987018955,80.8
2665000,5330.000000168365,-1154959.5190867465,300.75935645688395,903.5061331899954,80.7
2670000,5340.000000170402,-1155271.9395889472,300.8014865619365,903.3681277992191,80.7
2675000,5350.000000172439,-1154538.7330548214,300.3939297954407,902.8899494617151,80.7
2680000,5360.000000174477,-1155205.637526501,299.4702486538819,900.6029349713712,80.7
2685000,5370.000000176514,-1154732.799289736,299.5444147681492,902.3033679104536,80.7
2690000,5380.000000178551,-1155190.515498586,301.64547532665824,901.6778950471162,80.7
2695000,5390.000000180588,-1155259.2912348052,300.18368711243403,905.1581095075612,80.7
2700000,5400.000000182626,-1154993.5909470757,300.5205444238392,902.6666419621665,80.7
2705000,5410.000000184663,-1156398.6806062628,298.5999132794178,902.789922811532,80.7
2710000,5420.0000001867,-1157237.1192849912,299.7750291718468,898.7909466588782,80.7
2715000,5430.000000188737,-1155789.1318482421,300.34998479234866,900.9243795514617,80.7
2720000,5440.000000190775,-1155952.8565454558,301.6242675293424,901.9296002881332,80.7
2725000,5450.000000192812,-1155471.9320124667,300.1291178185712,903.1195333158623,80.7
2730000,5460.000000194849,-1156271.2633953998,299.62455577146795,905.4304105588081,80.7
2735000,5470.0000001968865,-1156511.1355801374,300.7138820453316,902.7790272406874,80.7
2740000,5480.000000198924,-1155666.6386654656,300.8566268349579,900.8188144964605,80.7
2745000,5490.000000200961,-1155428.9068210432,301.3100454631493,904.5273473510406,80.7
2750000,5500.000000202998,-1156688.3698953446,300.38693530074903,903.8229970427242,80.7
2755000,5510.000000205036,-1156975.3934540926,299.7712158467525,902.1790072286068,80.7
2760000,5520.000000207073,-1155068.856576778,298.9991908481153,903.4421025923393,80.7
2765000,5530.00000020911,-1154676.8981473465,300.9154784725095,903.9600291053289,80.7
2770000,5540.000000211147,-1155608.445059482,299.1057396375149,902.8296186040702,80.7
2775000,5550.000000213185,-1154315.0879086815,300.1759788937942,901.411132954465,80.7
2780000,5560.000000215222,-1155408.62325479,301.6973324695182,902.9832335641694,80.7
2785000,5570.000000217259,-1154696.9623891013,300.3007378399276,903.8758033381123,80.7
2790000,5580.000000219296,-1155383.2812934201,298.8778985611586,902.5577304618865,80.7
2795000,5590.000000221334,-1157081.7726855837,299.64910787528373,902.3079697591147,80.7
2800000,5600.000000223371,-1154845.9897996886,300.12536566981527,904.1117545513201,80.7
2805000,5610.000000225408,-1158092.9471304305,298.7569325480067,900.915738066363,80.7
2810000,5620.0000002274455,-1157358.7910325155,301.29367059656784,902.8564172546972,80.8
2815000,5630.000000229483,-1157076.326202223,300.7013408959573,900.7671352518163,80.8
2820000,5640.00000023152,-1157846.7998560136,300.9977810397855,901.7703966873811,80.8
2825000,5650.000000233557,-1155645.6672020238,298.13905153005305,903.6698476515212,80.8
2830000,5660.000000235595,-1154050.1496246522,301.4112719111071,905.2543200607352,80.8
2835000,5670.000000237632,-1156635.7470821515,300.71320910560905,900.8841463893681,80.8
2840000,5680.000000239669,-1156780.6723903231,299.5669480527974,902.564733352563,80.8
2845000,5690.000000241706,-1155695.5057908418,301.1659955783036,902.0448753630743,80.8
2850000,5700.000000243744,-1155121.080192186,297.64183064355916,903.1833225306607,80.8
2855000,5710.000000245781,-1156383.2844560267,299.66368823593837,901.9763765509607,80.8
2860000,5720.000000247818,-1155867.4884672062,299.402179781343,902.0021485130814,80.8
2865000,5730.0000002498555,-1155652.4234638186,300.0240984376319,899.718560845508,80.8
2870000,5740.000000251893,-1157798.2429289753,300.29143903648907,900.3934512268314,80.8
2875000,5750.00000025393,-1155789.9916962683,300.46214141276926,899.0533088070042,80.8
2880000,5760.000000255967,-1155001.8277365752,300.8016089146133,903.6952023274429,80.8
2885000,5770.000000258005,-1158371.7781669116,301.66966037244345,902.7109099242822,80.8
2890000,5780.000000260042,-1155352.4401825378,299.54025477713725,902.6274885985677,80.8
2895000,5790.000000262079,-1155676.3905873038,301.07025460869,900.719880961842,80.8
2900000,5800.000000264116,-1155205.0324202767,300.39023882302325,903.473989956751,80.8
2905000,5810.000000266154,-1156264.1801686967,299.881210903216,901.6436802012986,80.8
2910000,5820.000000268191,-1156246.804457738,300.06577991620276,899.3587096738362,80.8
2915000,5830.000000270228,-1154379.5039895978,299.07994361481815,903.7891083103436,80.8
2920000,5840.000000272265,-1157617.6345965592,299.6143597150661,901.4687895494335,80.8
2925000,5850.000000274303,-1157665.4013222763,301.8126090831978,900.9243881548356,80.8
2930000,5860.00000027634,-1157128.324182679,300.390789410069,900.0803894576726,80.8
2935000,5870.000000278377,-1155997.6112307562,299.96441072345533,903.2630549754616,80.8
2940000,5880.0000002804145,-1156734.5877031293,300.5814556647841,902.2857909912515,80.8
2945000,5890.000000282452,-1154669.6224915022,300.9881967467677,901.3424276264675,80.8
2950000,5900.000000284489,-1155770.8632877376,300.3997415475898,900.869023952111,80.9
2955000,5910.000000286526,-1155265.0262287054,300.73627258519014,904.9185449023001,80.9
2960000,5920.000000288564,-1156910.766838654,301.19568649454584,901.2366425262762,80.9
2965000,5930.000000290601,-1157187.4425168913,301.99273261559335,897.8047980575217,80.9
2970000,5940.000000292638,-1156642.3429799462,300.1794455529709,900.3467462191601,80.9
2975000,5950.000000294675,-1155440.9846704146,300.8349704111603,902.3661441807569,80.9
2980000,5960.000000296713,-1156360.9538920969,301.27152476206305,900.7033213369068,80.9
2985000,5970.00000029875,-1156935.2995273164,300.4796174534421,898.9727091487174,80.9
2990000,5980.000000300787,-1155135.191930877,300.76547409072515,901.8260869579459,80.9
2995000,5990.000000302824,-1155413.932423544,300.34225618159604,904.6543342449656,80.9
3000000,6000.000000304862,-1154345.512766691,299.28631179639217,902.5227994590848,80.9
3005000,6010.000000306899,-1154092.654933096,300.8947396937881,903.3692332751968,80.9
3010000,6020.000000308936,-1155506.1859848062,300.154077764643,903.0380777632607,80.9
3015000,6030.0000003109735,-1157268.499263537,300.4159532772688,900.6783033748608,80.9
3020000,6040.000000313011,-1156072.0941669857,300.7622929211277,903.5479476616586,80.9
3025000,6050.000000315048,-1155690.6106673367,302.01779452222917,903.4308523191033,80.9
3030000,6060.000000317085,-1155854.5320213735,300.66963116054745,902.2918324797705,80.9
3035000,6070.000000319123,-1155708.4211843768,299.81844398000607,902.2290175473184,80.9
3040000,6080.00000032116,-1155451.4845819203,298.9504129142887,903.7418029638274,80.9
3045000,6090.000000323197,-1155917.5811570436,300.0902300594544,903.1648771171607,80.9
3050000,6100.000000325234,-1156483.9976653755,301.2481146165643,903.4603433270233,80.9
3055000,6110.000000327272,-1154415.7694606585,300.87355228858496,902.8248722048951,80.9
3060000,6120.000000329309,-1155085.695010499,298.96191406591004,900.9730345298232,80.9
3065000,6130.000000331346,-1156432.5866114292,300.30108450584527,899.9114680692323,80.9
3070000,6140.0000003333835,-1155416.208088885,299.3208560354817,904.2135800186962,80.9
3075000,6150.000000335421,-1159070.2239851253,300.5731560748729,898.7314370266921,80.9
3080000,6160.000000337458,-1156856.3173624286,299.80998125319246,900.9722578847426,80.9
3085000,6170.000000339495,-1155766.2798040211,301.0980082742159,902.779073649016,80.9
3090000,6180.0000003415325,-1156449.541247719,299.81764868760666,902.8339693183336,80.9
3095000,6190.00000034357,-1155250.303195539,299.0050637766028,901.9376403599942,80.9
3100000,6200.000000345607,-1154540.605727489,301.43105226052677,905.6703677095367,80.9
3105000,6210.000000347644,-1155730.0738760633,300.7328467102391,903.2899572446461,80.9
3110000,6220.000000349682,-1156375.983863269,300.84467705685483,902.786010165692,80.9
3115000,6230.000000351719,-1156207.4756527506,298.12673469391956,901.7474443608061,80.9
3120000,6240.000000353756,-1157480.8824817054,299.00314691799923,902.6202787360601,80.9
3125000,6250.000000355793,-1156871.8802708937,302.37220944275833,902.3966251341877,80.9
3130000,6260.000000357831,-1158320.997798876,300.3464977410592,900.7295999250579,80.9
3135000,6270.000000359868,-1154995.296347524,300.71182244193847,902.5136059452091,80.9
3140000,6280.000000361905,-1157069.050612526,300.6796640800469,901.5820096498734,80.9
3145000,6290.0000003639425,-1157616.0208005821,302.1798710347934,900.4432425515417,80.9
3150000,6300.00000036598,-1157421.9300983585,301.11911411096776,901.4584109132535,80.8
3155000,6310.000000368017,-1156572.9049342377,300.0289313683664,900.2781988814485,80.8
3160000,6320.000000370054,-1157874.757406475,300.5083907246082,902.0081255691262,80.8
3165000,6330.000000372092,-1155605.0589766754,299.85594507545215,898.9677854659218,80.8
3170000,6340.000000374129,-1156009.4650566569,300.48487861854545,900.4293195575868,80.8
3175000,6350.000000376166,-1156843.556976311,298.95522545291044,899.8655160287016,80.8
3180000,6360.000000378203,-1156388.0095546404,302.1745690854644,900.1135413378665,80.8
3185000,6370.000000380241,-1155822.1805916084,301.0722530357448,900.9094145415808,80.8
3190000,6380.000000382278,-1154055.32049362,301.4703478618996,903.7808179944318,80.8
3195000,6390.000000384315,-1155917.649723731,299.34724342944975,903.3534853074015,80.8
3200000,6400.000000386352,-1155346.6115617566,301.05414483957503,901.8976451876615,80.8
3205000,6410.00000038839,-1157749.2769433316,300.62766419239733,902.8538257553924,80.8
3210000,6420.000000390427,-1156475.0910347272,301.16201911630685,901.1208681677698,80.7
3215000,6430.000000392464,-1157567.3145248238,299.6522278685427,900.815866588681,80.7
3220000,6440.0000003945015,-1156923.2437812472,301.9078198578785,900.5141956159628,80.7
3225000,6450.000000396539,-1156394.4263516683,300.7952873596442,901.831965587472,80.7
3230000,6460.000000398576,-1158953.4755205577,302.32555228866335,899.6439789679628,80.7
3235000,6470.000000400613,-1156261.3262529792,299.98720910556995,903.1313821721078,80.7
3240000,6480.000000402651,-1155990.5458362,301.04847583221556,903.2097668519611,80.7
3245000,6490.000000404688,-1156580.2434945684,300.1731443901145,902.4019374968196,80.7
3250000,6500.000000406725,-1156950.9713242864,299.9471589960233,900.7470831894644,80.7
3255000,6510.000000408762,-1157354.2565580755,299.69733522206457,900.6167449790471,80.7
3260000,6520.0000004108,-1154507.655943647,299.22219899373715,903.7820739681727,80.7
3265000,6530.000000412837,-1155745.1805237522,300.2789182792276,901.1620574371747,80.7
3270000,6540.000000414874,-1156492.623952886,300.02006079929674,902.1954952733968,80.7
3275000,6550.0000004169115,-1156997.8559652306,299.9549283910016,900.1406996574282,80.7
3280000,6560.000000418949,-1158646.2819963535,301.95433426718387,900.3465184932787,80.7
3285000,6570.000000420986,-1155235.8698772388,300.4918323290116,900.950262623818,80.7
3290000,6580.000000423023,-1157316.6824021293,298.8977400869166,901.6309894774485,80.7
3295000,6590.0000004250605,-1156563.98544282,299.58281311655867,900.5847007004015,80.7
3300000,6600.000000427098,-1154328.126269238,301.43947420311474,904.6871313738679,80.7
3305000,6610.000000429135,-1157413.3190743215,303.0522048363123,901.6309964891426,80.7
3310000,6620.000000431172,-1154744.9087633304,298.952982320502,902.4506701252704,80.7
3315000,6630.00000043321,-1157162.1781476615,299.82213495242354,902.5155270533859,80.7
3320000,6640.000000435247,-1155301.5909469416,301.3400422610836,903.0429934088917,80.7
3325000,6650.000000437284,-1158189.8505100217,300.39613214362356,901.4651000235466,80.7
3330000,6660.000000439321,-1157129.379140012,302.1790145660556,900.4991423920301,80.7
3335000,6670.000000441359,-1155223.4562972635,299.0297790173209,902.2525877054973,80.7
3340000,6680.000000443396,-1156320.4507688582,299.71850223515486,901.6535206090819,80.7
3345000,6690.000000445433,-1155542.5955248764,301.4306852024963,903.1420460594089,80.7
3350000,6700.0000004474705,-1156382.5731178485,299.8267435699172,901.2029008289202,80.7
3355000,6710.000000449508,-1157208.6367442822,300.2769198521728,901.7473034678491,80.7
3360000,6720.000000451545,-1155709.0676009832,301.3527261552475,901.4659378671723,80.7
3365000,6730.000000453582,-1155842.0515966695,300.62073087404406,904.9603280302457,80.7
3370000,6740.00000045562,-1156803.8555061938,299.4888870449846,902.8183675507402,80.7
3375000,6750.000000457657,-1157343.1917834943,299.57863273343395,902.7487199141538,80.7
3380000,6760.000000459694,-1156764.3521110835,299.0736628440746,902.2789048107094,80.7
3385000,6770.000000461731,-1156820.955797593,300.43689597711824,901.7027734417729,80.7
3390000,6780.000000463769,-1156351.0528403716,299.0083061225386,900.1269792258404,80.7
3395000,6790.000000465806,-1157376.6921233926,301.9956894719499,901.1256405047325,80.7
3400000,6800.000000467843,-1156444.862853068,302.0037647486202,902.0605339670047,80.7
3405000,6810.00000046988,-1156019.6983408388,299.77755779383455,902.8863430523444,80.7
3410000,6820.000000471918,-1156886.4010755783,301.8575125155916,901.0994963416689,80.7
3415000,6830.000000473955,-1157379.216504407,300.6968138469149,901.6629172382804,80.7
3420000,6840.000000475992,-1158049.9511351194,299.68768975270837,902.8228026134296,80.7
3425000,6850.0000004780295,-1155406.1153756054,300.5692815734402,903.7113747415308,80.7
3430000,6860.000000480067,-1154528.985048592,299.97515736690286,902.6496073981243,80.7
3435000,6870.000000482104,-1156114.8820986627,302.04389642661795,902.5395704711123,80.7
3440000,6880.000000484141,-1154959.5676975101,297.27932005424685,901.2754259927187,80.7
3445000,6890.000000486179,-1158570.773687303,300.7089063698075,902.1163764530312,80.7
3450000,6900.000000488216,-1155787.882992628,299.7697272225179,903.2426437921554,80.7
3455000,6910.000000490253,-1155528.9443846773,300.5765615577111,901.01895100122,80.7
3460000,6920.00000049229,-1154448.472439629,299.4091946681475,904.2522331909748,80.7
3465000,6930.000000494328,-1156037.762464217,300.80372969434495,901.8548935074147,80.7
3470000,6940.000000496365,-1157426.966888478,300.64740375759135,901.4211181224912,80.7
3475000,6950.000000498402,-1156496.6673255032,300.0458772141063,901.2651362744099,80.6
3480000,6960.0000005004395,-1158506.0911069745,300.9168243519546,901.6000295228145,80.6
3485000,6970.000000502477,-1157574.2654519957,301.3392877529099,903.0484974905635,80.6
3490000,6980.000000504514,-1157293.6919786688,300.53608321379573,901.6777897896213,80.6
3495000,6990.000000506551,-1155507.9836257454,299.68304035098913,903.8920998819042,80.6
3500000,7000.0000005085885,-1156840.8469486684,299.4645796465225,901.54797471065,80.6
3505000,7010.000000510626,-1154875.7940477757,299.8278447440086,903.5188993330854,80.6
3510000,7020.000000512663,-1156771.0655762404,300.20479294918596,901.7162457689675,80.6
3515000,7030.0000005147,-1156064.7560549453,300.2707614341061,902.6629462991787,80.6
3520000,7040.000000516738,-1156238.4000608549,298.56963099190426,902.0608135593699,80.6
3525000,7050.000000518775,-1156810.0937359724,300.4650574849002,901.9703857160907,80.6
3530000,7060.000000520812,-1155516.469703014,301.48815017637725,901.2008285929435,80.6
3535000,7070.000000522849,-1155756.5625762548,299.94269312331926,901.2086011087196,80.6
3540000,7080.000000524887,-1157647.6436170852,299.2600059708753,901.8463148597971,80.6
3545000,7090.000000526924,-1157087.2269049753,299.6296130154433,901.3273008410891,80.6
3550000,7100.000000528961,-1155742.7681574542,301.41418798323804,902.9501352930064,80.6
3555000,7110.0000005309985,-1156963.8722109813,299.81295850166185,900.0133862645712,80.6
3560000,7120.000000533036,-1157945.493290388,298.155365220296,899.5950465750229,80.6
3565000,7130.000000535073,-1153739.5063886214,301.7636272282432,902.6699716881318,80.6
3570000,7140.00000053711,-1154533.2694654698,298.7930265876694,901.8985732714143,80.6
3575000,7150.000000539148,-1156834.0204119077,301.4709188410581,901.357203643069,80.6
3580000,7160.000000541185,-1156093.697932152,301.37358728664583,902.0683185538762,80.6
3585000,7170.000000543222,-1155940.911658762,300.04913995215486,903.1621567736156,80.6
3590000,7180.000000545259,-1153950.6684954688,298.68327623655955,904.5723543970103,80.6
3595000,7190.000000547297,-1156180.8866734728,301.5843601645854,901.6702342683059,80.6
3600000,7200.000000549334,-1155031.2624084791,298.9463752759536,903.788425436117,80.6
3605000,7210.000000551371,-1157612.8043785691,300.8118457552408,903.9156838006849,80.6
3610000,7220.000000553408,-1157096.625630823,297.7364500469685,901.2484859799282,80.6
3615000,7230.000000555446,-1157260.9109169813,300.4191752310918,902.1445688475144,80.6
3620000,7240.000000557483,-1155004.9632368144,300.37496513053327,902.6027841052093,80.6
3625000,7250.00000055952,-1156079.0217183167,301.27919219647725,903.5701308389945,80.6
3630000,7260.0000005615575,-1156896.9915540516,301.75157548957617,902.3032384900564,80.6
3635000,7270.000000563595,-1157162.3872119058,298.4639182791296,903.8002776009095,80.6
3640000,7280.000000565632,-1156394.967451389,301.16140735292277,903.2233845213569,80.6
3645000,7290.000000567669,-1156049.302335824,302.38415922086136,902.00135344677,80.6
3650000,7300.000000569707,-1157229.6935308715,298.58302861001636,901.7416912752757,80.6
3655000,7310.000000571744,-1155686.0695884293,299.4346440249266,902.7370912589539,80.6
3660000,7320.000000573781,-1155398.4749689754,299.782288764005,902.6517184836066,80.6
3665000,7330.000000575818,-1157016.3081149422,300.9641340536592,902.3586007305368,80.6
3670000,7340.000000577856,-1155896.1886247667,299.56127904543797,900.1499870640247,80.6
3675000,7350.000000579893,-1156573.7836472197,300.2545904886527,899.0891437074516,80.6
3680000,7360.00000058193,-1157138.5701274788,301.67969329194295,901.8744574951326,80.5
3685000,7370.000000583967,-1157117.3203888554,301.52410147125033,899.7984637520885,80.5
3690000,7380.000000586005,-1156926.1833138755,301.2218903594987,902.8249038072701,80.5
3695000,7390.000000588042,-1154873.070594783,300.9586281832022,902.7050945699674,80.5
3700000,7400.000000590079,-1156180.217694492,300.4850009712223,902.0211769608624,80.5
3705000,7410.0000005921165,-1157861.5432132026,299.82029966227117,901.5043077016699,80.5
3710000,7420.000000594154,-1156350.0081007965,298.9127894661658,900.9388757585095,80.5
3715000,7430.000000596191,-1156686.3390974225,299.51900619559575,902.8497487716243,80.5
3720000,7440.000000598228,-1157153.8916842788,298.2359140658709,902.0185029841999,80.5
3725000,7450.000000600266,-1158068.558700583,301.9377350873616,900.1841502365215,80.5
3730000,7460.000000602303,-1156498.733608406,298.9152161275894,901.8680704406542,80.5
3735000,7470.00000060434,-1156689.9126993949,300.3203142682192,901.3469586029798,80.5
3740000,7480.000000606377,-1154500.0240032217,300.995333986249,901.361366624159,80.5
3745000,7490.000000608415,-1156296.776521,300.0972653383717,901.4715343419091,80.5
3750000,7500.000000610452,-1158202.145391374,300.7914536424371,900.6281668141547,80.5
3755000,7510.000000612489,-1157509.016729327,301.9246841351672,899.4966694977345,80.5
3760000,7520.0000006145265,-1153295.047907834,300.7294004431753,901.9101807406802,80.5
3765000,7530.000000616564,-1154414.5985385226,298.26919399396655,905.2330176884005,80.5
3770000,7540.000000618601,-1155718.6522824913,301.05969149425766,902.1217237340583,80.5
3775000,7550.000000620638,-1156643.4010095568,300.6597613779505,902.425908633098,80.6
3780000,7560.0000006226755,-1156227.342010592,300.3247801409232,899.014891614173,80.6
3785000,7570.000000624713,-1159281.2440432068,299.1014776859389,900.1774372584457,80.6
3790000,7580.00000062675,-1155880.7379923677,300.3539816464582,902.5271274197697,80.6
3795000,7590.000000628787,-1155910.107122262,299.8707497493477,903.3705558907426,80.6
3800000,7600.000000630825,-1156643.894265077,297.86748976384547,897.7758389883868,80.6
3805000,7610.000000632862,-1155760.3238925748,299.3412073640598,902.446383646208,80.6
3810000,7620.000000634899,-1156499.4642595667,299.46735297386385,902.6061671351631,80.6
3815000,7630.000000636936,-1156845.0236931322,300.77999327504136,900.299078512797,80.6
3820000,7640.000000638974,-1156817.374469772,301.0121166950865,898.8042011792064,80.6
3825000,7650.000000641011,-1156147.6689208886,300.9178031733691,902.5328348264978,80.6
3830000,7660.000000643048,-1155188.305012079,302.3017546930214,902.184685999151,80.6
3835000,7670.0000006450855,-1156115.9072464984,299.736773568227,902.9645279304319,80.6
3840000,7680.000000647123,-1155087.161331309,297.59884406976886,905.6565763983459,80.6
3845000,7690.00000064916,-1154381.911908593,299.9710177680037,903.8391032080041,80.6
3850000,7700.000000651197,-1155244.7636300623,299.7718480022495,901.3617520377471,80.6
3855000,7710.000000653235,-1156906.7532608733,302.4900962468768,903.0869299586287,80.6
3860000,7720.000000655272,-1156212.2171819787,300.8137830059572,901.1306853817811,80.6
3865000,7730.000000657309,-1154722.406775115,300.4402606757309,902.1192795947558,80.6
3870000,7740.000000659346,-1156211.455227146,300.58949015722874,901.2241656276444,80.6
3875000,7750.000000661384,-1155666.7621363243,300.1784667315563,901.259686319935,80.6
3880000,7760.000000663421,-1155034.863567397,300.5942619116248,901.8343626519663,80.6
3885000,7770.000000665458,-1154635.6381270848,299.9987714335296,906.1346084220654,80.6
3890000,7780.000000667495,-1156979.8710860927,301.8810042295416,902.6744751393239,80.6
3895000,7790.000000669533,-1157848.7514895238,301.3787057069595,901.2589372043326,80.6
3900000,7800.00000067157,-1157640.678876035,298.70399462316817,898.8159356498297,80.6
3905000,7810.000000673607,-1157141.272892435,300.52085030553127,901.1552131121271,80.6
3910000,7820.0000006756445,-1156308.2914362848,302.3373389298639,901.2435213710011,80.6
3915000,7830.000000677682,-1157382.2270633085,299.3217125042195,900.711580616688,80.6
3920000,7840.000000679719,-1156590.133778845,299.9297849159145,901.600074230887,80.6
3925000,7850.000000681756,-1156476.5097442772,300.12528410136406,899.9306195002274,80.6
3930000,7860.000000683794,-1156304.106996525,300.7843571871814,900.217363398176,80.6
3935000,7870.000000685831,-1155113.3406693647,299.64394867074435,903.6713796305647,80.6
3940000,7880.000000687868,-1156956.5951502332,301.4019527155558,903.1651237103139,80.6
3945000,7890.000000689905,-1156422.0096025197,300.15593344690814,901.399400226421,80.6
3950000,7900.000000691943,-1156352.1730538793,300.9278157007558,898.3709573052762,80.6
3955000,7910.00000069398,-1157519.691016405,299.93192608775894,901.1481377310622,80.6
3960000,7920.000000696017,-1156440.4598480975,302.70763930626725,899.5701933927985,80.6
3965000,7930.0000006980545,-1154539.7422254449,300.7666568332677,903.407416777527,80.6
3970000,7940.000000700092,-1156083.9319932219,300.3342216891514,901.9235282708155,80.6
3975000,7950.000000702129,-1156403.6490936885,300.10444336207865,904.2018075897764,80.6
3980000,7960.000000704166,-1157744.7698511444,301.59790052748707,902.2506614550463,80.6
3985000,7970.0000007062035,-1155091.140783633,300.99667986569403,901.7325725025302,80.6
3990000,7980.000000708241,-1155531.808503178,300.87905815904196,902.9611519287637,80.6
3995000,7990.000000710278,-1157788.1145155951,298.81243987905856,900.7848632358317,80.6
4000000,8000.000000712315,-1154562.3132249145,298.29859942062956,901.2508230089496,80.6
4005000,8010.000000714353,-1156410.895090729,298.5932654506438,901.8249046103322,80.6
4010000,8020.00000071639,-1155568.5170783047,300.8828103077979,901.137282613833,80.6
4015000,8030.000000718427,-1156848.2268396644,300.2121137176825,902.4274335282993,80.6
4020000,8040.000000720464,-1155133.1931728646,301.0357103696004,903.9425692925537,80.6
4025000,8050.000000722502,-1156397.0923518976,300.4981742760935,902.3893811566242,80.5
4030000,8060.000000724539,-1156003.786200584,299.50387524789534,900.4538378912239,80.5
4035000,8070.000000726576,-1155788.0308693862,301.24695226613454,900.9736337884978,80.5
4040000,8080.0000007286135,-1155243.277842746,299.39675547933723,899.1099028293298,80.5
4045000,8090.000000730651,-1156943.999606844,299.0959514233691,900.5268178833697,80.5
4050000,8100.000000732688,-1155563.2999936566,301.1020663046639,902.0252582214661,80.5
4055000,8110.000000734725,-1155602.8760660663,298.91391103237004,900.4972569077268,80.5
4060000,8120.000000736763,-1154499.9420350539,300.62982575635453,903.9906405850544,80.5
4065000,8130.0000007388,-1156952.815129361,300.15693266043553,902.9955542574064,80.5
4070000,8140.000000740837,-1154657.5386938332,300.82157279304823,902.7258327073272,80.5
4075000,8150.000000742874,-1155883.4703555647,299.05918444398395,903.2294397539035,80.5
4080000,8160.000000744912,-1157311.4287998034,300.55702591364513,901.5491782052983,80.5
4085000,8170.000000746949,-1156480.3153337827,300.178079281413,901.157055481727,80.5
4090000,8180.000000748986,-1156842.5448329207,299.8156910447775,900.563452072229,80.5
4095000,8190.000000751023,-1157338.602131484,300.3591408509975,900.3441986577762,80.5
4100000,8200.00000075306,-1158659.1123162284,300.9289984432984,900.4940411437581,80.5
4105000,8210.000000755097,-1156869.1447254382,299.48162745282644,901.6178384845208,80.5
4110000,8220.000000757134,-1157334.7100440552,300.2323630856966,900.1192138096484,80.5
4115000,8230.000000759172,-1155634.379098352,298.4945472325609,898.7105650122428,80.5
4120000,8240.000000761209,-1156726.8942150762,300.8790173748164,900.1625171671803,80.5
4125000,8250.000000763246,-1156717.359584122,302.15446246223985,902.4044603448684,80.5
4130000,8260.000000765283,-1156870.8957194695,301.1607955895386,901.5506301873285,80.5
4135000,8270.00000076732,-1157306.1181753343,299.5991268068017,899.5113250106733,80.5
4140000,8280.000000769358,-1157180.9503479376,300.8067885112655,900.3265163849163,80.5
4145000,8290.000000771395,-1158972.9648487447,299.34642774493756,901.1304487432811,80.5
4150000,8300.000000773432,-1156283.4043436497,299.5986170039816,900.7571510429467,80.5
4155000,8310.00000077547,-1158964.8711195812,300.72077457945926,901.7484803167335,80.5
4160000,8320.000000777507,-1155307.5736141289,300.1396401487779,902.3268016373754,80.5
4165000,8330.000000779544,-1156812.3709988268,301.0531660181605,899.6438369716237,80.5
4170000,8340.000000781582,-1156709.6510659745,299.62055891735844,900.9103299689807,80.5
4175000,8350.000000783619,-1155525.081768551,299.9465268405264,901.4244055818243,80.5
4180000,8360.000000785656,-1156043.0649982234,301.10406473171855,900.9115242641873,80.5
4185000,8370.000000787693,-1155090.1579194637,300.196472967162,902.2645966212198,80.5
4190000,8380.00000078973,-1157472.470584182,301.2089821520939,901.6099439679049,80.5
4195000,8390.000000791768,-1158134.6391069423,298.6054191498748,899.197379775443,80.5
4200000,8400.000000793805,-1156547.0250103027,299.6806544737911,901.7817900288653,80.5
4205000,8410.000000795842,-1156964.203744593,301.5792213521588,899.3000529349862,80.5
4210000,8420.00000079788,-1157783.7219277546,301.6719646811903,898.2363475941589,80.5
4215000,8430.000000799917,-1154592.102654594,300.9680493393176,902.5711310033581,80.5
4220000,8440.000000801954,-1155497.0169874644,300.0141878708092,902.3335754144266,80.5
4225000,8450.000000803991,-1155111.7914067414,300.6693456709682,902.5615097843953,80.5
4230000,8460.000000806029,-1154510.5606338484,301.2438322728755,902.3511498922195,80.5
4235000,8470.000000808066,-1156980.406500616,303.2196444745439,902.2106146533197,80.5
4240000,8480.000000810103,-1156978.945240126,300.13694838988783,901.3473522609736,80.5
4245000,8490.00000081214,-1156039.864136611,300.2839755232029,902.1151073014894,80.5
4250000,8500.000000814178,-1156655.2208934836,300.3525745906747,900.2272407388003,80.5
4255000,8510.000000816215,-1156131.5693397913,300.8928432272973,902.8255982808977,80.5
4260000,8520.000000818252,-1155217.3778679175,299.7319610296053,901.0036929840917,80.5
4265000,8530.00000082029,-1157325.6900761845,301.54220966742,899.8256271758229,80.5
4270000,8540.000000822327,-1156021.3209013576,300.68563896909836,901.9750047740182,80.5
4275000,8550.000000824364,-1157267.9627016755,300.82559003927054,902.3394069749074,80.5
4280000,8560.000000826401,-1156684.2513526762,299.65928353957275,901.7218010779725,80.5
4285000,8570.000000828439,-1157704.0511592394,300.2299772084986,901.4207810015836,80.5
4290000,8580.000000830476,-1155154.6306943726,300.9818751917985,904.0052497510106,80.5
4295000,8590.000000832513,-1154933.9591954742,301.55776884948926,903.0156875693588,80.5
4300000,8600.00000083455,-1156014.1363625415,299.8481756804739,903.9671352125087,80.5
4305000,8610.000000836588,-1155834.2328076297,301.59959307284976,904.1755207116074,80.5
4310000,8620.000000838625,-1156559.6742460476,300.8426786298001,902.250352119761,80.5
4315000,8630.000000840662,-1155820.7569628023,300.5817003701377,900.5562301527201,80.5
4320000,8640.0000008427,-1156217.2013881356,298.150797387028,903.2458855395203,80.5
4325000,8650.000000844737,-1156463.8118592585,299.50307995549605,903.8270507746751,80.5
4330000,8660.000000846774,-1156266.079770985,298.4023544905751,903.6233903047441,80.5
4335000,8670.000000848811,-1156642.7312808074,298.8351363006091,901.8060334299444,80.5
4340000,8680.000000850849,-1156589.848158652,301.23355464802245,901.4448717428587,80.5
4345000,8690.000000852886,-1157083.2836645907,300.57533803094293,901.3722593863482,80.5
4350000,8700.000000854923,-1156804.2695021294,299.76189665120125,904.1823872240852,80.5
4355000,8710.00000085696,-1156022.5561947636,300.77128584287414,901.7888618526902,80.5
4360000,8720.000000858998,-1155776.306628461,301.9910400702306,902.2792839529119,80.5
4365000,8730.000000861035,-1158942.7101359218,302.2415367839119,902.9111094207442,80.5
4370000,8740.000000863072,-1159070.5526141366,301.3333128638584,901.8152960908408,80.5
4375000,8750.00000086511,-1157640.3776807943,300.4241916908415,902.109531787251,80.5
4380000,8760.000000867147,-1156681.943049483,301.4912497775235,900.6703141382194,80.5
4385000,8770.000000869184,-1156110.6010766756,299.8291702313408,902.3644942704935,80.5
4390000,8780.000000871221,-1154311.8088505482,301.2360424857845,902.6579251291396,80.5
4395000,8790.000000873259,-1155052.8206704408,300.94678036566324,901.8620149950667,80.5
4400000,8800.000000875296,-1155976.5272607692,300.97957088305174,899.479867915455,80.5
4405000,8810.000000877333,-1156308.586289552,299.4981654563103,901.6166381575057,80.5
4410000,8820.00000087937,-1155154.322280717,297.81657065817444,902.0407409336647,80.5
4415000,8830.000000881408,-1156860.973337504,300.333426396752,901.9555627340874,80.5
4420000,8840.000000883445,-1156331.394855029,297.88649521297856,902.1098871387449,80.5
4425000,8850.000000885482,-1157535.4185610898,301.51415012020203,901.7460411920562,80.5
4430000,8860.00000088752,-1156564.773674163,299.7550245091864,901.956218457691,80.5
4435000,8870.000000889557,-1157510.1186985886,301.3458744053455,900.7642704290722,80.5
4440000,8880.000000891594,-1156794.015794592,300.41848189925645,900.9911744952512,80.5
4445000,8890.000000893631,-1157111.6866430156,300.7094569568532,901.2334274305059,80.5
4450000,8900.000000895669,-1156084.6826181319,300.84178137683676,901.0042710286034,80.5
4455000,8910.000000897706,-1156136.8869528994,298.9097102571324,901.4790204103161,80.5
4460000,8920.000000899743,-1156154.2382356934,300.65152296437776,905.2029163231601,80.5
4465000,8930.00000090178,-1158916.3460060218,298.95024977738626,898.954639095508,80.5
4470000,8940.000000903818,-1155915.9259628868,300.596423475582,900.238091763252,80.5
4475000,8950.000000905855,-1154039.9948362801,301.58423781190857,903.6202841364391,80.5
4480000,8960.000000907892,-1157088.8016061038,298.7719819272559,903.1020531676766,80.5
4485000,8970.00000090993,-1157385.2604145734,301.7843863990774,901.7404424757187,80.5
4490000,8980.000000911967,-1157925.8369181734,299.05577896114573,902.6183120369568,80.5
4495000,8990.000000914004,-1155522.555283052,300.8605421206162,904.1243167409891,80.5
4500000,9000.000000916041,-1156812.7471213052,300.8481641081443,902.792265622005,80.5
4505000,9010.000000918079,-1157877.492616714,299.5415802644695,900.5284549010194,80.5
4510000,9020.000000920116,-1156007.0264614346,300.95491681867196,902.2543773962288,80.5
4515000,9030.000000922153,-1158487.7543519242,301.4982850564407,901.0898370218113,80.5
4520000,9040.00000092419,-1155500.6508241137,300.8948824385777,900.5082081634274,80.5
4525000,9050.000000926228,-1155425.8030435117,299.52901872298236,902.950766121714,80.5
4530000,9060.000000928265,-1156500.4214760745,300.53877497268576,903.8926381053403,80.5
4535000,9070.000000930302,-1157664.5944812577,301.6671521425686,903.1321693123606,80.5
4540000,9080.00000093234,-1155226.8341629412,301.74217472557365,902.6346469444541,80.5
4545000,9090.000000934377,-1157072.998119574,301.5860934941737,900.4601448575247,80.5
4550000,9100.000000936414,-1155044.9841501238,301.7546546986095,902.4705327259703,80.5
4555000,9110.000000938451,-1156565.243573252,299.8285788600695,904.1632412222401,80.5
4560000,9120.000000940488,-1155263.5273920828,299.9555809386113,903.1511610660326,80.5
4565000,9130.000000942526,-1156450.2499655643,300.9368901909534,902.4575375877926,80.5
4570000,9140.000000944563,-1157730.9972668178,301.8741116954139,901.2154890525541,80.5
4575000,9150.0000009466,-1156400.96967303,300.90777025386967,900.5935264899515,80.5
4580000,9160.000000948638,-1157093.5813035192,299.2094131390092,900.7475795101918,80.5
4585000,9170.000000950675,-1156240.3339707786,300.5068205319223,902.0760763971651,80.5
4590000,9180.000000952712,-1156126.9841286521,300.6143685348493,900.6030933604061,80.5
4595000,9190.00000095475,-1155178.235562779,301.4649235598938,903.9030405520983,80.5
4600000,9200.000000956787,-1158503.7031025793,301.19236258015883,901.3949691296667,80.5
4605000,9210.000000958824,-1156950.1078361338,298.88572913247526,903.4377775655124,80.5
4610000,9220.000000960861,-1156600.0710549597,301.17867947246754,901.593048952175,80.5
4615000,9230.000000962898,-1156135.3560885107,300.62884693494,902.0856974635891,80.5
4620000,9240.000000964936,-1155930.385875971,300.2369105268519,900.1649417428862,80.5
4625000,9250.000000966973,-1157474.5829192242,299.8514180264097,900.8718279327969,80.5
4630000,9260.00000096901,-1157231.2995368633,299.63738241042154,901.0501369798034,80.5
4635000,9270.000000971047,-1157190.9066593759,300.2594234193872,899.3392983343251,80.5
4640000,9280.000000973085,-1154812.2491678111,299.43346128238403,903.6704485134741,80.5
4645000,9290.000000975122,-1155466.2025868213,300.51509972972065,900.711149677656,80.5
4650000,9300.00000097716,-1156774.5780751947,299.201847665159,901.1527879146511,80.5
4655000,9310.000000979197,-1154887.2933152188,299.162042260966,904.1633986222686,80.5
4660000,9320.000000981234,-1155683.3690665253,300.63439358962256,901.07610708821,80.5
4665000,9330.000000983271,-1156840.665149697,300.3056319470005,903.7304399215392,80.5
4670000,9340.000000985308,-1155812.077088558,301.21866840567566,901.7109812438727,80.5
4675000,9350.000000987346,-1156353.8614674527,300.0177564905499,900.846393478747,80.5
4680000,9360.000000989383,-1157001.934662016,301.0465385814992,902.441458413996,80.5
4685000,9370.00000099142,-1155613.371525351,300.7586631250486,903.8369383791778,80.5
4690000,9380.000000993457,-1158053.052353126,301.32650189818196,905.2951827201526,80.5
4695000,9390.000000995495,-1155454.9095460987,299.9064155546414,901.577370302999,80.5
4700000,9400.000000997532,-1156570.2203212464,299.2222397779627,901.9989958286951,80.5
4705000,9410.00000099957,-1156019.7202615375,299.57006804605635,902.8529471365138,80.5
4710000,9420.000001001607,-1156077.4546877733,300.0378427216616,902.4855874023116,80.5
4715000,9430.000001003644,-1157550.1536665717,301.9836377332829,902.0932470799407,80.5
4720000,9440.000001005681,-1154970.9372564843,300.6573551086396,901.050573976351,80.5
4725000,9450.000001007718,-1155262.7811323954,301.17123635129417,902.727563979968,80.5
4730000,9460.000001009756,-1158071.781163942,302.03573958149644,899.721741037038,80.5
4735000,9470.000001011793,-1156924.3008630443,301.94311860514176,900.6423716727681,80.5
4740000,9480.00000101383,-1153292.2452707542,300.5906321155457,905.1449274967107,80.5
4745000,9490.000001015867,-1156625.1672558505,300.63720770118954,903.6337925061272,80.5
4750000,9500.000001017905,-1157256.7063682564,299.6048773826123,902.2207664050571,80.5
4755000,9510.000001019942,-1157607.8499395298,301.1212348906994,900.2037618022903,80.5
4760000,9520.00000102198,-1157086.5162196811,302.62390929109506,900.760298047874,80.5
4765000,9530.000001024016,-1156506.4064531513,302.0361474237525,899.4002053563113,80.5
4770000,9540.000001026054,-1156240.085035788,300.96131994209236,903.2463497157005,80.5
4775000,9550.000001028091,-1158013.3153727641,300.71794007577955,901.8692878658296,80.5
4780000,9560.000001030128,-1157437.5844514603,300.974860304994,901.6763347684847,80.5
4785000,9570.000001032166,-1157406.7177341394,299.86487682086016,899.69727730726,80.5
4790000,9580.000001034203,-1156059.9286213703,299.79678755620847,898.5780936790051,80.5
4795000,9590.00000103624,-1155998.5948760165,301.8908740121386,902.2210856858683,80.5
4800000,9600.000001038277,-1156327.7359946016,299.3243634788839,900.5001078413928,80.5
4805000,9610.000001040315,-1155532.2189282356,299.73000338677616,902.6402482754636,80.5
4810000,9620.000001042352,-1156090.9621421695,302.5349792871579,902.6884441179825,80.5
4815000,9630.00000104439,-1154574.5298792152,301.23330994266877,901.7951804971397,80.5
4820000,9640.000001046426,-1156216.3210077854,300.23050740343143,901.3695783946744,80.5
4825000,9650.000001048464,-1156031.346653617,297.83212984024374,900.5539055653758,80.5
4830000,9660.000001050501,-1156469.0786056137,298.70460638655226,901.1650493649537,80.5
4835000,9670.000001052538,-1159013.3756316286,299.4224699335828,899.5336291583939,80.5
4840000,9680.000001054575,-1159130.1088377098,299.42147072005537,901.6397154336707,80.5
4845000,9690.000001056613,-1157635.6529560722,300.49346369803584,900.273803684632,80.5
4850000,9700.00000105865,-1155025.9283205252,299.6335486932144,903.1560972012662,80.5
4855000,9710.000001060687,-1154143.839483725,300.4003737030867,902.1765430622837,80.5
4860000,9720.000001062725,-1155633.1765626213,301.31752936854826,902.7162236050502,80.5
4865000,9730.000001064762,-1156285.0913163153,300.2184352726516,902.3712699252277,80.5
4870000,9740.000001066799,-1155197.36346199,300.1818518222817,903.5946588984662,80.5
4875000,9750.000001068836,-1159026.574593179,300.3098123301253,899.3990089164791,80.5
4880000,9760.000001070874,-1155806.3267964898,300.20273334579275,900.0899638994119,80.5
4885000,9770.00000107291,-1157082.1287928503,301.08822006007006,900.3507539622634,80.5
4890000,9780.000001074948,-1156348.3873075796,300.50563778937965,900.250933330556,80.5
4895000,9790.000001076985,-1156326.3395727556,301.4135354356283,899.6251212290289,80.5
4900000,9800.000001079023,-1158231.3497597696,300.91776238914355,898.6757954690977,80.5
4905000,9810.00000108106,-1153977.7581566703,299.06428247218486,902.5594535912579,80.5
4910000,9820.000001083097,-1156564.5109904753,299.1682210711456,902.7087853227841,80.5
4915000,9830.000001085134,-1159317.3480226258,301.72520848772086,901.0692838230902,80.5
4920000,9840.000001087172,-1156934.9714713143,301.5427398623529,903.1832236772273,80.5
4925000,9850.000001089209,-1158658.433040563,300.2479018756531,902.4363989051075,80.5
4930000,9860.000001091246,-1156803.3050191924,301.28796080498284,899.7755757220515,80.5
4935000,9870.000001093284,-1156906.2400857573,301.3873723549012,901.6634839089055,80.5
4940000,9880.00000109532,-1156012.5320238722,298.2334466202216,901.2702134070597,80.5
4945000,9890.000001097358,-1156188.6270357864,300.9134392612291,901.0989993411946,80.5
4950000,9900.000001099395,-1155773.6861938639,299.6670121503254,899.9475157934406,80.5
4955000,9910.000001101433,-1158111.287639088,299.7202355647431,901.6516151624269,80.5
4960000,9920.00000110347,-1158310.8555319896,299.03039078070503,901.71316919935,80.5
4965000,9930.000001105507,-1157738.6991007896,299.760877045561,900.8849000562074,80.5
4970000,9940.000001107544,-1158427.823915544,300.2531834328692,898.6539472042328,80.5
4975000,9950.000001109582,-1157347.4045448974,300.6256045890042,902.3145945364257,80.5
4980000,9960.000001111619,-1156559.9450557586,299.5624413958677,899.0521038243301,80.5
4985000,9970.000001113656,-1157682.412182887,298.9834889212564,900.5205858455334,80.5
4990000,9980.000001115694,-1156306.5087566292,299.736773568227,901.2713634352396,80.5
4995000,9990.00000111773,-1155930.6398507524,301.26830280824004,898.9153275965582,80.5
5000000,10000.000001119768,-1156203.4946423024,301.1631406825111,900.8457517321044,80.5
5005000,10010.000001121805,-1157641.4630588135,300.1832996622908,901.6199013751603,80.5
5010000,10020.000001123843,-1155451.7701202547,299.9839463675213,903.1068105535959,80.5
5015000,10030.00000112588,-1154863.3514694283,300.1739396825139,903.06619013092,80.5
5020000,10040.000001127917,-1155608.9645464998,299.8934257787854,904.0132537007831,80.5
5025000,10050.000001129954,-1156931.1302216202,300.67497389410204,902.0932482032246,80.5
5030000,10060.000001131992,-1157188.6520786546,301.10243336269434,901.3273922816176,80.5
5035000,10070.000001134029,-1154057.2291173432,300.3966215543308,904.8231834406431,80.5
5040000,10080.000001136066,-1155183.8933009487,300.3878121615996,902.5007443550356,80.5
5045000,10090.000001138103,-1155561.6092302287,298.5643902189137,902.8437591106091,80.5
5050000,10100.00000114014,-1157342.8231276367,299.11860706069405,902.1689962778007,80.5
