-I: Adding /home/aritr/miniconda3/envs/mdgbsa/dat/leap/prep to search path.
-I: Adding /home/aritr/miniconda3/envs/mdgbsa/dat/leap/lib to search path.
-I: Adding /home/aritr/miniconda3/envs/mdgbsa/dat/leap/parm to search path.
-I: Adding /home/aritr/miniconda3/envs/mdgbsa/dat/leap/cmd to search path.
-f: Source build.leap.

Welcome to LEaP!
(no leaprc in search path)
Sourcing: ./build.leap
----- Source: /home/aritr/miniconda3/envs/mdgbsa/dat/leap/cmd/leaprc.protein.ff14SB
----- Source of /home/aritr/miniconda3/envs/mdgbsa/dat/leap/cmd/leaprc.protein.ff14SB done
Log file: ./leap.log
Loading parameters: /home/aritr/miniconda3/envs/mdgbsa/dat/leap/parm/parm10.dat
Reading title:
PARM99 + frcmod.ff99SB + frcmod.parmbsc0 + OL3 for RNA
Loading parameters: /home/aritr/miniconda3/envs/mdgbsa/dat/leap/parm/frcmod.ff14SB
Reading force field modification type file (frcmod)
Reading title:
ff14SB protein backbone and sidechain parameters
Loading library: /home/aritr/miniconda3/envs/mdgbsa/dat/leap/lib/amino12.lib
Loading library: /home/aritr/miniconda3/envs/mdgbsa/dat/leap/lib/aminoct12.lib
Loading library: /home/aritr/miniconda3/envs/mdgbsa/dat/leap/lib/aminont12.lib
----- Source: /home/aritr/miniconda3/envs/mdgbsa/dat/leap/cmd/leaprc.gaff2
----- Source of /home/aritr/miniconda3/envs/mdgbsa/dat/leap/cmd/leaprc.gaff2 done
Log file: ./leap.log
Loading parameters: /home/aritr/miniconda3/envs/mdgbsa/dat/leap/parm/gaff2.dat
Reading title:
AMBER General Force Field for organic molecules (Version 2.2.30, Oct 2025)
----- Source: /home/aritr/miniconda3/envs/mdgbsa/dat/leap/cmd/leaprc.water.tip3p
----- Source of /home/aritr/miniconda3/envs/mdgbsa/dat/leap/cmd/leaprc.water.tip3p done
Loading library: /home/aritr/miniconda3/envs/mdgbsa/dat/leap/lib/atomic_ions.lib
Loading library: /home/aritr/miniconda3/envs/mdgbsa/dat/leap/lib/solvents.lib
Loading parameters: /home/aritr/miniconda3/envs/mdgbsa/dat/leap/parm/frcmod.tip3p
Reading force field modification type file (frcmod)
Reading title:
This is the additional/replacement parameter set for TIP3P water
Loading parameters: /home/aritr/miniconda3/envs/mdgbsa/dat/leap/parm/frcmod.ions1lm_126_tip3p
Reading force field modification type file (frcmod)
Reading title:
Li/Merz ion parameters of monovalent ions for TIP3P water model (12-6 normal usage set)
Loading parameters: /home/aritr/miniconda3/envs/mdgbsa/dat/leap/parm/frcmod.ionsjc_tip3p
Reading force field modification type file (frcmod)
Reading title:
Monovalent ion parameters for Ewald and TIP3P water from Joung & Cheatham JPCB (2008)
Loading parameters: /home/aritr/miniconda3/envs/mdgbsa/dat/leap/parm/frcmod.ions234lm_126_tip3p
Reading force field modification type file (frcmod)
Reading title:
Li/Merz ion parameters of divalent to tetravalent ions for TIP3P water model (12-6 normal usage set)
Loading parameters: ./cand_003_AC.frcmod
Reading force field modification type file (frcmod)
Reading title:
Remark line goes here
Loading library: ./cand_003_AC.lib
Loading parameters: ./FAD_AC.frcmod
Reading force field modification type file (frcmod)
Reading title:
Remark line goes here
Loading library: ./FAD_AC.lib
Loading PDB file: ./2V5Z_prot.pdb
  Added missing heavy atom: .R<CILE 499>.A<OXT 20>
  Added missing heavy atom: .R<CILE 499>.A<CG2 7>
  Added missing heavy atom: .R<CILE 499>.A<CG1 11>
  Added missing heavy atom: .R<CILE 499>.A<CD1 14>
  total atoms in file: 3971
  Leap added 3984 missing atoms according to residue templates:
       4 Heavy
       3980 H / lone pairs
Loading PDB file: ./FAD_NEW.pdb
  total atoms in file: 84
Loading PDB file: ./cand_003_NEW.pdb
  total atoms in file: 35
Scaling up box by a factor of 1.206638 to meet diagonal cut criterion
  Solute vdw bounding box:              53.769 83.231 72.337
  Total bounding box for atom centers:  124.563 124.563 124.563
      (box expansion for 'iso' is  43.5%)
  Solvent unit box:                     18.774 18.774 18.774
  Volume: 989813.815 A^3 (oct)
  Total mass 550450.986 amu,  Density 0.923 g/cc
  Added 27355 residues.
5 Na+ ions required to neutralize.
Adding 5 counter ions to "complex". 27350 solvent molecules will remain.
0: Placed Na+ in complex at (11.28, 14.95, -16.55).
0: Placed Na+ in complex at (47.39, -12.25, 26.68).
0: Placed Na+ in complex at (31.39, -15.08, 9.50).
0: Placed Na+ in complex at (-40.51, -27.76, -9.77).
0: Placed Na+ in complex at (36.32, 37.62, 24.82).
 0.000999 0 1 0
0 Cl- ion required to neutralize.
Checking Unit.
Building topology.
Building atom parameters.
Building bond parameters.
Building angle parameters.
Building proper torsion parameters.
Building improper torsion parameters.
 total 1626 improper torsions applied
Building H-Bond parameters.
Incorporating Non-Bonded adjustments.
Not Marking per-residue atom chain types.
Marking per-residue atom chain types.
  (Residues lacking connect0/connect1 - 
   these don't have chain types marked:

	res	total affected

	CILE	1
	FAD	1
	MOL	1
	NASN	1
	WAT	27350
  )
 (no restraints)
Writing pdb file: complex_dry_check.pdb
   printing CRYST1 record to PDB file with box info

/home/aritr/miniconda3/envs/mdgbsa/bin/teLeap: Warning!
 Converting N-terminal residue name to PDB format: NASN -> ASN

/home/aritr/miniconda3/envs/mdgbsa/bin/teLeap: Warning!
 Converting C-terminal residue name to PDB format: CILE -> ILE
	Quit

Exiting LEaP: Errors = 0; Warnings = 2; Notes = 0.
